empty
write to flash
Jtag frequency : requested 6.00MHz    -> real 6.00MHz   
Open file DONE
Parse file DONE
Use: /usr/local/share/openFPGALoader/bpiOverJtag_xc7k480tffg1156.bit.gz
load program

Load SRAM: [===================                               ] 37.00%

Load SRAM: [======================================            ] 76.00%

Load SRAM: [==================================================] 100.00%

Done
Shift IR 35
ir: 1 isc_done 1 isc_ena 0 init 1 done 1
Detecting BPI flash...
Intel/Micron flash detected
Manufacturer ID: 0x0089
Device ID: 0x887e
Flash capacity: 64 MB (512 Mbit)
Writing 18735004 bytes to BPI flash at 0x000000
Erasing 72 blocks...
Programming (buffered mode)...

Writing: [=                                                 ] 0.28%

Writing: [=                                                 ] 0.57%

Writing: [=                                                 ] 0.85%

Writing: [=                                                 ] 1.14%

Writing: [=                                                 ] 1.42%

Writing: [=                                                 ] 1.71%

Writing: [=                                                 ] 1.99%

Writing: [==                                                ] 2.27%

Writing: [==                                                ] 2.56%

Writing: [==                                                ] 2.84%

Writing: [==                                                ] 3.13%

Writing: [==                                                ] 3.41%

Writing: [==                                                ] 3.69%

Writing: [==                                                ] 3.98%

Writing: [===                                               ] 4.26%

Writing: [===                                               ] 4.55%

Writing: [===                                               ] 4.83%

Writing: [===                                               ] 5.12%

Writing: [===                                               ] 5.40%

Writing: [===                                               ] 5.68%

Writing: [===                                               ] 5.97%

Writing: [====                                              ] 6.25%

Writing: [====                                              ] 6.54%

Writing: [====                                              ] 6.82%

Writing: [====                                              ] 7.11%

Writing: [====                                              ] 7.39%

Writing: [====                                              ] 7.67%

Writing: [====                                              ] 7.96%

Writing: [=====                                             ] 8.24%

Writing: [=====                                             ] 8.53%

Writing: [=====                                             ] 8.81%

Writing: [=====                                             ] 9.09%

Writing: [=====                                             ] 9.38%

Writing: [=====                                             ] 9.66%

Writing: [=====                                             ] 9.95%

Writing: [======                                            ] 10.23%

Writing: [======                                            ] 10.52%

Writing: [======                                            ] 10.80%

Writing: [======                                            ] 11.08%

Writing: [======                                            ] 11.37%

Writing: [======                                            ] 11.65%

Writing: [======                                            ] 11.94%

Writing: [=======                                           ] 12.22%

Writing: [=======                                           ] 12.51%

Writing: [=======                                           ] 12.79%

Writing: [=======                                           ] 13.07%

Writing: [=======                                           ] 13.36%

Writing: [=======                                           ] 13.64%

Writing: [=======                                           ] 13.93%

Writing: [========                                          ] 14.21%

Writing: [========                                          ] 14.50%

Writing: [========                                          ] 14.80%

Writing: [========                                          ] 15.09%

Writing: [========                                          ] 15.37%

Writing: [========                                          ] 15.65%

Writing: [========                                          ] 15.94%

Writing: [=========                                         ] 16.22%

Writing: [=========                                         ] 16.51%

Writing: [=========                                         ] 16.79%

Writing: [=========                                         ] 17.07%

Writing: [=========                                         ] 17.36%

Writing: [=========                                         ] 17.64%

Writing: [=========                                         ] 17.93%

Writing: [==========                                        ] 18.21%

Writing: [==========                                        ] 18.50%

Writing: [==========                                        ] 18.78%

Writing: [==========                                        ] 19.06%

Writing: [==========                                        ] 19.35%

Writing: [==========                                        ] 19.63%

Writing: [==========                                        ] 19.94%

Writing: [===========                                       ] 20.22%

Writing: [===========                                       ] 20.51%

Writing: [===========                                       ] 20.79%

Writing: [===========                                       ] 21.10%

Writing: [===========                                       ] 21.38%

Writing: [===========                                       ] 21.67%

Writing: [===========                                       ] 21.95%

Writing: [============                                      ] 22.23%

Writing: [============                                      ] 22.52%

Writing: [============                                      ] 22.80%

Writing: [============                                      ] 23.09%

Writing: [============                                      ] 23.37%

Writing: [============                                      ] 23.66%

Writing: [============                                      ] 23.94%

Writing: [=============                                     ] 24.22%

Writing: [=============                                     ] 24.51%

Writing: [=============                                     ] 24.79%

Writing: [=============                                     ] 25.10%

Writing: [=============                                     ] 25.38%

Writing: [=============                                     ] 25.69%

Writing: [=============                                     ] 25.97%

Writing: [==============                                    ] 26.26%

Writing: [==============                                    ] 26.54%

Writing: [==============                                    ] 26.83%

Writing: [==============                                    ] 27.11%

Writing: [==============                                    ] 27.39%

Writing: [==============                                    ] 27.68%

Writing: [==============                                    ] 27.96%

Writing: [===============                                   ] 28.25%

Writing: [===============                                   ] 28.53%

Writing: [===============                                   ] 28.82%

Writing: [===============                                   ] 29.10%

Writing: [===============                                   ] 29.38%

Writing: [===============                                   ] 29.67%

Writing: [===============                                   ] 29.95%

Writing: [================                                  ] 30.24%

Writing: [================                                  ] 30.52%

Writing: [================                                  ] 30.80%

Writing: [================                                  ] 31.09%

Writing: [================                                  ] 31.37%

Writing: [================                                  ] 31.66%

Writing: [================                                  ] 31.94%

Writing: [=================                                 ] 32.23%

Writing: [=================                                 ] 32.51%

Writing: [=================                                 ] 32.79%

Writing: [=================                                 ] 33.08%

Writing: [=================                                 ] 33.36%

Writing: [=================                                 ] 33.65%

Writing: [=================                                 ] 33.93%

Writing: [==================                                ] 34.22%

Writing: [==================                                ] 34.50%

Writing: [==================                                ] 34.78%

Writing: [==================                                ] 35.07%

Writing: [==================                                ] 35.35%

Writing: [==================                                ] 35.64%

Writing: [==================                                ] 35.92%

Writing: [===================                               ] 36.20%

Writing: [===================                               ] 36.49%

Writing: [===================                               ] 36.77%

Writing: [===================                               ] 37.06%

Writing: [===================                               ] 37.34%

Writing: [===================                               ] 37.63%

Writing: [===================                               ] 37.91%

Writing: [====================                              ] 38.22%

Writing: [====================                              ] 38.50%

Writing: [====================                              ] 38.78%

Writing: [====================                              ] 39.07%

Writing: [====================                              ] 39.35%

Writing: [====================                              ] 39.64%

Writing: [====================                              ] 39.92%

Writing: [=====================                             ] 40.21%

Writing: [=====================                             ] 40.49%

Writing: [=====================                             ] 40.77%

Writing: [=====================                             ] 41.06%

Writing: [=====================                             ] 41.34%

Writing: [=====================                             ] 41.63%

Writing: [=====================                             ] 41.91%

Writing: [======================                            ] 42.20%

Writing: [======================                            ] 42.48%

Writing: [======================                            ] 42.76%

Writing: [======================                            ] 43.05%

Writing: [======================                            ] 43.33%

Writing: [======================                            ] 43.62%

Writing: [======================                            ] 43.90%

Writing: [=======================                           ] 44.18%

Writing: [=======================                           ] 44.47%

Writing: [=======================                           ] 44.75%

Writing: [=======================                           ] 45.04%

Writing: [=======================                           ] 45.32%

Writing: [=======================                           ] 45.61%

Writing: [=======================                           ] 45.89%

Writing: [========================                          ] 46.17%

Writing: [========================                          ] 46.46%

Writing: [========================                          ] 46.74%

Writing: [========================                          ] 47.03%

Writing: [========================                          ] 47.31%

Writing: [========================                          ] 47.60%

Writing: [========================                          ] 47.88%

Writing: [=========================                         ] 48.16%

Writing: [=========================                         ] 48.45%

Writing: [=========================                         ] 48.73%

Writing: [=========================                         ] 49.02%

Writing: [=========================                         ] 49.30%

Writing: [=========================                         ] 49.58%

Writing: [=========================                         ] 49.87%

Writing: [==========================                        ] 50.15%

Writing: [==========================                        ] 50.44%

Writing: [==========================                        ] 50.72%

Writing: [==========================                        ] 51.01%

Writing: [==========================                        ] 51.29%

Writing: [==========================                        ] 51.57%

Writing: [==========================                        ] 51.86%

Writing: [===========================                       ] 52.14%

Writing: [===========================                       ] 52.43%

Writing: [===========================                       ] 52.71%

Writing: [===========================                       ] 53.00%

Writing: [===========================                       ] 53.28%

Writing: [===========================                       ] 53.59%

Writing: [===========================                       ] 53.87%

Writing: [============================                      ] 54.15%

Writing: [============================                      ] 54.44%

Writing: [============================                      ] 54.72%

Writing: [============================                      ] 55.01%

Writing: [============================                      ] 55.29%

Writing: [============================                      ] 55.58%

Writing: [============================                      ] 55.86%

Writing: [=============================                     ] 56.14%

Writing: [=============================                     ] 56.43%

Writing: [=============================                     ] 56.71%

Writing: [=============================                     ] 57.00%

Writing: [=============================                     ] 57.28%

Writing: [=============================                     ] 57.56%

Writing: [=============================                     ] 57.85%

Writing: [==============================                    ] 58.13%

Writing: [==============================                    ] 58.42%

Writing: [==============================                    ] 58.70%

Writing: [==============================                    ] 58.99%

Writing: [==============================                    ] 59.29%

Writing: [==============================                    ] 59.58%

Writing: [==============================                    ] 59.86%

Writing: [===============================                   ] 60.14%

Writing: [===============================                   ] 60.43%

Writing: [===============================                   ] 60.71%

Writing: [===============================                   ] 61.00%

Writing: [===============================                   ] 61.28%

Writing: [===============================                   ] 61.57%

Writing: [===============================                   ] 61.85%

Writing: [================================                  ] 62.13%

Writing: [================================                  ] 62.42%

Writing: [================================                  ] 62.70%

Writing: [================================                  ] 62.99%

Writing: [================================                  ] 63.27%

Writing: [================================                  ] 63.56%

Writing: [================================                  ] 63.84%

Writing: [=================================                 ] 64.12%

Writing: [=================================                 ] 64.41%

Writing: [=================================                 ] 64.69%

Writing: [=================================                 ] 64.98%

Writing: [=================================                 ] 65.26%

Writing: [=================================                 ] 65.54%

Writing: [=================================                 ] 65.83%

Writing: [==================================                ] 66.11%

Writing: [==================================                ] 66.40%

Writing: [==================================                ] 66.68%

Writing: [==================================                ] 66.97%

Writing: [==================================                ] 67.25%

Writing: [==================================                ] 67.53%

Writing: [==================================                ] 67.82%

Writing: [===================================               ] 68.10%

Writing: [===================================               ] 68.39%

Writing: [===================================               ] 68.67%

Writing: [===================================               ] 68.96%

Writing: [===================================               ] 69.24%

Writing: [===================================               ] 69.52%

Writing: [===================================               ] 69.81%

Writing: [====================================              ] 70.09%

Writing: [====================================              ] 70.38%

Writing: [====================================              ] 70.66%

Writing: [====================================              ] 70.94%

Writing: [====================================              ] 71.23%

Writing: [====================================              ] 71.51%

Writing: [====================================              ] 71.80%

Writing: [=====================================             ] 72.08%

Writing: [=====================================             ] 72.37%

Writing: [=====================================             ] 72.65%

Writing: [=====================================             ] 72.93%

Writing: [=====================================             ] 73.24%

Writing: [=====================================             ] 73.52%

Writing: [=====================================             ] 73.81%

Writing: [======================================            ] 74.09%

Writing: [======================================            ] 74.38%

Writing: [======================================            ] 74.66%

Writing: [======================================            ] 74.95%

Writing: [======================================            ] 75.23%

Writing: [======================================            ] 75.51%

Writing: [======================================            ] 75.80%

Writing: [=======================================           ] 76.08%

Writing: [=======================================           ] 76.37%

Writing: [=======================================           ] 76.65%

Writing: [=======================================           ] 76.94%

Writing: [=======================================           ] 77.22%

Writing: [=======================================           ] 77.50%

Writing: [=======================================           ] 77.79%

Writing: [========================================          ] 78.07%

Writing: [========================================          ] 78.36%

Writing: [========================================          ] 78.64%

Writing: [========================================          ] 78.92%

Writing: [========================================          ] 79.21%

Writing: [========================================          ] 79.49%

Writing: [========================================          ] 79.78%

Writing: [=========================================         ] 80.06%

Writing: [=========================================         ] 80.35%

Writing: [=========================================         ] 80.63%

Writing: [=========================================         ] 80.91%

Writing: [=========================================         ] 81.20%

Writing: [=========================================         ] 81.48%

Writing: [=========================================         ] 81.77%

Writing: [==========================================        ] 82.05%

Writing: [==========================================        ] 82.34%

Writing: [==========================================        ] 82.62%

Writing: [==========================================        ] 82.90%

Writing: [==========================================        ] 83.19%

Writing: [==========================================        ] 83.47%

Writing: [==========================================        ] 83.76%

Writing: [===========================================       ] 84.04%

Writing: [===========================================       ] 84.32%

Writing: [===========================================       ] 84.61%

Writing: [===========================================       ] 84.89%

Writing: [===========================================       ] 85.18%

Writing: [===========================================       ] 85.48%

Writing: [===========================================       ] 85.77%

Writing: [============================================      ] 86.05%

Writing: [============================================      ] 86.34%

Writing: [============================================      ] 86.62%

Writing: [============================================      ] 86.90%

Writing: [============================================      ] 87.19%

Writing: [============================================      ] 87.47%

Writing: [============================================      ] 87.76%

Writing: [=============================================     ] 88.04%

Writing: [=============================================     ] 88.33%

Writing: [=============================================     ] 88.61%

Writing: [=============================================     ] 88.89%

Writing: [=============================================     ] 89.18%

Writing: [=============================================     ] 89.46%

Writing: [=============================================     ] 89.75%

Writing: [==============================================    ] 90.03%

Writing: [==============================================    ] 90.32%

Writing: [==============================================    ] 90.60%

Writing: [==============================================    ] 90.88%

Writing: [==============================================    ] 91.17%

Writing: [==============================================    ] 91.45%

Writing: [==============================================    ] 91.74%

Writing: [===============================================   ] 92.02%

Writing: [===============================================   ] 92.30%

Writing: [===============================================   ] 92.59%

Writing: [===============================================   ] 92.87%

Writing: [===============================================   ] 93.16%

Writing: [===============================================   ] 93.44%

Writing: [===============================================   ] 93.73%

Writing: [================================================  ] 94.01%

Writing: [================================================  ] 94.29%

Writing: [================================================  ] 94.58%

Writing: [================================================  ] 94.86%

Writing: [================================================  ] 95.15%

Writing: [================================================  ] 95.43%

Writing: [================================================  ] 95.72%

Writing: [================================================  ] 96.00%

Writing: [================================================= ] 96.28%

Writing: [================================================= ] 96.57%

Writing: [================================================= ] 96.85%

Writing: [================================================= ] 97.14%

Writing: [================================================= ] 97.42%

Writing: [================================================= ] 97.70%

Writing: [================================================= ] 97.99%

Writing: [==================================================] 98.27%

Writing: [==================================================] 98.56%

Writing: [==================================================] 98.84%

Writing: [==================================================] 99.13%

Writing: [==================================================] 99.41%

Writing: [==================================================] 99.69%

Writing: [==================================================] 99.98%

Writing: [==================================================] 100.00%

Done
Verifying first 32 words...
Verification passed for first 32 words
BPI flash programming complete
BPI flash programming complete
