empty
write to flash
Jtag frequency : requested 6.00MHz    -> real 6.00MHz   
Open file DONE
Parse file DONE
Use: /usr/local/share/openFPGALoader/bpiOverJtag_xc7k480tffg1156.bit.gz
load program

Load SRAM: [===================                               ] 37.00%

Load SRAM: [======================================            ] 76.00%

Load SRAM: [==================================================] 100.00%

Done
Shift IR 35
ir: 1 isc_done 1 isc_ena 0 init 1 done 1
Detecting BPI flash...
Intel/Micron flash detected
Manufacturer ID: 0x0089
Device ID: 0x887e
Flash capacity: 64 MB (512 Mbit)
Writing 18735004 bytes to BPI flash at 0x000000
Erasing 72 blocks...
Programming (buffered mode)...

Writing: [=                                                 ] 0.26%

Writing: [=                                                 ] 0.55%

Writing: [=                                                 ] 0.83%

Writing: [=                                                 ] 1.12%

Writing: [=                                                 ] 1.40%

Writing: [=                                                 ] 1.68%

Writing: [=                                                 ] 1.97%

Writing: [==                                                ] 2.25%

Writing: [==                                                ] 2.51%

Writing: [==                                                ] 2.80%

Writing: [==                                                ] 3.08%

Writing: [==                                                ] 3.37%

Writing: [==                                                ] 3.63%

Writing: [==                                                ] 3.89%

Writing: [===                                               ] 4.15%

Writing: [===                                               ] 4.44%

Writing: [===                                               ] 4.70%

Writing: [===                                               ] 4.96%

Writing: [===                                               ] 5.23%

Writing: [===                                               ] 5.51%

Writing: [===                                               ] 5.77%

Writing: [====                                              ] 6.06%

Writing: [====                                              ] 6.34%

Writing: [====                                              ] 6.60%

Writing: [====                                              ] 6.89%

Writing: [====                                              ] 7.17%

Writing: [====                                              ] 7.46%

Writing: [====                                              ] 7.74%

Writing: [=====                                             ] 8.02%

Writing: [=====                                             ] 8.31%

Writing: [=====                                             ] 8.59%

Writing: [=====                                             ] 8.88%

Writing: [=====                                             ] 9.16%

Writing: [=====                                             ] 9.42%

Writing: [=====                                             ] 9.71%

Writing: [=====                                             ] 9.99%

Writing: [======                                            ] 10.28%

Writing: [======                                            ] 10.56%

Writing: [======                                            ] 10.84%

Writing: [======                                            ] 11.13%

Writing: [======                                            ] 11.41%

Writing: [======                                            ] 11.67%

Writing: [======                                            ] 11.96%

Writing: [=======                                           ] 12.24%

Writing: [=======                                           ] 12.53%

Writing: [=======                                           ] 12.81%

Writing: [=======                                           ] 13.07%

Writing: [=======                                           ] 13.34%

Writing: [=======                                           ] 13.62%

Writing: [=======                                           ] 13.90%

Writing: [========                                          ] 14.17%

Writing: [========                                          ] 14.43%

Writing: [========                                          ] 14.69%

Writing: [========                                          ] 14.98%

Writing: [========                                          ] 15.24%

Writing: [========                                          ] 15.52%

Writing: [========                                          ] 15.81%

Writing: [=========                                         ] 16.07%

Writing: [=========                                         ] 16.35%

Writing: [=========                                         ] 16.64%

Writing: [=========                                         ] 16.92%

Writing: [=========                                         ] 17.21%

Writing: [=========                                         ] 17.49%

Writing: [=========                                         ] 17.77%

Writing: [==========                                        ] 18.06%

Writing: [==========                                        ] 18.34%

Writing: [==========                                        ] 18.63%

Writing: [==========                                        ] 18.91%

Writing: [==========                                        ] 19.20%

Writing: [==========                                        ] 19.48%

Writing: [==========                                        ] 19.76%

Writing: [===========                                       ] 20.05%

Writing: [===========                                       ] 20.33%

Writing: [===========                                       ] 20.62%

Writing: [===========                                       ] 20.90%

Writing: [===========                                       ] 21.19%

Writing: [===========                                       ] 21.47%

Writing: [===========                                       ] 21.75%

Writing: [============                                      ] 22.04%

Writing: [============                                      ] 22.32%

Writing: [============                                      ] 22.61%

Writing: [============                                      ] 22.89%

Writing: [============                                      ] 23.15%

Writing: [============                                      ] 23.42%

Writing: [============                                      ] 23.70%

Writing: [============                                      ] 23.98%

Writing: [=============                                     ] 24.25%

Writing: [=============                                     ] 24.53%

Writing: [=============                                     ] 24.81%

Writing: [=============                                     ] 25.08%

Writing: [=============                                     ] 25.36%

Writing: [=============                                     ] 25.62%

Writing: [=============                                     ] 25.91%

Writing: [==============                                    ] 26.17%

Writing: [==============                                    ] 26.43%

Writing: [==============                                    ] 26.72%

Writing: [==============                                    ] 27.00%

Writing: [==============                                    ] 27.26%

Writing: [==============                                    ] 27.53%

Writing: [==============                                    ] 27.81%

Writing: [===============                                   ] 28.09%

Writing: [===============                                   ] 28.38%

Writing: [===============                                   ] 28.66%

Writing: [===============                                   ] 28.95%

Writing: [===============                                   ] 29.23%

Writing: [===============                                   ] 29.51%

Writing: [===============                                   ] 29.80%

Writing: [================                                  ] 30.08%

Writing: [================                                  ] 30.37%

Writing: [================                                  ] 30.65%

Writing: [================                                  ] 30.94%

Writing: [================                                  ] 31.22%

Writing: [================                                  ] 31.50%

Writing: [================                                  ] 31.79%

Writing: [=================                                 ] 32.07%

Writing: [=================                                 ] 32.36%

Writing: [=================                                 ] 32.64%

Writing: [=================                                 ] 32.93%

Writing: [=================                                 ] 33.21%

Writing: [=================                                 ] 33.49%

Writing: [=================                                 ] 33.78%

Writing: [==================                                ] 34.04%

Writing: [==================                                ] 34.32%

Writing: [==================                                ] 34.59%

Writing: [==================                                ] 34.87%

Writing: [==================                                ] 35.16%

Writing: [==================                                ] 35.44%

Writing: [==================                                ] 35.72%

Writing: [===================                               ] 36.01%

Writing: [===================                               ] 36.29%

Writing: [===================                               ] 36.58%

Writing: [===================                               ] 36.86%

Writing: [===================                               ] 37.14%

Writing: [===================                               ] 37.43%

Writing: [===================                               ] 37.71%

Writing: [===================                               ] 38.00%

Writing: [====================                              ] 38.28%

Writing: [====================                              ] 38.57%

Writing: [====================                              ] 38.85%

Writing: [====================                              ] 39.13%

Writing: [====================                              ] 39.42%

Writing: [====================                              ] 39.70%

Writing: [====================                              ] 39.97%

Writing: [=====================                             ] 40.23%

Writing: [=====================                             ] 40.49%

Writing: [=====================                             ] 40.77%

Writing: [=====================                             ] 41.06%

Writing: [=====================                             ] 41.34%

Writing: [=====================                             ] 41.60%

Writing: [=====================                             ] 41.89%

Writing: [======================                            ] 42.17%

Writing: [======================                            ] 42.46%

Writing: [======================                            ] 42.74%

Writing: [======================                            ] 43.03%

Writing: [======================                            ] 43.31%

Writing: [======================                            ] 43.59%

Writing: [======================                            ] 43.88%

Writing: [=======================                           ] 44.16%

Writing: [=======================                           ] 44.45%

Writing: [=======================                           ] 44.73%

Writing: [=======================                           ] 45.02%

Writing: [=======================                           ] 45.28%

Writing: [=======================                           ] 45.54%

Writing: [=======================                           ] 45.82%

Writing: [========================                          ] 46.09%

Writing: [========================                          ] 46.35%

Writing: [========================                          ] 46.61%

Writing: [========================                          ] 46.87%

Writing: [========================                          ] 47.14%

Writing: [========================                          ] 47.42%

Writing: [========================                          ] 47.70%

Writing: [========================                          ] 47.99%

Writing: [=========================                         ] 48.27%

Writing: [=========================                         ] 48.56%

Writing: [=========================                         ] 48.84%

Writing: [=========================                         ] 49.13%

Writing: [=========================                         ] 49.41%

Writing: [=========================                         ] 49.69%

Writing: [=========================                         ] 49.96%

Writing: [==========================                        ] 50.24%

Writing: [==========================                        ] 50.52%

Writing: [==========================                        ] 50.81%

Writing: [==========================                        ] 51.07%

Writing: [==========================                        ] 51.36%

Writing: [==========================                        ] 51.64%

Writing: [==========================                        ] 51.92%

Writing: [===========================                       ] 52.21%

Writing: [===========================                       ] 52.49%

Writing: [===========================                       ] 52.78%

Writing: [===========================                       ] 53.06%

Writing: [===========================                       ] 53.35%

Writing: [===========================                       ] 53.63%

Writing: [===========================                       ] 53.91%

Writing: [============================                      ] 54.20%

Writing: [============================                      ] 54.48%

Writing: [============================                      ] 54.74%

Writing: [============================                      ] 55.03%

Writing: [============================                      ] 55.31%

Writing: [============================                      ] 55.60%

Writing: [============================                      ] 55.88%

Writing: [=============================                     ] 56.17%

Writing: [=============================                     ] 56.45%

Writing: [=============================                     ] 56.73%

Writing: [=============================                     ] 57.02%

Writing: [=============================                     ] 57.30%

Writing: [=============================                     ] 57.59%

Writing: [=============================                     ] 57.87%

Writing: [==============================                    ] 58.16%

Writing: [==============================                    ] 58.44%

Writing: [==============================                    ] 58.72%

Writing: [==============================                    ] 58.99%

Writing: [==============================                    ] 59.25%

Writing: [==============================                    ] 59.51%

Writing: [==============================                    ] 59.79%

Writing: [===============================                   ] 60.08%

Writing: [===============================                   ] 60.36%

Writing: [===============================                   ] 60.65%

Writing: [===============================                   ] 60.93%

Writing: [===============================                   ] 61.22%

Writing: [===============================                   ] 61.50%

Writing: [===============================                   ] 61.78%

Writing: [================================                  ] 62.07%

Writing: [================================                  ] 62.35%

Writing: [================================                  ] 62.64%

Writing: [================================                  ] 62.92%

Writing: [================================                  ] 63.18%

Writing: [================================                  ] 63.47%

Writing: [================================                  ] 63.73%

Writing: [=================================                 ] 64.01%

Writing: [=================================                 ] 64.30%

Writing: [=================================                 ] 64.58%

Writing: [=================================                 ] 64.87%

Writing: [=================================                 ] 65.15%

Writing: [=================================                 ] 65.44%

Writing: [=================================                 ] 65.72%

Writing: [==================================                ] 66.00%

Writing: [==================================                ] 66.29%

Writing: [==================================                ] 66.55%

Writing: [==================================                ] 66.83%

Writing: [==================================                ] 67.12%

Writing: [==================================                ] 67.40%

Writing: [==================================                ] 67.67%

Writing: [==================================                ] 67.95%

Writing: [===================================               ] 68.23%

Writing: [===================================               ] 68.52%

Writing: [===================================               ] 68.80%

Writing: [===================================               ] 69.09%

Writing: [===================================               ] 69.35%

Writing: [===================================               ] 69.63%

Writing: [===================================               ] 69.92%

Writing: [====================================              ] 70.20%

Writing: [====================================              ] 70.46%

Writing: [====================================              ] 70.75%

Writing: [====================================              ] 71.03%

Writing: [====================================              ] 71.32%

Writing: [====================================              ] 71.58%

Writing: [====================================              ] 71.86%

Writing: [=====================================             ] 72.15%

Writing: [=====================================             ] 72.41%

Writing: [=====================================             ] 72.67%

Writing: [=====================================             ] 72.93%

Writing: [=====================================             ] 73.22%

Writing: [=====================================             ] 73.50%

Writing: [=====================================             ] 73.77%

Writing: [======================================            ] 74.03%

Writing: [======================================            ] 74.29%

Writing: [======================================            ] 74.57%

Writing: [======================================            ] 74.86%

Writing: [======================================            ] 75.14%

Writing: [======================================            ] 75.43%

Writing: [======================================            ] 75.71%

Writing: [======================================            ] 76.00%

Writing: [=======================================           ] 76.28%

Writing: [=======================================           ] 76.56%

Writing: [=======================================           ] 76.85%

Writing: [=======================================           ] 77.13%

Writing: [=======================================           ] 77.42%

Writing: [=======================================           ] 77.70%

Writing: [=======================================           ] 77.98%

Writing: [========================================          ] 78.27%

Writing: [========================================          ] 78.55%

Writing: [========================================          ] 78.84%

Writing: [========================================          ] 79.12%

Writing: [========================================          ] 79.41%

Writing: [========================================          ] 79.69%

Writing: [========================================          ] 79.97%

Writing: [=========================================         ] 80.26%

Writing: [=========================================         ] 80.54%

Writing: [=========================================         ] 80.83%

Writing: [=========================================         ] 81.11%

Writing: [=========================================         ] 81.40%

Writing: [=========================================         ] 81.68%

Writing: [=========================================         ] 81.96%

Writing: [==========================================        ] 82.25%

Writing: [==========================================        ] 82.53%

Writing: [==========================================        ] 82.82%

Writing: [==========================================        ] 83.10%

Writing: [==========================================        ] 83.38%

Writing: [==========================================        ] 83.67%

Writing: [==========================================        ] 83.95%

Writing: [===========================================       ] 84.24%

Writing: [===========================================       ] 84.52%

Writing: [===========================================       ] 84.81%

Writing: [===========================================       ] 85.09%

Writing: [===========================================       ] 85.37%

Writing: [===========================================       ] 85.66%

Writing: [===========================================       ] 85.94%

Writing: [============================================      ] 86.23%

Writing: [============================================      ] 86.51%

Writing: [============================================      ] 86.80%

Writing: [============================================      ] 87.08%

Writing: [============================================      ] 87.36%

Writing: [============================================      ] 87.65%

Writing: [============================================      ] 87.93%

Writing: [=============================================     ] 88.22%

Writing: [=============================================     ] 88.50%

Writing: [=============================================     ] 88.78%

Writing: [=============================================     ] 89.07%

Writing: [=============================================     ] 89.35%

Writing: [=============================================     ] 89.64%

Writing: [=============================================     ] 89.92%

Writing: [==============================================    ] 90.21%

Writing: [==============================================    ] 90.49%

Writing: [==============================================    ] 90.77%

Writing: [==============================================    ] 91.06%

Writing: [==============================================    ] 91.34%

Writing: [==============================================    ] 91.63%

Writing: [==============================================    ] 91.91%

Writing: [===============================================   ] 92.20%

Writing: [===============================================   ] 92.48%

Writing: [===============================================   ] 92.76%

Writing: [===============================================   ] 93.05%

Writing: [===============================================   ] 93.33%

Writing: [===============================================   ] 93.62%

Writing: [===============================================   ] 93.90%

Writing: [================================================  ] 94.19%

Writing: [================================================  ] 94.47%

Writing: [================================================  ] 94.75%

Writing: [================================================  ] 95.04%

Writing: [================================================  ] 95.32%

Writing: [================================================  ] 95.61%

Writing: [================================================  ] 95.89%

Writing: [================================================= ] 96.17%

Writing: [================================================= ] 96.46%

Writing: [================================================= ] 96.74%

Writing: [================================================= ] 97.03%

Writing: [================================================= ] 97.31%

Writing: [================================================= ] 97.60%

Writing: [================================================= ] 97.88%

Writing: [==================================================] 98.16%

Writing: [==================================================] 98.45%

Writing: [==================================================] 98.73%

Writing: [==================================================] 99.02%

Writing: [==================================================] 99.30%

Writing: [==================================================] 99.59%

Writing: [==================================================] 99.87%

Writing: [==================================================] 100.00%

Done
Verifying first 32 words...
Verification passed for first 32 words
BPI flash programming complete
BPI flash programming complete
