empty
write to flash
Jtag frequency : requested 6.00MHz    -> real 6.00MHz   
Open file DONE
Parse file DONE
Use: /usr/local/share/openFPGALoader/bpiOverJtag_xc7k480tffg1156.bit.gz
load program

Load SRAM: [===================                               ] 37.00%

Load SRAM: [======================================            ] 76.00%

Load SRAM: [==================================================] 100.00%

Done
Shift IR 35
ir: 1 isc_done 1 isc_ena 0 init 1 done 1
Detecting BPI flash...
Intel/Micron flash detected
Manufacturer ID: 0x0089
Device ID: 0x887e
Flash capacity: 64 MB (512 Mbit)
Writing 18735004 bytes to BPI flash at 0x000000
Erasing 72 blocks...
Programming (buffered mode)...

Writing: [=                                                 ] 0.28%

Writing: [=                                                 ] 0.57%

Writing: [=                                                 ] 0.85%

Writing: [=                                                 ] 1.14%

Writing: [=                                                 ] 1.42%

Writing: [=                                                 ] 1.71%

Writing: [=                                                 ] 1.99%

Writing: [==                                                ] 2.27%

Writing: [==                                                ] 2.56%

Writing: [==                                                ] 2.84%

Writing: [==                                                ] 3.13%

Writing: [==                                                ] 3.41%

Writing: [==                                                ] 3.69%

Writing: [==                                                ] 3.98%

Writing: [===                                               ] 4.26%

Writing: [===                                               ] 4.55%

Writing: [===                                               ] 4.83%

Writing: [===                                               ] 5.12%

Writing: [===                                               ] 5.40%

Writing: [===                                               ] 5.68%

Writing: [===                                               ] 5.97%

Writing: [====                                              ] 6.25%

Writing: [====                                              ] 6.54%

Writing: [====                                              ] 6.82%

Writing: [====                                              ] 7.11%

Writing: [====                                              ] 7.39%

Writing: [====                                              ] 7.67%

Writing: [====                                              ] 7.96%

Writing: [=====                                             ] 8.24%

Writing: [=====                                             ] 8.53%

Writing: [=====                                             ] 8.81%

Writing: [=====                                             ] 9.09%

Writing: [=====                                             ] 9.38%

Writing: [=====                                             ] 9.66%

Writing: [=====                                             ] 9.95%

Writing: [======                                            ] 10.23%

Writing: [======                                            ] 10.52%

Writing: [======                                            ] 10.80%

Writing: [======                                            ] 11.08%

Writing: [======                                            ] 11.37%

Writing: [======                                            ] 11.65%

Writing: [======                                            ] 11.94%

Writing: [=======                                           ] 12.22%

Writing: [=======                                           ] 12.51%

Writing: [=======                                           ] 12.79%

Writing: [=======                                           ] 13.07%

Writing: [=======                                           ] 13.36%

Writing: [=======                                           ] 13.64%

Writing: [=======                                           ] 13.93%

Writing: [========                                          ] 14.21%

Writing: [========                                          ] 14.50%

Writing: [========                                          ] 14.78%

Writing: [========                                          ] 15.06%

Writing: [========                                          ] 15.35%

Writing: [========                                          ] 15.63%

Writing: [========                                          ] 15.92%

Writing: [=========                                         ] 16.20%

Writing: [=========                                         ] 16.48%

Writing: [=========                                         ] 16.77%

Writing: [=========                                         ] 17.05%

Writing: [=========                                         ] 17.34%

Writing: [=========                                         ] 17.62%

Writing: [=========                                         ] 17.91%

Writing: [==========                                        ] 18.19%

Writing: [==========                                        ] 18.47%

Writing: [==========                                        ] 18.76%

Writing: [==========                                        ] 19.04%

Writing: [==========                                        ] 19.33%

Writing: [==========                                        ] 19.61%

Writing: [==========                                        ] 19.90%

Writing: [===========                                       ] 20.18%

Writing: [===========                                       ] 20.46%

Writing: [===========                                       ] 20.75%

Writing: [===========                                       ] 21.03%

Writing: [===========                                       ] 21.32%

Writing: [===========                                       ] 21.60%

Writing: [===========                                       ] 21.88%

Writing: [============                                      ] 22.17%

Writing: [============                                      ] 22.45%

Writing: [============                                      ] 22.74%

Writing: [============                                      ] 23.02%

Writing: [============                                      ] 23.31%

Writing: [============                                      ] 23.59%

Writing: [============                                      ] 23.87%

Writing: [=============                                     ] 24.16%

Writing: [=============                                     ] 24.44%

Writing: [=============                                     ] 24.73%

Writing: [=============                                     ] 25.01%

Writing: [=============                                     ] 25.30%

Writing: [=============                                     ] 25.58%

Writing: [=============                                     ] 25.86%

Writing: [==============                                    ] 26.15%

Writing: [==============                                    ] 26.43%

Writing: [==============                                    ] 26.72%

Writing: [==============                                    ] 27.00%

Writing: [==============                                    ] 27.28%

Writing: [==============                                    ] 27.57%

Writing: [==============                                    ] 27.85%

Writing: [===============                                   ] 28.14%

Writing: [===============                                   ] 28.42%

Writing: [===============                                   ] 28.71%

Writing: [===============                                   ] 28.99%

Writing: [===============                                   ] 29.27%

Writing: [===============                                   ] 29.56%

Writing: [===============                                   ] 29.84%

Writing: [================                                  ] 30.13%

Writing: [================                                  ] 30.41%

Writing: [================                                  ] 30.70%

Writing: [================                                  ] 30.98%

Writing: [================                                  ] 31.26%

Writing: [================                                  ] 31.55%

Writing: [================                                  ] 31.83%

Writing: [=================                                 ] 32.12%

Writing: [=================                                 ] 32.40%

Writing: [=================                                 ] 32.68%

Writing: [=================                                 ] 32.97%

Writing: [=================                                 ] 33.25%

Writing: [=================                                 ] 33.54%

Writing: [=================                                 ] 33.82%

Writing: [==================                                ] 34.11%

Writing: [==================                                ] 34.39%

Writing: [==================                                ] 34.67%

Writing: [==================                                ] 34.98%

Writing: [==================                                ] 35.29%

Writing: [==================                                ] 35.57%

Writing: [==================                                ] 35.86%

Writing: [===================                               ] 36.14%

Writing: [===================                               ] 36.42%

Writing: [===================                               ] 36.71%

Writing: [===================                               ] 36.99%

Writing: [===================                               ] 37.28%

Writing: [===================                               ] 37.56%

Writing: [===================                               ] 37.84%

Writing: [====================                              ] 38.13%

Writing: [====================                              ] 38.41%

Writing: [====================                              ] 38.70%

Writing: [====================                              ] 38.98%

Writing: [====================                              ] 39.27%

Writing: [====================                              ] 39.55%

Writing: [====================                              ] 39.83%

Writing: [=====================                             ] 40.12%

Writing: [=====================                             ] 40.40%

Writing: [=====================                             ] 40.69%

Writing: [=====================                             ] 40.97%

Writing: [=====================                             ] 41.26%

Writing: [=====================                             ] 41.54%

Writing: [=====================                             ] 41.82%

Writing: [======================                            ] 42.11%

Writing: [======================                            ] 42.39%

Writing: [======================                            ] 42.68%

Writing: [======================                            ] 42.98%

Writing: [======================                            ] 43.27%

Writing: [======================                            ] 43.55%

Writing: [======================                            ] 43.83%

Writing: [=======================                           ] 44.12%

Writing: [=======================                           ] 44.40%

Writing: [=======================                           ] 44.69%

Writing: [=======================                           ] 44.97%

Writing: [=======================                           ] 45.26%

Writing: [=======================                           ] 45.54%

Writing: [=======================                           ] 45.82%

Writing: [========================                          ] 46.11%

Writing: [========================                          ] 46.39%

Writing: [========================                          ] 46.68%

Writing: [========================                          ] 46.96%

Writing: [========================                          ] 47.25%

Writing: [========================                          ] 47.53%

Writing: [========================                          ] 47.81%

Writing: [=========================                         ] 48.10%

Writing: [=========================                         ] 48.38%

Writing: [=========================                         ] 48.67%

Writing: [=========================                         ] 48.95%

Writing: [=========================                         ] 49.24%

Writing: [=========================                         ] 49.52%

Writing: [=========================                         ] 49.80%

Writing: [==========================                        ] 50.09%

Writing: [==========================                        ] 50.37%

Writing: [==========================                        ] 50.66%

Writing: [==========================                        ] 50.94%

Writing: [==========================                        ] 51.22%

Writing: [==========================                        ] 51.51%

Writing: [==========================                        ] 51.79%

Writing: [===========================                       ] 52.08%

Writing: [===========================                       ] 52.36%

Writing: [===========================                       ] 52.65%

Writing: [===========================                       ] 52.93%

Writing: [===========================                       ] 53.21%

Writing: [===========================                       ] 53.50%

Writing: [===========================                       ] 53.78%

Writing: [============================                      ] 54.07%

Writing: [============================                      ] 54.35%

Writing: [============================                      ] 54.64%

Writing: [============================                      ] 54.92%

Writing: [============================                      ] 55.20%

Writing: [============================                      ] 55.49%

Writing: [============================                      ] 55.77%

Writing: [=============================                     ] 56.06%

Writing: [=============================                     ] 56.34%

Writing: [=============================                     ] 56.62%

Writing: [=============================                     ] 56.91%

Writing: [=============================                     ] 57.19%

Writing: [=============================                     ] 57.48%

Writing: [=============================                     ] 57.76%

Writing: [==============================                    ] 58.05%

Writing: [==============================                    ] 58.33%

Writing: [==============================                    ] 58.61%

Writing: [==============================                    ] 58.90%

Writing: [==============================                    ] 59.18%

Writing: [==============================                    ] 59.47%

Writing: [==============================                    ] 59.75%

Writing: [===============================                   ] 60.04%

Writing: [===============================                   ] 60.32%

Writing: [===============================                   ] 60.60%

Writing: [===============================                   ] 60.89%

Writing: [===============================                   ] 61.17%

Writing: [===============================                   ] 61.46%

Writing: [===============================                   ] 61.74%

Writing: [================================                  ] 62.02%

Writing: [================================                  ] 62.31%

Writing: [================================                  ] 62.59%

Writing: [================================                  ] 62.88%

Writing: [================================                  ] 63.16%

Writing: [================================                  ] 63.45%

Writing: [================================                  ] 63.73%

Writing: [=================================                 ] 64.01%

Writing: [=================================                 ] 64.30%

Writing: [=================================                 ] 64.58%

Writing: [=================================                 ] 64.87%

Writing: [=================================                 ] 65.15%

Writing: [=================================                 ] 65.44%

Writing: [=================================                 ] 65.72%

Writing: [==================================                ] 66.00%

Writing: [==================================                ] 66.29%

Writing: [==================================                ] 66.57%

Writing: [==================================                ] 66.86%

Writing: [==================================                ] 67.14%

Writing: [==================================                ] 67.42%

Writing: [==================================                ] 67.73%

Writing: [===================================               ] 68.02%

Writing: [===================================               ] 68.30%

Writing: [===================================               ] 68.58%

Writing: [===================================               ] 68.87%

Writing: [===================================               ] 69.15%

Writing: [===================================               ] 69.44%

Writing: [===================================               ] 69.72%

Writing: [====================================              ] 70.00%

Writing: [====================================              ] 70.29%

Writing: [====================================              ] 70.57%

Writing: [====================================              ] 70.86%

Writing: [====================================              ] 71.14%

Writing: [====================================              ] 71.45%

Writing: [====================================              ] 71.73%

Writing: [=====================================             ] 72.02%

Writing: [=====================================             ] 72.30%

Writing: [=====================================             ] 72.58%

Writing: [=====================================             ] 72.87%

Writing: [=====================================             ] 73.15%

Writing: [=====================================             ] 73.44%

Writing: [=====================================             ] 73.72%

Writing: [======================================            ] 74.01%

Writing: [======================================            ] 74.29%

Writing: [======================================            ] 74.57%

Writing: [======================================            ] 74.86%

Writing: [======================================            ] 75.14%

Writing: [======================================            ] 75.43%

Writing: [======================================            ] 75.71%

Writing: [======================================            ] 76.00%

Writing: [=======================================           ] 76.30%

Writing: [=======================================           ] 76.59%

Writing: [=======================================           ] 76.87%

Writing: [=======================================           ] 77.15%

Writing: [=======================================           ] 77.44%

Writing: [=======================================           ] 77.72%

Writing: [========================================          ] 78.01%

Writing: [========================================          ] 78.29%

Writing: [========================================          ] 78.57%

Writing: [========================================          ] 78.86%

Writing: [========================================          ] 79.14%

Writing: [========================================          ] 79.43%

Writing: [========================================          ] 79.71%

Writing: [========================================          ] 80.00%

Writing: [=========================================         ] 80.28%

Writing: [=========================================         ] 80.56%

Writing: [=========================================         ] 80.85%

Writing: [=========================================         ] 81.15%

Writing: [=========================================         ] 81.44%

Writing: [=========================================         ] 81.72%

Writing: [==========================================        ] 82.01%

Writing: [==========================================        ] 82.29%

Writing: [==========================================        ] 82.58%

Writing: [==========================================        ] 82.86%

Writing: [==========================================        ] 83.14%

Writing: [==========================================        ] 83.43%

Writing: [==========================================        ] 83.71%

Writing: [==========================================        ] 84.00%

Writing: [===========================================       ] 84.28%

Writing: [===========================================       ] 84.57%

Writing: [===========================================       ] 84.85%

Writing: [===========================================       ] 85.13%

Writing: [===========================================       ] 85.42%

Writing: [===========================================       ] 85.70%

Writing: [===========================================       ] 85.99%

Writing: [============================================      ] 86.27%

Writing: [============================================      ] 86.55%

Writing: [============================================      ] 86.84%

Writing: [============================================      ] 87.12%

Writing: [============================================      ] 87.41%

Writing: [============================================      ] 87.69%

Writing: [============================================      ] 87.98%

Writing: [=============================================     ] 88.26%

Writing: [=============================================     ] 88.54%

Writing: [=============================================     ] 88.83%

Writing: [=============================================     ] 89.11%

Writing: [=============================================     ] 89.40%

Writing: [=============================================     ] 89.68%

Writing: [=============================================     ] 89.97%

Writing: [==============================================    ] 90.25%

Writing: [==============================================    ] 90.53%

Writing: [==============================================    ] 90.84%

Writing: [==============================================    ] 91.12%

Writing: [==============================================    ] 91.41%

Writing: [==============================================    ] 91.69%

Writing: [==============================================    ] 92.00%

Writing: [===============================================   ] 92.28%

Writing: [===============================================   ] 92.57%

Writing: [===============================================   ] 92.85%

Writing: [===============================================   ] 93.14%

Writing: [===============================================   ] 93.42%

Writing: [===============================================   ] 93.70%

Writing: [===============================================   ] 93.99%

Writing: [================================================  ] 94.27%

Writing: [================================================  ] 94.56%

Writing: [================================================  ] 94.84%

Writing: [================================================  ] 95.13%

Writing: [================================================  ] 95.41%

Writing: [================================================  ] 95.69%

Writing: [================================================  ] 95.98%

Writing: [================================================= ] 96.26%

Writing: [================================================= ] 96.55%

Writing: [================================================= ] 96.83%

Writing: [================================================= ] 97.11%

Writing: [================================================= ] 97.40%

Writing: [================================================= ] 97.68%

Writing: [================================================= ] 97.97%

Writing: [==================================================] 98.25%

Writing: [==================================================] 98.56%

Writing: [==================================================] 98.84%

Writing: [==================================================] 99.13%

Writing: [==================================================] 99.41%

Writing: [==================================================] 99.69%

Writing: [==================================================] 99.98%

Writing: [==================================================] 100.00%

Done
Verifying first 32 words...
Verification passed for first 32 words
BPI flash programming complete
BPI flash programming complete
