empty
write to flash
Jtag frequency : requested 6.00MHz    -> real 6.00MHz   
Open file DONE
Parse file DONE
Use: /usr/local/share/openFPGALoader/bpiOverJtag_xc7k480tffg1156.bit.gz
load program

Load SRAM: [===================                               ] 37.00%

Load SRAM: [======================================            ] 76.00%

Load SRAM: [==================================================] 100.00%

Done
Shift IR 35
ir: 1 isc_done 1 isc_ena 0 init 1 done 1
Detecting BPI flash...
Intel/Micron flash detected
Manufacturer ID: 0x0089
Device ID: 0x887e
Flash capacity: 64 MB (512 Mbit)
Writing 18735004 bytes to BPI flash at 0x000000
Erasing 72 blocks...
Programming (buffered mode)...

Writing: [=                                                 ] 0.28%

Writing: [=                                                 ] 0.57%

Writing: [=                                                 ] 0.85%

Writing: [=                                                 ] 1.14%

Writing: [=                                                 ] 1.42%

Writing: [=                                                 ] 1.71%

Writing: [=                                                 ] 1.99%

Writing: [==                                                ] 2.27%

Writing: [==                                                ] 2.56%

Writing: [==                                                ] 2.84%

Writing: [==                                                ] 3.13%

Writing: [==                                                ] 3.41%

Writing: [==                                                ] 3.69%

Writing: [==                                                ] 3.98%

Writing: [===                                               ] 4.26%

Writing: [===                                               ] 4.55%

Writing: [===                                               ] 4.83%

Writing: [===                                               ] 5.12%

Writing: [===                                               ] 5.40%

Writing: [===                                               ] 5.68%

Writing: [===                                               ] 5.97%

Writing: [====                                              ] 6.25%

Writing: [====                                              ] 6.54%

Writing: [====                                              ] 6.82%

Writing: [====                                              ] 7.11%

Writing: [====                                              ] 7.39%

Writing: [====                                              ] 7.67%

Writing: [====                                              ] 7.96%

Writing: [=====                                             ] 8.24%

Writing: [=====                                             ] 8.53%

Writing: [=====                                             ] 8.81%

Writing: [=====                                             ] 9.09%

Writing: [=====                                             ] 9.38%

Writing: [=====                                             ] 9.66%

Writing: [=====                                             ] 9.95%

Writing: [======                                            ] 10.23%

Writing: [======                                            ] 10.52%

Writing: [======                                            ] 10.80%

Writing: [======                                            ] 11.08%

Writing: [======                                            ] 11.37%

Writing: [======                                            ] 11.65%

Writing: [======                                            ] 11.94%

Writing: [=======                                           ] 12.22%

Writing: [=======                                           ] 12.51%

Writing: [=======                                           ] 12.79%

Writing: [=======                                           ] 13.07%

Writing: [=======                                           ] 13.36%

Writing: [=======                                           ] 13.64%

Writing: [=======                                           ] 13.93%

Writing: [========                                          ] 14.21%

Writing: [========                                          ] 14.50%

Writing: [========                                          ] 14.78%

Writing: [========                                          ] 15.06%

Writing: [========                                          ] 15.35%

Writing: [========                                          ] 15.63%

Writing: [========                                          ] 15.92%

Writing: [=========                                         ] 16.20%

Writing: [=========                                         ] 16.48%

Writing: [=========                                         ] 16.77%

Writing: [=========                                         ] 17.05%

Writing: [=========                                         ] 17.34%

Writing: [=========                                         ] 17.62%

Writing: [=========                                         ] 17.91%

Writing: [==========                                        ] 18.19%

Writing: [==========                                        ] 18.47%

Writing: [==========                                        ] 18.76%

Writing: [==========                                        ] 19.04%

Writing: [==========                                        ] 19.33%

Writing: [==========                                        ] 19.61%

Writing: [==========                                        ] 19.90%

Writing: [===========                                       ] 20.18%

Writing: [===========                                       ] 20.46%

Writing: [===========                                       ] 20.75%

Writing: [===========                                       ] 21.03%

Writing: [===========                                       ] 21.32%

Writing: [===========                                       ] 21.60%

Writing: [===========                                       ] 21.88%

Writing: [============                                      ] 22.17%

Writing: [============                                      ] 22.45%

Writing: [============                                      ] 22.74%

Writing: [============                                      ] 23.04%

Writing: [============                                      ] 23.33%

Writing: [============                                      ] 23.61%

Writing: [============                                      ] 23.90%

Writing: [=============                                     ] 24.18%

Writing: [=============                                     ] 24.46%

Writing: [=============                                     ] 24.75%

Writing: [=============                                     ] 25.03%

Writing: [=============                                     ] 25.32%

Writing: [=============                                     ] 25.60%

Writing: [=============                                     ] 25.89%

Writing: [==============                                    ] 26.17%

Writing: [==============                                    ] 26.45%

Writing: [==============                                    ] 26.74%

Writing: [==============                                    ] 27.02%

Writing: [==============                                    ] 27.31%

Writing: [==============                                    ] 27.59%

Writing: [==============                                    ] 27.88%

Writing: [===============                                   ] 28.16%

Writing: [===============                                   ] 28.44%

Writing: [===============                                   ] 28.73%

Writing: [===============                                   ] 29.01%

Writing: [===============                                   ] 29.30%

Writing: [===============                                   ] 29.58%

Writing: [===============                                   ] 29.86%

Writing: [================                                  ] 30.15%

Writing: [================                                  ] 30.43%

Writing: [================                                  ] 30.72%

Writing: [================                                  ] 31.00%

Writing: [================                                  ] 31.31%

Writing: [================                                  ] 31.59%

Writing: [================                                  ] 31.88%

Writing: [=================                                 ] 32.16%

Writing: [=================                                 ] 32.44%

Writing: [=================                                 ] 32.73%

Writing: [=================                                 ] 33.01%

Writing: [=================                                 ] 33.30%

Writing: [=================                                 ] 33.58%

Writing: [=================                                 ] 33.87%

Writing: [==================                                ] 34.15%

Writing: [==================                                ] 34.43%

Writing: [==================                                ] 34.72%

Writing: [==================                                ] 35.00%

Writing: [==================                                ] 35.29%

Writing: [==================                                ] 35.57%

Writing: [==================                                ] 35.86%

Writing: [===================                               ] 36.14%

Writing: [===================                               ] 36.42%

Writing: [===================                               ] 36.71%

Writing: [===================                               ] 36.99%

Writing: [===================                               ] 37.28%

Writing: [===================                               ] 37.56%

Writing: [===================                               ] 37.84%

Writing: [====================                              ] 38.13%

Writing: [====================                              ] 38.41%

Writing: [====================                              ] 38.70%

Writing: [====================                              ] 38.98%

Writing: [====================                              ] 39.27%

Writing: [====================                              ] 39.55%

Writing: [====================                              ] 39.83%

Writing: [=====================                             ] 40.12%

Writing: [=====================                             ] 40.40%

Writing: [=====================                             ] 40.69%

Writing: [=====================                             ] 40.97%

Writing: [=====================                             ] 41.26%

Writing: [=====================                             ] 41.54%

Writing: [=====================                             ] 41.82%

Writing: [======================                            ] 42.11%

Writing: [======================                            ] 42.39%

Writing: [======================                            ] 42.68%

Writing: [======================                            ] 42.96%

Writing: [======================                            ] 43.24%

Writing: [======================                            ] 43.53%

Writing: [======================                            ] 43.81%

Writing: [=======================                           ] 44.10%

Writing: [=======================                           ] 44.38%

Writing: [=======================                           ] 44.67%

Writing: [=======================                           ] 44.95%

Writing: [=======================                           ] 45.23%

Writing: [=======================                           ] 45.52%

Writing: [=======================                           ] 45.80%

Writing: [========================                          ] 46.09%

Writing: [========================                          ] 46.37%

Writing: [========================                          ] 46.66%

Writing: [========================                          ] 46.94%

Writing: [========================                          ] 47.22%

Writing: [========================                          ] 47.51%

Writing: [========================                          ] 47.79%

Writing: [=========================                         ] 48.08%

Writing: [=========================                         ] 48.36%

Writing: [=========================                         ] 48.64%

Writing: [=========================                         ] 48.93%

Writing: [=========================                         ] 49.21%

Writing: [=========================                         ] 49.50%

Writing: [=========================                         ] 49.78%

Writing: [==========================                        ] 50.07%

Writing: [==========================                        ] 50.35%

Writing: [==========================                        ] 50.63%

Writing: [==========================                        ] 50.92%

Writing: [==========================                        ] 51.20%

Writing: [==========================                        ] 51.49%

Writing: [==========================                        ] 51.77%

Writing: [===========================                       ] 52.06%

Writing: [===========================                       ] 52.34%

Writing: [===========================                       ] 52.62%

Writing: [===========================                       ] 52.91%

Writing: [===========================                       ] 53.19%

Writing: [===========================                       ] 53.48%

Writing: [===========================                       ] 53.76%

Writing: [============================                      ] 54.04%

Writing: [============================                      ] 54.33%

Writing: [============================                      ] 54.61%

Writing: [============================                      ] 54.90%

Writing: [============================                      ] 55.18%

Writing: [============================                      ] 55.47%

Writing: [============================                      ] 55.75%

Writing: [=============================                     ] 56.03%

Writing: [=============================                     ] 56.32%

Writing: [=============================                     ] 56.60%

Writing: [=============================                     ] 56.89%

Writing: [=============================                     ] 57.17%

Writing: [=============================                     ] 57.46%

Writing: [=============================                     ] 57.74%

Writing: [==============================                    ] 58.02%

Writing: [==============================                    ] 58.31%

Writing: [==============================                    ] 58.59%

Writing: [==============================                    ] 58.88%

Writing: [==============================                    ] 59.16%

Writing: [==============================                    ] 59.45%

Writing: [==============================                    ] 59.73%

Writing: [===============================                   ] 60.01%

Writing: [===============================                   ] 60.30%

Writing: [===============================                   ] 60.58%

Writing: [===============================                   ] 60.87%

Writing: [===============================                   ] 61.15%

Writing: [===============================                   ] 61.43%

Writing: [===============================                   ] 61.72%

Writing: [================================                  ] 62.00%

Writing: [================================                  ] 62.29%

Writing: [================================                  ] 62.57%

Writing: [================================                  ] 62.86%

Writing: [================================                  ] 63.14%

Writing: [================================                  ] 63.42%

Writing: [================================                  ] 63.71%

Writing: [================================                  ] 63.99%

Writing: [=================================                 ] 64.28%

Writing: [=================================                 ] 64.56%

Writing: [=================================                 ] 64.85%

Writing: [=================================                 ] 65.13%

Writing: [=================================                 ] 65.41%

Writing: [=================================                 ] 65.70%

Writing: [=================================                 ] 65.98%

Writing: [==================================                ] 66.27%

Writing: [==================================                ] 66.55%

Writing: [==================================                ] 66.83%

Writing: [==================================                ] 67.12%

Writing: [==================================                ] 67.40%

Writing: [==================================                ] 67.69%

Writing: [==================================                ] 67.97%

Writing: [===================================               ] 68.26%

Writing: [===================================               ] 68.54%

Writing: [===================================               ] 68.82%

Writing: [===================================               ] 69.11%

Writing: [===================================               ] 69.39%

Writing: [===================================               ] 69.68%

Writing: [===================================               ] 69.96%

Writing: [====================================              ] 70.25%

Writing: [====================================              ] 70.53%

Writing: [====================================              ] 70.81%

Writing: [====================================              ] 71.10%

Writing: [====================================              ] 71.38%

Writing: [====================================              ] 71.67%

Writing: [====================================              ] 71.95%

Writing: [=====================================             ] 72.23%

Writing: [=====================================             ] 72.52%

Writing: [=====================================             ] 72.80%

Writing: [=====================================             ] 73.09%

Writing: [=====================================             ] 73.37%

Writing: [=====================================             ] 73.66%

Writing: [=====================================             ] 73.94%

Writing: [======================================            ] 74.22%

Writing: [======================================            ] 74.51%

Writing: [======================================            ] 74.79%

Writing: [======================================            ] 75.08%

Writing: [======================================            ] 75.36%

Writing: [======================================            ] 75.65%

Writing: [======================================            ] 75.93%

Writing: [=======================================           ] 76.21%

Writing: [=======================================           ] 76.50%

Writing: [=======================================           ] 76.78%

Writing: [=======================================           ] 77.07%

Writing: [=======================================           ] 77.35%

Writing: [=======================================           ] 77.63%

Writing: [=======================================           ] 77.92%

Writing: [========================================          ] 78.20%

Writing: [========================================          ] 78.49%

Writing: [========================================          ] 78.77%

Writing: [========================================          ] 79.06%

Writing: [========================================          ] 79.34%

Writing: [========================================          ] 79.62%

Writing: [========================================          ] 79.91%

Writing: [=========================================         ] 80.19%

Writing: [=========================================         ] 80.48%

Writing: [=========================================         ] 80.76%

Writing: [=========================================         ] 81.05%

Writing: [=========================================         ] 81.33%

Writing: [=========================================         ] 81.61%

Writing: [=========================================         ] 81.90%

Writing: [==========================================        ] 82.18%

Writing: [==========================================        ] 82.47%

Writing: [==========================================        ] 82.75%

Writing: [==========================================        ] 83.03%

Writing: [==========================================        ] 83.32%

Writing: [==========================================        ] 83.60%

Writing: [==========================================        ] 83.89%

Writing: [===========================================       ] 84.17%

Writing: [===========================================       ] 84.46%

Writing: [===========================================       ] 84.74%

Writing: [===========================================       ] 85.02%

Writing: [===========================================       ] 85.31%

Writing: [===========================================       ] 85.59%

Writing: [===========================================       ] 85.88%

Writing: [============================================      ] 86.16%

Writing: [============================================      ] 86.45%

Writing: [============================================      ] 86.73%

Writing: [============================================      ] 87.01%

Writing: [============================================      ] 87.30%

Writing: [============================================      ] 87.58%

Writing: [============================================      ] 87.87%

Writing: [=============================================     ] 88.15%

Writing: [=============================================     ] 88.44%

Writing: [=============================================     ] 88.72%

Writing: [=============================================     ] 89.00%

Writing: [=============================================     ] 89.29%

Writing: [=============================================     ] 89.57%

Writing: [=============================================     ] 89.86%

Writing: [==============================================    ] 90.14%

Writing: [==============================================    ] 90.42%

Writing: [==============================================    ] 90.71%

Writing: [==============================================    ] 90.99%

Writing: [==============================================    ] 91.28%

Writing: [==============================================    ] 91.56%

Writing: [==============================================    ] 91.85%

Writing: [===============================================   ] 92.13%

Writing: [===============================================   ] 92.41%

Writing: [===============================================   ] 92.70%

Writing: [===============================================   ] 92.98%

Writing: [===============================================   ] 93.27%

Writing: [===============================================   ] 93.55%

Writing: [===============================================   ] 93.84%

Writing: [================================================  ] 94.12%

Writing: [================================================  ] 94.40%

Writing: [================================================  ] 94.69%

Writing: [================================================  ] 94.97%

Writing: [================================================  ] 95.26%

Writing: [================================================  ] 95.54%

Writing: [================================================  ] 95.82%

Writing: [================================================= ] 96.11%

Writing: [================================================= ] 96.39%

Writing: [================================================= ] 96.68%

Writing: [================================================= ] 96.96%

Writing: [================================================= ] 97.25%

Writing: [================================================= ] 97.55%

Writing: [================================================= ] 97.84%

Writing: [==================================================] 98.12%

Writing: [==================================================] 98.40%

Writing: [==================================================] 98.69%

Writing: [==================================================] 98.97%

Writing: [==================================================] 99.26%

Writing: [==================================================] 99.54%

Writing: [==================================================] 99.83%

Writing: [==================================================] 100.00%

Done
Verifying first 32 words...
Verification passed for first 32 words
BPI flash programming complete
BPI flash programming complete
