empty
write to flash
Jtag frequency : requested 6.00MHz    -> real 6.00MHz   
Open file DONE
Parse file DONE
Use: /usr/local/share/openFPGALoader/bpiOverJtag_xc7k480tffg1156.bit.gz
load program

Load SRAM: [===================                               ] 37.00%

Load SRAM: [======================================            ] 76.00%

Load SRAM: [==================================================] 100.00%

Done
Shift IR 35
ir: 1 isc_done 1 isc_ena 0 init 1 done 1
Detecting BPI flash...
Intel/Micron flash detected
Manufacturer ID: 0x0089
Device ID: 0x887e
Flash capacity: 64 MB (512 Mbit)
Writing 18735004 bytes to BPI flash at 0x000000
Erasing 72 blocks...
Programming (buffered mode)...

Writing: [=                                                 ] 0.28%

Writing: [=                                                 ] 0.57%

Writing: [=                                                 ] 0.85%

Writing: [=                                                 ] 1.14%

Writing: [=                                                 ] 1.42%

Writing: [=                                                 ] 1.71%

Writing: [=                                                 ] 1.99%

Writing: [==                                                ] 2.27%

Writing: [==                                                ] 2.56%

Writing: [==                                                ] 2.84%

Writing: [==                                                ] 3.13%

Writing: [==                                                ] 3.41%

Writing: [==                                                ] 3.69%

Writing: [==                                                ] 3.98%

Writing: [===                                               ] 4.26%

Writing: [===                                               ] 4.55%

Writing: [===                                               ] 4.83%

Writing: [===                                               ] 5.12%

Writing: [===                                               ] 5.40%

Writing: [===                                               ] 5.68%

Writing: [===                                               ] 5.97%

Writing: [====                                              ] 6.25%

Writing: [====                                              ] 6.54%

Writing: [====                                              ] 6.82%

Writing: [====                                              ] 7.11%

Writing: [====                                              ] 7.39%

Writing: [====                                              ] 7.67%

Writing: [====                                              ] 7.96%

Writing: [=====                                             ] 8.24%

Writing: [=====                                             ] 8.53%

Writing: [=====                                             ] 8.81%

Writing: [=====                                             ] 9.09%

Writing: [=====                                             ] 9.38%

Writing: [=====                                             ] 9.66%

Writing: [=====                                             ] 9.95%

Writing: [======                                            ] 10.23%

Writing: [======                                            ] 10.52%

Writing: [======                                            ] 10.80%

Writing: [======                                            ] 11.08%

Writing: [======                                            ] 11.37%

Writing: [======                                            ] 11.65%

Writing: [======                                            ] 11.94%

Writing: [=======                                           ] 12.22%

Writing: [=======                                           ] 12.51%

Writing: [=======                                           ] 12.79%

Writing: [=======                                           ] 13.07%

Writing: [=======                                           ] 13.36%

Writing: [=======                                           ] 13.64%

Writing: [=======                                           ] 13.93%

Writing: [========                                          ] 14.21%

Writing: [========                                          ] 14.50%

Writing: [========                                          ] 14.78%

Writing: [========                                          ] 15.06%

Writing: [========                                          ] 15.35%

Writing: [========                                          ] 15.63%

Writing: [========                                          ] 15.92%

Writing: [=========                                         ] 16.20%

Writing: [=========                                         ] 16.48%

Writing: [=========                                         ] 16.77%

Writing: [=========                                         ] 17.05%

Writing: [=========                                         ] 17.34%

Writing: [=========                                         ] 17.62%

Writing: [=========                                         ] 17.91%

Writing: [==========                                        ] 18.19%

Writing: [==========                                        ] 18.47%

Writing: [==========                                        ] 18.76%

Writing: [==========                                        ] 19.04%

Writing: [==========                                        ] 19.33%

Writing: [==========                                        ] 19.61%

Writing: [==========                                        ] 19.90%

Writing: [===========                                       ] 20.18%

Writing: [===========                                       ] 20.46%

Writing: [===========                                       ] 20.75%

Writing: [===========                                       ] 21.03%

Writing: [===========                                       ] 21.32%

Writing: [===========                                       ] 21.60%

Writing: [===========                                       ] 21.88%

Writing: [============                                      ] 22.17%

Writing: [============                                      ] 22.45%

Writing: [============                                      ] 22.74%

Writing: [============                                      ] 23.02%

Writing: [============                                      ] 23.31%

Writing: [============                                      ] 23.59%

Writing: [============                                      ] 23.87%

Writing: [=============                                     ] 24.16%

Writing: [=============                                     ] 24.44%

Writing: [=============                                     ] 24.73%

Writing: [=============                                     ] 25.01%

Writing: [=============                                     ] 25.30%

Writing: [=============                                     ] 25.58%

Writing: [=============                                     ] 25.86%

Writing: [==============                                    ] 26.15%

Writing: [==============                                    ] 26.45%

Writing: [==============                                    ] 26.74%

Writing: [==============                                    ] 27.02%

Writing: [==============                                    ] 27.31%

Writing: [==============                                    ] 27.59%

Writing: [==============                                    ] 27.88%

Writing: [===============                                   ] 28.16%

Writing: [===============                                   ] 28.44%

Writing: [===============                                   ] 28.75%

Writing: [===============                                   ] 29.03%

Writing: [===============                                   ] 29.32%

Writing: [===============                                   ] 29.60%

Writing: [===============                                   ] 29.89%

Writing: [================                                  ] 30.17%

Writing: [================                                  ] 30.45%

Writing: [================                                  ] 30.74%

Writing: [================                                  ] 31.02%

Writing: [================                                  ] 31.31%

Writing: [================                                  ] 31.59%

Writing: [================                                  ] 31.88%

Writing: [=================                                 ] 32.16%

Writing: [=================                                 ] 32.44%

Writing: [=================                                 ] 32.73%

Writing: [=================                                 ] 33.01%

Writing: [=================                                 ] 33.30%

Writing: [=================                                 ] 33.58%

Writing: [=================                                 ] 33.87%

Writing: [==================                                ] 34.15%

Writing: [==================                                ] 34.43%

Writing: [==================                                ] 34.72%

Writing: [==================                                ] 35.00%

Writing: [==================                                ] 35.29%

Writing: [==================                                ] 35.57%

Writing: [==================                                ] 35.86%

Writing: [===================                               ] 36.14%

Writing: [===================                               ] 36.42%

Writing: [===================                               ] 36.71%

Writing: [===================                               ] 36.99%

Writing: [===================                               ] 37.28%

Writing: [===================                               ] 37.56%

Writing: [===================                               ] 37.84%

Writing: [====================                              ] 38.13%

Writing: [====================                              ] 38.41%

Writing: [====================                              ] 38.70%

Writing: [====================                              ] 38.98%

Writing: [====================                              ] 39.27%

Writing: [====================                              ] 39.55%

Writing: [====================                              ] 39.83%

Writing: [=====================                             ] 40.12%

Writing: [=====================                             ] 40.40%

Writing: [=====================                             ] 40.69%

Writing: [=====================                             ] 40.97%

Writing: [=====================                             ] 41.26%

Writing: [=====================                             ] 41.54%

Writing: [=====================                             ] 41.82%

Writing: [======================                            ] 42.13%

Writing: [======================                            ] 42.41%

Writing: [======================                            ] 42.72%

Writing: [======================                            ] 43.00%

Writing: [======================                            ] 43.29%

Writing: [======================                            ] 43.57%

Writing: [======================                            ] 43.86%

Writing: [=======================                           ] 44.14%

Writing: [=======================                           ] 44.43%

Writing: [=======================                           ] 44.71%

Writing: [=======================                           ] 44.99%

Writing: [=======================                           ] 45.28%

Writing: [=======================                           ] 45.56%

Writing: [=======================                           ] 45.85%

Writing: [========================                          ] 46.13%

Writing: [========================                          ] 46.41%

Writing: [========================                          ] 46.70%

Writing: [========================                          ] 46.98%

Writing: [========================                          ] 47.27%

Writing: [========================                          ] 47.55%

Writing: [========================                          ] 47.84%

Writing: [=========================                         ] 48.12%

Writing: [=========================                         ] 48.40%

Writing: [=========================                         ] 48.69%

Writing: [=========================                         ] 48.97%

Writing: [=========================                         ] 49.26%

Writing: [=========================                         ] 49.54%

Writing: [=========================                         ] 49.83%

Writing: [==========================                        ] 50.11%

Writing: [==========================                        ] 50.39%

Writing: [==========================                        ] 50.68%

Writing: [==========================                        ] 50.96%

Writing: [==========================                        ] 51.27%

Writing: [==========================                        ] 51.55%

Writing: [==========================                        ] 51.84%

Writing: [===========================                       ] 52.12%

Writing: [===========================                       ] 52.41%

Writing: [===========================                       ] 52.69%

Writing: [===========================                       ] 52.97%

Writing: [===========================                       ] 53.26%

Writing: [===========================                       ] 53.54%

Writing: [===========================                       ] 53.83%

Writing: [============================                      ] 54.11%

Writing: [============================                      ] 54.39%

Writing: [============================                      ] 54.68%

Writing: [============================                      ] 54.96%

Writing: [============================                      ] 55.25%

Writing: [============================                      ] 55.53%

Writing: [============================                      ] 55.82%

Writing: [=============================                     ] 56.10%

Writing: [=============================                     ] 56.38%

Writing: [=============================                     ] 56.67%

Writing: [=============================                     ] 56.95%

Writing: [=============================                     ] 57.24%

Writing: [=============================                     ] 57.52%

Writing: [=============================                     ] 57.81%

Writing: [==============================                    ] 58.09%

Writing: [==============================                    ] 58.37%

Writing: [==============================                    ] 58.68%

Writing: [==============================                    ] 58.96%

Writing: [==============================                    ] 59.25%

Writing: [==============================                    ] 59.53%

Writing: [==============================                    ] 59.84%

Writing: [===============================                   ] 60.12%

Writing: [===============================                   ] 60.41%

Writing: [===============================                   ] 60.69%

Writing: [===============================                   ] 60.98%

Writing: [===============================                   ] 61.26%

Writing: [===============================                   ] 61.54%

Writing: [===============================                   ] 61.83%

Writing: [================================                  ] 62.11%

Writing: [================================                  ] 62.40%

Writing: [================================                  ] 62.68%

Writing: [================================                  ] 62.96%

Writing: [================================                  ] 63.25%

Writing: [================================                  ] 63.53%

Writing: [================================                  ] 63.82%

Writing: [=================================                 ] 64.10%

Writing: [=================================                 ] 64.39%

Writing: [=================================                 ] 64.67%

Writing: [=================================                 ] 64.95%

Writing: [=================================                 ] 65.24%

Writing: [=================================                 ] 65.52%

Writing: [=================================                 ] 65.81%

Writing: [==================================                ] 66.09%

Writing: [==================================                ] 66.38%

Writing: [==================================                ] 66.66%

Writing: [==================================                ] 66.94%

Writing: [==================================                ] 67.23%

Writing: [==================================                ] 67.51%

Writing: [==================================                ] 67.80%

Writing: [===================================               ] 68.08%

Writing: [===================================               ] 68.37%

Writing: [===================================               ] 68.65%

Writing: [===================================               ] 68.93%

Writing: [===================================               ] 69.22%

Writing: [===================================               ] 69.50%

Writing: [===================================               ] 69.79%

Writing: [====================================              ] 70.07%

Writing: [====================================              ] 70.35%

Writing: [====================================              ] 70.64%

Writing: [====================================              ] 70.92%

Writing: [====================================              ] 71.21%

Writing: [====================================              ] 71.49%

Writing: [====================================              ] 71.78%

Writing: [=====================================             ] 72.08%

Writing: [=====================================             ] 72.37%

Writing: [=====================================             ] 72.65%

Writing: [=====================================             ] 72.93%

Writing: [=====================================             ] 73.22%

Writing: [=====================================             ] 73.50%

Writing: [=====================================             ] 73.81%

Writing: [======================================            ] 74.09%

Writing: [======================================            ] 74.38%

Writing: [======================================            ] 74.66%

Writing: [======================================            ] 74.95%

Writing: [======================================            ] 75.23%

Writing: [======================================            ] 75.54%

Writing: [======================================            ] 75.82%

Writing: [=======================================           ] 76.13%

Writing: [=======================================           ] 76.41%

Writing: [=======================================           ] 76.69%

Writing: [=======================================           ] 76.98%

Writing: [=======================================           ] 77.26%

Writing: [=======================================           ] 77.55%

Writing: [=======================================           ] 77.83%

Writing: [========================================          ] 78.12%

Writing: [========================================          ] 78.40%

Writing: [========================================          ] 78.68%

Writing: [========================================          ] 78.97%

Writing: [========================================          ] 79.25%

Writing: [========================================          ] 79.54%

Writing: [========================================          ] 79.82%

Writing: [=========================================         ] 80.11%

Writing: [=========================================         ] 80.39%

Writing: [=========================================         ] 80.67%

Writing: [=========================================         ] 80.96%

Writing: [=========================================         ] 81.24%

Writing: [=========================================         ] 81.53%

Writing: [=========================================         ] 81.81%

Writing: [==========================================        ] 82.09%

Writing: [==========================================        ] 82.40%

Writing: [==========================================        ] 82.69%

Writing: [==========================================        ] 82.97%

Writing: [==========================================        ] 83.25%

Writing: [==========================================        ] 83.54%

Writing: [==========================================        ] 83.82%

Writing: [===========================================       ] 84.11%

Writing: [===========================================       ] 84.39%

Writing: [===========================================       ] 84.70%

Writing: [===========================================       ] 84.98%

Writing: [===========================================       ] 85.26%

Writing: [===========================================       ] 85.55%

Writing: [===========================================       ] 85.83%

Writing: [============================================      ] 86.12%

Writing: [============================================      ] 86.40%

Writing: [============================================      ] 86.69%

Writing: [============================================      ] 86.97%

Writing: [============================================      ] 87.25%

Writing: [============================================      ] 87.54%

Writing: [============================================      ] 87.82%

Writing: [=============================================     ] 88.11%

Writing: [=============================================     ] 88.39%

Writing: [=============================================     ] 88.68%

Writing: [=============================================     ] 88.96%

Writing: [=============================================     ] 89.24%

Writing: [=============================================     ] 89.53%

Writing: [=============================================     ] 89.81%

Writing: [==============================================    ] 90.10%

Writing: [==============================================    ] 90.38%

Writing: [==============================================    ] 90.67%

Writing: [==============================================    ] 90.95%

Writing: [==============================================    ] 91.23%

Writing: [==============================================    ] 91.52%

Writing: [==============================================    ] 91.80%

Writing: [===============================================   ] 92.09%

Writing: [===============================================   ] 92.37%

Writing: [===============================================   ] 92.65%

Writing: [===============================================   ] 92.96%

Writing: [===============================================   ] 93.24%

Writing: [===============================================   ] 93.55%

Writing: [===============================================   ] 93.84%

Writing: [================================================  ] 94.14%

Writing: [================================================  ] 94.43%

Writing: [================================================  ] 94.71%

Writing: [================================================  ] 94.99%

Writing: [================================================  ] 95.28%

Writing: [================================================  ] 95.56%

Writing: [================================================  ] 95.85%

Writing: [================================================= ] 96.13%

Writing: [================================================= ] 96.42%

Writing: [================================================= ] 96.70%

Writing: [================================================= ] 96.98%

Writing: [================================================= ] 97.27%

Writing: [================================================= ] 97.55%

Writing: [================================================= ] 97.84%

Writing: [==================================================] 98.12%

Writing: [==================================================] 98.40%

Writing: [==================================================] 98.69%

Writing: [==================================================] 98.97%

Writing: [==================================================] 99.26%

Writing: [==================================================] 99.54%

Writing: [==================================================] 99.83%

Writing: [==================================================] 100.00%

Done
Verifying first 32 words...
Verification passed for first 32 words
BPI flash programming complete
BPI flash programming complete
