empty
write to flash
Jtag frequency : requested 6.00MHz    -> real 6.00MHz
Open file DONE
Parse file DONE
Use: /usr/local/share/openFPGALoader/bpiOverJtag_xc7k480tffg1156.bit.gz
load program

Load SRAM: [===================                               ] 37.00%

Load SRAM: [======================================            ] 76.00%

Load SRAM: [==================================================] 100.00%

Done
Shift IR 35
ir: 1 isc_done 1 isc_ena 0 init 1 done 1
Detecting BPI flash...
Intel/Micron flash detected
Manufacturer ID: 0x0089
Device ID: 0x887e
Flash capacity: 64 MB (512 Mbit)
Writing 18735004 bytes to BPI flash at 0x000000
Erasing 72 blocks...
Programming (buffered mode)...

Writing: [=                                                 ] 0.28%

Writing: [=                                                 ] 0.57%

Writing: [=                                                 ] 0.85%

Writing: [=                                                 ] 1.14%

Writing: [=                                                 ] 1.42%

Writing: [=                                                 ] 1.71%

Writing: [=                                                 ] 1.99%

Writing: [==                                                ] 2.27%

Writing: [==                                                ] 2.56%

Writing: [==                                                ] 2.84%

Writing: [==                                                ] 3.13%

Writing: [==                                                ] 3.41%

Writing: [==                                                ] 3.69%

Writing: [==                                                ] 3.98%

Writing: [===                                               ] 4.26%

Writing: [===                                               ] 4.55%

Writing: [===                                               ] 4.83%

Writing: [===                                               ] 5.12%

Writing: [===                                               ] 5.40%

Writing: [===                                               ] 5.68%

Writing: [===                                               ] 5.97%

Writing: [====                                              ] 6.25%

Writing: [====                                              ] 6.54%

Writing: [====                                              ] 6.82%

Writing: [====                                              ] 7.11%

Writing: [====                                              ] 7.39%

Writing: [====                                              ] 7.67%

Writing: [====                                              ] 7.96%

Writing: [=====                                             ] 8.24%

Writing: [=====                                             ] 8.53%

Writing: [=====                                             ] 8.81%

Writing: [=====                                             ] 9.09%

Writing: [=====                                             ] 9.38%

Writing: [=====                                             ] 9.66%

Writing: [=====                                             ] 9.95%

Writing: [======                                            ] 10.23%

Writing: [======                                            ] 10.52%

Writing: [======                                            ] 10.80%

Writing: [======                                            ] 11.11%

Writing: [======                                            ] 11.39%

Writing: [======                                            ] 11.67%

Writing: [======                                            ] 11.96%

Writing: [=======                                           ] 12.24%

Writing: [=======                                           ] 12.53%

Writing: [=======                                           ] 12.81%

Writing: [=======                                           ] 13.10%

Writing: [=======                                           ] 13.38%

Writing: [=======                                           ] 13.66%

Writing: [=======                                           ] 13.95%

Writing: [========                                          ] 14.23%

Writing: [========                                          ] 14.52%

Writing: [========                                          ] 14.80%

Writing: [========                                          ] 15.09%

Writing: [========                                          ] 15.37%

Writing: [========                                          ] 15.65%

Writing: [========                                          ] 15.94%

Writing: [=========                                         ] 16.22%

Writing: [=========                                         ] 16.51%

Writing: [=========                                         ] 16.79%

Writing: [=========                                         ] 17.07%

Writing: [=========                                         ] 17.36%

Writing: [=========                                         ] 17.64%

Writing: [=========                                         ] 17.93%

Writing: [==========                                        ] 18.21%

Writing: [==========                                        ] 18.50%

Writing: [==========                                        ] 18.78%

Writing: [==========                                        ] 19.06%

Writing: [==========                                        ] 19.35%

Writing: [==========                                        ] 19.63%

Writing: [==========                                        ] 19.92%

Writing: [===========                                       ] 20.20%

Writing: [===========                                       ] 20.49%

Writing: [===========                                       ] 20.77%

Writing: [===========                                       ] 21.05%

Writing: [===========                                       ] 21.34%

Writing: [===========                                       ] 21.62%

Writing: [===========                                       ] 21.91%

Writing: [============                                      ] 22.19%

Writing: [============                                      ] 22.47%

Writing: [============                                      ] 22.76%

Writing: [============                                      ] 23.04%

Writing: [============                                      ] 23.33%

Writing: [============                                      ] 23.61%

Writing: [============                                      ] 23.90%

Writing: [=============                                     ] 24.18%

Writing: [=============                                     ] 24.46%

Writing: [=============                                     ] 24.75%

Writing: [=============                                     ] 25.03%

Writing: [=============                                     ] 25.32%

Writing: [=============                                     ] 25.60%

Writing: [=============                                     ] 25.89%

Writing: [==============                                    ] 26.17%

Writing: [==============                                    ] 26.45%

Writing: [==============                                    ] 26.74%

Writing: [==============                                    ] 27.04%

Writing: [==============                                    ] 27.35%

Writing: [==============                                    ] 27.63%

Writing: [==============                                    ] 27.92%

Writing: [===============                                   ] 28.20%

Writing: [===============                                   ] 28.49%

Writing: [===============                                   ] 28.77%

Writing: [===============                                   ] 29.06%

Writing: [===============                                   ] 29.34%

Writing: [===============                                   ] 29.62%

Writing: [===============                                   ] 29.91%

Writing: [================                                  ] 30.19%

Writing: [================                                  ] 30.48%

Writing: [================                                  ] 30.76%

Writing: [================                                  ] 31.05%

Writing: [================                                  ] 31.33%

Writing: [================                                  ] 31.61%

Writing: [================                                  ] 31.90%

Writing: [=================                                 ] 32.18%

Writing: [=================                                 ] 32.47%

Writing: [=================                                 ] 32.75%

Writing: [=================                                 ] 33.03%

Writing: [=================                                 ] 33.32%

Writing: [=================                                 ] 33.60%

Writing: [=================                                 ] 33.89%

Writing: [==================                                ] 34.17%

Writing: [==================                                ] 34.46%

Writing: [==================                                ] 34.74%

Writing: [==================                                ] 35.02%

Writing: [==================                                ] 35.31%

Writing: [==================                                ] 35.59%

Writing: [==================                                ] 35.88%

Writing: [===================                               ] 36.16%

Writing: [===================                               ] 36.45%

Writing: [===================                               ] 36.73%

Writing: [===================                               ] 37.01%

Writing: [===================                               ] 37.30%

Writing: [===================                               ] 37.58%

Writing: [===================                               ] 37.87%

Writing: [====================                              ] 38.15%

Writing: [====================                              ] 38.43%

Writing: [====================                              ] 38.72%

Writing: [====================                              ] 39.00%

Writing: [====================                              ] 39.29%

Writing: [====================                              ] 39.57%

Writing: [====================                              ] 39.86%

Writing: [=====================                             ] 40.14%

Writing: [=====================                             ] 40.42%

Writing: [=====================                             ] 40.71%

Writing: [=====================                             ] 40.99%

Writing: [=====================                             ] 41.28%

Writing: [=====================                             ] 41.56%

Writing: [=====================                             ] 41.85%

Writing: [======================                            ] 42.13%

Writing: [======================                            ] 42.41%

Writing: [======================                            ] 42.70%

Writing: [======================                            ] 42.98%

Writing: [======================                            ] 43.27%

Writing: [======================                            ] 43.55%

Writing: [======================                            ] 43.83%

Writing: [=======================                           ] 44.12%

Writing: [=======================                           ] 44.40%

Writing: [=======================                           ] 44.69%

Writing: [=======================                           ] 44.97%

Writing: [=======================                           ] 45.26%

Writing: [=======================                           ] 45.54%

Writing: [=======================                           ] 45.82%

Writing: [========================                          ] 46.11%

Writing: [========================                          ] 46.39%

Writing: [========================                          ] 46.68%

Writing: [========================                          ] 46.96%

Writing: [========================                          ] 47.25%

Writing: [========================                          ] 47.53%

Writing: [========================                          ] 47.81%

Writing: [=========================                         ] 48.10%

Writing: [=========================                         ] 48.38%

Writing: [=========================                         ] 48.67%

Writing: [=========================                         ] 48.95%

Writing: [=========================                         ] 49.24%

Writing: [=========================                         ] 49.54%

Writing: [=========================                         ] 49.83%

Writing: [==========================                        ] 50.11%

Writing: [==========================                        ] 50.39%

Writing: [==========================                        ] 50.68%

Writing: [==========================                        ] 50.96%

Writing: [==========================                        ] 51.25%

Writing: [==========================                        ] 51.53%

Writing: [==========================                        ] 51.81%

Writing: [===========================                       ] 52.10%

Writing: [===========================                       ] 52.38%

Writing: [===========================                       ] 52.67%

Writing: [===========================                       ] 52.95%

Writing: [===========================                       ] 53.24%

Writing: [===========================                       ] 53.52%

Writing: [===========================                       ] 53.80%

Writing: [============================                      ] 54.09%

Writing: [============================                      ] 54.37%

Writing: [============================                      ] 54.66%

Writing: [============================                      ] 54.94%

Writing: [============================                      ] 55.23%

Writing: [============================                      ] 55.51%

Writing: [============================                      ] 55.79%

Writing: [=============================                     ] 56.08%

Writing: [=============================                     ] 56.36%

Writing: [=============================                     ] 56.65%

Writing: [=============================                     ] 56.93%

Writing: [=============================                     ] 57.21%

Writing: [=============================                     ] 57.50%

Writing: [=============================                     ] 57.78%

Writing: [==============================                    ] 58.07%

Writing: [==============================                    ] 58.35%

Writing: [==============================                    ] 58.64%

Writing: [==============================                    ] 58.92%

Writing: [==============================                    ] 59.20%

Writing: [==============================                    ] 59.49%

Writing: [==============================                    ] 59.77%

Writing: [===============================                   ] 60.06%

Writing: [===============================                   ] 60.34%

Writing: [===============================                   ] 60.63%

Writing: [===============================                   ] 60.91%

Writing: [===============================                   ] 61.19%

Writing: [===============================                   ] 61.48%

Writing: [===============================                   ] 61.76%

Writing: [================================                  ] 62.05%

Writing: [================================                  ] 62.33%

Writing: [================================                  ] 62.62%

Writing: [================================                  ] 62.90%

Writing: [================================                  ] 63.18%

Writing: [================================                  ] 63.47%

Writing: [================================                  ] 63.75%

Writing: [=================================                 ] 64.04%

Writing: [=================================                 ] 64.32%

Writing: [=================================                 ] 64.60%

Writing: [=================================                 ] 64.89%

Writing: [=================================                 ] 65.17%

Writing: [=================================                 ] 65.46%

Writing: [=================================                 ] 65.74%

Writing: [==================================                ] 66.03%

Writing: [==================================                ] 66.31%

Writing: [==================================                ] 66.59%

Writing: [==================================                ] 66.88%

Writing: [==================================                ] 67.16%

Writing: [==================================                ] 67.45%

Writing: [==================================                ] 67.73%

Writing: [===================================               ] 68.02%

Writing: [===================================               ] 68.30%

Writing: [===================================               ] 68.58%

Writing: [===================================               ] 68.87%

Writing: [===================================               ] 69.15%

Writing: [===================================               ] 69.44%

Writing: [===================================               ] 69.72%

Writing: [====================================              ] 70.00%

Writing: [====================================              ] 70.29%

Writing: [====================================              ] 70.57%

Writing: [====================================              ] 70.86%

Writing: [====================================              ] 71.14%

Writing: [====================================              ] 71.43%

Writing: [====================================              ] 71.71%

Writing: [====================================              ] 71.99%

Writing: [=====================================             ] 72.28%

Writing: [=====================================             ] 72.56%

Writing: [=====================================             ] 72.85%

Writing: [=====================================             ] 73.13%

Writing: [=====================================             ] 73.42%

Writing: [=====================================             ] 73.70%

Writing: [=====================================             ] 73.98%

Writing: [======================================            ] 74.27%

Writing: [======================================            ] 74.55%

Writing: [======================================            ] 74.84%

Writing: [======================================            ] 75.12%

Writing: [======================================            ] 75.40%

Writing: [======================================            ] 75.69%

Writing: [======================================            ] 75.97%

Writing: [=======================================           ] 76.26%

Writing: [=======================================           ] 76.54%

Writing: [=======================================           ] 76.83%

Writing: [=======================================           ] 77.11%

Writing: [=======================================           ] 77.39%

Writing: [=======================================           ] 77.68%

Writing: [=======================================           ] 77.96%

Writing: [========================================          ] 78.25%

Writing: [========================================          ] 78.53%

Writing: [========================================          ] 78.82%

Writing: [========================================          ] 79.10%

Writing: [========================================          ] 79.38%

Writing: [========================================          ] 79.67%

Writing: [========================================          ] 79.95%

Writing: [=========================================         ] 80.24%

Writing: [=========================================         ] 80.52%

Writing: [=========================================         ] 80.80%

Writing: [=========================================         ] 81.09%

Writing: [=========================================         ] 81.37%

Writing: [=========================================         ] 81.66%

Writing: [=========================================         ] 81.94%

Writing: [==========================================        ] 82.23%

Writing: [==========================================        ] 82.51%

Writing: [==========================================        ] 82.79%

Writing: [==========================================        ] 83.08%

Writing: [==========================================        ] 83.36%

Writing: [==========================================        ] 83.65%

Writing: [==========================================        ] 83.93%

Writing: [===========================================       ] 84.22%

Writing: [===========================================       ] 84.50%

Writing: [===========================================       ] 84.78%

Writing: [===========================================       ] 85.07%

Writing: [===========================================       ] 85.35%

Writing: [===========================================       ] 85.64%

Writing: [===========================================       ] 85.92%

Writing: [============================================      ] 86.21%

Writing: [============================================      ] 86.49%

Writing: [============================================      ] 86.77%

Writing: [============================================      ] 87.06%

Writing: [============================================      ] 87.34%

Writing: [============================================      ] 87.63%

Writing: [============================================      ] 87.91%

Writing: [=============================================     ] 88.19%

Writing: [=============================================     ] 88.48%

Writing: [=============================================     ] 88.76%

Writing: [=============================================     ] 89.05%

Writing: [=============================================     ] 89.33%

Writing: [=============================================     ] 89.62%

Writing: [=============================================     ] 89.90%

Writing: [==============================================    ] 90.18%

Writing: [==============================================    ] 90.47%

Writing: [==============================================    ] 90.75%

Writing: [==============================================    ] 91.04%

Writing: [==============================================    ] 91.32%

Writing: [==============================================    ] 91.61%

Writing: [==============================================    ] 91.89%

Writing: [===============================================   ] 92.17%

Writing: [===============================================   ] 92.46%

Writing: [===============================================   ] 92.74%

Writing: [===============================================   ] 93.03%

Writing: [===============================================   ] 93.31%

Writing: [===============================================   ] 93.59%

Writing: [===============================================   ] 93.88%

Writing: [================================================  ] 94.16%

Writing: [================================================  ] 94.45%

Writing: [================================================  ] 94.73%

Writing: [================================================  ] 95.02%

Writing: [================================================  ] 95.30%

Writing: [================================================  ] 95.58%

Writing: [================================================  ] 95.87%

Writing: [================================================= ] 96.15%

Writing: [================================================= ] 96.44%

Writing: [================================================= ] 96.72%

Writing: [================================================= ] 97.01%

Writing: [================================================= ] 97.29%

Writing: [================================================= ] 97.57%

Writing: [================================================= ] 97.86%

Writing: [==================================================] 98.14%

Writing: [==================================================] 98.43%

Writing: [==================================================] 98.71%

Writing: [==================================================] 98.99%

Writing: [==================================================] 99.28%

Writing: [==================================================] 99.56%

Writing: [==================================================] 99.85%

Writing: [==================================================] 100.00%

Done
Verifying first 32 words...
Verification passed for first 32 words
BPI flash programming complete
BPI flash programming complete
