empty
write to flash
Jtag frequency : requested 6.00MHz    -> real 6.00MHz   
Open file DONE
Parse file DONE
Use: /usr/local/share/openFPGALoader/bpiOverJtag_xc7k480tffg1156.bit.gz
load program

Load SRAM: [===================                               ] 37.00%

Load SRAM: [======================================            ] 76.00%

Load SRAM: [==================================================] 100.00%

Done
Shift IR 35
ir: 1 isc_done 1 isc_ena 0 init 1 done 1
Detecting BPI flash...
Intel/Micron flash detected
Manufacturer ID: 0x0089
Device ID: 0x887e
Flash capacity: 64 MB (512 Mbit)
Writing 18735004 bytes to BPI flash at 0x000000
Erasing 72 blocks...
Programming (buffered mode)...

Writing: [=                                                 ] 0.28%

Writing: [=                                                 ] 0.57%

Writing: [=                                                 ] 0.85%

Writing: [=                                                 ] 1.14%

Writing: [=                                                 ] 1.42%

Writing: [=                                                 ] 1.71%

Writing: [=                                                 ] 1.99%

Writing: [==                                                ] 2.27%

Writing: [==                                                ] 2.56%

Writing: [==                                                ] 2.84%

Writing: [==                                                ] 3.13%

Writing: [==                                                ] 3.41%

Writing: [==                                                ] 3.69%

Writing: [==                                                ] 3.98%

Writing: [===                                               ] 4.26%

Writing: [===                                               ] 4.55%

Writing: [===                                               ] 4.83%

Writing: [===                                               ] 5.12%

Writing: [===                                               ] 5.40%

Writing: [===                                               ] 5.68%

Writing: [===                                               ] 5.97%

Writing: [====                                              ] 6.25%

Writing: [====                                              ] 6.54%

Writing: [====                                              ] 6.82%

Writing: [====                                              ] 7.11%

Writing: [====                                              ] 7.39%

Writing: [====                                              ] 7.67%

Writing: [====                                              ] 7.96%

Writing: [=====                                             ] 8.24%

Writing: [=====                                             ] 8.53%

Writing: [=====                                             ] 8.81%

Writing: [=====                                             ] 9.09%

Writing: [=====                                             ] 9.38%

Writing: [=====                                             ] 9.66%

Writing: [=====                                             ] 9.95%

Writing: [======                                            ] 10.23%

Writing: [======                                            ] 10.52%

Writing: [======                                            ] 10.80%

Writing: [======                                            ] 11.08%

Writing: [======                                            ] 11.37%

Writing: [======                                            ] 11.65%

Writing: [======                                            ] 11.94%

Writing: [=======                                           ] 12.22%

Writing: [=======                                           ] 12.51%

Writing: [=======                                           ] 12.79%

Writing: [=======                                           ] 13.07%

Writing: [=======                                           ] 13.36%

Writing: [=======                                           ] 13.64%

Writing: [=======                                           ] 13.93%

Writing: [========                                          ] 14.21%

Writing: [========                                          ] 14.50%

Writing: [========                                          ] 14.78%

Writing: [========                                          ] 15.06%

Writing: [========                                          ] 15.35%

Writing: [========                                          ] 15.63%

Writing: [========                                          ] 15.92%

Writing: [=========                                         ] 16.20%

Writing: [=========                                         ] 16.48%

Writing: [=========                                         ] 16.77%

Writing: [=========                                         ] 17.05%

Writing: [=========                                         ] 17.34%

Writing: [=========                                         ] 17.62%

Writing: [=========                                         ] 17.91%

Writing: [==========                                        ] 18.19%

Writing: [==========                                        ] 18.47%

Writing: [==========                                        ] 18.76%

Writing: [==========                                        ] 19.04%

Writing: [==========                                        ] 19.33%

Writing: [==========                                        ] 19.61%

Writing: [==========                                        ] 19.90%

Writing: [===========                                       ] 20.18%

Writing: [===========                                       ] 20.46%

Writing: [===========                                       ] 20.75%

Writing: [===========                                       ] 21.03%

Writing: [===========                                       ] 21.32%

Writing: [===========                                       ] 21.60%

Writing: [===========                                       ] 21.88%

Writing: [============                                      ] 22.17%

Writing: [============                                      ] 22.45%

Writing: [============                                      ] 22.74%

Writing: [============                                      ] 23.02%

Writing: [============                                      ] 23.31%

Writing: [============                                      ] 23.59%

Writing: [============                                      ] 23.87%

Writing: [=============                                     ] 24.16%

Writing: [=============                                     ] 24.44%

Writing: [=============                                     ] 24.73%

Writing: [=============                                     ] 25.01%

Writing: [=============                                     ] 25.30%

Writing: [=============                                     ] 25.58%

Writing: [=============                                     ] 25.86%

Writing: [==============                                    ] 26.15%

Writing: [==============                                    ] 26.43%

Writing: [==============                                    ] 26.72%

Writing: [==============                                    ] 27.00%

Writing: [==============                                    ] 27.28%

Writing: [==============                                    ] 27.57%

Writing: [==============                                    ] 27.85%

Writing: [===============                                   ] 28.14%

Writing: [===============                                   ] 28.42%

Writing: [===============                                   ] 28.71%

Writing: [===============                                   ] 28.99%

Writing: [===============                                   ] 29.27%

Writing: [===============                                   ] 29.56%

Writing: [===============                                   ] 29.84%

Writing: [================                                  ] 30.13%

Writing: [================                                  ] 30.41%

Writing: [================                                  ] 30.70%

Writing: [================                                  ] 30.98%

Writing: [================                                  ] 31.26%

Writing: [================                                  ] 31.55%

Writing: [================                                  ] 31.83%

Writing: [=================                                 ] 32.12%

Writing: [=================                                 ] 32.40%

Writing: [=================                                 ] 32.68%

Writing: [=================                                 ] 32.97%

Writing: [=================                                 ] 33.25%

Writing: [=================                                 ] 33.54%

Writing: [=================                                 ] 33.82%

Writing: [==================                                ] 34.11%

Writing: [==================                                ] 34.39%

Writing: [==================                                ] 34.67%

Writing: [==================                                ] 34.96%

Writing: [==================                                ] 35.24%

Writing: [==================                                ] 35.53%

Writing: [==================                                ] 35.81%

Writing: [===================                               ] 36.10%

Writing: [===================                               ] 36.38%

Writing: [===================                               ] 36.66%

Writing: [===================                               ] 36.95%

Writing: [===================                               ] 37.23%

Writing: [===================                               ] 37.52%

Writing: [===================                               ] 37.80%

Writing: [====================                              ] 38.09%

Writing: [====================                              ] 38.37%

Writing: [====================                              ] 38.65%

Writing: [====================                              ] 38.94%

Writing: [====================                              ] 39.22%

Writing: [====================                              ] 39.51%

Writing: [====================                              ] 39.79%

Writing: [=====================                             ] 40.07%

Writing: [=====================                             ] 40.36%

Writing: [=====================                             ] 40.64%

Writing: [=====================                             ] 40.93%

Writing: [=====================                             ] 41.21%

Writing: [=====================                             ] 41.50%

Writing: [=====================                             ] 41.78%

Writing: [======================                            ] 42.06%

Writing: [======================                            ] 42.35%

Writing: [======================                            ] 42.63%

Writing: [======================                            ] 42.92%

Writing: [======================                            ] 43.20%

Writing: [======================                            ] 43.49%

Writing: [======================                            ] 43.77%

Writing: [=======================                           ] 44.05%

Writing: [=======================                           ] 44.34%

Writing: [=======================                           ] 44.62%

Writing: [=======================                           ] 44.91%

Writing: [=======================                           ] 45.19%

Writing: [=======================                           ] 45.47%

Writing: [=======================                           ] 45.76%

Writing: [========================                          ] 46.04%

Writing: [========================                          ] 46.33%

Writing: [========================                          ] 46.61%

Writing: [========================                          ] 46.90%

Writing: [========================                          ] 47.18%

Writing: [========================                          ] 47.46%

Writing: [========================                          ] 47.75%

Writing: [=========================                         ] 48.03%

Writing: [=========================                         ] 48.32%

Writing: [=========================                         ] 48.60%

Writing: [=========================                         ] 48.89%

Writing: [=========================                         ] 49.17%

Writing: [=========================                         ] 49.45%

Writing: [=========================                         ] 49.74%

Writing: [==========================                        ] 50.02%

Writing: [==========================                        ] 50.31%

Writing: [==========================                        ] 50.59%

Writing: [==========================                        ] 50.87%

Writing: [==========================                        ] 51.16%

Writing: [==========================                        ] 51.44%

Writing: [==========================                        ] 51.73%

Writing: [===========================                       ] 52.01%

Writing: [===========================                       ] 52.30%

Writing: [===========================                       ] 52.58%

Writing: [===========================                       ] 52.86%

Writing: [===========================                       ] 53.15%

Writing: [===========================                       ] 53.43%

Writing: [===========================                       ] 53.72%

Writing: [============================                      ] 54.00%

Writing: [============================                      ] 54.29%

Writing: [============================                      ] 54.57%

Writing: [============================                      ] 54.88%

Writing: [============================                      ] 55.16%

Writing: [============================                      ] 55.44%

Writing: [============================                      ] 55.73%

Writing: [=============================                     ] 56.01%

Writing: [=============================                     ] 56.30%

Writing: [=============================                     ] 56.58%

Writing: [=============================                     ] 56.87%

Writing: [=============================                     ] 57.15%

Writing: [=============================                     ] 57.43%

Writing: [=============================                     ] 57.72%

Writing: [==============================                    ] 58.00%

Writing: [==============================                    ] 58.29%

Writing: [==============================                    ] 58.57%

Writing: [==============================                    ] 58.85%

Writing: [==============================                    ] 59.14%

Writing: [==============================                    ] 59.42%

Writing: [==============================                    ] 59.71%

Writing: [==============================                    ] 59.99%

Writing: [===============================                   ] 60.28%

Writing: [===============================                   ] 60.56%

Writing: [===============================                   ] 60.87%

Writing: [===============================                   ] 61.15%

Writing: [===============================                   ] 61.43%

Writing: [===============================                   ] 61.72%

Writing: [================================                  ] 62.00%

Writing: [================================                  ] 62.29%

Writing: [================================                  ] 62.57%

Writing: [================================                  ] 62.86%

Writing: [================================                  ] 63.14%

Writing: [================================                  ] 63.42%

Writing: [================================                  ] 63.71%

Writing: [================================                  ] 63.99%

Writing: [=================================                 ] 64.28%

Writing: [=================================                 ] 64.56%

Writing: [=================================                 ] 64.85%

Writing: [=================================                 ] 65.13%

Writing: [=================================                 ] 65.41%

Writing: [=================================                 ] 65.70%

Writing: [=================================                 ] 65.98%

Writing: [==================================                ] 66.27%

Writing: [==================================                ] 66.55%

Writing: [==================================                ] 66.83%

Writing: [==================================                ] 67.12%

Writing: [==================================                ] 67.40%

Writing: [==================================                ] 67.69%

Writing: [==================================                ] 67.97%

Writing: [===================================               ] 68.26%

Writing: [===================================               ] 68.54%

Writing: [===================================               ] 68.82%

Writing: [===================================               ] 69.11%

Writing: [===================================               ] 69.39%

Writing: [===================================               ] 69.68%

Writing: [===================================               ] 69.96%

Writing: [====================================              ] 70.25%

Writing: [====================================              ] 70.53%

Writing: [====================================              ] 70.81%

Writing: [====================================              ] 71.10%

Writing: [====================================              ] 71.38%

Writing: [====================================              ] 71.67%

Writing: [====================================              ] 71.95%

Writing: [=====================================             ] 72.23%

Writing: [=====================================             ] 72.52%

Writing: [=====================================             ] 72.80%

Writing: [=====================================             ] 73.09%

Writing: [=====================================             ] 73.37%

Writing: [=====================================             ] 73.66%

Writing: [=====================================             ] 73.94%

Writing: [======================================            ] 74.22%

Writing: [======================================            ] 74.51%

Writing: [======================================            ] 74.79%

Writing: [======================================            ] 75.08%

Writing: [======================================            ] 75.36%

Writing: [======================================            ] 75.65%

Writing: [======================================            ] 75.93%

Writing: [=======================================           ] 76.21%

Writing: [=======================================           ] 76.50%

Writing: [=======================================           ] 76.78%

Writing: [=======================================           ] 77.07%

Writing: [=======================================           ] 77.35%

Writing: [=======================================           ] 77.63%

Writing: [=======================================           ] 77.92%

Writing: [========================================          ] 78.20%

Writing: [========================================          ] 78.49%

Writing: [========================================          ] 78.77%

Writing: [========================================          ] 79.06%

Writing: [========================================          ] 79.34%

Writing: [========================================          ] 79.62%

Writing: [========================================          ] 79.91%

Writing: [=========================================         ] 80.19%

Writing: [=========================================         ] 80.48%

Writing: [=========================================         ] 80.76%

Writing: [=========================================         ] 81.05%

Writing: [=========================================         ] 81.33%

Writing: [=========================================         ] 81.61%

Writing: [=========================================         ] 81.90%

Writing: [==========================================        ] 82.18%

Writing: [==========================================        ] 82.47%

Writing: [==========================================        ] 82.75%

Writing: [==========================================        ] 83.03%

Writing: [==========================================        ] 83.32%

Writing: [==========================================        ] 83.60%

Writing: [==========================================        ] 83.91%

Writing: [===========================================       ] 84.19%

Writing: [===========================================       ] 84.48%

Writing: [===========================================       ] 84.76%

Writing: [===========================================       ] 85.05%

Writing: [===========================================       ] 85.33%

Writing: [===========================================       ] 85.61%

Writing: [===========================================       ] 85.90%

Writing: [============================================      ] 86.18%

Writing: [============================================      ] 86.47%

Writing: [============================================      ] 86.75%

Writing: [============================================      ] 87.04%

Writing: [============================================      ] 87.32%

Writing: [============================================      ] 87.60%

Writing: [============================================      ] 87.89%

Writing: [=============================================     ] 88.17%

Writing: [=============================================     ] 88.46%

Writing: [=============================================     ] 88.74%

Writing: [=============================================     ] 89.03%

Writing: [=============================================     ] 89.31%

Writing: [=============================================     ] 89.59%

Writing: [=============================================     ] 89.88%

Writing: [==============================================    ] 90.16%

Writing: [==============================================    ] 90.47%

Writing: [==============================================    ] 90.75%

Writing: [==============================================    ] 91.06%

Writing: [==============================================    ] 91.34%

Writing: [==============================================    ] 91.63%

Writing: [==============================================    ] 91.91%

Writing: [===============================================   ] 92.20%

Writing: [===============================================   ] 92.48%

Writing: [===============================================   ] 92.76%

Writing: [===============================================   ] 93.05%

Writing: [===============================================   ] 93.33%

Writing: [===============================================   ] 93.62%

Writing: [===============================================   ] 93.92%

Writing: [================================================  ] 94.21%

Writing: [================================================  ] 94.49%

Writing: [================================================  ] 94.78%

Writing: [================================================  ] 95.06%

Writing: [================================================  ] 95.34%

Writing: [================================================  ] 95.63%

Writing: [================================================  ] 95.91%

Writing: [================================================= ] 96.20%

Writing: [================================================= ] 96.48%

Writing: [================================================= ] 96.76%

Writing: [================================================= ] 97.05%

Writing: [================================================= ] 97.33%

Writing: [================================================= ] 97.62%

Writing: [================================================= ] 97.90%

Writing: [==================================================] 98.19%

Writing: [==================================================] 98.47%

Writing: [==================================================] 98.75%

Writing: [==================================================] 99.04%

Writing: [==================================================] 99.32%

Writing: [==================================================] 99.61%

Writing: [==================================================] 99.89%

Writing: [==================================================] 100.00%

Done
Verifying first 32 words...
Verification passed for first 32 words
BPI flash programming complete
BPI flash programming complete
