empty
write to flash
Jtag frequency : requested 6.00MHz    -> real 6.00MHz   
Open file DONE
Parse file DONE
Use: /usr/local/share/openFPGALoader/bpiOverJtag_xc7k480tffg1156.bit.gz
load program

Load SRAM: [===================                               ] 37.00%

Load SRAM: [======================================            ] 76.00%

Load SRAM: [==================================================] 100.00%

Done
Shift IR 35
ir: 1 isc_done 1 isc_ena 0 init 1 done 1
Detecting BPI flash...
Intel/Micron flash detected
Manufacturer ID: 0x0089
Device ID: 0x887e
Flash capacity: 64 MB (512 Mbit)
Writing 18735004 bytes to BPI flash at 0x000000
Erasing 72 blocks...
Programming (buffered mode)...

Writing: [=                                                 ] 0.28%

Writing: [=                                                 ] 0.57%

Writing: [=                                                 ] 0.85%

Writing: [=                                                 ] 1.14%

Writing: [=                                                 ] 1.42%

Writing: [=                                                 ] 1.71%

Writing: [=                                                 ] 1.99%

Writing: [==                                                ] 2.27%

Writing: [==                                                ] 2.56%

Writing: [==                                                ] 2.84%

Writing: [==                                                ] 3.13%

Writing: [==                                                ] 3.41%

Writing: [==                                                ] 3.69%

Writing: [==                                                ] 3.98%

Writing: [===                                               ] 4.26%

Writing: [===                                               ] 4.55%

Writing: [===                                               ] 4.83%

Writing: [===                                               ] 5.12%

Writing: [===                                               ] 5.40%

Writing: [===                                               ] 5.68%

Writing: [===                                               ] 5.97%

Writing: [====                                              ] 6.25%

Writing: [====                                              ] 6.54%

Writing: [====                                              ] 6.82%

Writing: [====                                              ] 7.11%

Writing: [====                                              ] 7.39%

Writing: [====                                              ] 7.67%

Writing: [====                                              ] 7.96%

Writing: [=====                                             ] 8.24%

Writing: [=====                                             ] 8.53%

Writing: [=====                                             ] 8.81%

Writing: [=====                                             ] 9.09%

Writing: [=====                                             ] 9.38%

Writing: [=====                                             ] 9.66%

Writing: [=====                                             ] 9.95%

Writing: [======                                            ] 10.23%

Writing: [======                                            ] 10.52%

Writing: [======                                            ] 10.80%

Writing: [======                                            ] 11.08%

Writing: [======                                            ] 11.37%

Writing: [======                                            ] 11.65%

Writing: [======                                            ] 11.94%

Writing: [=======                                           ] 12.22%

Writing: [=======                                           ] 12.51%

Writing: [=======                                           ] 12.79%

Writing: [=======                                           ] 13.07%

Writing: [=======                                           ] 13.36%

Writing: [=======                                           ] 13.64%

Writing: [=======                                           ] 13.93%

Writing: [========                                          ] 14.21%

Writing: [========                                          ] 14.50%

Writing: [========                                          ] 14.78%

Writing: [========                                          ] 15.06%

Writing: [========                                          ] 15.35%

Writing: [========                                          ] 15.63%

Writing: [========                                          ] 15.92%

Writing: [=========                                         ] 16.20%

Writing: [=========                                         ] 16.48%

Writing: [=========                                         ] 16.77%

Writing: [=========                                         ] 17.05%

Writing: [=========                                         ] 17.34%

Writing: [=========                                         ] 17.62%

Writing: [=========                                         ] 17.91%

Writing: [==========                                        ] 18.19%

Writing: [==========                                        ] 18.47%

Writing: [==========                                        ] 18.76%

Writing: [==========                                        ] 19.04%

Writing: [==========                                        ] 19.33%

Writing: [==========                                        ] 19.61%

Writing: [==========                                        ] 19.90%

Writing: [===========                                       ] 20.18%

Writing: [===========                                       ] 20.46%

Writing: [===========                                       ] 20.75%

Writing: [===========                                       ] 21.03%

Writing: [===========                                       ] 21.32%

Writing: [===========                                       ] 21.60%

Writing: [===========                                       ] 21.88%

Writing: [============                                      ] 22.17%

Writing: [============                                      ] 22.45%

Writing: [============                                      ] 22.74%

Writing: [============                                      ] 23.02%

Writing: [============                                      ] 23.31%

Writing: [============                                      ] 23.59%

Writing: [============                                      ] 23.87%

Writing: [=============                                     ] 24.16%

Writing: [=============                                     ] 24.44%

Writing: [=============                                     ] 24.73%

Writing: [=============                                     ] 25.01%

Writing: [=============                                     ] 25.30%

Writing: [=============                                     ] 25.58%

Writing: [=============                                     ] 25.86%

Writing: [==============                                    ] 26.15%

Writing: [==============                                    ] 26.43%

Writing: [==============                                    ] 26.72%

Writing: [==============                                    ] 27.00%

Writing: [==============                                    ] 27.28%

Writing: [==============                                    ] 27.57%

Writing: [==============                                    ] 27.85%

Writing: [===============                                   ] 28.14%

Writing: [===============                                   ] 28.42%

Writing: [===============                                   ] 28.71%

Writing: [===============                                   ] 28.99%

Writing: [===============                                   ] 29.27%

Writing: [===============                                   ] 29.56%

Writing: [===============                                   ] 29.84%

Writing: [================                                  ] 30.13%

Writing: [================                                  ] 30.41%

Writing: [================                                  ] 30.70%

Writing: [================                                  ] 30.98%

Writing: [================                                  ] 31.26%

Writing: [================                                  ] 31.55%

Writing: [================                                  ] 31.83%

Writing: [=================                                 ] 32.12%

Writing: [=================                                 ] 32.40%

Writing: [=================                                 ] 32.68%

Writing: [=================                                 ] 32.97%

Writing: [=================                                 ] 33.25%

Writing: [=================                                 ] 33.54%

Writing: [=================                                 ] 33.82%

Writing: [==================                                ] 34.11%

Writing: [==================                                ] 34.39%

Writing: [==================                                ] 34.67%

Writing: [==================                                ] 34.96%

Writing: [==================                                ] 35.24%

Writing: [==================                                ] 35.53%

Writing: [==================                                ] 35.81%

Writing: [===================                               ] 36.10%

Writing: [===================                               ] 36.38%

Writing: [===================                               ] 36.66%

Writing: [===================                               ] 36.95%

Writing: [===================                               ] 37.23%

Writing: [===================                               ] 37.52%

Writing: [===================                               ] 37.80%

Writing: [====================                              ] 38.09%

Writing: [====================                              ] 38.37%

Writing: [====================                              ] 38.65%

Writing: [====================                              ] 38.94%

Writing: [====================                              ] 39.22%

Writing: [====================                              ] 39.51%

Writing: [====================                              ] 39.79%

Writing: [=====================                             ] 40.07%

Writing: [=====================                             ] 40.36%

Writing: [=====================                             ] 40.64%

Writing: [=====================                             ] 40.93%

Writing: [=====================                             ] 41.21%

Writing: [=====================                             ] 41.50%

Writing: [=====================                             ] 41.78%

Writing: [======================                            ] 42.06%

Writing: [======================                            ] 42.35%

Writing: [======================                            ] 42.63%

Writing: [======================                            ] 42.92%

Writing: [======================                            ] 43.20%

Writing: [======================                            ] 43.49%

Writing: [======================                            ] 43.77%

Writing: [=======================                           ] 44.05%

Writing: [=======================                           ] 44.34%

Writing: [=======================                           ] 44.62%

Writing: [=======================                           ] 44.91%

Writing: [=======================                           ] 45.19%

Writing: [=======================                           ] 45.47%

Writing: [=======================                           ] 45.76%

Writing: [========================                          ] 46.04%

Writing: [========================                          ] 46.33%

Writing: [========================                          ] 46.61%

Writing: [========================                          ] 46.90%

Writing: [========================                          ] 47.18%

Writing: [========================                          ] 47.46%

Writing: [========================                          ] 47.75%

Writing: [=========================                         ] 48.03%

Writing: [=========================                         ] 48.32%

Writing: [=========================                         ] 48.60%

Writing: [=========================                         ] 48.89%

Writing: [=========================                         ] 49.17%

Writing: [=========================                         ] 49.45%

Writing: [=========================                         ] 49.74%

Writing: [==========================                        ] 50.02%

Writing: [==========================                        ] 50.31%

Writing: [==========================                        ] 50.59%

Writing: [==========================                        ] 50.87%

Writing: [==========================                        ] 51.16%

Writing: [==========================                        ] 51.44%

Writing: [==========================                        ] 51.73%

Writing: [===========================                       ] 52.01%

Writing: [===========================                       ] 52.30%

Writing: [===========================                       ] 52.58%

Writing: [===========================                       ] 52.86%

Writing: [===========================                       ] 53.15%

Writing: [===========================                       ] 53.43%

Writing: [===========================                       ] 53.72%

Writing: [============================                      ] 54.00%

Writing: [============================                      ] 54.29%

Writing: [============================                      ] 54.57%

Writing: [============================                      ] 54.85%

Writing: [============================                      ] 55.14%

Writing: [============================                      ] 55.42%

Writing: [============================                      ] 55.71%

Writing: [============================                      ] 55.99%

Writing: [=============================                     ] 56.27%

Writing: [=============================                     ] 56.56%

Writing: [=============================                     ] 56.84%

Writing: [=============================                     ] 57.13%

Writing: [=============================                     ] 57.41%

Writing: [=============================                     ] 57.70%

Writing: [=============================                     ] 57.98%

Writing: [==============================                    ] 58.26%

Writing: [==============================                    ] 58.55%

Writing: [==============================                    ] 58.83%

Writing: [==============================                    ] 59.12%

Writing: [==============================                    ] 59.40%

Writing: [==============================                    ] 59.71%

Writing: [==============================                    ] 59.99%

Writing: [===============================                   ] 60.28%

Writing: [===============================                   ] 60.56%

Writing: [===============================                   ] 60.84%

Writing: [===============================                   ] 61.13%

Writing: [===============================                   ] 61.41%

Writing: [===============================                   ] 61.70%

Writing: [===============================                   ] 61.98%

Writing: [================================                  ] 62.27%

Writing: [================================                  ] 62.55%

Writing: [================================                  ] 62.83%

Writing: [================================                  ] 63.12%

Writing: [================================                  ] 63.40%

Writing: [================================                  ] 63.69%

Writing: [================================                  ] 63.97%

Writing: [=================================                 ] 64.25%

Writing: [=================================                 ] 64.54%

Writing: [=================================                 ] 64.82%

Writing: [=================================                 ] 65.11%

Writing: [=================================                 ] 65.39%

Writing: [=================================                 ] 65.68%

Writing: [=================================                 ] 65.96%

Writing: [==================================                ] 66.24%

Writing: [==================================                ] 66.53%

Writing: [==================================                ] 66.81%

Writing: [==================================                ] 67.10%

Writing: [==================================                ] 67.38%

Writing: [==================================                ] 67.67%

Writing: [==================================                ] 67.95%

Writing: [===================================               ] 68.23%

Writing: [===================================               ] 68.52%

Writing: [===================================               ] 68.80%

Writing: [===================================               ] 69.09%

Writing: [===================================               ] 69.37%

Writing: [===================================               ] 69.65%

Writing: [===================================               ] 69.94%

Writing: [====================================              ] 70.22%

Writing: [====================================              ] 70.51%

Writing: [====================================              ] 70.79%

Writing: [====================================              ] 71.08%

Writing: [====================================              ] 71.36%

Writing: [====================================              ] 71.64%

Writing: [====================================              ] 71.93%

Writing: [=====================================             ] 72.21%

Writing: [=====================================             ] 72.50%

Writing: [=====================================             ] 72.78%

Writing: [=====================================             ] 73.09%

Writing: [=====================================             ] 73.37%

Writing: [=====================================             ] 73.68%

Writing: [=====================================             ] 73.96%

Writing: [======================================            ] 74.25%

Writing: [======================================            ] 74.53%

Writing: [======================================            ] 74.81%

Writing: [======================================            ] 75.10%

Writing: [======================================            ] 75.38%

Writing: [======================================            ] 75.67%

Writing: [======================================            ] 75.97%

Writing: [=======================================           ] 76.26%

Writing: [=======================================           ] 76.54%

Writing: [=======================================           ] 76.83%

Writing: [=======================================           ] 77.11%

Writing: [=======================================           ] 77.39%

Writing: [=======================================           ] 77.68%

Writing: [=======================================           ] 77.96%

Writing: [========================================          ] 78.25%

Writing: [========================================          ] 78.53%

Writing: [========================================          ] 78.82%

Writing: [========================================          ] 79.10%

Writing: [========================================          ] 79.38%

Writing: [========================================          ] 79.67%

Writing: [========================================          ] 79.95%

Writing: [=========================================         ] 80.24%

Writing: [=========================================         ] 80.52%

Writing: [=========================================         ] 80.80%

Writing: [=========================================         ] 81.09%

Writing: [=========================================         ] 81.37%

Writing: [=========================================         ] 81.66%

Writing: [=========================================         ] 81.94%

Writing: [==========================================        ] 82.23%

Writing: [==========================================        ] 82.51%

Writing: [==========================================        ] 82.79%

Writing: [==========================================        ] 83.08%

Writing: [==========================================        ] 83.36%

Writing: [==========================================        ] 83.65%

Writing: [==========================================        ] 83.93%

Writing: [===========================================       ] 84.22%

Writing: [===========================================       ] 84.50%

Writing: [===========================================       ] 84.78%

Writing: [===========================================       ] 85.07%

Writing: [===========================================       ] 85.37%

Writing: [===========================================       ] 85.66%

Writing: [===========================================       ] 85.94%

Writing: [============================================      ] 86.23%

Writing: [============================================      ] 86.53%

Writing: [============================================      ] 86.84%

Writing: [============================================      ] 87.12%

Writing: [============================================      ] 87.41%

Writing: [============================================      ] 87.69%

Writing: [============================================      ] 87.98%

Writing: [=============================================     ] 88.26%

Writing: [=============================================     ] 88.54%

Writing: [=============================================     ] 88.83%

Writing: [=============================================     ] 89.13%

Writing: [=============================================     ] 89.42%

Writing: [=============================================     ] 89.70%

Writing: [=============================================     ] 89.99%

Writing: [==============================================    ] 90.27%

Writing: [==============================================    ] 90.58%

Writing: [==============================================    ] 90.86%

Writing: [==============================================    ] 91.15%

Writing: [==============================================    ] 91.43%

Writing: [==============================================    ] 91.71%

Writing: [==============================================    ] 92.00%

Writing: [===============================================   ] 92.28%

Writing: [===============================================   ] 92.59%

Writing: [===============================================   ] 92.87%

Writing: [===============================================   ] 93.16%

Writing: [===============================================   ] 93.44%

Writing: [===============================================   ] 93.73%

Writing: [================================================  ] 94.03%

Writing: [================================================  ] 94.32%

Writing: [================================================  ] 94.60%

Writing: [================================================  ] 94.91%

Writing: [================================================  ] 95.19%

Writing: [================================================  ] 95.47%

Writing: [================================================  ] 95.76%

Writing: [================================================= ] 96.04%

Writing: [================================================= ] 96.33%

Writing: [================================================= ] 96.61%

Writing: [================================================= ] 96.90%

Writing: [================================================= ] 97.18%

Writing: [================================================= ] 97.46%

Writing: [================================================= ] 97.75%

Writing: [==================================================] 98.03%

Writing: [==================================================] 98.32%

Writing: [==================================================] 98.60%

Writing: [==================================================] 98.89%

Writing: [==================================================] 99.17%

Writing: [==================================================] 99.45%

Writing: [==================================================] 99.76%

Writing: [==================================================] 100.00%

Done
Verifying first 32 words...
Verification passed for first 32 words
BPI flash programming complete
BPI flash programming complete
