empty
write to flash
Jtag frequency : requested 6.00MHz    -> real 6.00MHz   
Open file DONE
Parse file DONE
Use: /usr/local/share/openFPGALoader/bpiOverJtag_xc7k480tffg1156.bit.gz
load program

Load SRAM: [===================                               ] 37.00%

Load SRAM: [======================================            ] 76.00%

Load SRAM: [==================================================] 100.00%

Done
Shift IR 35
ir: 1 isc_done 1 isc_ena 0 init 1 done 1
Detecting BPI flash...
Intel/Micron flash detected
Manufacturer ID: 0x0089
Device ID: 0x887e
Flash capacity: 64 MB (512 Mbit)
Writing 18735004 bytes to BPI flash at 0x000000
Erasing 72 blocks...
Programming (buffered mode)...

Writing: [=                                                 ] 0.28%

Writing: [=                                                 ] 0.57%

Writing: [=                                                 ] 0.85%

Writing: [=                                                 ] 1.14%

Writing: [=                                                 ] 1.42%

Writing: [=                                                 ] 1.71%

Writing: [=                                                 ] 1.99%

Writing: [==                                                ] 2.27%

Writing: [==                                                ] 2.56%

Writing: [==                                                ] 2.84%

Writing: [==                                                ] 3.13%

Writing: [==                                                ] 3.41%

Writing: [==                                                ] 3.69%

Writing: [==                                                ] 3.98%

Writing: [===                                               ] 4.26%

Writing: [===                                               ] 4.53%

Writing: [===                                               ] 4.81%

Writing: [===                                               ] 5.09%

Writing: [===                                               ] 5.38%

Writing: [===                                               ] 5.64%

Writing: [===                                               ] 5.90%

Writing: [====                                              ] 6.19%

Writing: [====                                              ] 6.45%

Writing: [====                                              ] 6.73%

Writing: [====                                              ] 7.02%

Writing: [====                                              ] 7.30%

Writing: [====                                              ] 7.56%

Writing: [====                                              ] 7.83%

Writing: [=====                                             ] 8.11%

Writing: [=====                                             ] 8.37%

Writing: [=====                                             ] 8.66%

Writing: [=====                                             ] 8.94%

Writing: [=====                                             ] 9.20%

Writing: [=====                                             ] 9.49%

Writing: [=====                                             ] 9.77%

Writing: [======                                            ] 10.06%

Writing: [======                                            ] 10.34%

Writing: [======                                            ] 10.63%

Writing: [======                                            ] 10.91%

Writing: [======                                            ] 11.19%

Writing: [======                                            ] 11.48%

Writing: [======                                            ] 11.76%

Writing: [=======                                           ] 12.05%

Writing: [=======                                           ] 12.33%

Writing: [=======                                           ] 12.64%

Writing: [=======                                           ] 12.92%

Writing: [=======                                           ] 13.21%

Writing: [=======                                           ] 13.47%

Writing: [=======                                           ] 13.77%

Writing: [========                                          ] 14.06%

Writing: [========                                          ] 14.34%

Writing: [========                                          ] 14.63%

Writing: [========                                          ] 14.93%

Writing: [========                                          ] 15.22%

Writing: [========                                          ] 15.50%

Writing: [========                                          ] 15.81%

Writing: [=========                                         ] 16.09%

Writing: [=========                                         ] 16.38%

Writing: [=========                                         ] 16.66%

Writing: [=========                                         ] 16.94%

Writing: [=========                                         ] 17.23%

Writing: [=========                                         ] 17.51%

Writing: [=========                                         ] 17.80%

Writing: [==========                                        ] 18.10%

Writing: [==========                                        ] 18.36%

Writing: [==========                                        ] 18.65%

Writing: [==========                                        ] 18.93%

Writing: [==========                                        ] 19.24%

Writing: [==========                                        ] 19.52%

Writing: [==========                                        ] 19.79%

Writing: [===========                                       ] 20.07%

Writing: [===========                                       ] 20.35%

Writing: [===========                                       ] 20.62%

Writing: [===========                                       ] 20.90%

Writing: [===========                                       ] 21.19%

Writing: [===========                                       ] 21.47%

Writing: [===========                                       ] 21.73%

Writing: [============                                      ] 22.02%

Writing: [============                                      ] 22.28%

Writing: [============                                      ] 22.56%

Writing: [============                                      ] 22.85%

Writing: [============                                      ] 23.13%

Writing: [============                                      ] 23.42%

Writing: [============                                      ] 23.70%

Writing: [============                                      ] 23.98%

Writing: [=============                                     ] 24.27%

Writing: [=============                                     ] 24.57%

Writing: [=============                                     ] 24.88%

Writing: [=============                                     ] 25.19%

Writing: [=============                                     ] 25.49%

Writing: [=============                                     ] 25.80%

Writing: [==============                                    ] 26.10%

Writing: [==============                                    ] 26.41%

Writing: [==============                                    ] 26.72%

Writing: [==============                                    ] 27.00%

Writing: [==============                                    ] 27.28%

Writing: [==============                                    ] 27.57%

Writing: [==============                                    ] 27.85%

Writing: [===============                                   ] 28.16%

Writing: [===============                                   ] 28.44%

Writing: [===============                                   ] 28.73%

Writing: [===============                                   ] 29.01%

Writing: [===============                                   ] 29.32%

Writing: [===============                                   ] 29.60%

Writing: [===============                                   ] 29.89%

Writing: [================                                  ] 30.17%

Writing: [================                                  ] 30.45%

Writing: [================                                  ] 30.74%

Writing: [================                                  ] 31.02%

Writing: [================                                  ] 31.31%

Writing: [================                                  ] 31.59%

Writing: [================                                  ] 31.88%

Writing: [=================                                 ] 32.16%

Writing: [=================                                 ] 32.42%

Writing: [=================                                 ] 32.71%

Writing: [=================                                 ] 32.99%

Writing: [=================                                 ] 33.28%

Writing: [=================                                 ] 33.56%

Writing: [=================                                 ] 33.82%

Writing: [==================                                ] 34.11%

Writing: [==================                                ] 34.39%

Writing: [==================                                ] 34.70%

Writing: [==================                                ] 34.96%

Writing: [==================                                ] 35.26%

Writing: [==================                                ] 35.55%

Writing: [==================                                ] 35.86%

Writing: [===================                               ] 36.16%

Writing: [===================                               ] 36.45%

Writing: [===================                               ] 36.73%

Writing: [===================                               ] 37.01%

Writing: [===================                               ] 37.30%

Writing: [===================                               ] 37.58%

Writing: [===================                               ] 37.87%

Writing: [====================                              ] 38.17%

Writing: [====================                              ] 38.46%

Writing: [====================                              ] 38.74%

Writing: [====================                              ] 39.03%

Writing: [====================                              ] 39.29%

Writing: [====================                              ] 39.55%

Writing: [====================                              ] 39.81%

Writing: [=====================                             ] 40.10%

Writing: [=====================                             ] 40.38%

Writing: [=====================                             ] 40.66%

Writing: [=====================                             ] 40.95%

Writing: [=====================                             ] 41.23%

Writing: [=====================                             ] 41.52%

Writing: [=====================                             ] 41.80%

Writing: [======================                            ] 42.06%

Writing: [======================                            ] 42.35%

Writing: [======================                            ] 42.63%

Writing: [======================                            ] 42.92%

Writing: [======================                            ] 43.20%

Writing: [======================                            ] 43.49%

Writing: [======================                            ] 43.77%

Writing: [=======================                           ] 44.05%

Writing: [=======================                           ] 44.34%

Writing: [=======================                           ] 44.64%

Writing: [=======================                           ] 44.93%

Writing: [=======================                           ] 45.21%

Writing: [=======================                           ] 45.52%

Writing: [=======================                           ] 45.80%

Writing: [========================                          ] 46.09%

Writing: [========================                          ] 46.37%

Writing: [========================                          ] 46.63%

Writing: [========================                          ] 46.92%

Writing: [========================                          ] 47.20%

Writing: [========================                          ] 47.49%

Writing: [========================                          ] 47.77%

Writing: [=========================                         ] 48.05%

Writing: [=========================                         ] 48.34%

Writing: [=========================                         ] 48.62%

Writing: [=========================                         ] 48.89%

Writing: [=========================                         ] 49.15%

Writing: [=========================                         ] 49.43%

Writing: [=========================                         ] 49.72%

Writing: [==========================                        ] 50.00%

Writing: [==========================                        ] 50.28%

Writing: [==========================                        ] 50.57%

Writing: [==========================                        ] 50.85%

Writing: [==========================                        ] 51.14%

Writing: [==========================                        ] 51.42%

Writing: [==========================                        ] 51.71%

Writing: [==========================                        ] 51.99%

Writing: [===========================                       ] 52.27%

Writing: [===========================                       ] 52.56%

Writing: [===========================                       ] 52.84%

Writing: [===========================                       ] 53.13%

Writing: [===========================                       ] 53.43%

Writing: [===========================                       ] 53.74%

Writing: [============================                      ] 54.04%

Writing: [============================                      ] 54.35%

Writing: [============================                      ] 54.66%

Writing: [============================                      ] 54.96%

Writing: [============================                      ] 55.25%

Writing: [============================                      ] 55.53%

Writing: [============================                      ] 55.82%

Writing: [=============================                     ] 56.08%

Writing: [=============================                     ] 56.36%

Writing: [=============================                     ] 56.62%

Writing: [=============================                     ] 56.89%

Writing: [=============================                     ] 57.15%

Writing: [=============================                     ] 57.41%

Writing: [=============================                     ] 57.70%

Writing: [=============================                     ] 57.98%

Writing: [==============================                    ] 58.26%

Writing: [==============================                    ] 58.55%

Writing: [==============================                    ] 58.81%

Writing: [==============================                    ] 59.07%

Writing: [==============================                    ] 59.34%

Writing: [==============================                    ] 59.62%

Writing: [==============================                    ] 59.90%

Writing: [===============================                   ] 60.19%

Writing: [===============================                   ] 60.47%

Writing: [===============================                   ] 60.76%

Writing: [===============================                   ] 61.04%

Writing: [===============================                   ] 61.33%

Writing: [===============================                   ] 61.61%

Writing: [===============================                   ] 61.87%

Writing: [================================                  ] 62.16%

Writing: [================================                  ] 62.44%

Writing: [================================                  ] 62.72%

Writing: [================================                  ] 63.03%

Writing: [================================                  ] 63.31%

Writing: [================================                  ] 63.62%

Writing: [================================                  ] 63.91%

Writing: [=================================                 ] 64.21%

Writing: [=================================                 ] 64.50%

Writing: [=================================                 ] 64.78%

Writing: [=================================                 ] 65.06%

Writing: [=================================                 ] 65.35%

Writing: [=================================                 ] 65.63%

Writing: [=================================                 ] 65.89%

Writing: [==================================                ] 66.18%

Writing: [==================================                ] 66.46%

Writing: [==================================                ] 66.75%

Writing: [==================================                ] 67.03%

Writing: [==================================                ] 67.29%

Writing: [==================================                ] 67.56%

Writing: [==================================                ] 67.82%

Writing: [===================================               ] 68.08%

Writing: [===================================               ] 68.37%

Writing: [===================================               ] 68.65%

Writing: [===================================               ] 68.93%

Writing: [===================================               ] 69.22%

Writing: [===================================               ] 69.52%

Writing: [===================================               ] 69.81%

Writing: [====================================              ] 70.09%

Writing: [====================================              ] 70.38%

Writing: [====================================              ] 70.66%

Writing: [====================================              ] 70.94%

Writing: [====================================              ] 71.23%

Writing: [====================================              ] 71.51%

Writing: [====================================              ] 71.80%

Writing: [=====================================             ] 72.08%

Writing: [=====================================             ] 72.41%

Writing: [=====================================             ] 72.74%

Writing: [=====================================             ] 73.04%

Writing: [=====================================             ] 73.35%

Writing: [=====================================             ] 73.66%

Writing: [=====================================             ] 73.96%

Writing: [======================================            ] 74.27%

Writing: [======================================            ] 74.55%

Writing: [======================================            ] 74.86%

Writing: [======================================            ] 75.14%

Writing: [======================================            ] 75.45%

Writing: [======================================            ] 75.73%

Writing: [=======================================           ] 76.02%

Writing: [=======================================           ] 76.30%

Writing: [=======================================           ] 76.59%

Writing: [=======================================           ] 76.87%

Writing: [=======================================           ] 77.15%

Writing: [=======================================           ] 77.44%

Writing: [=======================================           ] 77.70%

Writing: [=======================================           ] 77.98%

Writing: [========================================          ] 78.27%

Writing: [========================================          ] 78.55%

Writing: [========================================          ] 78.84%

Writing: [========================================          ] 79.12%

Writing: [========================================          ] 79.41%

Writing: [========================================          ] 79.69%

Writing: [========================================          ] 79.97%

Writing: [=========================================         ] 80.26%

Writing: [=========================================         ] 80.54%

Writing: [=========================================         ] 80.83%

Writing: [=========================================         ] 81.11%

Writing: [=========================================         ] 81.40%

Writing: [=========================================         ] 81.68%

Writing: [=========================================         ] 81.96%

Writing: [==========================================        ] 82.27%

Writing: [==========================================        ] 82.58%

Writing: [==========================================        ] 82.86%

Writing: [==========================================        ] 83.17%

Writing: [==========================================        ] 83.47%

Writing: [==========================================        ] 83.80%

Writing: [===========================================       ] 84.11%

Writing: [===========================================       ] 84.41%

Writing: [===========================================       ] 84.70%

Writing: [===========================================       ] 84.98%

Writing: [===========================================       ] 85.29%

Writing: [===========================================       ] 85.57%

Writing: [===========================================       ] 85.86%

Writing: [============================================      ] 86.14%

Writing: [============================================      ] 86.42%

Writing: [============================================      ] 86.71%

Writing: [============================================      ] 86.99%

Writing: [============================================      ] 87.28%

Writing: [============================================      ] 87.56%

Writing: [============================================      ] 87.84%

Writing: [=============================================     ] 88.13%

Writing: [=============================================     ] 88.39%

Writing: [=============================================     ] 88.65%

Writing: [=============================================     ] 88.94%

Writing: [=============================================     ] 89.22%

Writing: [=============================================     ] 89.51%

Writing: [=============================================     ] 89.79%

Writing: [==============================================    ] 90.07%

Writing: [==============================================    ] 90.36%

Writing: [==============================================    ] 90.64%

Writing: [==============================================    ] 90.93%

Writing: [==============================================    ] 91.21%

Writing: [==============================================    ] 91.50%

Writing: [==============================================    ] 91.78%

Writing: [===============================================   ] 92.06%

Writing: [===============================================   ] 92.37%

Writing: [===============================================   ] 92.70%

Writing: [===============================================   ] 93.00%

Writing: [===============================================   ] 93.31%

Writing: [===============================================   ] 93.62%

Writing: [===============================================   ] 93.92%

Writing: [================================================  ] 94.25%

Writing: [================================================  ] 94.56%

Writing: [================================================  ] 94.86%

Writing: [================================================  ] 95.15%

Writing: [================================================  ] 95.43%

Writing: [================================================  ] 95.72%

Writing: [================================================  ] 96.00%

Writing: [================================================= ] 96.28%

Writing: [================================================= ] 96.57%

Writing: [================================================= ] 96.85%

Writing: [================================================= ] 97.14%

Writing: [================================================= ] 97.40%

Writing: [================================================= ] 97.68%

Writing: [================================================= ] 97.97%

Writing: [==================================================] 98.25%

Writing: [==================================================] 98.54%

Writing: [==================================================] 98.82%

Writing: [==================================================] 99.08%

Writing: [==================================================] 99.34%

Writing: [==================================================] 99.63%

Writing: [==================================================] 99.91%

Writing: [==================================================] 100.00%

Done
Verifying first 32 words...
Verification passed for first 32 words
BPI flash programming complete
BPI flash programming complete
