empty
write to flash
Jtag frequency : requested 6.00MHz    -> real 6.00MHz   
Open file DONE
Parse file DONE
Use: /usr/local/share/openFPGALoader/bpiOverJtag_xc7k480tffg1156.bit.gz
load program

Load SRAM: [===================                               ] 37.00%

Load SRAM: [======================================            ] 76.00%

Load SRAM: [==================================================] 100.00%

Done
Shift IR 35
ir: 1 isc_done 1 isc_ena 0 init 1 done 1
Detecting BPI flash...
Intel/Micron flash detected
Manufacturer ID: 0x0089
Device ID: 0x887e
Flash capacity: 64 MB (512 Mbit)
Writing 18735004 bytes to BPI flash at 0x000000
Erasing 72 blocks...
Programming (buffered mode)...

Writing: [=                                                 ] 0.28%

Writing: [=                                                 ] 0.57%

Writing: [=                                                 ] 0.85%

Writing: [=                                                 ] 1.14%

Writing: [=                                                 ] 1.42%

Writing: [=                                                 ] 1.71%

Writing: [=                                                 ] 1.99%

Writing: [==                                                ] 2.27%

Writing: [==                                                ] 2.56%

Writing: [==                                                ] 2.84%

Writing: [==                                                ] 3.13%

Writing: [==                                                ] 3.41%

Writing: [==                                                ] 3.69%

Writing: [==                                                ] 3.98%

Writing: [===                                               ] 4.26%

Writing: [===                                               ] 4.55%

Writing: [===                                               ] 4.83%

Writing: [===                                               ] 5.12%

Writing: [===                                               ] 5.40%

Writing: [===                                               ] 5.68%

Writing: [===                                               ] 5.97%

Writing: [====                                              ] 6.25%

Writing: [====                                              ] 6.54%

Writing: [====                                              ] 6.82%

Writing: [====                                              ] 7.11%

Writing: [====                                              ] 7.39%

Writing: [====                                              ] 7.67%

Writing: [====                                              ] 7.96%

Writing: [=====                                             ] 8.24%

Writing: [=====                                             ] 8.53%

Writing: [=====                                             ] 8.81%

Writing: [=====                                             ] 9.09%

Writing: [=====                                             ] 9.38%

Writing: [=====                                             ] 9.66%

Writing: [=====                                             ] 9.95%

Writing: [======                                            ] 10.23%

Writing: [======                                            ] 10.52%

Writing: [======                                            ] 10.80%

Writing: [======                                            ] 11.08%

Writing: [======                                            ] 11.37%

Writing: [======                                            ] 11.65%

Writing: [======                                            ] 11.94%

Writing: [=======                                           ] 12.22%

Writing: [=======                                           ] 12.51%

Writing: [=======                                           ] 12.79%

Writing: [=======                                           ] 13.07%

Writing: [=======                                           ] 13.36%

Writing: [=======                                           ] 13.64%

Writing: [=======                                           ] 13.93%

Writing: [========                                          ] 14.21%

Writing: [========                                          ] 14.50%

Writing: [========                                          ] 14.78%

Writing: [========                                          ] 15.06%

Writing: [========                                          ] 15.35%

Writing: [========                                          ] 15.65%

Writing: [========                                          ] 15.96%

Writing: [=========                                         ] 16.24%

Writing: [=========                                         ] 16.53%

Writing: [=========                                         ] 16.81%

Writing: [=========                                         ] 17.07%

Writing: [=========                                         ] 17.36%

Writing: [=========                                         ] 17.64%

Writing: [=========                                         ] 17.91%

Writing: [==========                                        ] 18.19%

Writing: [==========                                        ] 18.47%

Writing: [==========                                        ] 18.76%

Writing: [==========                                        ] 19.04%

Writing: [==========                                        ] 19.33%

Writing: [==========                                        ] 19.61%

Writing: [==========                                        ] 19.90%

Writing: [===========                                       ] 20.18%

Writing: [===========                                       ] 20.46%

Writing: [===========                                       ] 20.75%

Writing: [===========                                       ] 21.03%

Writing: [===========                                       ] 21.29%

Writing: [===========                                       ] 21.56%

Writing: [===========                                       ] 21.82%

Writing: [============                                      ] 22.10%

Writing: [============                                      ] 22.39%

Writing: [============                                      ] 22.65%

Writing: [============                                      ] 22.93%

Writing: [============                                      ] 23.20%

Writing: [============                                      ] 23.48%

Writing: [============                                      ] 23.76%

Writing: [=============                                     ] 24.07%

Writing: [=============                                     ] 24.36%

Writing: [=============                                     ] 24.62%

Writing: [=============                                     ] 24.90%

Writing: [=============                                     ] 25.19%

Writing: [=============                                     ] 25.47%

Writing: [=============                                     ] 25.75%

Writing: [==============                                    ] 26.04%

Writing: [==============                                    ] 26.30%

Writing: [==============                                    ] 26.59%

Writing: [==============                                    ] 26.87%

Writing: [==============                                    ] 27.15%

Writing: [==============                                    ] 27.44%

Writing: [==============                                    ] 27.72%

Writing: [===============                                   ] 28.01%

Writing: [===============                                   ] 28.29%

Writing: [===============                                   ] 28.57%

Writing: [===============                                   ] 28.86%

Writing: [===============                                   ] 29.14%

Writing: [===============                                   ] 29.43%

Writing: [===============                                   ] 29.69%

Writing: [===============                                   ] 29.97%

Writing: [================                                  ] 30.26%

Writing: [================                                  ] 30.54%

Writing: [================                                  ] 30.83%

Writing: [================                                  ] 31.11%

Writing: [================                                  ] 31.37%

Writing: [================                                  ] 31.64%

Writing: [================                                  ] 31.92%

Writing: [=================                                 ] 32.20%

Writing: [=================                                 ] 32.49%

Writing: [=================                                 ] 32.77%

Writing: [=================                                 ] 33.06%

Writing: [=================                                 ] 33.34%

Writing: [=================                                 ] 33.63%

Writing: [=================                                 ] 33.91%

Writing: [==================                                ] 34.19%

Writing: [==================                                ] 34.48%

Writing: [==================                                ] 34.76%

Writing: [==================                                ] 35.05%

Writing: [==================                                ] 35.33%

Writing: [==================                                ] 35.61%

Writing: [==================                                ] 35.90%

Writing: [===================                               ] 36.16%

Writing: [===================                               ] 36.45%

Writing: [===================                               ] 36.73%

Writing: [===================                               ] 37.01%

Writing: [===================                               ] 37.30%

Writing: [===================                               ] 37.58%

Writing: [===================                               ] 37.87%

Writing: [====================                              ] 38.15%

Writing: [====================                              ] 38.43%

Writing: [====================                              ] 38.70%

Writing: [====================                              ] 38.98%

Writing: [====================                              ] 39.27%

Writing: [====================                              ] 39.53%

Writing: [====================                              ] 39.81%

Writing: [=====================                             ] 40.07%

Writing: [=====================                             ] 40.34%

Writing: [=====================                             ] 40.62%

Writing: [=====================                             ] 40.91%

Writing: [=====================                             ] 41.19%

Writing: [=====================                             ] 41.47%

Writing: [=====================                             ] 41.76%

Writing: [======================                            ] 42.04%

Writing: [======================                            ] 42.33%

Writing: [======================                            ] 42.61%

Writing: [======================                            ] 42.89%

Writing: [======================                            ] 43.18%

Writing: [======================                            ] 43.46%

Writing: [======================                            ] 43.75%

Writing: [=======================                           ] 44.03%

Writing: [=======================                           ] 44.32%

Writing: [=======================                           ] 44.60%

Writing: [=======================                           ] 44.86%

Writing: [=======================                           ] 45.15%

Writing: [=======================                           ] 45.43%

Writing: [=======================                           ] 45.69%

Writing: [=======================                           ] 45.98%

Writing: [========================                          ] 46.26%

Writing: [========================                          ] 46.55%

Writing: [========================                          ] 46.81%

Writing: [========================                          ] 47.09%

Writing: [========================                          ] 47.38%

Writing: [========================                          ] 47.66%

Writing: [========================                          ] 47.95%

Writing: [=========================                         ] 48.23%

Writing: [=========================                         ] 48.51%

Writing: [=========================                         ] 48.80%

Writing: [=========================                         ] 49.06%

Writing: [=========================                         ] 49.34%

Writing: [=========================                         ] 49.61%

Writing: [=========================                         ] 49.89%

Writing: [==========================                        ] 50.18%

Writing: [==========================                        ] 50.46%

Writing: [==========================                        ] 50.72%

Writing: [==========================                        ] 51.01%

Writing: [==========================                        ] 51.29%

Writing: [==========================                        ] 51.57%

Writing: [==========================                        ] 51.86%

Writing: [===========================                       ] 52.14%

Writing: [===========================                       ] 52.45%

Writing: [===========================                       ] 52.73%

Writing: [===========================                       ] 53.02%

Writing: [===========================                       ] 53.30%

Writing: [===========================                       ] 53.59%

Writing: [===========================                       ] 53.87%

Writing: [============================                      ] 54.15%

Writing: [============================                      ] 54.42%

Writing: [============================                      ] 54.70%

Writing: [============================                      ] 54.96%

Writing: [============================                      ] 55.25%

Writing: [============================                      ] 55.53%

Writing: [============================                      ] 55.82%

Writing: [=============================                     ] 56.10%

Writing: [=============================                     ] 56.38%

Writing: [=============================                     ] 56.65%

Writing: [=============================                     ] 56.93%

Writing: [=============================                     ] 57.21%

Writing: [=============================                     ] 57.50%

Writing: [=============================                     ] 57.78%

Writing: [==============================                    ] 58.07%

Writing: [==============================                    ] 58.35%

Writing: [==============================                    ] 58.64%

Writing: [==============================                    ] 58.92%

Writing: [==============================                    ] 59.20%

Writing: [==============================                    ] 59.47%

Writing: [==============================                    ] 59.73%

Writing: [===============================                   ] 60.01%

Writing: [===============================                   ] 60.30%

Writing: [===============================                   ] 60.58%

Writing: [===============================                   ] 60.87%

Writing: [===============================                   ] 61.15%

Writing: [===============================                   ] 61.43%

Writing: [===============================                   ] 61.72%

Writing: [================================                  ] 62.00%

Writing: [================================                  ] 62.29%

Writing: [================================                  ] 62.57%

Writing: [================================                  ] 62.86%

Writing: [================================                  ] 63.14%

Writing: [================================                  ] 63.42%

Writing: [================================                  ] 63.71%

Writing: [================================                  ] 63.99%

Writing: [=================================                 ] 64.28%

Writing: [=================================                 ] 64.56%

Writing: [=================================                 ] 64.85%

Writing: [=================================                 ] 65.13%

Writing: [=================================                 ] 65.41%

Writing: [=================================                 ] 65.70%

Writing: [=================================                 ] 65.98%

Writing: [==================================                ] 66.24%

Writing: [==================================                ] 66.53%

Writing: [==================================                ] 66.81%

Writing: [==================================                ] 67.10%

Writing: [==================================                ] 67.38%

Writing: [==================================                ] 67.67%

Writing: [==================================                ] 67.95%

Writing: [===================================               ] 68.23%

Writing: [===================================               ] 68.52%

Writing: [===================================               ] 68.80%

Writing: [===================================               ] 69.09%

Writing: [===================================               ] 69.37%

Writing: [===================================               ] 69.63%

Writing: [===================================               ] 69.92%

Writing: [====================================              ] 70.20%

Writing: [====================================              ] 70.49%

Writing: [====================================              ] 70.77%

Writing: [====================================              ] 71.05%

Writing: [====================================              ] 71.34%

Writing: [====================================              ] 71.62%

Writing: [====================================              ] 71.91%

Writing: [=====================================             ] 72.19%

Writing: [=====================================             ] 72.48%

Writing: [=====================================             ] 72.76%

Writing: [=====================================             ] 73.02%

Writing: [=====================================             ] 73.31%

Writing: [=====================================             ] 73.59%

Writing: [=====================================             ] 73.87%

Writing: [======================================            ] 74.16%

Writing: [======================================            ] 74.44%

Writing: [======================================            ] 74.73%

Writing: [======================================            ] 75.01%

Writing: [======================================            ] 75.30%

Writing: [======================================            ] 75.58%

Writing: [======================================            ] 75.86%

Writing: [=======================================           ] 76.15%

Writing: [=======================================           ] 76.43%

Writing: [=======================================           ] 76.72%

Writing: [=======================================           ] 77.00%

Writing: [=======================================           ] 77.29%

Writing: [=======================================           ] 77.57%

Writing: [=======================================           ] 77.85%

Writing: [========================================          ] 78.14%

Writing: [========================================          ] 78.42%

Writing: [========================================          ] 78.71%

Writing: [========================================          ] 78.99%

Writing: [========================================          ] 79.25%

Writing: [========================================          ] 79.52%

Writing: [========================================          ] 79.80%

Writing: [=========================================         ] 80.08%

Writing: [=========================================         ] 80.37%

Writing: [=========================================         ] 80.65%

Writing: [=========================================         ] 80.94%

Writing: [=========================================         ] 81.22%

Writing: [=========================================         ] 81.50%

Writing: [=========================================         ] 81.79%

Writing: [==========================================        ] 82.07%

Writing: [==========================================        ] 82.36%

Writing: [==========================================        ] 82.64%

Writing: [==========================================        ] 82.93%

Writing: [==========================================        ] 83.21%

Writing: [==========================================        ] 83.49%

Writing: [==========================================        ] 83.78%

Writing: [===========================================       ] 84.06%

Writing: [===========================================       ] 84.35%

Writing: [===========================================       ] 84.61%

Writing: [===========================================       ] 84.89%

Writing: [===========================================       ] 85.18%

Writing: [===========================================       ] 85.46%

Writing: [===========================================       ] 85.75%

Writing: [============================================      ] 86.03%

Writing: [============================================      ] 86.31%

Writing: [============================================      ] 86.58%

Writing: [============================================      ] 86.86%

Writing: [============================================      ] 87.15%

Writing: [============================================      ] 87.43%

Writing: [============================================      ] 87.71%

Writing: [============================================      ] 88.00%

Writing: [=============================================     ] 88.28%

Writing: [=============================================     ] 88.57%

Writing: [=============================================     ] 88.83%

Writing: [=============================================     ] 89.11%

Writing: [=============================================     ] 89.40%

Writing: [=============================================     ] 89.68%

Writing: [=============================================     ] 89.94%

Writing: [==============================================    ] 90.23%

Writing: [==============================================    ] 90.51%

Writing: [==============================================    ] 90.82%

Writing: [==============================================    ] 91.10%

Writing: [==============================================    ] 91.39%

Writing: [==============================================    ] 91.67%

Writing: [==============================================    ] 91.96%

Writing: [===============================================   ] 92.24%

Writing: [===============================================   ] 92.50%

Writing: [===============================================   ] 92.79%

Writing: [===============================================   ] 93.07%

Writing: [===============================================   ] 93.35%

Writing: [===============================================   ] 93.64%

Writing: [===============================================   ] 93.90%

Writing: [================================================  ] 94.19%

Writing: [================================================  ] 94.47%

Writing: [================================================  ] 94.75%

Writing: [================================================  ] 95.04%

Writing: [================================================  ] 95.32%

Writing: [================================================  ] 95.61%

Writing: [================================================  ] 95.89%

Writing: [================================================= ] 96.17%

Writing: [================================================= ] 96.46%

Writing: [================================================= ] 96.72%

Writing: [================================================= ] 97.01%

Writing: [================================================= ] 97.29%

Writing: [================================================= ] 97.57%

Writing: [================================================= ] 97.86%

Writing: [==================================================] 98.14%

Writing: [==================================================] 98.43%

Writing: [==================================================] 98.71%

Writing: [==================================================] 98.99%

Writing: [==================================================] 99.28%

Writing: [==================================================] 99.56%

Writing: [==================================================] 99.85%

Writing: [==================================================] 100.00%

Done
Verifying first 32 words...
Verification passed for first 32 words
BPI flash programming complete
BPI flash programming complete
