empty
write to flash
Jtag frequency : requested 6.00MHz    -> real 6.00MHz   
Open file DONE
Parse file DONE
Use: /usr/local/share/openFPGALoader/bpiOverJtag_xc7k480tffg1156.bit.gz
load program

Load SRAM: [===================                               ] 37.00%

Load SRAM: [======================================            ] 76.00%

Load SRAM: [==================================================] 100.00%

Done
Shift IR 35
ir: 1 isc_done 1 isc_ena 0 init 1 done 1
Detecting BPI flash...
Intel/Micron flash detected
Manufacturer ID: 0x0089
Device ID: 0x887e
Flash capacity: 64 MB (512 Mbit)
Writing 18735004 bytes to BPI flash at 0x000000
Erasing 72 blocks...
Programming (buffered mode)...

Writing: [=                                                 ] 0.28%

Writing: [=                                                 ] 0.57%

Writing: [=                                                 ] 0.85%

Writing: [=                                                 ] 1.14%

Writing: [=                                                 ] 1.42%

Writing: [=                                                 ] 1.71%

Writing: [=                                                 ] 1.99%

Writing: [==                                                ] 2.27%

Writing: [==                                                ] 2.56%

Writing: [==                                                ] 2.84%

Writing: [==                                                ] 3.13%

Writing: [==                                                ] 3.41%

Writing: [==                                                ] 3.69%

Writing: [==                                                ] 3.98%

Writing: [===                                               ] 4.26%

Writing: [===                                               ] 4.55%

Writing: [===                                               ] 4.83%

Writing: [===                                               ] 5.12%

Writing: [===                                               ] 5.40%

Writing: [===                                               ] 5.68%

Writing: [===                                               ] 5.97%

Writing: [====                                              ] 6.25%

Writing: [====                                              ] 6.54%

Writing: [====                                              ] 6.82%

Writing: [====                                              ] 7.11%

Writing: [====                                              ] 7.39%

Writing: [====                                              ] 7.67%

Writing: [====                                              ] 7.96%

Writing: [=====                                             ] 8.24%

Writing: [=====                                             ] 8.53%

Writing: [=====                                             ] 8.81%

Writing: [=====                                             ] 9.09%

Writing: [=====                                             ] 9.38%

Writing: [=====                                             ] 9.66%

Writing: [=====                                             ] 9.95%

Writing: [======                                            ] 10.23%

Writing: [======                                            ] 10.52%

Writing: [======                                            ] 10.80%

Writing: [======                                            ] 11.08%

Writing: [======                                            ] 11.37%

Writing: [======                                            ] 11.65%

Writing: [======                                            ] 11.94%

Writing: [=======                                           ] 12.22%

Writing: [=======                                           ] 12.51%

Writing: [=======                                           ] 12.79%

Writing: [=======                                           ] 13.07%

Writing: [=======                                           ] 13.36%

Writing: [=======                                           ] 13.64%

Writing: [=======                                           ] 13.93%

Writing: [========                                          ] 14.21%

Writing: [========                                          ] 14.50%

Writing: [========                                          ] 14.78%

Writing: [========                                          ] 15.06%

Writing: [========                                          ] 15.35%

Writing: [========                                          ] 15.63%

Writing: [========                                          ] 15.92%

Writing: [=========                                         ] 16.20%

Writing: [=========                                         ] 16.48%

Writing: [=========                                         ] 16.77%

Writing: [=========                                         ] 17.05%

Writing: [=========                                         ] 17.34%

Writing: [=========                                         ] 17.62%

Writing: [=========                                         ] 17.91%

Writing: [==========                                        ] 18.19%

Writing: [==========                                        ] 18.47%

Writing: [==========                                        ] 18.76%

Writing: [==========                                        ] 19.04%

Writing: [==========                                        ] 19.33%

Writing: [==========                                        ] 19.61%

Writing: [==========                                        ] 19.90%

Writing: [===========                                       ] 20.18%

Writing: [===========                                       ] 20.49%

Writing: [===========                                       ] 20.77%

Writing: [===========                                       ] 21.05%

Writing: [===========                                       ] 21.34%

Writing: [===========                                       ] 21.62%

Writing: [===========                                       ] 21.91%

Writing: [============                                      ] 22.19%

Writing: [============                                      ] 22.47%

Writing: [============                                      ] 22.76%

Writing: [============                                      ] 23.04%

Writing: [============                                      ] 23.33%

Writing: [============                                      ] 23.61%

Writing: [============                                      ] 23.90%

Writing: [=============                                     ] 24.18%

Writing: [=============                                     ] 24.46%

Writing: [=============                                     ] 24.75%

Writing: [=============                                     ] 25.03%

Writing: [=============                                     ] 25.32%

Writing: [=============                                     ] 25.60%

Writing: [=============                                     ] 25.89%

Writing: [==============                                    ] 26.17%

Writing: [==============                                    ] 26.45%

Writing: [==============                                    ] 26.74%

Writing: [==============                                    ] 27.02%

Writing: [==============                                    ] 27.31%

Writing: [==============                                    ] 27.59%

Writing: [==============                                    ] 27.88%

Writing: [===============                                   ] 28.16%

Writing: [===============                                   ] 28.44%

Writing: [===============                                   ] 28.73%

Writing: [===============                                   ] 29.01%

Writing: [===============                                   ] 29.30%

Writing: [===============                                   ] 29.58%

Writing: [===============                                   ] 29.86%

Writing: [================                                  ] 30.15%

Writing: [================                                  ] 30.43%

Writing: [================                                  ] 30.72%

Writing: [================                                  ] 31.00%

Writing: [================                                  ] 31.29%

Writing: [================                                  ] 31.57%

Writing: [================                                  ] 31.85%

Writing: [=================                                 ] 32.14%

Writing: [=================                                 ] 32.42%

Writing: [=================                                 ] 32.71%

Writing: [=================                                 ] 32.99%

Writing: [=================                                 ] 33.28%

Writing: [=================                                 ] 33.56%

Writing: [=================                                 ] 33.84%

Writing: [==================                                ] 34.13%

Writing: [==================                                ] 34.41%

Writing: [==================                                ] 34.70%

Writing: [==================                                ] 34.98%

Writing: [==================                                ] 35.26%

Writing: [==================                                ] 35.55%

Writing: [==================                                ] 35.83%

Writing: [===================                               ] 36.12%

Writing: [===================                               ] 36.40%

Writing: [===================                               ] 36.69%

Writing: [===================                               ] 36.97%

Writing: [===================                               ] 37.25%

Writing: [===================                               ] 37.54%

Writing: [===================                               ] 37.82%

Writing: [====================                              ] 38.11%

Writing: [====================                              ] 38.39%

Writing: [====================                              ] 38.68%

Writing: [====================                              ] 38.96%

Writing: [====================                              ] 39.24%

Writing: [====================                              ] 39.53%

Writing: [====================                              ] 39.81%

Writing: [=====================                             ] 40.10%

Writing: [=====================                             ] 40.38%

Writing: [=====================                             ] 40.66%

Writing: [=====================                             ] 40.95%

Writing: [=====================                             ] 41.23%

Writing: [=====================                             ] 41.52%

Writing: [=====================                             ] 41.80%

Writing: [======================                            ] 42.09%

Writing: [======================                            ] 42.37%

Writing: [======================                            ] 42.65%

Writing: [======================                            ] 42.94%

Writing: [======================                            ] 43.22%

Writing: [======================                            ] 43.51%

Writing: [======================                            ] 43.79%

Writing: [=======================                           ] 44.08%

Writing: [=======================                           ] 44.36%

Writing: [=======================                           ] 44.64%

Writing: [=======================                           ] 44.93%

Writing: [=======================                           ] 45.21%

Writing: [=======================                           ] 45.50%

Writing: [=======================                           ] 45.78%

Writing: [========================                          ] 46.06%

Writing: [========================                          ] 46.35%

Writing: [========================                          ] 46.63%

Writing: [========================                          ] 46.92%

Writing: [========================                          ] 47.20%

Writing: [========================                          ] 47.49%

Writing: [========================                          ] 47.77%

Writing: [=========================                         ] 48.05%

Writing: [=========================                         ] 48.34%

Writing: [=========================                         ] 48.62%

Writing: [=========================                         ] 48.91%

Writing: [=========================                         ] 49.19%

Writing: [=========================                         ] 49.48%

Writing: [=========================                         ] 49.76%

Writing: [==========================                        ] 50.04%

Writing: [==========================                        ] 50.33%

Writing: [==========================                        ] 50.61%

Writing: [==========================                        ] 50.90%

Writing: [==========================                        ] 51.18%

Writing: [==========================                        ] 51.47%

Writing: [==========================                        ] 51.75%

Writing: [===========================                       ] 52.03%

Writing: [===========================                       ] 52.32%

Writing: [===========================                       ] 52.60%

Writing: [===========================                       ] 52.89%

Writing: [===========================                       ] 53.17%

Writing: [===========================                       ] 53.45%

Writing: [===========================                       ] 53.74%

Writing: [============================                      ] 54.02%

Writing: [============================                      ] 54.31%

Writing: [============================                      ] 54.59%

Writing: [============================                      ] 54.88%

Writing: [============================                      ] 55.16%

Writing: [============================                      ] 55.44%

Writing: [============================                      ] 55.73%

Writing: [=============================                     ] 56.01%

Writing: [=============================                     ] 56.30%

Writing: [=============================                     ] 56.58%

Writing: [=============================                     ] 56.87%

Writing: [=============================                     ] 57.15%

Writing: [=============================                     ] 57.43%

Writing: [=============================                     ] 57.72%

Writing: [==============================                    ] 58.00%

Writing: [==============================                    ] 58.29%

Writing: [==============================                    ] 58.57%

Writing: [==============================                    ] 58.85%

Writing: [==============================                    ] 59.14%

Writing: [==============================                    ] 59.42%

Writing: [==============================                    ] 59.71%

Writing: [==============================                    ] 59.99%

Writing: [===============================                   ] 60.28%

Writing: [===============================                   ] 60.56%

Writing: [===============================                   ] 60.84%

Writing: [===============================                   ] 61.13%

Writing: [===============================                   ] 61.41%

Writing: [===============================                   ] 61.70%

Writing: [===============================                   ] 61.98%

Writing: [================================                  ] 62.27%

Writing: [================================                  ] 62.55%

Writing: [================================                  ] 62.83%

Writing: [================================                  ] 63.12%

Writing: [================================                  ] 63.40%

Writing: [================================                  ] 63.69%

Writing: [================================                  ] 63.97%

Writing: [=================================                 ] 64.25%

Writing: [=================================                 ] 64.54%

Writing: [=================================                 ] 64.82%

Writing: [=================================                 ] 65.11%

Writing: [=================================                 ] 65.39%

Writing: [=================================                 ] 65.68%

Writing: [=================================                 ] 65.96%

Writing: [==================================                ] 66.24%

Writing: [==================================                ] 66.53%

Writing: [==================================                ] 66.81%

Writing: [==================================                ] 67.10%

Writing: [==================================                ] 67.38%

Writing: [==================================                ] 67.67%

Writing: [==================================                ] 67.95%

Writing: [===================================               ] 68.23%

Writing: [===================================               ] 68.52%

Writing: [===================================               ] 68.80%

Writing: [===================================               ] 69.09%

Writing: [===================================               ] 69.37%

Writing: [===================================               ] 69.65%

Writing: [===================================               ] 69.94%

Writing: [====================================              ] 70.22%

Writing: [====================================              ] 70.51%

Writing: [====================================              ] 70.79%

Writing: [====================================              ] 71.08%

Writing: [====================================              ] 71.36%

Writing: [====================================              ] 71.64%

Writing: [====================================              ] 71.93%

Writing: [=====================================             ] 72.21%

Writing: [=====================================             ] 72.50%

Writing: [=====================================             ] 72.78%

Writing: [=====================================             ] 73.07%

Writing: [=====================================             ] 73.35%

Writing: [=====================================             ] 73.63%

Writing: [=====================================             ] 73.92%

Writing: [======================================            ] 74.20%

Writing: [======================================            ] 74.49%

Writing: [======================================            ] 74.77%

Writing: [======================================            ] 75.06%

Writing: [======================================            ] 75.34%

Writing: [======================================            ] 75.62%

Writing: [======================================            ] 75.91%

Writing: [=======================================           ] 76.19%

Writing: [=======================================           ] 76.48%

Writing: [=======================================           ] 76.76%

Writing: [=======================================           ] 77.04%

Writing: [=======================================           ] 77.33%

Writing: [=======================================           ] 77.61%

Writing: [=======================================           ] 77.90%

Writing: [========================================          ] 78.18%

Writing: [========================================          ] 78.47%

Writing: [========================================          ] 78.75%

Writing: [========================================          ] 79.03%

Writing: [========================================          ] 79.32%

Writing: [========================================          ] 79.60%

Writing: [========================================          ] 79.89%

Writing: [=========================================         ] 80.17%

Writing: [=========================================         ] 80.46%

Writing: [=========================================         ] 80.74%

Writing: [=========================================         ] 81.02%

Writing: [=========================================         ] 81.31%

Writing: [=========================================         ] 81.59%

Writing: [=========================================         ] 81.88%

Writing: [==========================================        ] 82.16%

Writing: [==========================================        ] 82.44%

Writing: [==========================================        ] 82.73%

Writing: [==========================================        ] 83.01%

Writing: [==========================================        ] 83.30%

Writing: [==========================================        ] 83.58%

Writing: [==========================================        ] 83.87%

Writing: [===========================================       ] 84.15%

Writing: [===========================================       ] 84.43%

Writing: [===========================================       ] 84.72%

Writing: [===========================================       ] 85.00%

Writing: [===========================================       ] 85.29%

Writing: [===========================================       ] 85.57%

Writing: [===========================================       ] 85.86%

Writing: [============================================      ] 86.14%

Writing: [============================================      ] 86.42%

Writing: [============================================      ] 86.71%

Writing: [============================================      ] 86.99%

Writing: [============================================      ] 87.28%

Writing: [============================================      ] 87.56%

Writing: [============================================      ] 87.87%

Writing: [=============================================     ] 88.15%

Writing: [=============================================     ] 88.44%

Writing: [=============================================     ] 88.72%

Writing: [=============================================     ] 89.00%

Writing: [=============================================     ] 89.29%

Writing: [=============================================     ] 89.57%

Writing: [=============================================     ] 89.86%

Writing: [==============================================    ] 90.14%

Writing: [==============================================    ] 90.42%

Writing: [==============================================    ] 90.71%

Writing: [==============================================    ] 90.99%

Writing: [==============================================    ] 91.28%

Writing: [==============================================    ] 91.56%

Writing: [==============================================    ] 91.85%

Writing: [===============================================   ] 92.13%

Writing: [===============================================   ] 92.41%

Writing: [===============================================   ] 92.70%

Writing: [===============================================   ] 92.98%

Writing: [===============================================   ] 93.27%

Writing: [===============================================   ] 93.55%

Writing: [===============================================   ] 93.84%

Writing: [================================================  ] 94.12%

Writing: [================================================  ] 94.40%

Writing: [================================================  ] 94.69%

Writing: [================================================  ] 94.97%

Writing: [================================================  ] 95.26%

Writing: [================================================  ] 95.54%

Writing: [================================================  ] 95.82%

Writing: [================================================= ] 96.11%

Writing: [================================================= ] 96.39%

Writing: [================================================= ] 96.68%

Writing: [================================================= ] 96.96%

Writing: [================================================= ] 97.25%

Writing: [================================================= ] 97.53%

Writing: [================================================= ] 97.81%

Writing: [==================================================] 98.10%

Writing: [==================================================] 98.38%

Writing: [==================================================] 98.67%

Writing: [==================================================] 98.95%

Writing: [==================================================] 99.24%

Writing: [==================================================] 99.52%

Writing: [==================================================] 99.80%

Writing: [==================================================] 100.00%

Done
Verifying first 32 words...
Verification passed for first 32 words
BPI flash programming complete
BPI flash programming complete
