empty
write to flash
Jtag frequency : requested 6.00MHz    -> real 6.00MHz   
Open file DONE
Parse file DONE
Use: /usr/local/share/openFPGALoader/bpiOverJtag_xc7k480tffg1156.bit.gz
load program

Load SRAM: [===================                               ] 37.00%

Load SRAM: [======================================            ] 76.00%

Load SRAM: [==================================================] 100.00%

Done
Shift IR 35
ir: 1 isc_done 1 isc_ena 0 init 1 done 1
Detecting BPI flash...
Intel/Micron flash detected
Manufacturer ID: 0x0089
Device ID: 0x887e
Flash capacity: 64 MB (512 Mbit)
Writing 18735004 bytes to BPI flash at 0x000000
Erasing 72 blocks...
Programming (buffered mode)...

Writing: [=                                                 ] 0.28%

Writing: [=                                                 ] 0.57%

Writing: [=                                                 ] 0.87%

Writing: [=                                                 ] 1.16%

Writing: [=                                                 ] 1.44%

Writing: [=                                                 ] 1.73%

Writing: [==                                                ] 2.01%

Writing: [==                                                ] 2.30%

Writing: [==                                                ] 2.58%

Writing: [==                                                ] 2.86%

Writing: [==                                                ] 3.15%

Writing: [==                                                ] 3.43%

Writing: [==                                                ] 3.72%

Writing: [===                                               ] 4.00%

Writing: [===                                               ] 4.29%

Writing: [===                                               ] 4.57%

Writing: [===                                               ] 4.85%

Writing: [===                                               ] 5.14%

Writing: [===                                               ] 5.42%

Writing: [===                                               ] 5.71%

Writing: [===                                               ] 5.99%

Writing: [====                                              ] 6.27%

Writing: [====                                              ] 6.56%

Writing: [====                                              ] 6.84%

Writing: [====                                              ] 7.13%

Writing: [====                                              ] 7.41%

Writing: [====                                              ] 7.70%

Writing: [====                                              ] 7.98%

Writing: [=====                                             ] 8.26%

Writing: [=====                                             ] 8.55%

Writing: [=====                                             ] 8.83%

Writing: [=====                                             ] 9.12%

Writing: [=====                                             ] 9.40%

Writing: [=====                                             ] 9.69%

Writing: [=====                                             ] 9.97%

Writing: [======                                            ] 10.25%

Writing: [======                                            ] 10.54%

Writing: [======                                            ] 10.82%

Writing: [======                                            ] 11.11%

Writing: [======                                            ] 11.39%

Writing: [======                                            ] 11.67%

Writing: [======                                            ] 11.96%

Writing: [=======                                           ] 12.24%

Writing: [=======                                           ] 12.53%

Writing: [=======                                           ] 12.81%

Writing: [=======                                           ] 13.10%

Writing: [=======                                           ] 13.38%

Writing: [=======                                           ] 13.66%

Writing: [=======                                           ] 13.95%

Writing: [========                                          ] 14.23%

Writing: [========                                          ] 14.52%

Writing: [========                                          ] 14.80%

Writing: [========                                          ] 15.09%

Writing: [========                                          ] 15.37%

Writing: [========                                          ] 15.65%

Writing: [========                                          ] 15.94%

Writing: [=========                                         ] 16.22%

Writing: [=========                                         ] 16.51%

Writing: [=========                                         ] 16.79%

Writing: [=========                                         ] 17.07%

Writing: [=========                                         ] 17.36%

Writing: [=========                                         ] 17.64%

Writing: [=========                                         ] 17.93%

Writing: [==========                                        ] 18.21%

Writing: [==========                                        ] 18.50%

Writing: [==========                                        ] 18.78%

Writing: [==========                                        ] 19.06%

Writing: [==========                                        ] 19.35%

Writing: [==========                                        ] 19.63%

Writing: [==========                                        ] 19.92%

Writing: [===========                                       ] 20.20%

Writing: [===========                                       ] 20.49%

Writing: [===========                                       ] 20.77%

Writing: [===========                                       ] 21.05%

Writing: [===========                                       ] 21.34%

Writing: [===========                                       ] 21.62%

Writing: [===========                                       ] 21.91%

Writing: [============                                      ] 22.19%

Writing: [============                                      ] 22.47%

Writing: [============                                      ] 22.76%

Writing: [============                                      ] 23.04%

Writing: [============                                      ] 23.33%

Writing: [============                                      ] 23.61%

Writing: [============                                      ] 23.90%

Writing: [=============                                     ] 24.18%

Writing: [=============                                     ] 24.46%

Writing: [=============                                     ] 24.75%

Writing: [=============                                     ] 25.03%

Writing: [=============                                     ] 25.32%

Writing: [=============                                     ] 25.60%

Writing: [=============                                     ] 25.89%

Writing: [==============                                    ] 26.17%

Writing: [==============                                    ] 26.45%

Writing: [==============                                    ] 26.74%

Writing: [==============                                    ] 27.02%

Writing: [==============                                    ] 27.31%

Writing: [==============                                    ] 27.59%

Writing: [==============                                    ] 27.88%

Writing: [===============                                   ] 28.16%

Writing: [===============                                   ] 28.44%

Writing: [===============                                   ] 28.73%

Writing: [===============                                   ] 29.01%

Writing: [===============                                   ] 29.30%

Writing: [===============                                   ] 29.58%

Writing: [===============                                   ] 29.86%

Writing: [================                                  ] 30.17%

Writing: [================                                  ] 30.45%

Writing: [================                                  ] 30.74%

Writing: [================                                  ] 31.02%

Writing: [================                                  ] 31.31%

Writing: [================                                  ] 31.59%

Writing: [================                                  ] 31.88%

Writing: [=================                                 ] 32.16%

Writing: [=================                                 ] 32.44%

Writing: [=================                                 ] 32.73%

Writing: [=================                                 ] 33.01%

Writing: [=================                                 ] 33.30%

Writing: [=================                                 ] 33.58%

Writing: [=================                                 ] 33.87%

Writing: [==================                                ] 34.15%

Writing: [==================                                ] 34.43%

Writing: [==================                                ] 34.72%

Writing: [==================                                ] 35.02%

Writing: [==================                                ] 35.31%

Writing: [==================                                ] 35.59%

Writing: [==================                                ] 35.88%

Writing: [===================                               ] 36.16%

Writing: [===================                               ] 36.45%

Writing: [===================                               ] 36.73%

Writing: [===================                               ] 37.01%

Writing: [===================                               ] 37.30%

Writing: [===================                               ] 37.58%

Writing: [===================                               ] 37.87%

Writing: [====================                              ] 38.15%

Writing: [====================                              ] 38.43%

Writing: [====================                              ] 38.72%

Writing: [====================                              ] 39.00%

Writing: [====================                              ] 39.29%

Writing: [====================                              ] 39.57%

Writing: [====================                              ] 39.86%

Writing: [=====================                             ] 40.14%

Writing: [=====================                             ] 40.42%

Writing: [=====================                             ] 40.71%

Writing: [=====================                             ] 40.99%

Writing: [=====================                             ] 41.28%

Writing: [=====================                             ] 41.56%

Writing: [=====================                             ] 41.85%

Writing: [======================                            ] 42.13%

Writing: [======================                            ] 42.41%

Writing: [======================                            ] 42.70%

Writing: [======================                            ] 42.98%

Writing: [======================                            ] 43.27%

Writing: [======================                            ] 43.55%

Writing: [======================                            ] 43.83%

Writing: [=======================                           ] 44.12%

Writing: [=======================                           ] 44.40%

Writing: [=======================                           ] 44.69%

Writing: [=======================                           ] 44.97%

Writing: [=======================                           ] 45.26%

Writing: [=======================                           ] 45.54%

Writing: [=======================                           ] 45.82%

Writing: [========================                          ] 46.11%

Writing: [========================                          ] 46.39%

Writing: [========================                          ] 46.68%

Writing: [========================                          ] 46.96%

Writing: [========================                          ] 47.25%

Writing: [========================                          ] 47.53%

Writing: [========================                          ] 47.81%

Writing: [=========================                         ] 48.10%

Writing: [=========================                         ] 48.38%

Writing: [=========================                         ] 48.67%

Writing: [=========================                         ] 48.95%

Writing: [=========================                         ] 49.24%

Writing: [=========================                         ] 49.52%

Writing: [=========================                         ] 49.80%

Writing: [==========================                        ] 50.09%

Writing: [==========================                        ] 50.37%

Writing: [==========================                        ] 50.66%

Writing: [==========================                        ] 50.94%

Writing: [==========================                        ] 51.22%

Writing: [==========================                        ] 51.51%

Writing: [==========================                        ] 51.79%

Writing: [===========================                       ] 52.08%

Writing: [===========================                       ] 52.36%

Writing: [===========================                       ] 52.65%

Writing: [===========================                       ] 52.93%

Writing: [===========================                       ] 53.21%

Writing: [===========================                       ] 53.50%

Writing: [===========================                       ] 53.80%

Writing: [============================                      ] 54.09%

Writing: [============================                      ] 54.37%

Writing: [============================                      ] 54.66%

Writing: [============================                      ] 54.94%

Writing: [============================                      ] 55.23%

Writing: [============================                      ] 55.51%

Writing: [============================                      ] 55.79%

Writing: [=============================                     ] 56.08%

Writing: [=============================                     ] 56.36%

Writing: [=============================                     ] 56.65%

Writing: [=============================                     ] 56.93%

Writing: [=============================                     ] 57.21%

Writing: [=============================                     ] 57.50%

Writing: [=============================                     ] 57.78%

Writing: [==============================                    ] 58.07%

Writing: [==============================                    ] 58.35%

Writing: [==============================                    ] 58.64%

Writing: [==============================                    ] 58.92%

Writing: [==============================                    ] 59.20%

Writing: [==============================                    ] 59.49%

Writing: [==============================                    ] 59.77%

Writing: [===============================                   ] 60.06%

Writing: [===============================                   ] 60.34%

Writing: [===============================                   ] 60.63%

Writing: [===============================                   ] 60.91%

Writing: [===============================                   ] 61.19%

Writing: [===============================                   ] 61.48%

Writing: [===============================                   ] 61.76%

Writing: [================================                  ] 62.07%

Writing: [================================                  ] 62.35%

Writing: [================================                  ] 62.64%

Writing: [================================                  ] 62.92%

Writing: [================================                  ] 63.21%

Writing: [================================                  ] 63.49%

Writing: [================================                  ] 63.77%

Writing: [=================================                 ] 64.06%

Writing: [=================================                 ] 64.34%

Writing: [=================================                 ] 64.63%

Writing: [=================================                 ] 64.91%

Writing: [=================================                 ] 65.19%

Writing: [=================================                 ] 65.48%

Writing: [=================================                 ] 65.76%

Writing: [==================================                ] 66.05%

Writing: [==================================                ] 66.33%

Writing: [==================================                ] 66.62%

Writing: [==================================                ] 66.90%

Writing: [==================================                ] 67.18%

Writing: [==================================                ] 67.47%

Writing: [==================================                ] 67.75%

Writing: [===================================               ] 68.04%

Writing: [===================================               ] 68.32%

Writing: [===================================               ] 68.61%

Writing: [===================================               ] 68.89%

Writing: [===================================               ] 69.17%

Writing: [===================================               ] 69.46%

Writing: [===================================               ] 69.74%

Writing: [====================================              ] 70.03%

Writing: [====================================              ] 70.31%

Writing: [====================================              ] 70.60%

Writing: [====================================              ] 70.88%

Writing: [====================================              ] 71.16%

Writing: [====================================              ] 71.45%

Writing: [====================================              ] 71.73%

Writing: [=====================================             ] 72.02%

Writing: [=====================================             ] 72.30%

Writing: [=====================================             ] 72.58%

Writing: [=====================================             ] 72.87%

Writing: [=====================================             ] 73.15%

Writing: [=====================================             ] 73.44%

Writing: [=====================================             ] 73.72%

Writing: [======================================            ] 74.01%

Writing: [======================================            ] 74.29%

Writing: [======================================            ] 74.57%

Writing: [======================================            ] 74.86%

Writing: [======================================            ] 75.14%

Writing: [======================================            ] 75.43%

Writing: [======================================            ] 75.71%

Writing: [======================================            ] 76.00%

Writing: [=======================================           ] 76.28%

Writing: [=======================================           ] 76.56%

Writing: [=======================================           ] 76.85%

Writing: [=======================================           ] 77.13%

Writing: [=======================================           ] 77.42%

Writing: [=======================================           ] 77.72%

Writing: [========================================          ] 78.01%

Writing: [========================================          ] 78.29%

Writing: [========================================          ] 78.57%

Writing: [========================================          ] 78.86%

Writing: [========================================          ] 79.17%

Writing: [========================================          ] 79.45%

Writing: [========================================          ] 79.73%

Writing: [=========================================         ] 80.02%

Writing: [=========================================         ] 80.30%

Writing: [=========================================         ] 80.59%

Writing: [=========================================         ] 80.87%

Writing: [=========================================         ] 81.15%

Writing: [=========================================         ] 81.44%

Writing: [=========================================         ] 81.72%

Writing: [==========================================        ] 82.01%

Writing: [==========================================        ] 82.31%

Writing: [==========================================        ] 82.60%

Writing: [==========================================        ] 82.90%

Writing: [==========================================        ] 83.19%

Writing: [==========================================        ] 83.47%

Writing: [==========================================        ] 83.78%

Writing: [===========================================       ] 84.06%

Writing: [===========================================       ] 84.35%

Writing: [===========================================       ] 84.63%

Writing: [===========================================       ] 84.92%

Writing: [===========================================       ] 85.20%

Writing: [===========================================       ] 85.48%

Writing: [===========================================       ] 85.77%

Writing: [============================================      ] 86.05%

Writing: [============================================      ] 86.34%

Writing: [============================================      ] 86.62%

Writing: [============================================      ] 86.90%

Writing: [============================================      ] 87.19%

Writing: [============================================      ] 87.47%

Writing: [============================================      ] 87.76%

Writing: [=============================================     ] 88.04%

Writing: [=============================================     ] 88.33%

Writing: [=============================================     ] 88.61%

Writing: [=============================================     ] 88.89%

Writing: [=============================================     ] 89.18%

Writing: [=============================================     ] 89.46%

Writing: [=============================================     ] 89.75%

Writing: [==============================================    ] 90.03%

Writing: [==============================================    ] 90.32%

Writing: [==============================================    ] 90.60%

Writing: [==============================================    ] 90.88%

Writing: [==============================================    ] 91.17%

Writing: [==============================================    ] 91.45%

Writing: [==============================================    ] 91.74%

Writing: [===============================================   ] 92.02%

Writing: [===============================================   ] 92.30%

Writing: [===============================================   ] 92.59%

Writing: [===============================================   ] 92.87%

Writing: [===============================================   ] 93.16%

Writing: [===============================================   ] 93.44%

Writing: [===============================================   ] 93.73%

Writing: [================================================  ] 94.01%

Writing: [================================================  ] 94.29%

Writing: [================================================  ] 94.58%

Writing: [================================================  ] 94.86%

Writing: [================================================  ] 95.15%

Writing: [================================================  ] 95.43%

Writing: [================================================  ] 95.72%

Writing: [================================================  ] 96.00%

Writing: [================================================= ] 96.28%

Writing: [================================================= ] 96.57%

Writing: [================================================= ] 96.85%

Writing: [================================================= ] 97.14%

Writing: [================================================= ] 97.42%

Writing: [================================================= ] 97.70%

Writing: [================================================= ] 97.99%

Writing: [==================================================] 98.27%

Writing: [==================================================] 98.56%

Writing: [==================================================] 98.84%

Writing: [==================================================] 99.13%

Writing: [==================================================] 99.41%

Writing: [==================================================] 99.69%

Writing: [==================================================] 99.98%

Writing: [==================================================] 100.00%

Done
Verifying first 32 words...
Verification passed for first 32 words
BPI flash programming complete
BPI flash programming complete
