empty
write to flash
Jtag frequency : requested 6.00MHz    -> real 6.00MHz   
Open file DONE
Parse file DONE
Use: /usr/local/share/openFPGALoader/bpiOverJtag_xc7k480tffg1156.bit.gz
load program

Load SRAM: [===================                               ] 37.00%

Load SRAM: [======================================            ] 76.00%

Load SRAM: [==================================================] 100.00%

Done
Shift IR 35
ir: 1 isc_done 1 isc_ena 0 init 1 done 1
Detecting BPI flash...
Intel/Micron flash detected
Manufacturer ID: 0x0089
Device ID: 0x887e
Flash capacity: 64 MB (512 Mbit)
Writing 18735004 bytes to BPI flash at 0x000000
Erasing 72 blocks...
Programming (buffered mode)...

Writing: [=                                                 ] 0.28%

Writing: [=                                                 ] 0.57%

Writing: [=                                                 ] 0.85%

Writing: [=                                                 ] 1.14%

Writing: [=                                                 ] 1.42%

Writing: [=                                                 ] 1.71%

Writing: [=                                                 ] 1.97%

Writing: [==                                                ] 2.25%

Writing: [==                                                ] 2.54%

Writing: [==                                                ] 2.80%

Writing: [==                                                ] 3.06%

Writing: [==                                                ] 3.32%

Writing: [==                                                ] 3.59%

Writing: [==                                                ] 3.87%

Writing: [===                                               ] 4.15%

Writing: [===                                               ] 4.42%

Writing: [===                                               ] 4.68%

Writing: [===                                               ] 4.94%

Writing: [===                                               ] 5.23%

Writing: [===                                               ] 5.49%

Writing: [===                                               ] 5.75%

Writing: [====                                              ] 6.01%

Writing: [====                                              ] 6.27%

Writing: [====                                              ] 6.56%

Writing: [====                                              ] 6.82%

Writing: [====                                              ] 7.08%

Writing: [====                                              ] 7.35%

Writing: [====                                              ] 7.63%

Writing: [====                                              ] 7.89%

Writing: [=====                                             ] 8.15%

Writing: [=====                                             ] 8.44%

Writing: [=====                                             ] 8.72%

Writing: [=====                                             ] 9.01%

Writing: [=====                                             ] 9.29%

Writing: [=====                                             ] 9.58%

Writing: [=====                                             ] 9.86%

Writing: [======                                            ] 10.14%

Writing: [======                                            ] 10.43%

Writing: [======                                            ] 10.71%

Writing: [======                                            ] 11.00%

Writing: [======                                            ] 11.26%

Writing: [======                                            ] 11.52%

Writing: [======                                            ] 11.78%

Writing: [=======                                           ] 12.05%

Writing: [=======                                           ] 12.31%

Writing: [=======                                           ] 12.59%

Writing: [=======                                           ] 12.88%

Writing: [=======                                           ] 13.14%

Writing: [=======                                           ] 13.42%

Writing: [=======                                           ] 13.71%

Writing: [=======                                           ] 13.99%

Writing: [========                                          ] 14.28%

Writing: [========                                          ] 14.54%

Writing: [========                                          ] 14.80%

Writing: [========                                          ] 15.06%

Writing: [========                                          ] 15.33%

Writing: [========                                          ] 15.61%

Writing: [========                                          ] 15.87%

Writing: [=========                                         ] 16.13%

Writing: [=========                                         ] 16.42%

Writing: [=========                                         ] 16.70%

Writing: [=========                                         ] 16.99%

Writing: [=========                                         ] 17.25%

Writing: [=========                                         ] 17.51%

Writing: [=========                                         ] 17.80%

Writing: [==========                                        ] 18.06%

Writing: [==========                                        ] 18.34%

Writing: [==========                                        ] 18.61%

Writing: [==========                                        ] 18.89%

Writing: [==========                                        ] 19.17%

Writing: [==========                                        ] 19.46%

Writing: [==========                                        ] 19.74%

Writing: [===========                                       ] 20.03%

Writing: [===========                                       ] 20.31%

Writing: [===========                                       ] 20.59%

Writing: [===========                                       ] 20.88%

Writing: [===========                                       ] 21.14%

Writing: [===========                                       ] 21.43%

Writing: [===========                                       ] 21.71%

Writing: [===========                                       ] 21.99%

Writing: [============                                      ] 22.26%

Writing: [============                                      ] 22.54%

Writing: [============                                      ] 22.82%

Writing: [============                                      ] 23.11%

Writing: [============                                      ] 23.37%

Writing: [============                                      ] 23.66%

Writing: [============                                      ] 23.92%

Writing: [=============                                     ] 24.18%

Writing: [=============                                     ] 24.46%

Writing: [=============                                     ] 24.75%

Writing: [=============                                     ] 25.01%

Writing: [=============                                     ] 25.27%

Writing: [=============                                     ] 25.54%

Writing: [=============                                     ] 25.82%

Writing: [==============                                    ] 26.08%

Writing: [==============                                    ] 26.34%

Writing: [==============                                    ] 26.63%

Writing: [==============                                    ] 26.91%

Writing: [==============                                    ] 27.20%

Writing: [==============                                    ] 27.48%

Writing: [==============                                    ] 27.79%

Writing: [===============                                   ] 28.07%

Writing: [===============                                   ] 28.33%

Writing: [===============                                   ] 28.62%

Writing: [===============                                   ] 28.90%

Writing: [===============                                   ] 29.19%

Writing: [===============                                   ] 29.47%

Writing: [===============                                   ] 29.76%

Writing: [================                                  ] 30.04%

Writing: [================                                  ] 30.30%

Writing: [================                                  ] 30.59%

Writing: [================                                  ] 30.85%

Writing: [================                                  ] 31.13%

Writing: [================                                  ] 31.42%

Writing: [================                                  ] 31.70%

Writing: [================                                  ] 31.96%

Writing: [=================                                 ] 32.23%

Writing: [=================                                 ] 32.49%

Writing: [=================                                 ] 32.77%

Writing: [=================                                 ] 33.03%

Writing: [=================                                 ] 33.32%

Writing: [=================                                 ] 33.60%

Writing: [=================                                 ] 33.89%

Writing: [==================                                ] 34.15%

Writing: [==================                                ] 34.43%

Writing: [==================                                ] 34.70%

Writing: [==================                                ] 34.96%

Writing: [==================                                ] 35.22%

Writing: [==================                                ] 35.48%

Writing: [==================                                ] 35.77%

Writing: [===================                               ] 36.05%

Writing: [===================                               ] 36.31%

Writing: [===================                               ] 36.60%

Writing: [===================                               ] 36.88%

Writing: [===================                               ] 37.17%

Writing: [===================                               ] 37.45%

Writing: [===================                               ] 37.74%

Writing: [====================                              ] 38.02%

Writing: [====================                              ] 38.30%

Writing: [====================                              ] 38.59%

Writing: [====================                              ] 38.87%

Writing: [====================                              ] 39.16%

Writing: [====================                              ] 39.42%

Writing: [====================                              ] 39.70%

Writing: [====================                              ] 39.99%

Writing: [=====================                             ] 40.27%

Writing: [=====================                             ] 40.53%

Writing: [=====================                             ] 40.80%

Writing: [=====================                             ] 41.06%

Writing: [=====================                             ] 41.34%

Writing: [=====================                             ] 41.60%

Writing: [=====================                             ] 41.87%

Writing: [======================                            ] 42.13%

Writing: [======================                            ] 42.39%

Writing: [======================                            ] 42.65%

Writing: [======================                            ] 42.94%

Writing: [======================                            ] 43.22%

Writing: [======================                            ] 43.51%

Writing: [======================                            ] 43.77%

Writing: [=======================                           ] 44.03%

Writing: [=======================                           ] 44.29%

Writing: [=======================                           ] 44.58%

Writing: [=======================                           ] 44.84%

Writing: [=======================                           ] 45.10%

Writing: [=======================                           ] 45.39%

Writing: [=======================                           ] 45.65%

Writing: [=======================                           ] 45.93%

Writing: [========================                          ] 46.22%

Writing: [========================                          ] 46.50%

Writing: [========================                          ] 46.76%

Writing: [========================                          ] 47.05%

Writing: [========================                          ] 47.31%

Writing: [========================                          ] 47.60%

Writing: [========================                          ] 47.86%

Writing: [=========================                         ] 48.14%

Writing: [=========================                         ] 48.43%

Writing: [=========================                         ] 48.71%

Writing: [=========================                         ] 48.99%

Writing: [=========================                         ] 49.28%

Writing: [=========================                         ] 49.56%

Writing: [=========================                         ] 49.85%

Writing: [==========================                        ] 50.13%

Writing: [==========================                        ] 50.39%

Writing: [==========================                        ] 50.66%

Writing: [==========================                        ] 50.92%

Writing: [==========================                        ] 51.20%

Writing: [==========================                        ] 51.47%

Writing: [==========================                        ] 51.73%

Writing: [===========================                       ] 52.01%

Writing: [===========================                       ] 52.27%

Writing: [===========================                       ] 52.54%

Writing: [===========================                       ] 52.80%

Writing: [===========================                       ] 53.06%

Writing: [===========================                       ] 53.35%

Writing: [===========================                       ] 53.61%

Writing: [===========================                       ] 53.89%

Writing: [============================                      ] 54.18%

Writing: [============================                      ] 54.46%

Writing: [============================                      ] 54.74%

Writing: [============================                      ] 55.03%

Writing: [============================                      ] 55.31%

Writing: [============================                      ] 55.60%

Writing: [============================                      ] 55.86%

Writing: [=============================                     ] 56.12%

Writing: [=============================                     ] 56.41%

Writing: [=============================                     ] 56.69%

Writing: [=============================                     ] 56.95%

Writing: [=============================                     ] 57.21%

Writing: [=============================                     ] 57.50%

Writing: [=============================                     ] 57.78%

Writing: [==============================                    ] 58.07%

Writing: [==============================                    ] 58.35%

Writing: [==============================                    ] 58.61%

Writing: [==============================                    ] 58.88%

Writing: [==============================                    ] 59.14%

Writing: [==============================                    ] 59.42%

Writing: [==============================                    ] 59.69%

Writing: [==============================                    ] 59.95%

Writing: [===============================                   ] 60.21%

Writing: [===============================                   ] 60.47%

Writing: [===============================                   ] 60.76%

Writing: [===============================                   ] 61.02%

Writing: [===============================                   ] 61.28%

Writing: [===============================                   ] 61.57%

Writing: [===============================                   ] 61.85%

Writing: [================================                  ] 62.11%

Writing: [================================                  ] 62.37%

Writing: [================================                  ] 62.66%

Writing: [================================                  ] 62.92%

Writing: [================================                  ] 63.18%

Writing: [================================                  ] 63.47%

Writing: [================================                  ] 63.75%

Writing: [=================================                 ] 64.04%

Writing: [=================================                 ] 64.30%

Writing: [=================================                 ] 64.56%

Writing: [=================================                 ] 64.85%

Writing: [=================================                 ] 65.11%

Writing: [=================================                 ] 65.39%

Writing: [=================================                 ] 65.68%

Writing: [=================================                 ] 65.96%

Writing: [==================================                ] 66.24%

Writing: [==================================                ] 66.53%

Writing: [==================================                ] 66.81%

Writing: [==================================                ] 67.10%

Writing: [==================================                ] 67.38%

Writing: [==================================                ] 67.67%

Writing: [==================================                ] 67.95%

Writing: [===================================               ] 68.21%

Writing: [===================================               ] 68.50%

Writing: [===================================               ] 68.78%

Writing: [===================================               ] 69.06%

Writing: [===================================               ] 69.35%

Writing: [===================================               ] 69.61%

Writing: [===================================               ] 69.87%

Writing: [====================================              ] 70.14%

Writing: [====================================              ] 70.42%

Writing: [====================================              ] 70.68%

Writing: [====================================              ] 70.94%

Writing: [====================================              ] 71.21%

Writing: [====================================              ] 71.49%

Writing: [====================================              ] 71.75%

Writing: [=====================================             ] 72.04%

Writing: [=====================================             ] 72.32%

Writing: [=====================================             ] 72.61%

Writing: [=====================================             ] 72.89%

Writing: [=====================================             ] 73.17%

Writing: [=====================================             ] 73.44%

Writing: [=====================================             ] 73.72%

Writing: [======================================            ] 74.01%

Writing: [======================================            ] 74.29%

Writing: [======================================            ] 74.55%

Writing: [======================================            ] 74.84%

Writing: [======================================            ] 75.12%

Writing: [======================================            ] 75.40%

Writing: [======================================            ] 75.69%

Writing: [======================================            ] 75.97%

Writing: [=======================================           ] 76.26%

Writing: [=======================================           ] 76.54%

Writing: [=======================================           ] 76.83%

Writing: [=======================================           ] 77.11%

Writing: [=======================================           ] 77.42%

Writing: [=======================================           ] 77.68%

Writing: [=======================================           ] 77.96%

Writing: [========================================          ] 78.23%

Writing: [========================================          ] 78.51%

Writing: [========================================          ] 78.77%

Writing: [========================================          ] 79.03%

Writing: [========================================          ] 79.30%

Writing: [========================================          ] 79.56%

Writing: [========================================          ] 79.82%

Writing: [=========================================         ] 80.08%

Writing: [=========================================         ] 80.37%

Writing: [=========================================         ] 80.63%

Writing: [=========================================         ] 80.91%

Writing: [=========================================         ] 81.18%

Writing: [=========================================         ] 81.46%

Writing: [=========================================         ] 81.75%

Writing: [==========================================        ] 82.03%

Writing: [==========================================        ] 82.31%

Writing: [==========================================        ] 82.60%

Writing: [==========================================        ] 82.86%

Writing: [==========================================        ] 83.14%

Writing: [==========================================        ] 83.41%

Writing: [==========================================        ] 83.69%

Writing: [==========================================        ] 83.98%

Writing: [===========================================       ] 84.26%

Writing: [===========================================       ] 84.54%

Writing: [===========================================       ] 84.85%

Writing: [===========================================       ] 85.13%

Writing: [===========================================       ] 85.42%

Writing: [===========================================       ] 85.68%

Writing: [===========================================       ] 85.96%

Writing: [============================================      ] 86.25%

Writing: [============================================      ] 86.53%

Writing: [============================================      ] 86.82%

Writing: [============================================      ] 87.10%

Writing: [============================================      ] 87.39%

Writing: [============================================      ] 87.67%

Writing: [============================================      ] 87.95%

Writing: [=============================================     ] 88.24%

Writing: [=============================================     ] 88.50%

Writing: [=============================================     ] 88.76%

Writing: [=============================================     ] 89.05%

Writing: [=============================================     ] 89.33%

Writing: [=============================================     ] 89.62%

Writing: [=============================================     ] 89.90%

Writing: [==============================================    ] 90.16%

Writing: [==============================================    ] 90.45%

Writing: [==============================================    ] 90.73%

Writing: [==============================================    ] 90.99%

Writing: [==============================================    ] 91.28%

Writing: [==============================================    ] 91.56%

Writing: [==============================================    ] 91.82%

Writing: [===============================================   ] 92.09%

Writing: [===============================================   ] 92.35%

Writing: [===============================================   ] 92.63%

Writing: [===============================================   ] 92.92%

Writing: [===============================================   ] 93.20%

Writing: [===============================================   ] 93.46%

Writing: [===============================================   ] 93.75%

Writing: [================================================  ] 94.03%

Writing: [================================================  ] 94.32%

Writing: [================================================  ] 94.60%

Writing: [================================================  ] 94.88%

Writing: [================================================  ] 95.17%

Writing: [================================================  ] 95.45%

Writing: [================================================  ] 95.74%

Writing: [================================================= ] 96.02%

Writing: [================================================= ] 96.31%

Writing: [================================================= ] 96.57%

Writing: [================================================= ] 96.85%

Writing: [================================================= ] 97.14%

Writing: [================================================= ] 97.40%

Writing: [================================================= ] 97.68%

Writing: [================================================= ] 97.97%

Writing: [==================================================] 98.23%

Writing: [==================================================] 98.49%

Writing: [==================================================] 98.75%

Writing: [==================================================] 99.02%

Writing: [==================================================] 99.30%

Writing: [==================================================] 99.59%

Writing: [==================================================] 99.87%

Writing: [==================================================] 100.00%

Done
Verifying first 32 words...
Verification passed for first 32 words
BPI flash programming complete
BPI flash programming complete
