Copyright 1986-2022 Xilinx, Inc. All Rights Reserved. Copyright 2022-2026 Advanced Micro Devices, Inc. All Rights Reserved.
---------------------------------------------------------------------------------------------------------------------------------------------
| Tool Version : Vivado v.2025.2.1 (lin64) Build 6403652 Thu Mar 19 13:47:00 MDT 2026
| Date         : Mon May 25 11:13:56 2026
| Host         : roland-XPS-9320 running 64-bit Ubuntu 24.04.4 LTS
| Command      : report_timing_summary -file /home/roland/LLM2FPGA/artifacts/task6/vivado-pcie-y26-lane0-oracle/timing_summary.rpt
| Design       : pcie_7x_top_aximm_ypcb_480t
| Device       : 7k480t-ffg1156
| Speed File   : -2  PRODUCTION 1.12 2017-02-17
| Design State : Routed
---------------------------------------------------------------------------------------------------------------------------------------------

Timing Summary Report

------------------------------------------------------------------------------------------------
| Timer Settings
| --------------
------------------------------------------------------------------------------------------------

  Enable Multi Corner Analysis               :  Yes
  Enable Pessimism Removal                   :  Yes
  Pessimism Removal Resolution               :  Nearest Common Node
  Enable Input Delay Default Clock           :  No
  Enable Preset / Clear Arcs                 :  No
  Disable Flight Delays                      :  No
  Ignore I/O Paths                           :  No
  Timing Early Launch at Borrowing Latches   :  No
  Borrow Time for Max Delay Exceptions       :  Yes
  Merge Timing Exceptions                    :  Yes
  Inter-SLR Compensation                     :  Conservative

  Corner  Analyze    Analyze    
  Name    Max Paths  Min Paths  
  ------  ---------  ---------  
  Slow    Yes        Yes        
  Fast    Yes        Yes        


------------------------------------------------------------------------------------------------
| Report Methodology
| ------------------
------------------------------------------------------------------------------------------------

No report available as report_methodology has not been run prior. Run report_methodology on the current design for the summary of methodology violations.



check_timing report

Table of Contents
-----------------
1. checking no_clock (92)
2. checking constant_clock (0)
3. checking pulse_width_clock (0)
4. checking unconstrained_internal_endpoints (199)
5. checking no_input_delay (1)
6. checking no_output_delay (0)
7. checking multiple_clock (0)
8. checking generated_clocks (0)
9. checking loops (0)
10. checking partial_input_delay (0)
11. checking partial_output_delay (0)
12. checking latch_loops (0)

1. checking no_clock (92)
-------------------------
 There are 92 register/latch pins with no clock driven by root clock pin: pcie_7x_top_aximm_i/pcie_7x_i/gt_wrapper_gtx.pipe_wrapper_i/gtxe2_channel_i/TXOUTCLK (HIGH)


2. checking constant_clock (0)
------------------------------
 There are 0 register/latch pins with constant_clock.


3. checking pulse_width_clock (0)
---------------------------------
 There are 0 register/latch pins which need pulse_width check


4. checking unconstrained_internal_endpoints (199)
--------------------------------------------------
 There are 199 pins that are not constrained for maximum delay. (HIGH)

 There are 0 pins that are not constrained for maximum delay due to constant clock.


5. checking no_input_delay (1)
------------------------------
 There is 1 input port with no input delay specified. (HIGH)

 There are 0 input ports with no input delay but user has a false path constraint.


6. checking no_output_delay (0)
-------------------------------
 There are 0 ports with no output delay specified.

 There are 0 ports with no output delay but user has a false path constraint

 There are 0 ports with no output delay but with a timing clock defined on it or propagating through it


7. checking multiple_clock (0)
------------------------------
 There are 0 register/latch pins with multiple clocks.


8. checking generated_clocks (0)
--------------------------------
 There are 0 generated clocks that are not connected to a clock source.


9. checking loops (0)
---------------------
 There are 0 combinational loops in the design.


10. checking partial_input_delay (0)
------------------------------------
 There are 0 input ports with partial input delay specified.


11. checking partial_output_delay (0)
-------------------------------------
 There are 0 ports with partial output delay specified.


12. checking latch_loops (0)
----------------------------
 There are 0 combinational latch loops in the design through latch input



------------------------------------------------------------------------------------------------
| Design Timing Summary
| ---------------------
------------------------------------------------------------------------------------------------

    WNS(ns)      TNS(ns)  TNS Failing Endpoints  TNS Total Endpoints      WHS(ns)      THS(ns)  THS Failing Endpoints  THS Total Endpoints     WPWS(ns)     TPWS(ns)  TPWS Failing Endpoints  TPWS Total Endpoints  
    -------      -------  ---------------------  -------------------      -------      -------  ---------------------  -------------------     --------     --------  ----------------------  --------------------  
     12.010        0.000                      0                 3175        0.031        0.000                      0                 3175        0.549        0.000                       0                   766  


All user specified timing constraints are met.


------------------------------------------------------------------------------------------------
| Clock Summary
| -------------
------------------------------------------------------------------------------------------------

Clock                     Waveform(ns)       Period(ns)      Frequency(MHz)
-----                     ------------       ----------      --------------
pcie_100mhz_refin         {0.000 5.000}      10.000          100.000         
pcie_62d5mhz_user1_user2  {0.000 8.000}      16.000          62.500          


------------------------------------------------------------------------------------------------
| Intra Clock Table
| -----------------
------------------------------------------------------------------------------------------------

Clock                         WNS(ns)      TNS(ns)  TNS Failing Endpoints  TNS Total Endpoints      WHS(ns)      THS(ns)  THS Failing Endpoints  THS Total Endpoints     WPWS(ns)     TPWS(ns)  TPWS Failing Endpoints  TPWS Total Endpoints  
-----                         -------      -------  ---------------------  -------------------      -------      -------  ---------------------  -------------------     --------     --------  ----------------------  --------------------  
pcie_100mhz_refin                                                                                                                                                           8.462        0.000                       0                     2  
pcie_62d5mhz_user1_user2       12.010        0.000                      0                 3087        0.031        0.000                      0                 3087        0.549        0.000                       0                   764  


------------------------------------------------------------------------------------------------
| Inter Clock Table
| -----------------
------------------------------------------------------------------------------------------------

From Clock    To Clock          WNS(ns)      TNS(ns)  TNS Failing Endpoints  TNS Total Endpoints      WHS(ns)      THS(ns)  THS Failing Endpoints  THS Total Endpoints  
----------    --------          -------      -------  ---------------------  -------------------      -------      -------  ---------------------  -------------------  


------------------------------------------------------------------------------------------------
| Other Path Groups Table
| -----------------------
------------------------------------------------------------------------------------------------

Path Group                From Clock                To Clock                      WNS(ns)      TNS(ns)  TNS Failing Endpoints  TNS Total Endpoints      WHS(ns)      THS(ns)  THS Failing Endpoints  THS Total Endpoints  
----------                ----------                --------                      -------      -------  ---------------------  -------------------      -------      -------  ---------------------  -------------------  
**async_default**         pcie_62d5mhz_user1_user2  pcie_62d5mhz_user1_user2       13.382        0.000                      0                   88        0.327        0.000                      0                   88  


------------------------------------------------------------------------------------------------
| Timing Details
| --------------
------------------------------------------------------------------------------------------------


---------------------------------------------------------------------------------------------------
From Clock:  pcie_100mhz_refin
  To Clock:  pcie_100mhz_refin

Setup :           NA  Failing Endpoints,  Worst Slack           NA  ,  Total Violation           NA
Hold  :           NA  Failing Endpoints,  Worst Slack           NA  ,  Total Violation           NA
PW    :            0  Failing Endpoints,  Worst Slack        8.462ns,  Total Violation        0.000ns
---------------------------------------------------------------------------------------------------


Pulse Width Checks
--------------------------------------------------------------------------------------
Clock Name:         pcie_100mhz_refin
Waveform(ns):       { 0.000 5.000 }
Period(ns):         10.000
Sources:            { pcie_7x_top_aximm_i/refclk_ibuf/O }

Check Type  Corner  Lib Pin                  Reference Pin  Required(ns)  Actual(ns)  Slack(ns)  Location             Pin
Min Period  n/a     GTXE2_CHANNEL/GTREFCLK0  n/a            1.538         10.000      8.462      GTXE2_CHANNEL_X0Y23  pcie_7x_top_aximm_i/pcie_7x_i/gt_wrapper_gtx.pipe_wrapper_i/gtxe2_channel_i/GTREFCLK0



---------------------------------------------------------------------------------------------------
From Clock:  pcie_62d5mhz_user1_user2
  To Clock:  pcie_62d5mhz_user1_user2

Setup :            0  Failing Endpoints,  Worst Slack       12.010ns,  Total Violation        0.000ns
Hold  :            0  Failing Endpoints,  Worst Slack        0.031ns,  Total Violation        0.000ns
PW    :            0  Failing Endpoints,  Worst Slack        0.549ns,  Total Violation        0.000ns
---------------------------------------------------------------------------------------------------


Max Delay Paths
--------------------------------------------------------------------------------------
Slack (MET) :             12.010ns  (required time - arrival time)
  Source:                 pcie_7x_top_aximm_i/axis_pcie_to_al_us_inst/state_reg[2]/C
                            (rising edge-triggered cell FDRE clocked by pcie_62d5mhz_user1_user2  {rise@0.000ns fall@8.000ns period=16.000ns})
  Destination:            pcie_7x_top_aximm_i/axis_pcie_to_al_us_inst/m_al_wdata_reg[13]/CE
                            (rising edge-triggered cell FDRE clocked by pcie_62d5mhz_user1_user2  {rise@0.000ns fall@8.000ns period=16.000ns})
  Path Group:             pcie_62d5mhz_user1_user2
  Path Type:              Setup (Max at Slow Process Corner)
  Requirement:            16.000ns  (pcie_62d5mhz_user1_user2 rise@16.000ns - pcie_62d5mhz_user1_user2 rise@0.000ns)
  Data Path Delay:        3.655ns  (logic 0.431ns (11.791%)  route 3.224ns (88.209%))
  Logic Levels:           4  (LUT2=1 LUT6=3)
  Clock Path Skew:        -0.055ns (DCD - SCD + CPR)
    Destination Clock Delay (DCD):    2.721ns = ( 18.721 - 16.000 ) 
    Source Clock Delay      (SCD):    2.990ns
    Clock Pessimism Removal (CPR):    0.214ns
  Clock Uncertainty:      0.079ns  ((TSJ^2 + DJ^2)^1/2) / 2 + PE
    Total System Jitter     (TSJ):    0.071ns
    Discrete Jitter          (DJ):    0.141ns
    Phase Error              (PE):    0.000ns

    Location             Delay type                Incr(ns)  Path(ns)    Netlist Resource(s)
  -------------------------------------------------------------------    -------------------
                         (clock pcie_62d5mhz_user1_user2 rise edge)
                                                      0.000     0.000 r  
    MMCME2_ADV_X0Y3      MMCME2_ADV                   0.000     0.000 r  pcie_7x_top_aximm_i/pcie_7x_i/in_module_mmcm.pipe_clock_i/mmcm_i/CLKOUT2
                         net (fo=1, routed)           1.529     1.529    pcie_7x_top_aximm_i/pcie_7x_i/in_module_mmcm.pipe_clock_i/userclk1
    BUFGCTRL_X0Y0        BUFG (Prop_bufg_I_O)         0.093     1.622 r  pcie_7x_top_aximm_i/pcie_7x_i/in_module_mmcm.pipe_clock_i/userclk1_i1.usrclk1_i1/O
                         net (fo=762, routed)         1.368     2.990    pcie_7x_top_aximm_i/axis_pcie_to_al_us_inst/user_clk
    SLICE_X176Y208       FDRE                                         r  pcie_7x_top_aximm_i/axis_pcie_to_al_us_inst/state_reg[2]/C
  -------------------------------------------------------------------    -------------------
    SLICE_X176Y208       FDRE (Prop_fdre_C_Q)         0.259     3.249 r  pcie_7x_top_aximm_i/axis_pcie_to_al_us_inst/state_reg[2]/Q
                         net (fo=57, routed)          1.117     4.366    pcie_7x_top_aximm_i/axis_pcie_to_al_us_inst/state_reg_n_0_[2]
    SLICE_X168Y211       LUT6 (Prop_lut6_I2_O)        0.043     4.409 f  pcie_7x_top_aximm_i/axis_pcie_to_al_us_inst/trn_rdst_rdy_i_5/O
                         net (fo=2, routed)           0.363     4.772    pcie_7x_top_aximm_i/axis_pcie_to_al_us_inst/trn_rdst_rdy_i_5_n_0
    SLICE_X168Y211       LUT6 (Prop_lut6_I2_O)        0.043     4.815 f  pcie_7x_top_aximm_i/axis_pcie_to_al_us_inst/m_al_waddr[9]_i_3/O
                         net (fo=2, routed)           0.410     5.225    pcie_7x_top_aximm_i/axis_pcie_to_al_us_inst/m_al_waddr[9]_i_3_n_0
    SLICE_X169Y208       LUT6 (Prop_lut6_I3_O)        0.043     5.268 r  pcie_7x_top_aximm_i/axis_pcie_to_al_us_inst/m_al_wdata[31]_i_3/O
                         net (fo=2, routed)           0.349     5.617    pcie_7x_top_aximm_i/axis_pcie_to_al_us_inst/m_al_wdata[31]_i_3_n_0
    SLICE_X169Y209       LUT2 (Prop_lut2_I0_O)        0.043     5.660 r  pcie_7x_top_aximm_i/axis_pcie_to_al_us_inst/m_al_wdata[31]_i_1/O
                         net (fo=32, routed)          0.985     6.645    pcie_7x_top_aximm_i/axis_pcie_to_al_us_inst/m_al_wdata[31]_i_1_n_0
    SLICE_X184Y217       FDRE                                         r  pcie_7x_top_aximm_i/axis_pcie_to_al_us_inst/m_al_wdata_reg[13]/CE
  -------------------------------------------------------------------    -------------------

                         (clock pcie_62d5mhz_user1_user2 rise edge)
                                                     16.000    16.000 r  
    MMCME2_ADV_X0Y3      MMCME2_ADV                   0.000    16.000 r  pcie_7x_top_aximm_i/pcie_7x_i/in_module_mmcm.pipe_clock_i/mmcm_i/CLKOUT2
                         net (fo=1, routed)           1.418    17.418    pcie_7x_top_aximm_i/pcie_7x_i/in_module_mmcm.pipe_clock_i/userclk1
    BUFGCTRL_X0Y0        BUFG (Prop_bufg_I_O)         0.083    17.501 r  pcie_7x_top_aximm_i/pcie_7x_i/in_module_mmcm.pipe_clock_i/userclk1_i1.usrclk1_i1/O
                         net (fo=762, routed)         1.220    18.721    pcie_7x_top_aximm_i/axis_pcie_to_al_us_inst/user_clk
    SLICE_X184Y217       FDRE                                         r  pcie_7x_top_aximm_i/axis_pcie_to_al_us_inst/m_al_wdata_reg[13]/C
                         clock pessimism              0.214    18.935    
                         clock uncertainty           -0.079    18.856    
    SLICE_X184Y217       FDRE (Setup_fdre_C_CE)      -0.201    18.655    pcie_7x_top_aximm_i/axis_pcie_to_al_us_inst/m_al_wdata_reg[13]
  -------------------------------------------------------------------
                         required time                         18.655    
                         arrival time                          -6.645    
  -------------------------------------------------------------------
                         slack                                 12.010    





Min Delay Paths
--------------------------------------------------------------------------------------
Slack (MET) :             0.031ns  (arrival time - required time)
  Source:                 pcie_7x_top_aximm_i/pcie_7x_i/pcie_block_inst/pcie_2_1_block/USERCLK
                            (rising edge-triggered cell PCIE_2_1 clocked by pcie_62d5mhz_user1_user2  {rise@0.000ns fall@8.000ns period=16.000ns})
  Destination:            pcie_7x_top_aximm_i/pcie_7x_i/pcie_block_inst/pcie_brams_rx/ram_reg_1/ADDRARDADDR[13]
                            (rising edge-triggered cell RAMB36E1 clocked by pcie_62d5mhz_user1_user2  {rise@0.000ns fall@8.000ns period=16.000ns})
  Path Group:             pcie_62d5mhz_user1_user2
  Path Type:              Hold (Min at Fast Process Corner)
  Requirement:            0.000ns  (pcie_62d5mhz_user1_user2 rise@0.000ns - pcie_62d5mhz_user1_user2 rise@0.000ns)
  Data Path Delay:        0.269ns  (logic 0.013ns (4.829%)  route 0.256ns (95.171%))
  Logic Levels:           0  
  Clock Path Skew:        0.055ns (DCD - SCD - CPR)
    Destination Clock Delay (DCD):    1.553ns
    Source Clock Delay      (SCD):    1.258ns
    Clock Pessimism Removal (CPR):    0.240ns

    Location             Delay type                Incr(ns)  Path(ns)    Netlist Resource(s)
  -------------------------------------------------------------------    -------------------
                         (clock pcie_62d5mhz_user1_user2 rise edge)
                                                      0.000     0.000 r  
    MMCME2_ADV_X0Y3      MMCME2_ADV                   0.000     0.000 r  pcie_7x_top_aximm_i/pcie_7x_i/in_module_mmcm.pipe_clock_i/mmcm_i/CLKOUT2
                         net (fo=1, routed)           0.612     0.612    pcie_7x_top_aximm_i/pcie_7x_i/in_module_mmcm.pipe_clock_i/userclk1
    BUFGCTRL_X0Y0        BUFG (Prop_bufg_I_O)         0.026     0.638 r  pcie_7x_top_aximm_i/pcie_7x_i/in_module_mmcm.pipe_clock_i/userclk1_i1.usrclk1_i1/O
                         net (fo=762, routed)         0.620     1.258    pcie_7x_top_aximm_i/pcie_7x_i/pcie_block_inst/trn_tcfg_req_d_reg
    PCIE_X0Y0            PCIE_2_1                                     r  pcie_7x_top_aximm_i/pcie_7x_i/pcie_block_inst/pcie_2_1_block/USERCLK
  -------------------------------------------------------------------    -------------------
    PCIE_X0Y0            PCIE_2_1 (Prop_pcie_2_1_USERCLK_MIMRXWADDR[8])
                                                      0.013     1.271 r  pcie_7x_top_aximm_i/pcie_7x_i/pcie_block_inst/pcie_2_1_block/MIMRXWADDR[8]
                         net (fo=2, routed)           0.256     1.527    pcie_7x_top_aximm_i/pcie_7x_i/pcie_block_inst/pcie_brams_rx/waddr[8]
    RAMB36_X10Y43        RAMB36E1                                     r  pcie_7x_top_aximm_i/pcie_7x_i/pcie_block_inst/pcie_brams_rx/ram_reg_1/ADDRARDADDR[13]
  -------------------------------------------------------------------    -------------------

                         (clock pcie_62d5mhz_user1_user2 rise edge)
                                                      0.000     0.000 r  
    MMCME2_ADV_X0Y3      MMCME2_ADV                   0.000     0.000 r  pcie_7x_top_aximm_i/pcie_7x_i/in_module_mmcm.pipe_clock_i/mmcm_i/CLKOUT2
                         net (fo=1, routed)           0.675     0.675    pcie_7x_top_aximm_i/pcie_7x_i/in_module_mmcm.pipe_clock_i/userclk1
    BUFGCTRL_X0Y0        BUFG (Prop_bufg_I_O)         0.030     0.705 r  pcie_7x_top_aximm_i/pcie_7x_i/in_module_mmcm.pipe_clock_i/userclk1_i1.usrclk1_i1/O
                         net (fo=762, routed)         0.848     1.553    pcie_7x_top_aximm_i/pcie_7x_i/pcie_block_inst/pcie_brams_rx/ram_reg_1_0
    RAMB36_X10Y43        RAMB36E1                                     r  pcie_7x_top_aximm_i/pcie_7x_i/pcie_block_inst/pcie_brams_rx/ram_reg_1/CLKARDCLK
                         clock pessimism             -0.240     1.313    
    RAMB36_X10Y43        RAMB36E1 (Hold_ramb36e1_CLKARDCLK_ADDRARDADDR[13])
                                                      0.183     1.496    pcie_7x_top_aximm_i/pcie_7x_i/pcie_block_inst/pcie_brams_rx/ram_reg_1
  -------------------------------------------------------------------
                         required time                         -1.496    
                         arrival time                           1.527    
  -------------------------------------------------------------------
                         slack                                  0.031    





Pulse Width Checks
--------------------------------------------------------------------------------------
Clock Name:         pcie_62d5mhz_user1_user2
Waveform(ns):       { 0.000 8.000 }
Period(ns):         16.000
Sources:            { pcie_7x_top_aximm_i/pcie_7x_i/in_module_mmcm.pipe_clock_i/mmcm_i/CLKOUT2 }

Check Type        Corner  Lib Pin             Reference Pin      Required(ns)  Actual(ns)  Slack(ns)  Location         Pin
Min Period        n/a     PCIE_2_1/USERCLK2   n/a                4.000         16.000      12.000     PCIE_X0Y0        pcie_7x_top_aximm_i/pcie_7x_i/pcie_block_inst/pcie_2_1_block/USERCLK2
Max Period        n/a     MMCME2_ADV/CLKOUT2  n/a                213.360       16.000      197.360    MMCME2_ADV_X0Y3  pcie_7x_top_aximm_i/pcie_7x_i/in_module_mmcm.pipe_clock_i/mmcm_i/CLKOUT2
Low Pulse Width   Slow    RAMD64E/CLK         n/a                0.768         8.000       7.232      SLICE_X176Y219   pcie_7x_top_aximm_i/axil_minimum_inst/mem_reg_0_63_0_2/RAMA/CLK
High Pulse Width  Slow    RAMD64E/CLK         n/a                0.768         8.000       7.232      SLICE_X176Y219   pcie_7x_top_aximm_i/axil_minimum_inst/mem_reg_0_63_0_2/RAMA/CLK
Max Skew          Fast    PCIE_2_1/USERCLK    PCIE_2_1/USERCLK2  0.560         0.011       0.549      PCIE_X0Y0        pcie_7x_top_aximm_i/pcie_7x_i/pcie_block_inst/pcie_2_1_block/USERCLK



---------------------------------------------------------------------------------------------------
Path Group:  **async_default**
From Clock:  pcie_62d5mhz_user1_user2
  To Clock:  pcie_62d5mhz_user1_user2

Setup :            0  Failing Endpoints,  Worst Slack       13.382ns,  Total Violation        0.000ns
Hold  :            0  Failing Endpoints,  Worst Slack        0.327ns,  Total Violation        0.000ns
---------------------------------------------------------------------------------------------------


Max Delay Paths
--------------------------------------------------------------------------------------
Slack (MET) :             13.382ns  (required time - arrival time)
  Source:                 pcie_7x_top_aximm_i/user_reset_q_reg/C
                            (rising edge-triggered cell FDRE clocked by pcie_62d5mhz_user1_user2  {rise@0.000ns fall@8.000ns period=16.000ns})
  Destination:            pcie_7x_top_aximm_i/axil_to_al_inst/m_al_rdata_reg[10]/CLR
                            (recovery check against rising-edge clock pcie_62d5mhz_user1_user2  {rise@0.000ns fall@8.000ns period=16.000ns})
  Path Group:             **async_default**
  Path Type:              Recovery (Max at Slow Process Corner)
  Requirement:            16.000ns  (pcie_62d5mhz_user1_user2 rise@16.000ns - pcie_62d5mhz_user1_user2 rise@0.000ns)
  Data Path Delay:        2.196ns  (logic 0.204ns (9.291%)  route 1.992ns (90.709%))
  Logic Levels:           0  
  Clock Path Skew:        -0.048ns (DCD - SCD + CPR)
    Destination Clock Delay (DCD):    2.718ns = ( 18.718 - 16.000 ) 
    Source Clock Delay      (SCD):    2.980ns
    Clock Pessimism Removal (CPR):    0.214ns
  Clock Uncertainty:      0.079ns  ((TSJ^2 + DJ^2)^1/2) / 2 + PE
    Total System Jitter     (TSJ):    0.071ns
    Discrete Jitter          (DJ):    0.141ns
    Phase Error              (PE):    0.000ns

    Location             Delay type                Incr(ns)  Path(ns)    Netlist Resource(s)
  -------------------------------------------------------------------    -------------------
                         (clock pcie_62d5mhz_user1_user2 rise edge)
                                                      0.000     0.000 r  
    MMCME2_ADV_X0Y3      MMCME2_ADV                   0.000     0.000 r  pcie_7x_top_aximm_i/pcie_7x_i/in_module_mmcm.pipe_clock_i/mmcm_i/CLKOUT2
                         net (fo=1, routed)           1.529     1.529    pcie_7x_top_aximm_i/pcie_7x_i/in_module_mmcm.pipe_clock_i/userclk1
    BUFGCTRL_X0Y0        BUFG (Prop_bufg_I_O)         0.093     1.622 r  pcie_7x_top_aximm_i/pcie_7x_i/in_module_mmcm.pipe_clock_i/userclk1_i1.usrclk1_i1/O
                         net (fo=762, routed)         1.358     2.980    pcie_7x_top_aximm_i/user_clk
    SLICE_X167Y215       FDRE                                         r  pcie_7x_top_aximm_i/user_reset_q_reg/C
  -------------------------------------------------------------------    -------------------
    SLICE_X167Y215       FDRE (Prop_fdre_C_Q)         0.204     3.184 f  pcie_7x_top_aximm_i/user_reset_q_reg/Q
                         net (fo=123, routed)         1.992     5.176    pcie_7x_top_aximm_i/axil_to_al_inst/user_reset_q
    SLICE_X179Y220       FDCE                                         f  pcie_7x_top_aximm_i/axil_to_al_inst/m_al_rdata_reg[10]/CLR
  -------------------------------------------------------------------    -------------------

                         (clock pcie_62d5mhz_user1_user2 rise edge)
                                                     16.000    16.000 r  
    MMCME2_ADV_X0Y3      MMCME2_ADV                   0.000    16.000 r  pcie_7x_top_aximm_i/pcie_7x_i/in_module_mmcm.pipe_clock_i/mmcm_i/CLKOUT2
                         net (fo=1, routed)           1.418    17.418    pcie_7x_top_aximm_i/pcie_7x_i/in_module_mmcm.pipe_clock_i/userclk1
    BUFGCTRL_X0Y0        BUFG (Prop_bufg_I_O)         0.083    17.501 r  pcie_7x_top_aximm_i/pcie_7x_i/in_module_mmcm.pipe_clock_i/userclk1_i1.usrclk1_i1/O
                         net (fo=762, routed)         1.217    18.718    pcie_7x_top_aximm_i/axil_to_al_inst/user_clk
    SLICE_X179Y220       FDCE                                         r  pcie_7x_top_aximm_i/axil_to_al_inst/m_al_rdata_reg[10]/C
                         clock pessimism              0.214    18.932    
                         clock uncertainty           -0.079    18.853    
    SLICE_X179Y220       FDCE (Recov_fdce_C_CLR)     -0.295    18.558    pcie_7x_top_aximm_i/axil_to_al_inst/m_al_rdata_reg[10]
  -------------------------------------------------------------------
                         required time                         18.558    
                         arrival time                          -5.176    
  -------------------------------------------------------------------
                         slack                                 13.382    





Min Delay Paths
--------------------------------------------------------------------------------------
Slack (MET) :             0.327ns  (arrival time - required time)
  Source:                 pcie_7x_top_aximm_i/user_reset_q_reg/C
                            (rising edge-triggered cell FDRE clocked by pcie_62d5mhz_user1_user2  {rise@0.000ns fall@8.000ns period=16.000ns})
  Destination:            pcie_7x_top_aximm_i/axil_to_al_inst/m_al_rdata_reg[16]/CLR
                            (removal check against rising-edge clock pcie_62d5mhz_user1_user2  {rise@0.000ns fall@8.000ns period=16.000ns})
  Path Group:             **async_default**
  Path Type:              Removal (Min at Fast Process Corner)
  Requirement:            0.000ns  (pcie_62d5mhz_user1_user2 rise@0.000ns - pcie_62d5mhz_user1_user2 rise@0.000ns)
  Data Path Delay:        0.249ns  (logic 0.091ns (36.612%)  route 0.158ns (63.388%))
  Logic Levels:           0  
  Clock Path Skew:        0.010ns (DCD - SCD - CPR)
    Destination Clock Delay (DCD):    1.524ns
    Source Clock Delay      (SCD):    1.253ns
    Clock Pessimism Removal (CPR):    0.261ns

    Location             Delay type                Incr(ns)  Path(ns)    Netlist Resource(s)
  -------------------------------------------------------------------    -------------------
                         (clock pcie_62d5mhz_user1_user2 rise edge)
                                                      0.000     0.000 r  
    MMCME2_ADV_X0Y3      MMCME2_ADV                   0.000     0.000 r  pcie_7x_top_aximm_i/pcie_7x_i/in_module_mmcm.pipe_clock_i/mmcm_i/CLKOUT2
                         net (fo=1, routed)           0.612     0.612    pcie_7x_top_aximm_i/pcie_7x_i/in_module_mmcm.pipe_clock_i/userclk1
    BUFGCTRL_X0Y0        BUFG (Prop_bufg_I_O)         0.026     0.638 r  pcie_7x_top_aximm_i/pcie_7x_i/in_module_mmcm.pipe_clock_i/userclk1_i1.usrclk1_i1/O
                         net (fo=762, routed)         0.615     1.253    pcie_7x_top_aximm_i/user_clk
    SLICE_X167Y215       FDRE                                         r  pcie_7x_top_aximm_i/user_reset_q_reg/C
  -------------------------------------------------------------------    -------------------
    SLICE_X167Y215       FDRE (Prop_fdre_C_Q)         0.091     1.344 f  pcie_7x_top_aximm_i/user_reset_q_reg/Q
                         net (fo=123, routed)         0.158     1.502    pcie_7x_top_aximm_i/axil_to_al_inst/user_reset_q
    SLICE_X166Y217       FDCE                                         f  pcie_7x_top_aximm_i/axil_to_al_inst/m_al_rdata_reg[16]/CLR
  -------------------------------------------------------------------    -------------------

                         (clock pcie_62d5mhz_user1_user2 rise edge)
                                                      0.000     0.000 r  
    MMCME2_ADV_X0Y3      MMCME2_ADV                   0.000     0.000 r  pcie_7x_top_aximm_i/pcie_7x_i/in_module_mmcm.pipe_clock_i/mmcm_i/CLKOUT2
                         net (fo=1, routed)           0.675     0.675    pcie_7x_top_aximm_i/pcie_7x_i/in_module_mmcm.pipe_clock_i/userclk1
    BUFGCTRL_X0Y0        BUFG (Prop_bufg_I_O)         0.030     0.705 r  pcie_7x_top_aximm_i/pcie_7x_i/in_module_mmcm.pipe_clock_i/userclk1_i1.usrclk1_i1/O
                         net (fo=762, routed)         0.819     1.524    pcie_7x_top_aximm_i/axil_to_al_inst/user_clk
    SLICE_X166Y217       FDCE                                         r  pcie_7x_top_aximm_i/axil_to_al_inst/m_al_rdata_reg[16]/C
                         clock pessimism             -0.261     1.263    
    SLICE_X166Y217       FDCE (Remov_fdce_C_CLR)     -0.088     1.175    pcie_7x_top_aximm_i/axil_to_al_inst/m_al_rdata_reg[16]
  -------------------------------------------------------------------
                         required time                         -1.175    
                         arrival time                           1.502    
  -------------------------------------------------------------------
                         slack                                  0.327    





