empty
write to flash
Jtag frequency : requested 6.00MHz    -> real 6.00MHz   
Open file DONE
Parse file DONE
Use: /usr/local/share/openFPGALoader/bpiOverJtag_xc7k480tffg1156.bit.gz
load program

Load SRAM: [===================                               ] 37.00%

Load SRAM: [======================================            ] 76.00%

Load SRAM: [==================================================] 100.00%

Done
Shift IR 35
ir: 1 isc_done 1 isc_ena 0 init 1 done 1
Detecting BPI flash...
Intel/Micron flash detected
Manufacturer ID: 0x0089
Device ID: 0x887e
Flash capacity: 64 MB (512 Mbit)
Writing 18735004 bytes to BPI flash at 0x000000
Erasing 72 blocks...
Programming (buffered mode)...

Writing: [=                                                 ] 0.28%

Writing: [=                                                 ] 0.57%

Writing: [=                                                 ] 0.85%

Writing: [=                                                 ] 1.14%

Writing: [=                                                 ] 1.42%

Writing: [=                                                 ] 1.71%

Writing: [=                                                 ] 1.99%

Writing: [==                                                ] 2.27%

Writing: [==                                                ] 2.56%

Writing: [==                                                ] 2.84%

Writing: [==                                                ] 3.13%

Writing: [==                                                ] 3.41%

Writing: [==                                                ] 3.69%

Writing: [==                                                ] 3.98%

Writing: [===                                               ] 4.26%

Writing: [===                                               ] 4.55%

Writing: [===                                               ] 4.83%

Writing: [===                                               ] 5.12%

Writing: [===                                               ] 5.40%

Writing: [===                                               ] 5.68%

Writing: [===                                               ] 5.97%

Writing: [====                                              ] 6.25%

Writing: [====                                              ] 6.54%

Writing: [====                                              ] 6.82%

Writing: [====                                              ] 7.11%

Writing: [====                                              ] 7.39%

Writing: [====                                              ] 7.67%

Writing: [====                                              ] 7.96%

Writing: [=====                                             ] 8.24%

Writing: [=====                                             ] 8.53%

Writing: [=====                                             ] 8.81%

Writing: [=====                                             ] 9.09%

Writing: [=====                                             ] 9.38%

Writing: [=====                                             ] 9.66%

Writing: [=====                                             ] 9.95%

Writing: [======                                            ] 10.23%

Writing: [======                                            ] 10.52%

Writing: [======                                            ] 10.80%

Writing: [======                                            ] 11.08%

Writing: [======                                            ] 11.37%

Writing: [======                                            ] 11.65%

Writing: [======                                            ] 11.94%

Writing: [=======                                           ] 12.22%

Writing: [=======                                           ] 12.51%

Writing: [=======                                           ] 12.79%

Writing: [=======                                           ] 13.07%

Writing: [=======                                           ] 13.36%

Writing: [=======                                           ] 13.64%

Writing: [=======                                           ] 13.93%

Writing: [========                                          ] 14.21%

Writing: [========                                          ] 14.50%

Writing: [========                                          ] 14.78%

Writing: [========                                          ] 15.06%

Writing: [========                                          ] 15.35%

Writing: [========                                          ] 15.65%

Writing: [========                                          ] 15.94%

Writing: [=========                                         ] 16.22%

Writing: [=========                                         ] 16.51%

Writing: [=========                                         ] 16.79%

Writing: [=========                                         ] 17.07%

Writing: [=========                                         ] 17.36%

Writing: [=========                                         ] 17.64%

Writing: [=========                                         ] 17.93%

Writing: [==========                                        ] 18.21%

Writing: [==========                                        ] 18.50%

Writing: [==========                                        ] 18.78%

Writing: [==========                                        ] 19.06%

Writing: [==========                                        ] 19.35%

Writing: [==========                                        ] 19.63%

Writing: [==========                                        ] 19.92%

Writing: [===========                                       ] 20.22%

Writing: [===========                                       ] 20.51%

Writing: [===========                                       ] 20.79%

Writing: [===========                                       ] 21.08%

Writing: [===========                                       ] 21.36%

Writing: [===========                                       ] 21.64%

Writing: [===========                                       ] 21.93%

Writing: [============                                      ] 22.21%

Writing: [============                                      ] 22.50%

Writing: [============                                      ] 22.78%

Writing: [============                                      ] 23.07%

Writing: [============                                      ] 23.35%

Writing: [============                                      ] 23.63%

Writing: [============                                      ] 23.92%

Writing: [=============                                     ] 24.20%

Writing: [=============                                     ] 24.49%

Writing: [=============                                     ] 24.79%

Writing: [=============                                     ] 25.08%

Writing: [=============                                     ] 25.36%

Writing: [=============                                     ] 25.65%

Writing: [=============                                     ] 25.93%

Writing: [==============                                    ] 26.21%

Writing: [==============                                    ] 26.50%

Writing: [==============                                    ] 26.78%

Writing: [==============                                    ] 27.07%

Writing: [==============                                    ] 27.35%

Writing: [==============                                    ] 27.63%

Writing: [==============                                    ] 27.92%

Writing: [===============                                   ] 28.20%

Writing: [===============                                   ] 28.49%

Writing: [===============                                   ] 28.77%

Writing: [===============                                   ] 29.06%

Writing: [===============                                   ] 29.34%

Writing: [===============                                   ] 29.62%

Writing: [===============                                   ] 29.91%

Writing: [================                                  ] 30.19%

Writing: [================                                  ] 30.48%

Writing: [================                                  ] 30.76%

Writing: [================                                  ] 31.05%

Writing: [================                                  ] 31.33%

Writing: [================                                  ] 31.61%

Writing: [================                                  ] 31.90%

Writing: [=================                                 ] 32.18%

Writing: [=================                                 ] 32.47%

Writing: [=================                                 ] 32.75%

Writing: [=================                                 ] 33.03%

Writing: [=================                                 ] 33.32%

Writing: [=================                                 ] 33.60%

Writing: [=================                                 ] 33.89%

Writing: [==================                                ] 34.17%

Writing: [==================                                ] 34.46%

Writing: [==================                                ] 34.74%

Writing: [==================                                ] 35.02%

Writing: [==================                                ] 35.31%

Writing: [==================                                ] 35.59%

Writing: [==================                                ] 35.88%

Writing: [===================                               ] 36.16%

Writing: [===================                               ] 36.45%

Writing: [===================                               ] 36.73%

Writing: [===================                               ] 37.01%

Writing: [===================                               ] 37.30%

Writing: [===================                               ] 37.58%

Writing: [===================                               ] 37.87%

Writing: [====================                              ] 38.15%

Writing: [====================                              ] 38.43%

Writing: [====================                              ] 38.72%

Writing: [====================                              ] 39.00%

Writing: [====================                              ] 39.29%

Writing: [====================                              ] 39.57%

Writing: [====================                              ] 39.86%

Writing: [=====================                             ] 40.14%

Writing: [=====================                             ] 40.42%

Writing: [=====================                             ] 40.71%

Writing: [=====================                             ] 40.99%

Writing: [=====================                             ] 41.28%

Writing: [=====================                             ] 41.56%

Writing: [=====================                             ] 41.85%

Writing: [======================                            ] 42.13%

Writing: [======================                            ] 42.41%

Writing: [======================                            ] 42.70%

Writing: [======================                            ] 42.98%

Writing: [======================                            ] 43.27%

Writing: [======================                            ] 43.55%

Writing: [======================                            ] 43.83%

Writing: [=======================                           ] 44.12%

Writing: [=======================                           ] 44.40%

Writing: [=======================                           ] 44.69%

Writing: [=======================                           ] 44.97%

Writing: [=======================                           ] 45.26%

Writing: [=======================                           ] 45.54%

Writing: [=======================                           ] 45.82%

Writing: [========================                          ] 46.11%

Writing: [========================                          ] 46.39%

Writing: [========================                          ] 46.68%

Writing: [========================                          ] 46.96%

Writing: [========================                          ] 47.25%

Writing: [========================                          ] 47.53%

Writing: [========================                          ] 47.81%

Writing: [=========================                         ] 48.10%

Writing: [=========================                         ] 48.38%

Writing: [=========================                         ] 48.67%

Writing: [=========================                         ] 48.95%

Writing: [=========================                         ] 49.24%

Writing: [=========================                         ] 49.52%

Writing: [=========================                         ] 49.80%

Writing: [==========================                        ] 50.09%

Writing: [==========================                        ] 50.37%

Writing: [==========================                        ] 50.66%

Writing: [==========================                        ] 50.94%

Writing: [==========================                        ] 51.22%

Writing: [==========================                        ] 51.51%

Writing: [==========================                        ] 51.79%

Writing: [===========================                       ] 52.08%

Writing: [===========================                       ] 52.36%

Writing: [===========================                       ] 52.65%

Writing: [===========================                       ] 52.93%

Writing: [===========================                       ] 53.21%

Writing: [===========================                       ] 53.50%

Writing: [===========================                       ] 53.78%

Writing: [============================                      ] 54.07%

Writing: [============================                      ] 54.35%

Writing: [============================                      ] 54.64%

Writing: [============================                      ] 54.92%

Writing: [============================                      ] 55.20%

Writing: [============================                      ] 55.49%

Writing: [============================                      ] 55.77%

Writing: [=============================                     ] 56.06%

Writing: [=============================                     ] 56.34%

Writing: [=============================                     ] 56.62%

Writing: [=============================                     ] 56.91%

Writing: [=============================                     ] 57.19%

Writing: [=============================                     ] 57.48%

Writing: [=============================                     ] 57.76%

Writing: [==============================                    ] 58.05%

Writing: [==============================                    ] 58.33%

Writing: [==============================                    ] 58.61%

Writing: [==============================                    ] 58.90%

Writing: [==============================                    ] 59.18%

Writing: [==============================                    ] 59.47%

Writing: [==============================                    ] 59.75%

Writing: [===============================                   ] 60.04%

Writing: [===============================                   ] 60.32%

Writing: [===============================                   ] 60.60%

Writing: [===============================                   ] 60.89%

Writing: [===============================                   ] 61.17%

Writing: [===============================                   ] 61.46%

Writing: [===============================                   ] 61.74%

Writing: [================================                  ] 62.02%

Writing: [================================                  ] 62.31%

Writing: [================================                  ] 62.59%

Writing: [================================                  ] 62.88%

Writing: [================================                  ] 63.16%

Writing: [================================                  ] 63.45%

Writing: [================================                  ] 63.73%

Writing: [=================================                 ] 64.01%

Writing: [=================================                 ] 64.30%

Writing: [=================================                 ] 64.58%

Writing: [=================================                 ] 64.87%

Writing: [=================================                 ] 65.15%

Writing: [=================================                 ] 65.44%

Writing: [=================================                 ] 65.72%

Writing: [==================================                ] 66.00%

Writing: [==================================                ] 66.29%

Writing: [==================================                ] 66.57%

Writing: [==================================                ] 66.86%

Writing: [==================================                ] 67.14%

Writing: [==================================                ] 67.42%

Writing: [==================================                ] 67.71%

Writing: [==================================                ] 67.99%

Writing: [===================================               ] 68.28%

Writing: [===================================               ] 68.56%

Writing: [===================================               ] 68.85%

Writing: [===================================               ] 69.13%

Writing: [===================================               ] 69.41%

Writing: [===================================               ] 69.70%

Writing: [===================================               ] 69.98%

Writing: [====================================              ] 70.27%

Writing: [====================================              ] 70.55%

Writing: [====================================              ] 70.84%

Writing: [====================================              ] 71.12%

Writing: [====================================              ] 71.40%

Writing: [====================================              ] 71.69%

Writing: [====================================              ] 71.97%

Writing: [=====================================             ] 72.26%

Writing: [=====================================             ] 72.54%

Writing: [=====================================             ] 72.83%

Writing: [=====================================             ] 73.11%

Writing: [=====================================             ] 73.39%

Writing: [=====================================             ] 73.68%

Writing: [=====================================             ] 73.96%

Writing: [======================================            ] 74.25%

Writing: [======================================            ] 74.53%

Writing: [======================================            ] 74.81%

Writing: [======================================            ] 75.10%

Writing: [======================================            ] 75.38%

Writing: [======================================            ] 75.67%

Writing: [======================================            ] 75.95%

Writing: [=======================================           ] 76.24%

Writing: [=======================================           ] 76.52%

Writing: [=======================================           ] 76.80%

Writing: [=======================================           ] 77.09%

Writing: [=======================================           ] 77.37%

Writing: [=======================================           ] 77.66%

Writing: [=======================================           ] 77.94%

Writing: [========================================          ] 78.23%

Writing: [========================================          ] 78.51%

Writing: [========================================          ] 78.79%

Writing: [========================================          ] 79.08%

Writing: [========================================          ] 79.36%

Writing: [========================================          ] 79.65%

Writing: [========================================          ] 79.93%

Writing: [=========================================         ] 80.21%

Writing: [=========================================         ] 80.50%

Writing: [=========================================         ] 80.78%

Writing: [=========================================         ] 81.07%

Writing: [=========================================         ] 81.35%

Writing: [=========================================         ] 81.64%

Writing: [=========================================         ] 81.92%

Writing: [==========================================        ] 82.20%

Writing: [==========================================        ] 82.49%

Writing: [==========================================        ] 82.77%

Writing: [==========================================        ] 83.06%

Writing: [==========================================        ] 83.34%

Writing: [==========================================        ] 83.63%

Writing: [==========================================        ] 83.91%

Writing: [===========================================       ] 84.19%

Writing: [===========================================       ] 84.48%

Writing: [===========================================       ] 84.76%

Writing: [===========================================       ] 85.05%

Writing: [===========================================       ] 85.33%

Writing: [===========================================       ] 85.61%

Writing: [===========================================       ] 85.90%

Writing: [============================================      ] 86.18%

Writing: [============================================      ] 86.47%

Writing: [============================================      ] 86.75%

Writing: [============================================      ] 87.04%

Writing: [============================================      ] 87.32%

Writing: [============================================      ] 87.60%

Writing: [============================================      ] 87.89%

Writing: [=============================================     ] 88.17%

Writing: [=============================================     ] 88.46%

Writing: [=============================================     ] 88.74%

Writing: [=============================================     ] 89.03%

Writing: [=============================================     ] 89.31%

Writing: [=============================================     ] 89.59%

Writing: [=============================================     ] 89.88%

Writing: [==============================================    ] 90.16%

Writing: [==============================================    ] 90.45%

Writing: [==============================================    ] 90.73%

Writing: [==============================================    ] 91.01%

Writing: [==============================================    ] 91.30%

Writing: [==============================================    ] 91.58%

Writing: [==============================================    ] 91.87%

Writing: [===============================================   ] 92.15%

Writing: [===============================================   ] 92.44%

Writing: [===============================================   ] 92.72%

Writing: [===============================================   ] 93.00%

Writing: [===============================================   ] 93.29%

Writing: [===============================================   ] 93.57%

Writing: [===============================================   ] 93.86%

Writing: [================================================  ] 94.14%

Writing: [================================================  ] 94.43%

Writing: [================================================  ] 94.71%

Writing: [================================================  ] 94.99%

Writing: [================================================  ] 95.28%

Writing: [================================================  ] 95.56%

Writing: [================================================  ] 95.85%

Writing: [================================================= ] 96.13%

Writing: [================================================= ] 96.42%

Writing: [================================================= ] 96.70%

Writing: [================================================= ] 96.98%

Writing: [================================================= ] 97.27%

Writing: [================================================= ] 97.55%

Writing: [================================================= ] 97.84%

Writing: [==================================================] 98.12%

Writing: [==================================================] 98.40%

Writing: [==================================================] 98.69%

Writing: [==================================================] 98.97%

Writing: [==================================================] 99.26%

Writing: [==================================================] 99.54%

Writing: [==================================================] 99.83%

Writing: [==================================================] 100.00%

Done
Verifying first 32 words...
Verification passed for first 32 words
BPI flash programming complete
BPI flash programming complete
