empty
write to flash
Jtag frequency : requested 6.00MHz    -> real 6.00MHz   
Open file DONE
Parse file DONE
Use: /usr/local/share/openFPGALoader/bpiOverJtag_xc7k480tffg1156.bit.gz
load program

Load SRAM: [===================                               ] 37.00%

Load SRAM: [======================================            ] 76.00%

Load SRAM: [==================================================] 100.00%

Done
Shift IR 35
ir: 1 isc_done 1 isc_ena 0 init 1 done 1
Detecting BPI flash...
Intel/Micron flash detected
Manufacturer ID: 0x0089
Device ID: 0x887e
Flash capacity: 64 MB (512 Mbit)
Writing 18735004 bytes to BPI flash at 0x000000
Erasing 72 blocks...
Programming (buffered mode)...

Writing: [=                                                 ] 0.28%

Writing: [=                                                 ] 0.57%

Writing: [=                                                 ] 0.85%

Writing: [=                                                 ] 1.14%

Writing: [=                                                 ] 1.42%

Writing: [=                                                 ] 1.73%

Writing: [==                                                ] 2.01%

Writing: [==                                                ] 2.30%

Writing: [==                                                ] 2.58%

Writing: [==                                                ] 2.86%

Writing: [==                                                ] 3.15%

Writing: [==                                                ] 3.43%

Writing: [==                                                ] 3.72%

Writing: [===                                               ] 4.00%

Writing: [===                                               ] 4.29%

Writing: [===                                               ] 4.57%

Writing: [===                                               ] 4.85%

Writing: [===                                               ] 5.14%

Writing: [===                                               ] 5.42%

Writing: [===                                               ] 5.71%

Writing: [===                                               ] 5.99%

Writing: [====                                              ] 6.27%

Writing: [====                                              ] 6.56%

Writing: [====                                              ] 6.84%

Writing: [====                                              ] 7.13%

Writing: [====                                              ] 7.41%

Writing: [====                                              ] 7.70%

Writing: [====                                              ] 7.98%

Writing: [=====                                             ] 8.26%

Writing: [=====                                             ] 8.55%

Writing: [=====                                             ] 8.83%

Writing: [=====                                             ] 9.12%

Writing: [=====                                             ] 9.40%

Writing: [=====                                             ] 9.69%

Writing: [=====                                             ] 9.97%

Writing: [======                                            ] 10.25%

Writing: [======                                            ] 10.54%

Writing: [======                                            ] 10.82%

Writing: [======                                            ] 11.11%

Writing: [======                                            ] 11.39%

Writing: [======                                            ] 11.67%

Writing: [======                                            ] 11.96%

Writing: [=======                                           ] 12.24%

Writing: [=======                                           ] 12.53%

Writing: [=======                                           ] 12.81%

Writing: [=======                                           ] 13.10%

Writing: [=======                                           ] 13.38%

Writing: [=======                                           ] 13.66%

Writing: [=======                                           ] 13.95%

Writing: [========                                          ] 14.23%

Writing: [========                                          ] 14.52%

Writing: [========                                          ] 14.80%

Writing: [========                                          ] 15.09%

Writing: [========                                          ] 15.37%

Writing: [========                                          ] 15.65%

Writing: [========                                          ] 15.94%

Writing: [=========                                         ] 16.22%

Writing: [=========                                         ] 16.51%

Writing: [=========                                         ] 16.79%

Writing: [=========                                         ] 17.07%

Writing: [=========                                         ] 17.36%

Writing: [=========                                         ] 17.64%

Writing: [=========                                         ] 17.93%

Writing: [==========                                        ] 18.21%

Writing: [==========                                        ] 18.50%

Writing: [==========                                        ] 18.78%

Writing: [==========                                        ] 19.06%

Writing: [==========                                        ] 19.35%

Writing: [==========                                        ] 19.63%

Writing: [==========                                        ] 19.92%

Writing: [===========                                       ] 20.20%

Writing: [===========                                       ] 20.49%

Writing: [===========                                       ] 20.77%

Writing: [===========                                       ] 21.05%

Writing: [===========                                       ] 21.34%

Writing: [===========                                       ] 21.62%

Writing: [===========                                       ] 21.91%

Writing: [============                                      ] 22.19%

Writing: [============                                      ] 22.47%

Writing: [============                                      ] 22.76%

Writing: [============                                      ] 23.04%

Writing: [============                                      ] 23.33%

Writing: [============                                      ] 23.61%

Writing: [============                                      ] 23.90%

Writing: [=============                                     ] 24.18%

Writing: [=============                                     ] 24.46%

Writing: [=============                                     ] 24.75%

Writing: [=============                                     ] 25.03%

Writing: [=============                                     ] 25.32%

Writing: [=============                                     ] 25.60%

Writing: [=============                                     ] 25.89%

Writing: [==============                                    ] 26.19%

Writing: [==============                                    ] 26.48%

Writing: [==============                                    ] 26.76%

Writing: [==============                                    ] 27.04%

Writing: [==============                                    ] 27.33%

Writing: [==============                                    ] 27.61%

Writing: [==============                                    ] 27.90%

Writing: [===============                                   ] 28.18%

Writing: [===============                                   ] 28.47%

Writing: [===============                                   ] 28.75%

Writing: [===============                                   ] 29.03%

Writing: [===============                                   ] 29.32%

Writing: [===============                                   ] 29.60%

Writing: [===============                                   ] 29.89%

Writing: [================                                  ] 30.17%

Writing: [================                                  ] 30.45%

Writing: [================                                  ] 30.74%

Writing: [================                                  ] 31.02%

Writing: [================                                  ] 31.31%

Writing: [================                                  ] 31.59%

Writing: [================                                  ] 31.88%

Writing: [=================                                 ] 32.16%

Writing: [=================                                 ] 32.44%

Writing: [=================                                 ] 32.73%

Writing: [=================                                 ] 33.01%

Writing: [=================                                 ] 33.30%

Writing: [=================                                 ] 33.58%

Writing: [=================                                 ] 33.87%

Writing: [==================                                ] 34.15%

Writing: [==================                                ] 34.43%

Writing: [==================                                ] 34.72%

Writing: [==================                                ] 35.00%

Writing: [==================                                ] 35.29%

Writing: [==================                                ] 35.57%

Writing: [==================                                ] 35.86%

Writing: [===================                               ] 36.14%

Writing: [===================                               ] 36.42%

Writing: [===================                               ] 36.71%

Writing: [===================                               ] 36.99%

Writing: [===================                               ] 37.28%

Writing: [===================                               ] 37.56%

Writing: [===================                               ] 37.84%

Writing: [====================                              ] 38.13%

Writing: [====================                              ] 38.41%

Writing: [====================                              ] 38.70%

Writing: [====================                              ] 38.98%

Writing: [====================                              ] 39.27%

Writing: [====================                              ] 39.55%

Writing: [====================                              ] 39.83%

Writing: [=====================                             ] 40.12%

Writing: [=====================                             ] 40.40%

Writing: [=====================                             ] 40.69%

Writing: [=====================                             ] 40.97%

Writing: [=====================                             ] 41.26%

Writing: [=====================                             ] 41.54%

Writing: [=====================                             ] 41.82%

Writing: [======================                            ] 42.11%

Writing: [======================                            ] 42.39%

Writing: [======================                            ] 42.68%

Writing: [======================                            ] 42.96%

Writing: [======================                            ] 43.24%

Writing: [======================                            ] 43.53%

Writing: [======================                            ] 43.81%

Writing: [=======================                           ] 44.10%

Writing: [=======================                           ] 44.38%

Writing: [=======================                           ] 44.67%

Writing: [=======================                           ] 44.95%

Writing: [=======================                           ] 45.23%

Writing: [=======================                           ] 45.52%

Writing: [=======================                           ] 45.80%

Writing: [========================                          ] 46.09%

Writing: [========================                          ] 46.37%

Writing: [========================                          ] 46.66%

Writing: [========================                          ] 46.94%

Writing: [========================                          ] 47.22%

Writing: [========================                          ] 47.51%

Writing: [========================                          ] 47.79%

Writing: [=========================                         ] 48.08%

Writing: [=========================                         ] 48.36%

Writing: [=========================                         ] 48.64%

Writing: [=========================                         ] 48.93%

Writing: [=========================                         ] 49.21%

Writing: [=========================                         ] 49.50%

Writing: [=========================                         ] 49.78%

Writing: [==========================                        ] 50.07%

Writing: [==========================                        ] 50.35%

Writing: [==========================                        ] 50.63%

Writing: [==========================                        ] 50.92%

Writing: [==========================                        ] 51.20%

Writing: [==========================                        ] 51.49%

Writing: [==========================                        ] 51.77%

Writing: [===========================                       ] 52.06%

Writing: [===========================                       ] 52.34%

Writing: [===========================                       ] 52.62%

Writing: [===========================                       ] 52.91%

Writing: [===========================                       ] 53.19%

Writing: [===========================                       ] 53.48%

Writing: [===========================                       ] 53.76%

Writing: [============================                      ] 54.04%

Writing: [============================                      ] 54.33%

Writing: [============================                      ] 54.61%

Writing: [============================                      ] 54.90%

Writing: [============================                      ] 55.18%

Writing: [============================                      ] 55.47%

Writing: [============================                      ] 55.75%

Writing: [=============================                     ] 56.03%

Writing: [=============================                     ] 56.32%

Writing: [=============================                     ] 56.60%

Writing: [=============================                     ] 56.89%

Writing: [=============================                     ] 57.17%

Writing: [=============================                     ] 57.46%

Writing: [=============================                     ] 57.74%

Writing: [==============================                    ] 58.02%

Writing: [==============================                    ] 58.31%

Writing: [==============================                    ] 58.59%

Writing: [==============================                    ] 58.88%

Writing: [==============================                    ] 59.16%

Writing: [==============================                    ] 59.45%

Writing: [==============================                    ] 59.73%

Writing: [===============================                   ] 60.01%

Writing: [===============================                   ] 60.30%

Writing: [===============================                   ] 60.58%

Writing: [===============================                   ] 60.87%

Writing: [===============================                   ] 61.15%

Writing: [===============================                   ] 61.43%

Writing: [===============================                   ] 61.72%

Writing: [================================                  ] 62.00%

Writing: [================================                  ] 62.29%

Writing: [================================                  ] 62.57%

Writing: [================================                  ] 62.86%

Writing: [================================                  ] 63.14%

Writing: [================================                  ] 63.42%

Writing: [================================                  ] 63.71%

Writing: [================================                  ] 63.99%

Writing: [=================================                 ] 64.28%

Writing: [=================================                 ] 64.56%

Writing: [=================================                 ] 64.85%

Writing: [=================================                 ] 65.13%

Writing: [=================================                 ] 65.41%

Writing: [=================================                 ] 65.70%

Writing: [=================================                 ] 65.98%

Writing: [==================================                ] 66.27%

Writing: [==================================                ] 66.55%

Writing: [==================================                ] 66.83%

Writing: [==================================                ] 67.12%

Writing: [==================================                ] 67.40%

Writing: [==================================                ] 67.69%

Writing: [==================================                ] 67.97%

Writing: [===================================               ] 68.26%

Writing: [===================================               ] 68.54%

Writing: [===================================               ] 68.82%

Writing: [===================================               ] 69.11%

Writing: [===================================               ] 69.39%

Writing: [===================================               ] 69.68%

Writing: [===================================               ] 69.96%

Writing: [====================================              ] 70.25%

Writing: [====================================              ] 70.53%

Writing: [====================================              ] 70.81%

Writing: [====================================              ] 71.10%

Writing: [====================================              ] 71.38%

Writing: [====================================              ] 71.67%

Writing: [====================================              ] 71.95%

Writing: [=====================================             ] 72.23%

Writing: [=====================================             ] 72.52%

Writing: [=====================================             ] 72.80%

Writing: [=====================================             ] 73.09%

Writing: [=====================================             ] 73.37%

Writing: [=====================================             ] 73.66%

Writing: [=====================================             ] 73.96%

Writing: [======================================            ] 74.25%

Writing: [======================================            ] 74.53%

Writing: [======================================            ] 74.81%

Writing: [======================================            ] 75.10%

Writing: [======================================            ] 75.38%

Writing: [======================================            ] 75.67%

Writing: [======================================            ] 75.95%

Writing: [=======================================           ] 76.24%

Writing: [=======================================           ] 76.52%

Writing: [=======================================           ] 76.80%

Writing: [=======================================           ] 77.09%

Writing: [=======================================           ] 77.37%

Writing: [=======================================           ] 77.66%

Writing: [=======================================           ] 77.94%

Writing: [========================================          ] 78.23%

Writing: [========================================          ] 78.51%

Writing: [========================================          ] 78.79%

Writing: [========================================          ] 79.08%

Writing: [========================================          ] 79.36%

Writing: [========================================          ] 79.65%

Writing: [========================================          ] 79.93%

Writing: [=========================================         ] 80.24%

Writing: [=========================================         ] 80.52%

Writing: [=========================================         ] 80.80%

Writing: [=========================================         ] 81.09%

Writing: [=========================================         ] 81.37%

Writing: [=========================================         ] 81.66%

Writing: [=========================================         ] 81.94%

Writing: [==========================================        ] 82.23%

Writing: [==========================================        ] 82.51%

Writing: [==========================================        ] 82.79%

Writing: [==========================================        ] 83.08%

Writing: [==========================================        ] 83.36%

Writing: [==========================================        ] 83.65%

Writing: [==========================================        ] 83.93%

Writing: [===========================================       ] 84.22%

Writing: [===========================================       ] 84.50%

Writing: [===========================================       ] 84.78%

Writing: [===========================================       ] 85.07%

Writing: [===========================================       ] 85.35%

Writing: [===========================================       ] 85.64%

Writing: [===========================================       ] 85.92%

Writing: [============================================      ] 86.21%

Writing: [============================================      ] 86.49%

Writing: [============================================      ] 86.77%

Writing: [============================================      ] 87.06%

Writing: [============================================      ] 87.36%

Writing: [============================================      ] 87.65%

Writing: [============================================      ] 87.93%

Writing: [=============================================     ] 88.22%

Writing: [=============================================     ] 88.50%

Writing: [=============================================     ] 88.78%

Writing: [=============================================     ] 89.07%

Writing: [=============================================     ] 89.35%

Writing: [=============================================     ] 89.64%

Writing: [=============================================     ] 89.92%

Writing: [==============================================    ] 90.21%

Writing: [==============================================    ] 90.49%

Writing: [==============================================    ] 90.77%

Writing: [==============================================    ] 91.06%

Writing: [==============================================    ] 91.34%

Writing: [==============================================    ] 91.63%

Writing: [==============================================    ] 91.91%

Writing: [===============================================   ] 92.20%

Writing: [===============================================   ] 92.48%

Writing: [===============================================   ] 92.76%

Writing: [===============================================   ] 93.05%

Writing: [===============================================   ] 93.33%

Writing: [===============================================   ] 93.62%

Writing: [===============================================   ] 93.90%

Writing: [================================================  ] 94.19%

Writing: [================================================  ] 94.47%

Writing: [================================================  ] 94.78%

Writing: [================================================  ] 95.06%

Writing: [================================================  ] 95.34%

Writing: [================================================  ] 95.63%

Writing: [================================================  ] 95.91%

Writing: [================================================= ] 96.20%

Writing: [================================================= ] 96.48%

Writing: [================================================= ] 96.76%

Writing: [================================================= ] 97.05%

Writing: [================================================= ] 97.33%

Writing: [================================================= ] 97.62%

Writing: [================================================= ] 97.90%

Writing: [==================================================] 98.19%

Writing: [==================================================] 98.47%

Writing: [==================================================] 98.75%

Writing: [==================================================] 99.04%

Writing: [==================================================] 99.32%

Writing: [==================================================] 99.61%

Writing: [==================================================] 99.89%

Writing: [==================================================] 100.00%

Done
Verifying first 32 words...
Verification passed for first 32 words
BPI flash programming complete
BPI flash programming complete
