empty
write to flash
Jtag frequency : requested 6.00MHz    -> real 6.00MHz   
Open file DONE
Parse file DONE
Use: /usr/local/share/openFPGALoader/bpiOverJtag_xc7k480tffg1156.bit.gz
load program

Load SRAM: [===================                               ] 37.00%

Load SRAM: [======================================            ] 76.00%

Load SRAM: [==================================================] 100.00%

Done
Shift IR 35
ir: 1 isc_done 1 isc_ena 0 init 1 done 1
Detecting BPI flash...
Intel/Micron flash detected
Manufacturer ID: 0x0089
Device ID: 0x887e
Flash capacity: 64 MB (512 Mbit)
Writing 18735004 bytes to BPI flash at 0x000000
Erasing 72 blocks...
Programming (buffered mode)...

Writing: [=                                                 ] 0.28%

Writing: [=                                                 ] 0.57%

Writing: [=                                                 ] 0.85%

Writing: [=                                                 ] 1.14%

Writing: [=                                                 ] 1.42%

Writing: [=                                                 ] 1.71%

Writing: [=                                                 ] 1.99%

Writing: [==                                                ] 2.27%

Writing: [==                                                ] 2.56%

Writing: [==                                                ] 2.84%

Writing: [==                                                ] 3.13%

Writing: [==                                                ] 3.41%

Writing: [==                                                ] 3.69%

Writing: [==                                                ] 3.98%

Writing: [===                                               ] 4.26%

Writing: [===                                               ] 4.55%

Writing: [===                                               ] 4.85%

Writing: [===                                               ] 5.14%

Writing: [===                                               ] 5.42%

Writing: [===                                               ] 5.71%

Writing: [===                                               ] 5.99%

Writing: [====                                              ] 6.27%

Writing: [====                                              ] 6.56%

Writing: [====                                              ] 6.84%

Writing: [====                                              ] 7.13%

Writing: [====                                              ] 7.41%

Writing: [====                                              ] 7.70%

Writing: [====                                              ] 7.98%

Writing: [=====                                             ] 8.26%

Writing: [=====                                             ] 8.55%

Writing: [=====                                             ] 8.83%

Writing: [=====                                             ] 9.12%

Writing: [=====                                             ] 9.40%

Writing: [=====                                             ] 9.69%

Writing: [=====                                             ] 9.97%

Writing: [======                                            ] 10.25%

Writing: [======                                            ] 10.54%

Writing: [======                                            ] 10.82%

Writing: [======                                            ] 11.11%

Writing: [======                                            ] 11.39%

Writing: [======                                            ] 11.67%

Writing: [======                                            ] 11.96%

Writing: [=======                                           ] 12.24%

Writing: [=======                                           ] 12.53%

Writing: [=======                                           ] 12.81%

Writing: [=======                                           ] 13.10%

Writing: [=======                                           ] 13.38%

Writing: [=======                                           ] 13.66%

Writing: [=======                                           ] 13.95%

Writing: [========                                          ] 14.23%

Writing: [========                                          ] 14.52%

Writing: [========                                          ] 14.80%

Writing: [========                                          ] 15.09%

Writing: [========                                          ] 15.37%

Writing: [========                                          ] 15.65%

Writing: [========                                          ] 15.94%

Writing: [=========                                         ] 16.22%

Writing: [=========                                         ] 16.51%

Writing: [=========                                         ] 16.79%

Writing: [=========                                         ] 17.07%

Writing: [=========                                         ] 17.36%

Writing: [=========                                         ] 17.64%

Writing: [=========                                         ] 17.93%

Writing: [==========                                        ] 18.21%

Writing: [==========                                        ] 18.50%

Writing: [==========                                        ] 18.78%

Writing: [==========                                        ] 19.06%

Writing: [==========                                        ] 19.35%

Writing: [==========                                        ] 19.63%

Writing: [==========                                        ] 19.92%

Writing: [===========                                       ] 20.20%

Writing: [===========                                       ] 20.49%

Writing: [===========                                       ] 20.79%

Writing: [===========                                       ] 21.08%

Writing: [===========                                       ] 21.36%

Writing: [===========                                       ] 21.64%

Writing: [===========                                       ] 21.93%

Writing: [============                                      ] 22.21%

Writing: [============                                      ] 22.50%

Writing: [============                                      ] 22.78%

Writing: [============                                      ] 23.09%

Writing: [============                                      ] 23.37%

Writing: [============                                      ] 23.66%

Writing: [============                                      ] 23.94%

Writing: [=============                                     ] 24.22%

Writing: [=============                                     ] 24.51%

Writing: [=============                                     ] 24.79%

Writing: [=============                                     ] 25.10%

Writing: [=============                                     ] 25.38%

Writing: [=============                                     ] 25.67%

Writing: [=============                                     ] 25.95%

Writing: [==============                                    ] 26.24%

Writing: [==============                                    ] 26.52%

Writing: [==============                                    ] 26.80%

Writing: [==============                                    ] 27.09%

Writing: [==============                                    ] 27.37%

Writing: [==============                                    ] 27.66%

Writing: [==============                                    ] 27.94%

Writing: [===============                                   ] 28.22%

Writing: [===============                                   ] 28.51%

Writing: [===============                                   ] 28.82%

Writing: [===============                                   ] 29.10%

Writing: [===============                                   ] 29.38%

Writing: [===============                                   ] 29.67%

Writing: [===============                                   ] 29.95%

Writing: [================                                  ] 30.24%

Writing: [================                                  ] 30.54%

Writing: [================                                  ] 30.83%

Writing: [================                                  ] 31.11%

Writing: [================                                  ] 31.40%

Writing: [================                                  ] 31.70%

Writing: [================                                  ] 31.99%

Writing: [=================                                 ] 32.27%

Writing: [=================                                 ] 32.55%

Writing: [=================                                 ] 32.84%

Writing: [=================                                 ] 33.12%

Writing: [=================                                 ] 33.41%

Writing: [=================                                 ] 33.69%

Writing: [=================                                 ] 33.97%

Writing: [==================                                ] 34.26%

Writing: [==================                                ] 34.54%

Writing: [==================                                ] 34.83%

Writing: [==================                                ] 35.11%

Writing: [==================                                ] 35.40%

Writing: [==================                                ] 35.68%

Writing: [==================                                ] 35.96%

Writing: [===================                               ] 36.25%

Writing: [===================                               ] 36.53%

Writing: [===================                               ] 36.82%

Writing: [===================                               ] 37.10%

Writing: [===================                               ] 37.39%

Writing: [===================                               ] 37.67%

Writing: [===================                               ] 37.95%

Writing: [====================                              ] 38.24%

Writing: [====================                              ] 38.52%

Writing: [====================                              ] 38.81%

Writing: [====================                              ] 39.09%

Writing: [====================                              ] 39.37%

Writing: [====================                              ] 39.66%

Writing: [====================                              ] 39.94%

Writing: [=====================                             ] 40.23%

Writing: [=====================                             ] 40.51%

Writing: [=====================                             ] 40.80%

Writing: [=====================                             ] 41.08%

Writing: [=====================                             ] 41.36%

Writing: [=====================                             ] 41.65%

Writing: [=====================                             ] 41.93%

Writing: [======================                            ] 42.22%

Writing: [======================                            ] 42.50%

Writing: [======================                            ] 42.79%

Writing: [======================                            ] 43.07%

Writing: [======================                            ] 43.35%

Writing: [======================                            ] 43.64%

Writing: [======================                            ] 43.92%

Writing: [=======================                           ] 44.21%

Writing: [=======================                           ] 44.49%

Writing: [=======================                           ] 44.78%

Writing: [=======================                           ] 45.06%

Writing: [=======================                           ] 45.34%

Writing: [=======================                           ] 45.63%

Writing: [=======================                           ] 45.91%

Writing: [========================                          ] 46.20%

Writing: [========================                          ] 46.48%

Writing: [========================                          ] 46.76%

Writing: [========================                          ] 47.05%

Writing: [========================                          ] 47.33%

Writing: [========================                          ] 47.62%

Writing: [========================                          ] 47.90%

Writing: [=========================                         ] 48.19%

Writing: [=========================                         ] 48.47%

Writing: [=========================                         ] 48.75%

Writing: [=========================                         ] 49.04%

Writing: [=========================                         ] 49.32%

Writing: [=========================                         ] 49.61%

Writing: [=========================                         ] 49.89%

Writing: [==========================                        ] 50.18%

Writing: [==========================                        ] 50.46%

Writing: [==========================                        ] 50.74%

Writing: [==========================                        ] 51.03%

Writing: [==========================                        ] 51.31%

Writing: [==========================                        ] 51.60%

Writing: [==========================                        ] 51.88%

Writing: [===========================                       ] 52.16%

Writing: [===========================                       ] 52.45%

Writing: [===========================                       ] 52.73%

Writing: [===========================                       ] 53.02%

Writing: [===========================                       ] 53.30%

Writing: [===========================                       ] 53.59%

Writing: [===========================                       ] 53.87%

Writing: [============================                      ] 54.15%

Writing: [============================                      ] 54.44%

Writing: [============================                      ] 54.72%

Writing: [============================                      ] 55.01%

Writing: [============================                      ] 55.29%

Writing: [============================                      ] 55.58%

Writing: [============================                      ] 55.86%

Writing: [=============================                     ] 56.14%

Writing: [=============================                     ] 56.43%

Writing: [=============================                     ] 56.71%

Writing: [=============================                     ] 57.00%

Writing: [=============================                     ] 57.28%

Writing: [=============================                     ] 57.56%

Writing: [=============================                     ] 57.85%

Writing: [==============================                    ] 58.13%

Writing: [==============================                    ] 58.42%

Writing: [==============================                    ] 58.70%

Writing: [==============================                    ] 58.99%

Writing: [==============================                    ] 59.27%

Writing: [==============================                    ] 59.55%

Writing: [==============================                    ] 59.84%

Writing: [===============================                   ] 60.12%

Writing: [===============================                   ] 60.41%

Writing: [===============================                   ] 60.69%

Writing: [===============================                   ] 60.98%

Writing: [===============================                   ] 61.26%

Writing: [===============================                   ] 61.54%

Writing: [===============================                   ] 61.83%

Writing: [================================                  ] 62.11%

Writing: [================================                  ] 62.40%

Writing: [================================                  ] 62.68%

Writing: [================================                  ] 62.96%

Writing: [================================                  ] 63.25%

Writing: [================================                  ] 63.53%

Writing: [================================                  ] 63.82%

Writing: [=================================                 ] 64.10%

Writing: [=================================                 ] 64.39%

Writing: [=================================                 ] 64.67%

Writing: [=================================                 ] 64.95%

Writing: [=================================                 ] 65.24%

Writing: [=================================                 ] 65.52%

Writing: [=================================                 ] 65.81%

Writing: [==================================                ] 66.09%

Writing: [==================================                ] 66.38%

Writing: [==================================                ] 66.66%

Writing: [==================================                ] 66.94%

Writing: [==================================                ] 67.25%

Writing: [==================================                ] 67.53%

Writing: [==================================                ] 67.82%

Writing: [===================================               ] 68.10%

Writing: [===================================               ] 68.39%

Writing: [===================================               ] 68.67%

Writing: [===================================               ] 68.96%

Writing: [===================================               ] 69.24%

Writing: [===================================               ] 69.55%

Writing: [===================================               ] 69.83%

Writing: [====================================              ] 70.11%

Writing: [====================================              ] 70.40%

Writing: [====================================              ] 70.68%

Writing: [====================================              ] 70.97%

Writing: [====================================              ] 71.25%

Writing: [====================================              ] 71.54%

Writing: [====================================              ] 71.82%

Writing: [=====================================             ] 72.10%

Writing: [=====================================             ] 72.39%

Writing: [=====================================             ] 72.67%

Writing: [=====================================             ] 72.96%

Writing: [=====================================             ] 73.24%

Writing: [=====================================             ] 73.52%

Writing: [=====================================             ] 73.81%

Writing: [======================================            ] 74.09%

Writing: [======================================            ] 74.38%

Writing: [======================================            ] 74.66%

Writing: [======================================            ] 74.95%

Writing: [======================================            ] 75.23%

Writing: [======================================            ] 75.51%

Writing: [======================================            ] 75.80%

Writing: [=======================================           ] 76.08%

Writing: [=======================================           ] 76.37%

Writing: [=======================================           ] 76.65%

Writing: [=======================================           ] 76.94%

Writing: [=======================================           ] 77.22%

Writing: [=======================================           ] 77.50%

Writing: [=======================================           ] 77.79%

Writing: [========================================          ] 78.07%

Writing: [========================================          ] 78.36%

Writing: [========================================          ] 78.64%

Writing: [========================================          ] 78.92%

Writing: [========================================          ] 79.21%

Writing: [========================================          ] 79.49%

Writing: [========================================          ] 79.78%

Writing: [=========================================         ] 80.06%

Writing: [=========================================         ] 80.35%

Writing: [=========================================         ] 80.63%

Writing: [=========================================         ] 80.91%

Writing: [=========================================         ] 81.20%

Writing: [=========================================         ] 81.48%

Writing: [=========================================         ] 81.77%

Writing: [==========================================        ] 82.05%

Writing: [==========================================        ] 82.34%

Writing: [==========================================        ] 82.62%

Writing: [==========================================        ] 82.90%

Writing: [==========================================        ] 83.19%

Writing: [==========================================        ] 83.47%

Writing: [==========================================        ] 83.76%

Writing: [===========================================       ] 84.04%

Writing: [===========================================       ] 84.32%

Writing: [===========================================       ] 84.61%

Writing: [===========================================       ] 84.89%

Writing: [===========================================       ] 85.18%

Writing: [===========================================       ] 85.46%

Writing: [===========================================       ] 85.75%

Writing: [============================================      ] 86.03%

Writing: [============================================      ] 86.31%

Writing: [============================================      ] 86.60%

Writing: [============================================      ] 86.88%

Writing: [============================================      ] 87.17%

Writing: [============================================      ] 87.45%

Writing: [============================================      ] 87.74%

Writing: [=============================================     ] 88.02%

Writing: [=============================================     ] 88.30%

Writing: [=============================================     ] 88.59%

Writing: [=============================================     ] 88.87%

Writing: [=============================================     ] 89.16%

Writing: [=============================================     ] 89.44%

Writing: [=============================================     ] 89.73%

Writing: [==============================================    ] 90.01%

Writing: [==============================================    ] 90.29%

Writing: [==============================================    ] 90.58%

Writing: [==============================================    ] 90.86%

Writing: [==============================================    ] 91.15%

Writing: [==============================================    ] 91.43%

Writing: [==============================================    ] 91.71%

Writing: [==============================================    ] 92.00%

Writing: [===============================================   ] 92.28%

Writing: [===============================================   ] 92.57%

Writing: [===============================================   ] 92.85%

Writing: [===============================================   ] 93.14%

Writing: [===============================================   ] 93.42%

Writing: [===============================================   ] 93.70%

Writing: [===============================================   ] 93.99%

Writing: [================================================  ] 94.27%

Writing: [================================================  ] 94.56%

Writing: [================================================  ] 94.84%

Writing: [================================================  ] 95.13%

Writing: [================================================  ] 95.41%

Writing: [================================================  ] 95.69%

Writing: [================================================  ] 95.98%

Writing: [================================================= ] 96.26%

Writing: [================================================= ] 96.55%

Writing: [================================================= ] 96.83%

Writing: [================================================= ] 97.11%

Writing: [================================================= ] 97.40%

Writing: [================================================= ] 97.68%

Writing: [================================================= ] 97.97%

Writing: [==================================================] 98.25%

Writing: [==================================================] 98.54%

Writing: [==================================================] 98.82%

Writing: [==================================================] 99.10%

Writing: [==================================================] 99.39%

Writing: [==================================================] 99.67%

Writing: [==================================================] 99.96%

Writing: [==================================================] 100.00%

Done
Verifying first 32 words...
Verification passed for first 32 words
BPI flash programming complete
BPI flash programming complete
