empty
write to flash
Jtag frequency : requested 6.00MHz    -> real 6.00MHz   
Open file DONE
Parse file DONE
Use: /usr/local/share/openFPGALoader/bpiOverJtag_xc7k480tffg1156.bit.gz
load program

Load SRAM: [===================                               ] 37.00%

Load SRAM: [======================================            ] 76.00%

Load SRAM: [==================================================] 100.00%

Done
Shift IR 35
ir: 1 isc_done 1 isc_ena 0 init 1 done 1
Detecting BPI flash...
Intel/Micron flash detected
Manufacturer ID: 0x0089
Device ID: 0x887e
Flash capacity: 64 MB (512 Mbit)
Writing 18735004 bytes to BPI flash at 0x000000
Erasing 72 blocks...
Programming (buffered mode)...

Writing: [=                                                 ] 0.28%

Writing: [=                                                 ] 0.57%

Writing: [=                                                 ] 0.85%

Writing: [=                                                 ] 1.14%

Writing: [=                                                 ] 1.42%

Writing: [=                                                 ] 1.71%

Writing: [=                                                 ] 1.99%

Writing: [==                                                ] 2.27%

Writing: [==                                                ] 2.56%

Writing: [==                                                ] 2.84%

Writing: [==                                                ] 3.13%

Writing: [==                                                ] 3.41%

Writing: [==                                                ] 3.69%

Writing: [==                                                ] 3.98%

Writing: [===                                               ] 4.26%

Writing: [===                                               ] 4.55%

Writing: [===                                               ] 4.83%

Writing: [===                                               ] 5.12%

Writing: [===                                               ] 5.40%

Writing: [===                                               ] 5.68%

Writing: [===                                               ] 5.97%

Writing: [====                                              ] 6.25%

Writing: [====                                              ] 6.54%

Writing: [====                                              ] 6.82%

Writing: [====                                              ] 7.11%

Writing: [====                                              ] 7.39%

Writing: [====                                              ] 7.67%

Writing: [====                                              ] 7.96%

Writing: [=====                                             ] 8.24%

Writing: [=====                                             ] 8.53%

Writing: [=====                                             ] 8.81%

Writing: [=====                                             ] 9.09%

Writing: [=====                                             ] 9.38%

Writing: [=====                                             ] 9.66%

Writing: [=====                                             ] 9.95%

Writing: [======                                            ] 10.23%

Writing: [======                                            ] 10.52%

Writing: [======                                            ] 10.80%

Writing: [======                                            ] 11.08%

Writing: [======                                            ] 11.37%

Writing: [======                                            ] 11.65%

Writing: [======                                            ] 11.94%

Writing: [=======                                           ] 12.22%

Writing: [=======                                           ] 12.51%

Writing: [=======                                           ] 12.79%

Writing: [=======                                           ] 13.07%

Writing: [=======                                           ] 13.36%

Writing: [=======                                           ] 13.64%

Writing: [=======                                           ] 13.93%

Writing: [========                                          ] 14.21%

Writing: [========                                          ] 14.50%

Writing: [========                                          ] 14.78%

Writing: [========                                          ] 15.06%

Writing: [========                                          ] 15.35%

Writing: [========                                          ] 15.63%

Writing: [========                                          ] 15.92%

Writing: [=========                                         ] 16.20%

Writing: [=========                                         ] 16.48%

Writing: [=========                                         ] 16.77%

Writing: [=========                                         ] 17.05%

Writing: [=========                                         ] 17.34%

Writing: [=========                                         ] 17.62%

Writing: [=========                                         ] 17.91%

Writing: [==========                                        ] 18.19%

Writing: [==========                                        ] 18.47%

Writing: [==========                                        ] 18.76%

Writing: [==========                                        ] 19.04%

Writing: [==========                                        ] 19.33%

Writing: [==========                                        ] 19.61%

Writing: [==========                                        ] 19.90%

Writing: [===========                                       ] 20.18%

Writing: [===========                                       ] 20.46%

Writing: [===========                                       ] 20.77%

Writing: [===========                                       ] 21.05%

Writing: [===========                                       ] 21.34%

Writing: [===========                                       ] 21.62%

Writing: [===========                                       ] 21.91%

Writing: [============                                      ] 22.19%

Writing: [============                                      ] 22.47%

Writing: [============                                      ] 22.76%

Writing: [============                                      ] 23.04%

Writing: [============                                      ] 23.33%

Writing: [============                                      ] 23.61%

Writing: [============                                      ] 23.92%

Writing: [=============                                     ] 24.20%

Writing: [=============                                     ] 24.49%

Writing: [=============                                     ] 24.77%

Writing: [=============                                     ] 25.05%

Writing: [=============                                     ] 25.34%

Writing: [=============                                     ] 25.62%

Writing: [=============                                     ] 25.91%

Writing: [==============                                    ] 26.19%

Writing: [==============                                    ] 26.48%

Writing: [==============                                    ] 26.74%

Writing: [==============                                    ] 27.00%

Writing: [==============                                    ] 27.26%

Writing: [==============                                    ] 27.53%

Writing: [==============                                    ] 27.81%

Writing: [===============                                   ] 28.09%

Writing: [===============                                   ] 28.36%

Writing: [===============                                   ] 28.64%

Writing: [===============                                   ] 28.92%

Writing: [===============                                   ] 29.19%

Writing: [===============                                   ] 29.47%

Writing: [===============                                   ] 29.76%

Writing: [================                                  ] 30.04%

Writing: [================                                  ] 30.32%

Writing: [================                                  ] 30.61%

Writing: [================                                  ] 30.89%

Writing: [================                                  ] 31.18%

Writing: [================                                  ] 31.46%

Writing: [================                                  ] 31.74%

Writing: [=================                                 ] 32.03%

Writing: [=================                                 ] 32.31%

Writing: [=================                                 ] 32.60%

Writing: [=================                                 ] 32.86%

Writing: [=================                                 ] 33.14%

Writing: [=================                                 ] 33.43%

Writing: [=================                                 ] 33.71%

Writing: [=================                                 ] 33.97%

Writing: [==================                                ] 34.26%

Writing: [==================                                ] 34.54%

Writing: [==================                                ] 34.83%

Writing: [==================                                ] 35.11%

Writing: [==================                                ] 35.40%

Writing: [==================                                ] 35.68%

Writing: [==================                                ] 35.96%

Writing: [===================                               ] 36.25%

Writing: [===================                               ] 36.53%

Writing: [===================                               ] 36.82%

Writing: [===================                               ] 37.10%

Writing: [===================                               ] 37.39%

Writing: [===================                               ] 37.67%

Writing: [===================                               ] 37.95%

Writing: [====================                              ] 38.24%

Writing: [====================                              ] 38.54%

Writing: [====================                              ] 38.83%

Writing: [====================                              ] 39.11%

Writing: [====================                              ] 39.40%

Writing: [====================                              ] 39.68%

Writing: [====================                              ] 39.97%

Writing: [=====================                             ] 40.25%

Writing: [=====================                             ] 40.53%

Writing: [=====================                             ] 40.82%

Writing: [=====================                             ] 41.12%

Writing: [=====================                             ] 41.41%

Writing: [=====================                             ] 41.69%

Writing: [=====================                             ] 42.00%

Writing: [======================                            ] 42.30%

Writing: [======================                            ] 42.59%

Writing: [======================                            ] 42.87%

Writing: [======================                            ] 43.16%

Writing: [======================                            ] 43.44%

Writing: [======================                            ] 43.73%

Writing: [=======================                           ] 44.03%

Writing: [=======================                           ] 44.32%

Writing: [=======================                           ] 44.60%

Writing: [=======================                           ] 44.88%

Writing: [=======================                           ] 45.19%

Writing: [=======================                           ] 45.47%

Writing: [=======================                           ] 45.76%

Writing: [========================                          ] 46.04%

Writing: [========================                          ] 46.33%

Writing: [========================                          ] 46.61%

Writing: [========================                          ] 46.90%

Writing: [========================                          ] 47.18%

Writing: [========================                          ] 47.46%

Writing: [========================                          ] 47.73%

Writing: [=========================                         ] 48.01%

Writing: [=========================                         ] 48.29%

Writing: [=========================                         ] 48.58%

Writing: [=========================                         ] 48.86%

Writing: [=========================                         ] 49.15%

Writing: [=========================                         ] 49.43%

Writing: [=========================                         ] 49.72%

Writing: [==========================                        ] 50.00%

Writing: [==========================                        ] 50.28%

Writing: [==========================                        ] 50.57%

Writing: [==========================                        ] 50.83%

Writing: [==========================                        ] 51.09%

Writing: [==========================                        ] 51.38%

Writing: [==========================                        ] 51.66%

Writing: [==========================                        ] 51.95%

Writing: [===========================                       ] 52.23%

Writing: [===========================                       ] 52.51%

Writing: [===========================                       ] 52.80%

Writing: [===========================                       ] 53.08%

Writing: [===========================                       ] 53.35%

Writing: [===========================                       ] 53.63%

Writing: [===========================                       ] 53.91%

Writing: [============================                      ] 54.20%

Writing: [============================                      ] 54.46%

Writing: [============================                      ] 54.74%

Writing: [============================                      ] 55.01%

Writing: [============================                      ] 55.27%

Writing: [============================                      ] 55.55%

Writing: [============================                      ] 55.82%

Writing: [=============================                     ] 56.08%

Writing: [=============================                     ] 56.36%

Writing: [=============================                     ] 56.65%

Writing: [=============================                     ] 56.93%

Writing: [=============================                     ] 57.21%

Writing: [=============================                     ] 57.50%

Writing: [=============================                     ] 57.76%

Writing: [==============================                    ] 58.02%

Writing: [==============================                    ] 58.31%

Writing: [==============================                    ] 58.59%

Writing: [==============================                    ] 58.88%

Writing: [==============================                    ] 59.16%

Writing: [==============================                    ] 59.45%

Writing: [==============================                    ] 59.73%

Writing: [===============================                   ] 60.01%

Writing: [===============================                   ] 60.30%

Writing: [===============================                   ] 60.56%

Writing: [===============================                   ] 60.82%

Writing: [===============================                   ] 61.08%

Writing: [===============================                   ] 61.37%

Writing: [===============================                   ] 61.65%

Writing: [===============================                   ] 61.94%

Writing: [================================                  ] 62.22%

Writing: [================================                  ] 62.51%

Writing: [================================                  ] 62.77%

Writing: [================================                  ] 63.05%

Writing: [================================                  ] 63.34%

Writing: [================================                  ] 63.60%

Writing: [================================                  ] 63.86%

Writing: [=================================                 ] 64.15%

Writing: [=================================                 ] 64.41%

Writing: [=================================                 ] 64.67%

Writing: [=================================                 ] 64.93%

Writing: [=================================                 ] 65.22%

Writing: [=================================                 ] 65.50%

Writing: [=================================                 ] 65.79%

Writing: [==================================                ] 66.05%

Writing: [==================================                ] 66.31%

Writing: [==================================                ] 66.57%

Writing: [==================================                ] 66.86%

Writing: [==================================                ] 67.12%

Writing: [==================================                ] 67.40%

Writing: [==================================                ] 67.69%

Writing: [==================================                ] 67.97%

Writing: [===================================               ] 68.26%

Writing: [===================================               ] 68.54%

Writing: [===================================               ] 68.82%

Writing: [===================================               ] 69.11%

Writing: [===================================               ] 69.39%

Writing: [===================================               ] 69.68%

Writing: [===================================               ] 69.96%

Writing: [====================================              ] 70.25%

Writing: [====================================              ] 70.53%

Writing: [====================================              ] 70.81%

Writing: [====================================              ] 71.10%

Writing: [====================================              ] 71.38%

Writing: [====================================              ] 71.67%

Writing: [====================================              ] 71.95%

Writing: [=====================================             ] 72.21%

Writing: [=====================================             ] 72.50%

Writing: [=====================================             ] 72.78%

Writing: [=====================================             ] 73.07%

Writing: [=====================================             ] 73.33%

Writing: [=====================================             ] 73.61%

Writing: [=====================================             ] 73.90%

Writing: [======================================            ] 74.16%

Writing: [======================================            ] 74.44%

Writing: [======================================            ] 74.71%

Writing: [======================================            ] 74.99%

Writing: [======================================            ] 75.27%

Writing: [======================================            ] 75.56%

Writing: [======================================            ] 75.82%

Writing: [=======================================           ] 76.10%

Writing: [=======================================           ] 76.37%

Writing: [=======================================           ] 76.63%

Writing: [=======================================           ] 76.91%

Writing: [=======================================           ] 77.20%

Writing: [=======================================           ] 77.48%

Writing: [=======================================           ] 77.74%

Writing: [========================================          ] 78.03%

Writing: [========================================          ] 78.31%

Writing: [========================================          ] 78.60%

Writing: [========================================          ] 78.88%

Writing: [========================================          ] 79.17%

Writing: [========================================          ] 79.45%

Writing: [========================================          ] 79.73%

Writing: [========================================          ] 80.00%

Writing: [=========================================         ] 80.26%

Writing: [=========================================         ] 80.54%

Writing: [=========================================         ] 80.83%

Writing: [=========================================         ] 81.11%

Writing: [=========================================         ] 81.40%

Writing: [=========================================         ] 81.66%

Writing: [=========================================         ] 81.94%

Writing: [==========================================        ] 82.23%

Writing: [==========================================        ] 82.49%

Writing: [==========================================        ] 82.77%

Writing: [==========================================        ] 83.06%

Writing: [==========================================        ] 83.34%

Writing: [==========================================        ] 83.63%

Writing: [==========================================        ] 83.91%

Writing: [===========================================       ] 84.17%

Writing: [===========================================       ] 84.46%

Writing: [===========================================       ] 84.74%

Writing: [===========================================       ] 85.02%

Writing: [===========================================       ] 85.31%

Writing: [===========================================       ] 85.59%

Writing: [===========================================       ] 85.86%

Writing: [============================================      ] 86.14%

Writing: [============================================      ] 86.42%

Writing: [============================================      ] 86.71%

Writing: [============================================      ] 86.99%

Writing: [============================================      ] 87.28%

Writing: [============================================      ] 87.56%

Writing: [============================================      ] 87.84%

Writing: [=============================================     ] 88.13%

Writing: [=============================================     ] 88.41%

Writing: [=============================================     ] 88.70%

Writing: [=============================================     ] 88.98%

Writing: [=============================================     ] 89.27%

Writing: [=============================================     ] 89.55%

Writing: [=============================================     ] 89.83%

Writing: [==============================================    ] 90.12%

Writing: [==============================================    ] 90.38%

Writing: [==============================================    ] 90.67%

Writing: [==============================================    ] 90.95%

Writing: [==============================================    ] 91.23%

Writing: [==============================================    ] 91.52%

Writing: [==============================================    ] 91.80%

Writing: [===============================================   ] 92.09%

Writing: [===============================================   ] 92.37%

Writing: [===============================================   ] 92.65%

Writing: [===============================================   ] 92.94%

Writing: [===============================================   ] 93.22%

Writing: [===============================================   ] 93.51%

Writing: [===============================================   ] 93.79%

Writing: [==================================================] 100.00%
