empty
write to flash
Jtag frequency : requested 6.00MHz    -> real 6.00MHz   
Open file DONE
Parse file DONE
Use: /usr/local/share/openFPGALoader/bpiOverJtag_xc7k480tffg1156.bit.gz
load program

Load SRAM: [===================                               ] 37.00%

Load SRAM: [======================================            ] 76.00%

Load SRAM: [==================================================] 100.00%

Done
Shift IR 35
ir: 1 isc_done 1 isc_ena 0 init 1 done 1
Detecting BPI flash...
Intel/Micron flash detected
Manufacturer ID: 0x0089
Device ID: 0x887e
Flash capacity: 64 MB (512 Mbit)
Writing 18735004 bytes to BPI flash at 0x000000
Erasing 72 blocks...
Programming (buffered mode)...

Writing: [=                                                 ] 0.28%

Writing: [=                                                 ] 0.57%

Writing: [=                                                 ] 0.85%

Writing: [=                                                 ] 1.16%

Writing: [=                                                 ] 1.44%

Writing: [=                                                 ] 1.73%

Writing: [==                                                ] 2.01%

Writing: [==                                                ] 2.30%

Writing: [==                                                ] 2.58%

Writing: [==                                                ] 2.86%

Writing: [==                                                ] 3.15%

Writing: [==                                                ] 3.43%

Writing: [==                                                ] 3.72%

Writing: [===                                               ] 4.02%

Writing: [===                                               ] 4.31%

Writing: [===                                               ] 4.59%

Writing: [===                                               ] 4.88%

Writing: [===                                               ] 5.16%

Writing: [===                                               ] 5.44%

Writing: [===                                               ] 5.73%

Writing: [====                                              ] 6.01%

Writing: [====                                              ] 6.30%

Writing: [====                                              ] 6.58%

Writing: [====                                              ] 6.86%

Writing: [====                                              ] 7.15%

Writing: [====                                              ] 7.43%

Writing: [====                                              ] 7.72%

Writing: [=====                                             ] 8.00%

Writing: [=====                                             ] 8.29%

Writing: [=====                                             ] 8.57%

Writing: [=====                                             ] 8.85%

Writing: [=====                                             ] 9.14%

Writing: [=====                                             ] 9.42%

Writing: [=====                                             ] 9.71%

Writing: [=====                                             ] 9.99%

Writing: [======                                            ] 10.28%

Writing: [======                                            ] 10.56%

Writing: [======                                            ] 10.87%

Writing: [======                                            ] 11.15%

Writing: [======                                            ] 11.46%

Writing: [======                                            ] 11.74%

Writing: [=======                                           ] 12.05%

Writing: [=======                                           ] 12.33%

Writing: [=======                                           ] 12.61%

Writing: [=======                                           ] 12.90%

Writing: [=======                                           ] 13.18%

Writing: [=======                                           ] 13.49%

Writing: [=======                                           ] 13.77%

Writing: [========                                          ] 14.06%

Writing: [========                                          ] 14.34%

Writing: [========                                          ] 14.63%

Writing: [========                                          ] 14.91%

Writing: [========                                          ] 15.19%

Writing: [========                                          ] 15.48%

Writing: [========                                          ] 15.76%

Writing: [=========                                         ] 16.05%

Writing: [=========                                         ] 16.33%

Writing: [=========                                         ] 16.62%

Writing: [=========                                         ] 16.92%

Writing: [=========                                         ] 17.21%

Writing: [=========                                         ] 17.49%

Writing: [=========                                         ] 17.77%

Writing: [==========                                        ] 18.06%

Writing: [==========                                        ] 18.34%

Writing: [==========                                        ] 18.63%

Writing: [==========                                        ] 18.91%

Writing: [==========                                        ] 19.20%

Writing: [==========                                        ] 19.48%

Writing: [==========                                        ] 19.76%

Writing: [===========                                       ] 20.05%

Writing: [===========                                       ] 20.33%

Writing: [===========                                       ] 20.62%

Writing: [===========                                       ] 20.90%

Writing: [===========                                       ] 21.19%

Writing: [===========                                       ] 21.45%

Writing: [===========                                       ] 21.73%

Writing: [============                                      ] 22.02%

Writing: [============                                      ] 22.30%

Writing: [============                                      ] 22.58%

Writing: [============                                      ] 22.87%

Writing: [============                                      ] 23.15%

Writing: [============                                      ] 23.44%

Writing: [============                                      ] 23.72%

Writing: [=============                                     ] 24.01%

Writing: [=============                                     ] 24.29%

Writing: [=============                                     ] 24.57%

Writing: [=============                                     ] 24.86%

Writing: [=============                                     ] 25.14%

Writing: [=============                                     ] 25.43%

Writing: [=============                                     ] 25.71%

Writing: [=============                                     ] 25.99%

Writing: [==============                                    ] 26.28%

Writing: [==============                                    ] 26.56%

Writing: [==============                                    ] 26.85%

Writing: [==============                                    ] 27.13%

Writing: [==============                                    ] 27.42%

Writing: [==============                                    ] 27.70%

Writing: [==============                                    ] 27.98%

Writing: [===============                                   ] 28.27%

Writing: [===============                                   ] 28.55%

Writing: [===============                                   ] 28.84%

Writing: [===============                                   ] 29.12%

Writing: [===============                                   ] 29.41%

Writing: [===============                                   ] 29.69%

Writing: [===============                                   ] 29.97%

Writing: [================                                  ] 30.26%

Writing: [================                                  ] 30.54%

Writing: [================                                  ] 30.83%

Writing: [================                                  ] 31.11%

Writing: [================                                  ] 31.40%

Writing: [================                                  ] 31.68%

Writing: [================                                  ] 31.96%

Writing: [=================                                 ] 32.25%

Writing: [=================                                 ] 32.53%

Writing: [=================                                 ] 32.82%

Writing: [=================                                 ] 33.10%

Writing: [=================                                 ] 33.38%

Writing: [=================                                 ] 33.67%

Writing: [=================                                 ] 33.95%

Writing: [==================                                ] 34.24%

Writing: [==================                                ] 34.52%

Writing: [==================                                ] 34.81%

Writing: [==================                                ] 35.09%

Writing: [==================                                ] 35.37%

Writing: [==================                                ] 35.66%

Writing: [==================                                ] 35.94%

Writing: [===================                               ] 36.23%

Writing: [===================                               ] 36.51%

Writing: [===================                               ] 36.80%

Writing: [===================                               ] 37.08%

Writing: [===================                               ] 37.36%

Writing: [===================                               ] 37.65%

Writing: [===================                               ] 37.93%

Writing: [====================                              ] 38.22%

Writing: [====================                              ] 38.50%

Writing: [====================                              ] 38.78%

Writing: [====================                              ] 39.07%

Writing: [====================                              ] 39.35%

Writing: [====================                              ] 39.64%

Writing: [====================                              ] 39.92%

Writing: [=====================                             ] 40.21%

Writing: [=====================                             ] 40.49%

Writing: [=====================                             ] 40.77%

Writing: [=====================                             ] 41.06%

Writing: [=====================                             ] 41.34%

Writing: [=====================                             ] 41.63%

Writing: [=====================                             ] 41.91%

Writing: [======================                            ] 42.20%

Writing: [======================                            ] 42.48%

Writing: [======================                            ] 42.76%

Writing: [======================                            ] 43.05%

Writing: [======================                            ] 43.33%

Writing: [======================                            ] 43.62%

Writing: [======================                            ] 43.90%

Writing: [=======================                           ] 44.18%

Writing: [=======================                           ] 44.47%

Writing: [=======================                           ] 44.75%

Writing: [=======================                           ] 45.04%

Writing: [=======================                           ] 45.32%

Writing: [=======================                           ] 45.61%

Writing: [=======================                           ] 45.89%

Writing: [========================                          ] 46.17%

Writing: [========================                          ] 46.46%

Writing: [========================                          ] 46.74%

Writing: [========================                          ] 47.03%

Writing: [========================                          ] 47.31%

Writing: [========================                          ] 47.62%

Writing: [========================                          ] 47.90%

Writing: [=========================                         ] 48.19%

Writing: [=========================                         ] 48.47%

Writing: [=========================                         ] 48.75%

Writing: [=========================                         ] 49.04%

Writing: [=========================                         ] 49.32%

Writing: [=========================                         ] 49.61%

Writing: [=========================                         ] 49.89%

Writing: [==========================                        ] 50.18%

Writing: [==========================                        ] 50.46%

Writing: [==========================                        ] 50.74%

Writing: [==========================                        ] 51.03%

Writing: [==========================                        ] 51.31%

Writing: [==========================                        ] 51.60%

Writing: [==========================                        ] 51.88%

Writing: [===========================                       ] 52.16%

Writing: [===========================                       ] 52.45%

Writing: [===========================                       ] 52.73%

Writing: [===========================                       ] 53.02%

Writing: [===========================                       ] 53.32%

Writing: [===========================                       ] 53.61%

Writing: [===========================                       ] 53.96%

Writing: [============================                      ] 54.24%

Writing: [============================                      ] 54.53%

Writing: [============================                      ] 54.81%

Writing: [============================                      ] 55.09%

Writing: [============================                      ] 55.38%

Writing: [============================                      ] 55.66%

Writing: [============================                      ] 55.95%

Writing: [=============================                     ] 56.23%

Writing: [=============================                     ] 56.52%

Writing: [=============================                     ] 56.80%

Writing: [=============================                     ] 57.08%

Writing: [=============================                     ] 57.37%

Writing: [=============================                     ] 57.65%

Writing: [=============================                     ] 57.94%

Writing: [==============================                    ] 58.22%

Writing: [==============================                    ] 58.50%

Writing: [==============================                    ] 58.79%

Writing: [==============================                    ] 59.07%

Writing: [==============================                    ] 59.36%

Writing: [==============================                    ] 59.64%

Writing: [==============================                    ] 59.93%

Writing: [===============================                   ] 60.21%

Writing: [===============================                   ] 60.49%

Writing: [===============================                   ] 60.78%

Writing: [===============================                   ] 61.06%

Writing: [===============================                   ] 61.35%

Writing: [===============================                   ] 61.63%

Writing: [===============================                   ] 61.92%

Writing: [================================                  ] 62.20%

Writing: [================================                  ] 62.48%

Writing: [================================                  ] 62.77%

Writing: [================================                  ] 63.05%

Writing: [================================                  ] 63.34%

Writing: [================================                  ] 63.62%

Writing: [================================                  ] 63.91%

Writing: [=================================                 ] 64.19%

Writing: [=================================                 ] 64.47%

Writing: [=================================                 ] 64.76%

Writing: [=================================                 ] 65.04%

Writing: [=================================                 ] 65.33%

Writing: [=================================                 ] 65.61%

Writing: [=================================                 ] 65.92%

Writing: [==================================                ] 66.20%

Writing: [==================================                ] 66.48%

Writing: [==================================                ] 66.77%

Writing: [==================================                ] 67.05%

Writing: [==================================                ] 67.34%

Writing: [==================================                ] 67.64%

Writing: [==================================                ] 67.93%

Writing: [===================================               ] 68.21%

Writing: [===================================               ] 68.50%

Writing: [===================================               ] 68.78%

Writing: [===================================               ] 69.06%

Writing: [===================================               ] 69.35%

Writing: [===================================               ] 69.63%

Writing: [===================================               ] 69.92%

Writing: [====================================              ] 70.20%

Writing: [====================================              ] 70.49%

Writing: [====================================              ] 70.77%

Writing: [====================================              ] 71.05%

Writing: [====================================              ] 71.34%

Writing: [====================================              ] 71.62%

Writing: [====================================              ] 71.93%

Writing: [=====================================             ] 72.21%

Writing: [=====================================             ] 72.50%

Writing: [=====================================             ] 72.78%

Writing: [=====================================             ] 73.07%

Writing: [=====================================             ] 73.35%

Writing: [=====================================             ] 73.63%

Writing: [=====================================             ] 73.92%

Writing: [======================================            ] 74.20%

Writing: [======================================            ] 74.49%

Writing: [======================================            ] 74.77%

Writing: [======================================            ] 75.06%

Writing: [======================================            ] 75.34%

Writing: [======================================            ] 75.65%

Writing: [======================================            ] 75.93%

Writing: [=======================================           ] 76.21%

Writing: [=======================================           ] 76.50%

Writing: [=======================================           ] 76.78%

Writing: [=======================================           ] 77.07%

Writing: [=======================================           ] 77.35%

Writing: [=======================================           ] 77.63%

Writing: [=======================================           ] 77.92%

Writing: [========================================          ] 78.20%

Writing: [========================================          ] 78.49%

Writing: [========================================          ] 78.77%

Writing: [========================================          ] 79.06%

Writing: [========================================          ] 79.34%

Writing: [========================================          ] 79.62%

Writing: [========================================          ] 79.91%

Writing: [=========================================         ] 80.19%

Writing: [=========================================         ] 80.48%

Writing: [=========================================         ] 80.76%

Writing: [=========================================         ] 81.07%

Writing: [=========================================         ] 81.35%

Writing: [=========================================         ] 81.64%

Writing: [=========================================         ] 81.94%

Writing: [==========================================        ] 82.23%

Writing: [==========================================        ] 82.51%

Writing: [==========================================        ] 82.79%

Writing: [==========================================        ] 83.08%

Writing: [==========================================        ] 83.36%

Writing: [==========================================        ] 83.65%

Writing: [==========================================        ] 83.93%

Writing: [===========================================       ] 84.22%

Writing: [===========================================       ] 84.50%

Writing: [===========================================       ] 84.78%

Writing: [===========================================       ] 85.07%

Writing: [===========================================       ] 85.35%

Writing: [===========================================       ] 85.64%

Writing: [===========================================       ] 85.92%

Writing: [============================================      ] 86.21%

Writing: [============================================      ] 86.49%

Writing: [============================================      ] 86.77%

Writing: [============================================      ] 87.06%

Writing: [============================================      ] 87.34%

Writing: [============================================      ] 87.63%

Writing: [============================================      ] 87.91%

Writing: [=============================================     ] 88.19%

Writing: [=============================================     ] 88.48%

Writing: [=============================================     ] 88.76%

Writing: [=============================================     ] 89.05%

Writing: [=============================================     ] 89.33%

Writing: [=============================================     ] 89.62%

Writing: [=============================================     ] 89.90%

Writing: [==============================================    ] 90.18%

Writing: [==============================================    ] 90.47%

Writing: [==============================================    ] 90.75%

Writing: [==============================================    ] 91.04%

Writing: [==============================================    ] 91.32%

Writing: [==============================================    ] 91.61%

Writing: [==============================================    ] 91.91%

Writing: [===============================================   ] 92.20%

Writing: [===============================================   ] 92.48%

Writing: [===============================================   ] 92.76%

Writing: [===============================================   ] 93.05%

Writing: [===============================================   ] 93.33%

Writing: [===============================================   ] 93.62%

Writing: [===============================================   ] 93.90%

Writing: [================================================  ] 94.19%

Writing: [================================================  ] 94.47%

Writing: [================================================  ] 94.75%

Writing: [================================================  ] 95.06%

Writing: [================================================  ] 95.34%

Writing: [================================================  ] 95.63%

Writing: [================================================  ] 95.91%

Writing: [================================================= ] 96.20%

Writing: [================================================= ] 96.48%

Writing: [================================================= ] 96.76%

Writing: [================================================= ] 97.05%

Writing: [================================================= ] 97.33%

Writing: [================================================= ] 97.62%

Writing: [================================================= ] 97.90%

Writing: [==================================================] 98.19%

Writing: [==================================================] 98.47%

Writing: [==================================================] 98.75%

Writing: [==================================================] 99.04%

Writing: [==================================================] 99.32%

Writing: [==================================================] 99.61%

Writing: [==================================================] 99.89%

Writing: [==================================================] 100.00%

Done
Verifying first 32 words...
Verification passed for first 32 words
BPI flash programming complete
BPI flash programming complete
