empty
write to flash
Jtag frequency : requested 6.00MHz    -> real 6.00MHz   
Open file DONE
Parse file DONE
Use: /usr/local/share/openFPGALoader/bpiOverJtag_xc7k480tffg1156.bit.gz
load program

Load SRAM: [===================                               ] 37.00%

Load SRAM: [======================================            ] 76.00%

Load SRAM: [==================================================] 100.00%

Done
Shift IR 35
ir: 1 isc_done 1 isc_ena 0 init 1 done 1
Detecting BPI flash...
Intel/Micron flash detected
Manufacturer ID: 0x0089
Device ID: 0x887e
Flash capacity: 64 MB (512 Mbit)
Writing 18735004 bytes to BPI flash at 0x000000
Erasing 72 blocks...
Programming (buffered mode)...

Writing: [=                                                 ] 0.28%

Writing: [=                                                 ] 0.57%

Writing: [=                                                 ] 0.85%

Writing: [=                                                 ] 1.14%

Writing: [=                                                 ] 1.42%

Writing: [=                                                 ] 1.71%

Writing: [=                                                 ] 1.99%

Writing: [==                                                ] 2.27%

Writing: [==                                                ] 2.56%

Writing: [==                                                ] 2.86%

Writing: [==                                                ] 3.15%

Writing: [==                                                ] 3.43%

Writing: [==                                                ] 3.72%

Writing: [===                                               ] 4.00%

Writing: [===                                               ] 4.29%

Writing: [===                                               ] 4.57%

Writing: [===                                               ] 4.85%

Writing: [===                                               ] 5.14%

Writing: [===                                               ] 5.42%

Writing: [===                                               ] 5.71%

Writing: [===                                               ] 5.99%

Writing: [====                                              ] 6.27%

Writing: [====                                              ] 6.56%

Writing: [====                                              ] 6.84%

Writing: [====                                              ] 7.13%

Writing: [====                                              ] 7.41%

Writing: [====                                              ] 7.70%

Writing: [====                                              ] 7.98%

Writing: [=====                                             ] 8.26%

Writing: [=====                                             ] 8.55%

Writing: [=====                                             ] 8.83%

Writing: [=====                                             ] 9.12%

Writing: [=====                                             ] 9.42%

Writing: [=====                                             ] 9.71%

Writing: [=====                                             ] 9.99%

Writing: [======                                            ] 10.28%

Writing: [======                                            ] 10.56%

Writing: [======                                            ] 10.84%

Writing: [======                                            ] 11.13%

Writing: [======                                            ] 11.41%

Writing: [======                                            ] 11.70%

Writing: [======                                            ] 11.98%

Writing: [=======                                           ] 12.27%

Writing: [=======                                           ] 12.55%

Writing: [=======                                           ] 12.83%

Writing: [=======                                           ] 13.12%

Writing: [=======                                           ] 13.40%

Writing: [=======                                           ] 13.69%

Writing: [=======                                           ] 13.97%

Writing: [========                                          ] 14.25%

Writing: [========                                          ] 14.54%

Writing: [========                                          ] 14.82%

Writing: [========                                          ] 15.11%

Writing: [========                                          ] 15.39%

Writing: [========                                          ] 15.68%

Writing: [========                                          ] 15.96%

Writing: [=========                                         ] 16.24%

Writing: [=========                                         ] 16.53%

Writing: [=========                                         ] 16.81%

Writing: [=========                                         ] 17.10%

Writing: [=========                                         ] 17.38%

Writing: [=========                                         ] 17.67%

Writing: [=========                                         ] 17.95%

Writing: [==========                                        ] 18.23%

Writing: [==========                                        ] 18.52%

Writing: [==========                                        ] 18.80%

Writing: [==========                                        ] 19.09%

Writing: [==========                                        ] 19.37%

Writing: [==========                                        ] 19.65%

Writing: [==========                                        ] 19.94%

Writing: [===========                                       ] 20.22%

Writing: [===========                                       ] 20.51%

Writing: [===========                                       ] 20.79%

Writing: [===========                                       ] 21.08%

Writing: [===========                                       ] 21.36%

Writing: [===========                                       ] 21.64%

Writing: [===========                                       ] 21.93%

Writing: [============                                      ] 22.21%

Writing: [============                                      ] 22.50%

Writing: [============                                      ] 22.78%

Writing: [============                                      ] 23.07%

Writing: [============                                      ] 23.35%

Writing: [============                                      ] 23.63%

Writing: [============                                      ] 23.92%

Writing: [=============                                     ] 24.20%

Writing: [=============                                     ] 24.49%

Writing: [=============                                     ] 24.77%

Writing: [=============                                     ] 25.05%

Writing: [=============                                     ] 25.34%

Writing: [=============                                     ] 25.62%

Writing: [=============                                     ] 25.91%

Writing: [==============                                    ] 26.21%

Writing: [==============                                    ] 26.50%

Writing: [==============                                    ] 26.78%

Writing: [==============                                    ] 27.07%

Writing: [==============                                    ] 27.35%

Writing: [==============                                    ] 27.63%

Writing: [==============                                    ] 27.92%

Writing: [===============                                   ] 28.20%

Writing: [===============                                   ] 28.49%

Writing: [===============                                   ] 28.77%

Writing: [===============                                   ] 29.06%

Writing: [===============                                   ] 29.34%

Writing: [===============                                   ] 29.62%

Writing: [===============                                   ] 29.91%

Writing: [================                                  ] 30.19%

Writing: [================                                  ] 30.48%

Writing: [================                                  ] 30.76%

Writing: [================                                  ] 31.05%

Writing: [================                                  ] 31.33%

Writing: [================                                  ] 31.61%

Writing: [================                                  ] 31.90%

Writing: [=================                                 ] 32.18%

Writing: [=================                                 ] 32.47%

Writing: [=================                                 ] 32.75%

Writing: [=================                                 ] 33.03%

Writing: [=================                                 ] 33.32%

Writing: [=================                                 ] 33.60%

Writing: [=================                                 ] 33.89%

Writing: [==================                                ] 34.17%

Writing: [==================                                ] 34.46%

Writing: [==================                                ] 34.74%

Writing: [==================                                ] 35.02%

Writing: [==================                                ] 35.31%

Writing: [==================                                ] 35.59%

Writing: [==================                                ] 35.88%

Writing: [===================                               ] 36.16%

Writing: [===================                               ] 36.45%

Writing: [===================                               ] 36.73%

Writing: [===================                               ] 37.01%

Writing: [===================                               ] 37.30%

Writing: [===================                               ] 37.58%

Writing: [===================                               ] 37.87%

Writing: [====================                              ] 38.15%

Writing: [====================                              ] 38.43%

Writing: [====================                              ] 38.72%

Writing: [====================                              ] 39.00%

Writing: [====================                              ] 39.29%

Writing: [====================                              ] 39.57%

Writing: [====================                              ] 39.86%

Writing: [=====================                             ] 40.14%

Writing: [=====================                             ] 40.42%

Writing: [=====================                             ] 40.71%

Writing: [=====================                             ] 40.99%

Writing: [=====================                             ] 41.30%

Writing: [=====================                             ] 41.58%

Writing: [=====================                             ] 41.87%

Writing: [======================                            ] 42.15%

Writing: [======================                            ] 42.44%

Writing: [======================                            ] 42.72%

Writing: [======================                            ] 43.00%

Writing: [======================                            ] 43.29%

Writing: [======================                            ] 43.57%

Writing: [======================                            ] 43.86%

Writing: [=======================                           ] 44.14%

Writing: [=======================                           ] 44.43%

Writing: [=======================                           ] 44.71%

Writing: [=======================                           ] 44.99%

Writing: [=======================                           ] 45.28%

Writing: [=======================                           ] 45.56%

Writing: [=======================                           ] 45.87%

Writing: [========================                          ] 46.15%

Writing: [========================                          ] 46.44%

Writing: [========================                          ] 46.72%

Writing: [========================                          ] 47.01%

Writing: [========================                          ] 47.29%

Writing: [========================                          ] 47.57%

Writing: [========================                          ] 47.86%

Writing: [=========================                         ] 48.14%

Writing: [=========================                         ] 48.43%

Writing: [=========================                         ] 48.71%

Writing: [=========================                         ] 48.99%

Writing: [=========================                         ] 49.28%

Writing: [=========================                         ] 49.56%

Writing: [=========================                         ] 49.85%

Writing: [==========================                        ] 50.13%

Writing: [==========================                        ] 50.42%

Writing: [==========================                        ] 50.70%

Writing: [==========================                        ] 50.98%

Writing: [==========================                        ] 51.27%

Writing: [==========================                        ] 51.55%

Writing: [==========================                        ] 51.84%

Writing: [===========================                       ] 52.12%

Writing: [===========================                       ] 52.41%

Writing: [===========================                       ] 52.69%

Writing: [===========================                       ] 52.97%

Writing: [===========================                       ] 53.26%

Writing: [===========================                       ] 53.54%

Writing: [===========================                       ] 53.83%

Writing: [============================                      ] 54.11%

Writing: [============================                      ] 54.39%

Writing: [============================                      ] 54.68%

Writing: [============================                      ] 54.96%

Writing: [============================                      ] 55.25%

Writing: [============================                      ] 55.53%

Writing: [============================                      ] 55.82%

Writing: [=============================                     ] 56.10%

Writing: [=============================                     ] 56.38%

Writing: [=============================                     ] 56.67%

Writing: [=============================                     ] 56.95%

Writing: [=============================                     ] 57.24%

Writing: [=============================                     ] 57.52%

Writing: [=============================                     ] 57.81%

Writing: [==============================                    ] 58.09%

Writing: [==============================                    ] 58.37%

Writing: [==============================                    ] 58.66%

Writing: [==============================                    ] 58.94%

Writing: [==============================                    ] 59.23%

Writing: [==============================                    ] 59.51%

Writing: [==============================                    ] 59.79%

Writing: [===============================                   ] 60.08%

Writing: [===============================                   ] 60.36%

Writing: [===============================                   ] 60.65%

Writing: [===============================                   ] 60.93%

Writing: [===============================                   ] 61.22%

Writing: [===============================                   ] 61.50%

Writing: [===============================                   ] 61.78%

Writing: [================================                  ] 62.07%

Writing: [================================                  ] 62.35%

Writing: [================================                  ] 62.64%

Writing: [================================                  ] 62.92%

Writing: [================================                  ] 63.21%

Writing: [================================                  ] 63.49%

Writing: [================================                  ] 63.77%

Writing: [=================================                 ] 64.06%

Writing: [=================================                 ] 64.34%

Writing: [=================================                 ] 64.63%

Writing: [=================================                 ] 64.91%

Writing: [=================================                 ] 65.19%

Writing: [=================================                 ] 65.48%

Writing: [=================================                 ] 65.76%

Writing: [==================================                ] 66.05%

Writing: [==================================                ] 66.33%

Writing: [==================================                ] 66.62%

Writing: [==================================                ] 66.90%

Writing: [==================================                ] 67.18%

Writing: [==================================                ] 67.47%

Writing: [==================================                ] 67.75%

Writing: [===================================               ] 68.06%

Writing: [===================================               ] 68.34%

Writing: [===================================               ] 68.63%

Writing: [===================================               ] 68.91%

Writing: [===================================               ] 69.20%

Writing: [===================================               ] 69.48%

Writing: [===================================               ] 69.76%

Writing: [====================================              ] 70.05%

Writing: [====================================              ] 70.33%

Writing: [====================================              ] 70.62%

Writing: [====================================              ] 70.90%

Writing: [====================================              ] 71.19%

Writing: [====================================              ] 71.47%

Writing: [====================================              ] 71.78%

Writing: [=====================================             ] 72.06%

Writing: [=====================================             ] 72.34%

Writing: [=====================================             ] 72.63%

Writing: [=====================================             ] 72.91%

Writing: [=====================================             ] 73.20%

Writing: [=====================================             ] 73.48%

Writing: [=====================================             ] 73.77%

Writing: [======================================            ] 74.05%

Writing: [======================================            ] 74.33%

Writing: [======================================            ] 74.62%

Writing: [======================================            ] 74.90%

Writing: [======================================            ] 75.21%

Writing: [======================================            ] 75.49%

Writing: [======================================            ] 75.78%

Writing: [=======================================           ] 76.06%

Writing: [=======================================           ] 76.34%

Writing: [=======================================           ] 76.63%

Writing: [=======================================           ] 76.91%

Writing: [=======================================           ] 77.20%

Writing: [=======================================           ] 77.48%

Writing: [=======================================           ] 77.77%

Writing: [========================================          ] 78.05%

Writing: [========================================          ] 78.33%

Writing: [========================================          ] 78.62%

Writing: [========================================          ] 78.90%

Writing: [========================================          ] 79.19%

Writing: [========================================          ] 79.47%

Writing: [========================================          ] 79.76%

Writing: [=========================================         ] 80.04%

Writing: [=========================================         ] 80.32%

Writing: [=========================================         ] 80.61%

Writing: [=========================================         ] 80.89%

Writing: [=========================================         ] 81.18%

Writing: [=========================================         ] 81.48%

Writing: [=========================================         ] 81.77%

Writing: [==========================================        ] 82.05%

Writing: [==========================================        ] 82.34%

Writing: [==========================================        ] 82.62%

Writing: [==========================================        ] 82.90%

Writing: [==========================================        ] 83.19%

Writing: [==========================================        ] 83.47%

Writing: [==========================================        ] 83.76%

Writing: [===========================================       ] 84.04%

Writing: [===========================================       ] 84.32%

Writing: [===========================================       ] 84.61%

Writing: [===========================================       ] 84.89%

Writing: [===========================================       ] 85.18%

Writing: [===========================================       ] 85.46%

Writing: [===========================================       ] 85.75%

Writing: [============================================      ] 86.03%

Writing: [============================================      ] 86.31%

Writing: [============================================      ] 86.60%

Writing: [============================================      ] 86.88%

Writing: [============================================      ] 87.17%

Writing: [============================================      ] 87.45%

Writing: [============================================      ] 87.74%

Writing: [=============================================     ] 88.02%

Writing: [=============================================     ] 88.30%

Writing: [=============================================     ] 88.59%

Writing: [=============================================     ] 88.87%

Writing: [=============================================     ] 89.16%

Writing: [=============================================     ] 89.44%

Writing: [=============================================     ] 89.73%

Writing: [==============================================    ] 90.01%

Writing: [==============================================    ] 90.29%

Writing: [==============================================    ] 90.58%

Writing: [==============================================    ] 90.86%

Writing: [==============================================    ] 91.15%

Writing: [==============================================    ] 91.43%

Writing: [==============================================    ] 91.71%

Writing: [==============================================    ] 92.00%

Writing: [===============================================   ] 92.28%

Writing: [===============================================   ] 92.57%

Writing: [===============================================   ] 92.85%

Writing: [===============================================   ] 93.14%

Writing: [===============================================   ] 93.42%

Writing: [===============================================   ] 93.70%

Writing: [===============================================   ] 93.99%

Writing: [================================================  ] 94.27%

Writing: [================================================  ] 94.58%

Writing: [================================================  ] 94.86%

Writing: [================================================  ] 95.15%

Writing: [================================================  ] 95.43%

Writing: [================================================  ] 95.72%

Writing: [================================================  ] 96.00%

Writing: [================================================= ] 96.28%

Writing: [================================================= ] 96.57%

Writing: [================================================= ] 96.85%

Writing: [================================================= ] 97.14%

Writing: [================================================= ] 97.42%

Writing: [================================================= ] 97.70%

Writing: [================================================= ] 97.99%

Writing: [==================================================] 98.27%

Writing: [==================================================] 98.56%

Writing: [==================================================] 98.84%

Writing: [==================================================] 99.13%

Writing: [==================================================] 99.41%

Writing: [==================================================] 99.69%

Writing: [==================================================] 99.98%

Writing: [==================================================] 100.00%

Done
Verifying first 32 words...
Verification passed for first 32 words
BPI flash programming complete
BPI flash programming complete
