empty
write to flash
Jtag frequency : requested 6.00MHz    -> real 6.00MHz   
Open file DONE
Parse file DONE
Use: /usr/local/share/openFPGALoader/bpiOverJtag_xc7k480tffg1156.bit.gz
load program

Load SRAM: [===================                               ] 37.00%

Load SRAM: [======================================            ] 76.00%

Load SRAM: [==================================================] 100.00%

Done
Shift IR 35
ir: 1 isc_done 1 isc_ena 0 init 1 done 1
Detecting BPI flash...
Intel/Micron flash detected
Manufacturer ID: 0x0089
Device ID: 0x887e
Flash capacity: 64 MB (512 Mbit)
Writing 18735004 bytes to BPI flash at 0x000000
Erasing 72 blocks...
Programming (buffered mode)...

Writing: [=                                                 ] 0.28%

Writing: [=                                                 ] 0.57%

Writing: [=                                                 ] 0.85%

Writing: [=                                                 ] 1.14%

Writing: [=                                                 ] 1.42%

Writing: [=                                                 ] 1.71%

Writing: [=                                                 ] 1.99%

Writing: [==                                                ] 2.27%

Writing: [==                                                ] 2.56%

Writing: [==                                                ] 2.84%

Writing: [==                                                ] 3.13%

Writing: [==                                                ] 3.41%

Writing: [==                                                ] 3.69%

Writing: [==                                                ] 3.98%

Writing: [===                                               ] 4.26%

Writing: [===                                               ] 4.57%

Writing: [===                                               ] 4.85%

Writing: [===                                               ] 5.14%

Writing: [===                                               ] 5.42%

Writing: [===                                               ] 5.71%

Writing: [===                                               ] 5.99%

Writing: [====                                              ] 6.27%

Writing: [====                                              ] 6.56%

Writing: [====                                              ] 6.84%

Writing: [====                                              ] 7.13%

Writing: [====                                              ] 7.41%

Writing: [====                                              ] 7.70%

Writing: [====                                              ] 7.98%

Writing: [=====                                             ] 8.26%

Writing: [=====                                             ] 8.55%

Writing: [=====                                             ] 8.83%

Writing: [=====                                             ] 9.12%

Writing: [=====                                             ] 9.40%

Writing: [=====                                             ] 9.69%

Writing: [=====                                             ] 9.97%

Writing: [======                                            ] 10.25%

Writing: [======                                            ] 10.54%

Writing: [======                                            ] 10.82%

Writing: [======                                            ] 11.13%

Writing: [======                                            ] 11.41%

Writing: [======                                            ] 11.70%

Writing: [======                                            ] 11.98%

Writing: [=======                                           ] 12.27%

Writing: [=======                                           ] 12.55%

Writing: [=======                                           ] 12.86%

Writing: [=======                                           ] 13.14%

Writing: [=======                                           ] 13.42%

Writing: [=======                                           ] 13.71%

Writing: [=======                                           ] 13.99%

Writing: [========                                          ] 14.30%

Writing: [========                                          ] 14.58%

Writing: [========                                          ] 14.87%

Writing: [========                                          ] 15.15%

Writing: [========                                          ] 15.44%

Writing: [========                                          ] 15.72%

Writing: [=========                                         ] 16.00%

Writing: [=========                                         ] 16.29%

Writing: [=========                                         ] 16.57%

Writing: [=========                                         ] 16.86%

Writing: [=========                                         ] 17.14%

Writing: [=========                                         ] 17.42%

Writing: [=========                                         ] 17.71%

Writing: [=========                                         ] 17.99%

Writing: [==========                                        ] 18.28%

Writing: [==========                                        ] 18.56%

Writing: [==========                                        ] 18.85%

Writing: [==========                                        ] 19.15%

Writing: [==========                                        ] 19.44%

Writing: [==========                                        ] 19.72%

Writing: [===========                                       ] 20.00%

Writing: [===========                                       ] 20.29%

Writing: [===========                                       ] 20.57%

Writing: [===========                                       ] 20.86%

Writing: [===========                                       ] 21.14%

Writing: [===========                                       ] 21.43%

Writing: [===========                                       ] 21.71%

Writing: [============                                      ] 22.02%

Writing: [============                                      ] 22.30%

Writing: [============                                      ] 22.58%

Writing: [============                                      ] 22.87%

Writing: [============                                      ] 23.15%

Writing: [============                                      ] 23.44%

Writing: [============                                      ] 23.72%

Writing: [=============                                     ] 24.01%

Writing: [=============                                     ] 24.29%

Writing: [=============                                     ] 24.57%

Writing: [=============                                     ] 24.86%

Writing: [=============                                     ] 25.14%

Writing: [=============                                     ] 25.43%

Writing: [=============                                     ] 25.71%

Writing: [=============                                     ] 25.99%

Writing: [==============                                    ] 26.28%

Writing: [==============                                    ] 26.56%

Writing: [==============                                    ] 26.85%

Writing: [==============                                    ] 27.13%

Writing: [==============                                    ] 27.42%

Writing: [==============                                    ] 27.70%

Writing: [==============                                    ] 27.98%

Writing: [===============                                   ] 28.27%

Writing: [===============                                   ] 28.55%

Writing: [===============                                   ] 28.84%

Writing: [===============                                   ] 29.14%

Writing: [===============                                   ] 29.43%

Writing: [===============                                   ] 29.71%

Writing: [===============                                   ] 30.00%

Writing: [================                                  ] 30.28%

Writing: [================                                  ] 30.56%

Writing: [================                                  ] 30.85%

Writing: [================                                  ] 31.13%

Writing: [================                                  ] 31.42%

Writing: [================                                  ] 31.70%

Writing: [================                                  ] 31.99%

Writing: [=================                                 ] 32.27%

Writing: [=================                                 ] 32.55%

Writing: [=================                                 ] 32.84%

Writing: [=================                                 ] 33.12%

Writing: [=================                                 ] 33.43%

Writing: [=================                                 ] 33.71%

Writing: [=================                                 ] 34.00%

Writing: [==================                                ] 34.28%

Writing: [==================                                ] 34.57%

Writing: [==================                                ] 34.85%

Writing: [==================                                ] 35.13%

Writing: [==================                                ] 35.42%

Writing: [==================                                ] 35.70%

Writing: [==================                                ] 35.99%

Writing: [===================                               ] 36.27%

Writing: [===================                               ] 36.58%

Writing: [===================                               ] 36.86%

Writing: [===================                               ] 37.14%

Writing: [===================                               ] 37.43%

Writing: [===================                               ] 37.71%

Writing: [===================                               ] 38.00%

Writing: [====================                              ] 38.30%

Writing: [====================                              ] 38.59%

Writing: [====================                              ] 38.87%

Writing: [====================                              ] 39.16%

Writing: [====================                              ] 39.44%

Writing: [====================                              ] 39.72%

Writing: [=====================                             ] 40.01%

Writing: [=====================                             ] 40.29%

Writing: [=====================                             ] 40.58%

Writing: [=====================                             ] 40.86%

Writing: [=====================                             ] 41.15%

Writing: [=====================                             ] 41.45%

Writing: [=====================                             ] 41.74%

Writing: [======================                            ] 42.02%

Writing: [======================                            ] 42.30%

Writing: [======================                            ] 42.59%

Writing: [======================                            ] 42.87%

Writing: [======================                            ] 43.16%

Writing: [======================                            ] 43.44%

Writing: [======================                            ] 43.73%

Writing: [=======================                           ] 44.01%

Writing: [=======================                           ] 44.29%

Writing: [=======================                           ] 44.58%

Writing: [=======================                           ] 44.86%

Writing: [=======================                           ] 45.15%

Writing: [=======================                           ] 45.43%

Writing: [=======================                           ] 45.72%

Writing: [=======================                           ] 46.00%

Writing: [========================                          ] 46.28%

Writing: [========================                          ] 46.57%

Writing: [========================                          ] 46.85%

Writing: [========================                          ] 47.14%

Writing: [========================                          ] 47.42%

Writing: [========================                          ] 47.70%

Writing: [========================                          ] 47.99%

Writing: [=========================                         ] 48.27%

Writing: [=========================                         ] 48.56%

Writing: [=========================                         ] 48.84%

Writing: [=========================                         ] 49.13%

Writing: [=========================                         ] 49.41%

Writing: [=========================                         ] 49.69%

Writing: [=========================                         ] 49.98%

Writing: [==========================                        ] 50.26%

Writing: [==========================                        ] 50.57%

Writing: [==========================                        ] 50.85%

Writing: [==========================                        ] 51.14%

Writing: [==========================                        ] 51.44%

Writing: [==========================                        ] 51.73%

Writing: [===========================                       ] 52.01%

Writing: [===========================                       ] 52.30%

Writing: [===========================                       ] 52.58%

Writing: [===========================                       ] 52.89%

Writing: [===========================                       ] 53.17%

Writing: [===========================                       ] 53.48%

Writing: [===========================                       ] 53.76%

Writing: [============================                      ] 54.04%

Writing: [============================                      ] 54.33%

Writing: [============================                      ] 54.61%

Writing: [============================                      ] 54.90%

Writing: [============================                      ] 55.18%

Writing: [============================                      ] 55.47%

Writing: [============================                      ] 55.75%

Writing: [=============================                     ] 56.03%

Writing: [=============================                     ] 56.32%

Writing: [=============================                     ] 56.60%

Writing: [=============================                     ] 56.89%

Writing: [=============================                     ] 57.17%

Writing: [=============================                     ] 57.46%

Writing: [=============================                     ] 57.74%

Writing: [==============================                    ] 58.02%

Writing: [==============================                    ] 58.31%

Writing: [==============================                    ] 58.61%

Writing: [==============================                    ] 58.92%

Writing: [==============================                    ] 59.20%

Writing: [==============================                    ] 59.49%

Writing: [==============================                    ] 59.77%

Writing: [===============================                   ] 60.06%

Writing: [===============================                   ] 60.34%

Writing: [===============================                   ] 60.63%

Writing: [===============================                   ] 60.91%

Writing: [===============================                   ] 61.19%

Writing: [===============================                   ] 61.48%

Writing: [===============================                   ] 61.78%

Writing: [================================                  ] 62.09%

Writing: [================================                  ] 62.40%

Writing: [================================                  ] 62.68%

Writing: [================================                  ] 62.96%

Writing: [================================                  ] 63.27%

Writing: [================================                  ] 63.56%

Writing: [================================                  ] 63.84%

Writing: [=================================                 ] 64.12%

Writing: [=================================                 ] 64.41%

Writing: [=================================                 ] 64.69%

Writing: [=================================                 ] 64.98%

Writing: [=================================                 ] 65.26%

Writing: [=================================                 ] 65.54%

Writing: [=================================                 ] 65.83%

Writing: [==================================                ] 66.11%

Writing: [==================================                ] 66.40%

Writing: [==================================                ] 66.68%

Writing: [==================================                ] 66.97%

Writing: [==================================                ] 67.25%

Writing: [==================================                ] 67.53%

Writing: [==================================                ] 67.82%

Writing: [===================================               ] 68.10%

Writing: [===================================               ] 68.39%

Writing: [===================================               ] 68.67%

Writing: [===================================               ] 68.96%

Writing: [===================================               ] 69.26%

Writing: [===================================               ] 69.57%

Writing: [===================================               ] 69.85%

Writing: [====================================              ] 70.14%

Writing: [====================================              ] 70.42%

Writing: [====================================              ] 70.73%

Writing: [====================================              ] 71.01%

Writing: [====================================              ] 71.29%

Writing: [====================================              ] 71.58%

Writing: [====================================              ] 71.86%

Writing: [=====================================             ] 72.15%

Writing: [=====================================             ] 72.43%

Writing: [=====================================             ] 72.72%

Writing: [=====================================             ] 73.02%

Writing: [=====================================             ] 73.31%

Writing: [=====================================             ] 73.59%

Writing: [=====================================             ] 73.90%

Writing: [======================================            ] 74.18%

Writing: [======================================            ] 74.49%

Writing: [======================================            ] 74.77%

Writing: [======================================            ] 75.06%

Writing: [======================================            ] 75.34%

Writing: [======================================            ] 75.62%

Writing: [======================================            ] 75.91%

Writing: [=======================================           ] 76.19%

Writing: [=======================================           ] 76.48%

Writing: [=======================================           ] 76.76%

Writing: [=======================================           ] 77.04%

Writing: [=======================================           ] 77.33%

Writing: [=======================================           ] 77.61%

Writing: [=======================================           ] 77.90%

Writing: [========================================          ] 78.18%

Writing: [========================================          ] 78.47%

Writing: [========================================          ] 78.77%

Writing: [========================================          ] 79.06%

Writing: [========================================          ] 79.34%

Writing: [========================================          ] 79.65%

Writing: [========================================          ] 79.93%

Writing: [=========================================         ] 80.21%

Writing: [=========================================         ] 80.52%

Writing: [=========================================         ] 80.80%

Writing: [=========================================         ] 81.11%

Writing: [=========================================         ] 81.42%

Writing: [=========================================         ] 81.70%

Writing: [=========================================         ] 81.99%

Writing: [==========================================        ] 82.27%

Writing: [==========================================        ] 82.58%

Writing: [==========================================        ] 82.88%

Writing: [==========================================        ] 83.19%

Writing: [==========================================        ] 83.49%

Writing: [==========================================        ] 83.78%

Writing: [===========================================       ] 84.06%

Writing: [===========================================       ] 84.35%

Writing: [===========================================       ] 84.63%

Writing: [===========================================       ] 84.92%

Writing: [===========================================       ] 85.20%

Writing: [===========================================       ] 85.48%

Writing: [===========================================       ] 85.77%

Writing: [============================================      ] 86.05%

Writing: [============================================      ] 86.36%

Writing: [============================================      ] 86.64%

Writing: [============================================      ] 86.93%

Writing: [============================================      ] 87.21%

Writing: [============================================      ] 87.50%

Writing: [============================================      ] 87.78%

Writing: [=============================================     ] 88.06%

Writing: [=============================================     ] 88.35%

Writing: [=============================================     ] 88.63%

Writing: [=============================================     ] 88.94%

Writing: [=============================================     ] 89.24%

Writing: [=============================================     ] 89.53%

Writing: [=============================================     ] 89.83%

Writing: [==============================================    ] 90.12%

Writing: [==============================================    ] 90.42%

Writing: [==============================================    ] 90.71%

Writing: [==============================================    ] 90.99%

Writing: [==============================================    ] 91.28%

Writing: [==============================================    ] 91.56%

Writing: [==============================================    ] 91.85%

Writing: [===============================================   ] 92.13%

Writing: [===============================================   ] 92.41%

Writing: [===============================================   ] 92.70%

Writing: [===============================================   ] 92.98%

Writing: [===============================================   ] 93.27%

Writing: [===============================================   ] 93.55%

Writing: [===============================================   ] 93.84%

Writing: [================================================  ] 94.12%

Writing: [================================================  ] 94.40%

Writing: [================================================  ] 94.69%

Writing: [================================================  ] 94.97%

Writing: [================================================  ] 95.26%

Writing: [================================================  ] 95.54%

Writing: [================================================  ] 95.82%

Writing: [================================================= ] 96.11%

Writing: [================================================= ] 96.39%

Writing: [================================================= ] 96.68%

Writing: [================================================= ] 96.96%

Writing: [================================================= ] 97.27%

Writing: [================================================= ] 97.57%

Writing: [================================================= ] 97.86%

Writing: [==================================================] 98.14%

Writing: [==================================================] 98.43%

Writing: [==================================================] 98.71%

Writing: [==================================================] 98.99%

Writing: [==================================================] 99.30%

Writing: [==================================================] 99.59%

Writing: [==================================================] 99.87%

Writing: [==================================================] 100.00%

Done
Verifying first 32 words...
Verification passed for first 32 words
BPI flash programming complete
BPI flash programming complete
