empty
write to flash
Jtag frequency : requested 6.00MHz    -> real 6.00MHz   
Open file DONE
Parse file DONE
Use: /usr/local/share/openFPGALoader/bpiOverJtag_xc7k480tffg1156.bit.gz
load program

Load SRAM: [===================                               ] 37.00%

Load SRAM: [======================================            ] 76.00%

Load SRAM: [==================================================] 100.00%

Done
Shift IR 35
ir: 1 isc_done 1 isc_ena 0 init 1 done 1
Detecting BPI flash...
Intel/Micron flash detected
Manufacturer ID: 0x0089
Device ID: 0x887e
Flash capacity: 64 MB (512 Mbit)
Writing 18735004 bytes to BPI flash at 0x000000
Erasing 72 blocks...
Programming (buffered mode)...

Writing: [=                                                 ] 0.28%

Writing: [=                                                 ] 0.57%

Writing: [=                                                 ] 0.85%

Writing: [=                                                 ] 1.14%

Writing: [=                                                 ] 1.42%

Writing: [=                                                 ] 1.71%

Writing: [=                                                 ] 1.99%

Writing: [==                                                ] 2.27%

Writing: [==                                                ] 2.56%

Writing: [==                                                ] 2.84%

Writing: [==                                                ] 3.13%

Writing: [==                                                ] 3.41%

Writing: [==                                                ] 3.69%

Writing: [==                                                ] 3.98%

Writing: [===                                               ] 4.26%

Writing: [===                                               ] 4.55%

Writing: [===                                               ] 4.83%

Writing: [===                                               ] 5.14%

Writing: [===                                               ] 5.42%

Writing: [===                                               ] 5.71%

Writing: [===                                               ] 5.99%

Writing: [====                                              ] 6.27%

Writing: [====                                              ] 6.56%

Writing: [====                                              ] 6.84%

Writing: [====                                              ] 7.13%

Writing: [====                                              ] 7.41%

Writing: [====                                              ] 7.70%

Writing: [====                                              ] 7.98%

Writing: [=====                                             ] 8.26%

Writing: [=====                                             ] 8.55%

Writing: [=====                                             ] 8.83%

Writing: [=====                                             ] 9.12%

Writing: [=====                                             ] 9.40%

Writing: [=====                                             ] 9.69%

Writing: [=====                                             ] 9.97%

Writing: [======                                            ] 10.25%

Writing: [======                                            ] 10.54%

Writing: [======                                            ] 10.84%

Writing: [======                                            ] 11.13%

Writing: [======                                            ] 11.41%

Writing: [======                                            ] 11.70%

Writing: [=======                                           ] 12.00%

Writing: [=======                                           ] 12.29%

Writing: [=======                                           ] 12.57%

Writing: [=======                                           ] 12.86%

Writing: [=======                                           ] 13.14%

Writing: [=======                                           ] 13.42%

Writing: [=======                                           ] 13.71%

Writing: [=======                                           ] 13.99%

Writing: [========                                          ] 14.28%

Writing: [========                                          ] 14.56%

Writing: [========                                          ] 14.84%

Writing: [========                                          ] 15.13%

Writing: [========                                          ] 15.41%

Writing: [========                                          ] 15.70%

Writing: [========                                          ] 15.98%

Writing: [=========                                         ] 16.27%

Writing: [=========                                         ] 16.55%

Writing: [=========                                         ] 16.83%

Writing: [=========                                         ] 17.12%

Writing: [=========                                         ] 17.40%

Writing: [=========                                         ] 17.69%

Writing: [=========                                         ] 17.97%

Writing: [==========                                        ] 18.26%

Writing: [==========                                        ] 18.54%

Writing: [==========                                        ] 18.82%

Writing: [==========                                        ] 19.11%

Writing: [==========                                        ] 19.39%

Writing: [==========                                        ] 19.68%

Writing: [==========                                        ] 19.96%

Writing: [===========                                       ] 20.27%

Writing: [===========                                       ] 20.55%

Writing: [===========                                       ] 20.84%

Writing: [===========                                       ] 21.12%

Writing: [===========                                       ] 21.40%

Writing: [===========                                       ] 21.69%

Writing: [===========                                       ] 21.97%

Writing: [============                                      ] 22.26%

Writing: [============                                      ] 22.54%

Writing: [============                                      ] 22.82%

Writing: [============                                      ] 23.11%

Writing: [============                                      ] 23.39%

Writing: [============                                      ] 23.68%

Writing: [============                                      ] 23.96%

Writing: [=============                                     ] 24.25%

Writing: [=============                                     ] 24.53%

Writing: [=============                                     ] 24.81%

Writing: [=============                                     ] 25.12%

Writing: [=============                                     ] 25.40%

Writing: [=============                                     ] 25.69%

Writing: [=============                                     ] 25.97%

Writing: [==============                                    ] 26.26%

Writing: [==============                                    ] 26.54%

Writing: [==============                                    ] 26.83%

Writing: [==============                                    ] 27.11%

Writing: [==============                                    ] 27.39%

Writing: [==============                                    ] 27.68%

Writing: [==============                                    ] 27.96%

Writing: [===============                                   ] 28.25%

Writing: [===============                                   ] 28.53%

Writing: [===============                                   ] 28.82%

Writing: [===============                                   ] 29.10%

Writing: [===============                                   ] 29.38%

Writing: [===============                                   ] 29.67%

Writing: [===============                                   ] 29.95%

Writing: [================                                  ] 30.24%

Writing: [================                                  ] 30.52%

Writing: [================                                  ] 30.80%

Writing: [================                                  ] 31.09%

Writing: [================                                  ] 31.37%

Writing: [================                                  ] 31.66%

Writing: [================                                  ] 31.94%

Writing: [=================                                 ] 32.23%

Writing: [=================                                 ] 32.53%

Writing: [=================                                 ] 32.82%

Writing: [=================                                 ] 33.10%

Writing: [=================                                 ] 33.38%

Writing: [=================                                 ] 33.67%

Writing: [=================                                 ] 33.95%

Writing: [==================                                ] 34.24%

Writing: [==================                                ] 34.52%

Writing: [==================                                ] 34.83%

Writing: [==================                                ] 35.11%

Writing: [==================                                ] 35.40%

Writing: [==================                                ] 35.68%

Writing: [==================                                ] 35.96%

Writing: [===================                               ] 36.25%

Writing: [===================                               ] 36.53%

Writing: [===================                               ] 36.82%

Writing: [===================                               ] 37.10%

Writing: [===================                               ] 37.39%

Writing: [===================                               ] 37.67%

Writing: [===================                               ] 37.95%

Writing: [====================                              ] 38.24%

Writing: [====================                              ] 38.52%

Writing: [====================                              ] 38.81%

Writing: [====================                              ] 39.09%

Writing: [====================                              ] 39.37%

Writing: [====================                              ] 39.66%

Writing: [====================                              ] 39.94%

Writing: [=====================                             ] 40.23%

Writing: [=====================                             ] 40.51%

Writing: [=====================                             ] 40.80%

Writing: [=====================                             ] 41.08%

Writing: [=====================                             ] 41.36%

Writing: [=====================                             ] 41.65%

Writing: [=====================                             ] 41.93%

Writing: [======================                            ] 42.22%

Writing: [======================                            ] 42.50%

Writing: [======================                            ] 42.79%

Writing: [======================                            ] 43.09%

Writing: [======================                            ] 43.38%

Writing: [======================                            ] 43.66%

Writing: [======================                            ] 43.94%

Writing: [=======================                           ] 44.23%

Writing: [=======================                           ] 44.51%

Writing: [=======================                           ] 44.80%

Writing: [=======================                           ] 45.08%

Writing: [=======================                           ] 45.37%

Writing: [=======================                           ] 45.65%

Writing: [=======================                           ] 45.93%

Writing: [========================                          ] 46.22%

Writing: [========================                          ] 46.50%

Writing: [========================                          ] 46.79%

Writing: [========================                          ] 47.07%

Writing: [========================                          ] 47.35%

Writing: [========================                          ] 47.64%

Writing: [========================                          ] 47.92%

Writing: [=========================                         ] 48.21%

Writing: [=========================                         ] 48.49%

Writing: [=========================                         ] 48.80%

Writing: [=========================                         ] 49.08%

Writing: [=========================                         ] 49.37%

Writing: [=========================                         ] 49.65%

Writing: [=========================                         ] 49.93%

Writing: [==========================                        ] 50.22%

Writing: [==========================                        ] 50.50%

Writing: [==========================                        ] 50.79%

Writing: [==========================                        ] 51.07%

Writing: [==========================                        ] 51.36%

Writing: [==========================                        ] 51.64%

Writing: [==========================                        ] 51.92%

Writing: [===========================                       ] 52.21%

Writing: [===========================                       ] 52.49%

Writing: [===========================                       ] 52.78%

Writing: [===========================                       ] 53.06%

Writing: [===========================                       ] 53.37%

Writing: [===========================                       ] 53.65%

Writing: [===========================                       ] 53.94%

Writing: [============================                      ] 54.22%

Writing: [============================                      ] 54.50%

Writing: [============================                      ] 54.79%

Writing: [============================                      ] 55.07%

Writing: [============================                      ] 55.36%

Writing: [============================                      ] 55.64%

Writing: [============================                      ] 55.93%

Writing: [=============================                     ] 56.21%

Writing: [=============================                     ] 56.49%

Writing: [=============================                     ] 56.78%

Writing: [=============================                     ] 57.06%

Writing: [=============================                     ] 57.35%

Writing: [=============================                     ] 57.63%

Writing: [=============================                     ] 57.91%

Writing: [==============================                    ] 58.20%

Writing: [==============================                    ] 58.48%

Writing: [==============================                    ] 58.77%

Writing: [==============================                    ] 59.05%

Writing: [==============================                    ] 59.34%

Writing: [==============================                    ] 59.62%

Writing: [==============================                    ] 59.90%

Writing: [===============================                   ] 60.19%

Writing: [===============================                   ] 60.47%

Writing: [===============================                   ] 60.76%

Writing: [===============================                   ] 61.04%

Writing: [===============================                   ] 61.33%

Writing: [===============================                   ] 61.61%

Writing: [===============================                   ] 61.89%

Writing: [================================                  ] 62.18%

Writing: [================================                  ] 62.46%

Writing: [================================                  ] 62.75%

Writing: [================================                  ] 63.03%

Writing: [================================                  ] 63.31%

Writing: [================================                  ] 63.60%

Writing: [================================                  ] 63.88%

Writing: [=================================                 ] 64.17%

Writing: [=================================                 ] 64.45%

Writing: [=================================                 ] 64.74%

Writing: [=================================                 ] 65.02%

Writing: [=================================                 ] 65.30%

Writing: [=================================                 ] 65.59%

Writing: [=================================                 ] 65.87%

Writing: [==================================                ] 66.16%

Writing: [==================================                ] 66.44%

Writing: [==================================                ] 66.73%

Writing: [==================================                ] 67.01%

Writing: [==================================                ] 67.29%

Writing: [==================================                ] 67.58%

Writing: [==================================                ] 67.86%

Writing: [===================================               ] 68.15%

Writing: [===================================               ] 68.43%

Writing: [===================================               ] 68.71%

Writing: [===================================               ] 69.00%

Writing: [===================================               ] 69.28%

Writing: [===================================               ] 69.57%

Writing: [===================================               ] 69.85%

Writing: [====================================              ] 70.14%

Writing: [====================================              ] 70.42%

Writing: [====================================              ] 70.70%

Writing: [====================================              ] 70.99%

Writing: [====================================              ] 71.27%

Writing: [====================================              ] 71.56%

Writing: [====================================              ] 71.84%

Writing: [=====================================             ] 72.13%

Writing: [=====================================             ] 72.41%

Writing: [=====================================             ] 72.69%

Writing: [=====================================             ] 72.98%

Writing: [=====================================             ] 73.26%

Writing: [=====================================             ] 73.57%

Writing: [=====================================             ] 73.85%

Writing: [======================================            ] 74.14%

Writing: [======================================            ] 74.42%

Writing: [======================================            ] 74.71%

Writing: [======================================            ] 74.99%

Writing: [======================================            ] 75.27%

Writing: [======================================            ] 75.56%

Writing: [======================================            ] 75.84%

Writing: [=======================================           ] 76.13%

Writing: [=======================================           ] 76.41%

Writing: [=======================================           ] 76.69%

Writing: [=======================================           ] 76.98%

Writing: [=======================================           ] 77.26%

Writing: [=======================================           ] 77.55%

Writing: [=======================================           ] 77.83%

Writing: [========================================          ] 78.12%

Writing: [========================================          ] 78.40%

Writing: [========================================          ] 78.68%

Writing: [========================================          ] 78.97%

Writing: [========================================          ] 79.25%

Writing: [========================================          ] 79.54%

Writing: [========================================          ] 79.82%

Writing: [=========================================         ] 80.11%

Writing: [=========================================         ] 80.39%

Writing: [=========================================         ] 80.67%

Writing: [=========================================         ] 80.96%

Writing: [=========================================         ] 81.24%

Writing: [=========================================         ] 81.55%

Writing: [=========================================         ] 81.83%

Writing: [==========================================        ] 82.12%

Writing: [==========================================        ] 82.40%

Writing: [==========================================        ] 82.69%

Writing: [==========================================        ] 82.97%

Writing: [==========================================        ] 83.25%

Writing: [==========================================        ] 83.54%

Writing: [==========================================        ] 83.82%

Writing: [===========================================       ] 84.11%

Writing: [===========================================       ] 84.39%

Writing: [===========================================       ] 84.67%

Writing: [===========================================       ] 84.96%

Writing: [===========================================       ] 85.24%

Writing: [===========================================       ] 85.53%

Writing: [===========================================       ] 85.81%

Writing: [============================================      ] 86.10%

Writing: [============================================      ] 86.38%

Writing: [============================================      ] 86.66%

Writing: [============================================      ] 86.97%

Writing: [============================================      ] 87.25%

Writing: [============================================      ] 87.54%

Writing: [============================================      ] 87.82%

Writing: [=============================================     ] 88.13%

Writing: [=============================================     ] 88.41%

Writing: [=============================================     ] 88.70%

Writing: [=============================================     ] 88.98%

Writing: [=============================================     ] 89.27%

Writing: [=============================================     ] 89.55%

Writing: [=============================================     ] 89.86%

Writing: [==============================================    ] 90.14%

Writing: [==============================================    ] 90.42%

Writing: [==============================================    ] 90.71%

Writing: [==============================================    ] 90.99%

Writing: [==============================================    ] 91.28%

Writing: [==============================================    ] 91.56%

Writing: [==============================================    ] 91.85%

Writing: [===============================================   ] 92.13%

Writing: [===============================================   ] 92.44%

Writing: [===============================================   ] 92.72%

Writing: [===============================================   ] 93.00%

Writing: [===============================================   ] 93.29%

Writing: [===============================================   ] 93.57%

Writing: [===============================================   ] 93.86%

Writing: [================================================  ] 94.14%

Writing: [================================================  ] 94.43%

Writing: [================================================  ] 94.71%

Writing: [================================================  ] 94.99%

Writing: [================================================  ] 95.28%

Writing: [================================================  ] 95.56%

Writing: [================================================  ] 95.85%

Writing: [================================================= ] 96.13%

Writing: [================================================= ] 96.42%

Writing: [================================================= ] 96.70%

Writing: [================================================= ] 96.98%

Writing: [================================================= ] 97.27%

Writing: [================================================= ] 97.55%

Writing: [================================================= ] 97.84%

Writing: [==================================================] 98.14%

Writing: [==================================================] 98.43%

Writing: [==================================================] 98.71%

Writing: [==================================================] 98.99%

Writing: [==================================================] 99.28%

Writing: [==================================================] 99.56%

Writing: [==================================================] 99.85%

Writing: [==================================================] 100.00%

Done
Verifying first 32 words...
Verification passed for first 32 words
BPI flash programming complete
BPI flash programming complete
