empty
write to flash
Jtag frequency : requested 6.00MHz    -> real 6.00MHz   
Open file DONE
Parse file DONE
Use: /usr/local/share/openFPGALoader/bpiOverJtag_xc7k480tffg1156.bit.gz
load program

Load SRAM: [===================                               ] 37.00%

Load SRAM: [======================================            ] 76.00%

Load SRAM: [==================================================] 100.00%

Done
Shift IR 35
ir: 1 isc_done 1 isc_ena 0 init 1 done 1
Detecting BPI flash...
Intel/Micron flash detected
Manufacturer ID: 0x0089
Device ID: 0x887e
Flash capacity: 64 MB (512 Mbit)
Writing 18735004 bytes to BPI flash at 0x000000
Erasing 72 blocks...
Programming (buffered mode)...

Writing: [=                                                 ] 0.28%

Writing: [=                                                 ] 0.57%

Writing: [=                                                 ] 0.85%

Writing: [=                                                 ] 1.14%

Writing: [=                                                 ] 1.42%

Writing: [=                                                 ] 1.71%

Writing: [=                                                 ] 1.99%

Writing: [==                                                ] 2.27%

Writing: [==                                                ] 2.56%

Writing: [==                                                ] 2.84%

Writing: [==                                                ] 3.13%

Writing: [==                                                ] 3.41%

Writing: [==                                                ] 3.69%

Writing: [==                                                ] 3.98%

Writing: [===                                               ] 4.26%

Writing: [===                                               ] 4.55%

Writing: [===                                               ] 4.83%

Writing: [===                                               ] 5.12%

Writing: [===                                               ] 5.40%

Writing: [===                                               ] 5.68%

Writing: [===                                               ] 5.97%

Writing: [====                                              ] 6.25%

Writing: [====                                              ] 6.54%

Writing: [====                                              ] 6.82%

Writing: [====                                              ] 7.11%

Writing: [====                                              ] 7.39%

Writing: [====                                              ] 7.67%

Writing: [====                                              ] 7.96%

Writing: [=====                                             ] 8.24%

Writing: [=====                                             ] 8.53%

Writing: [=====                                             ] 8.81%

Writing: [=====                                             ] 9.09%

Writing: [=====                                             ] 9.38%

Writing: [=====                                             ] 9.66%

Writing: [=====                                             ] 9.95%

Writing: [======                                            ] 10.23%

Writing: [======                                            ] 10.52%

Writing: [======                                            ] 10.80%

Writing: [======                                            ] 11.08%

Writing: [======                                            ] 11.37%

Writing: [======                                            ] 11.65%

Writing: [======                                            ] 11.94%

Writing: [=======                                           ] 12.22%

Writing: [=======                                           ] 12.51%

Writing: [=======                                           ] 12.79%

Writing: [=======                                           ] 13.07%

Writing: [=======                                           ] 13.36%

Writing: [=======                                           ] 13.64%

Writing: [=======                                           ] 13.93%

Writing: [========                                          ] 14.21%

Writing: [========                                          ] 14.50%

Writing: [========                                          ] 14.78%

Writing: [========                                          ] 15.06%

Writing: [========                                          ] 15.35%

Writing: [========                                          ] 15.63%

Writing: [========                                          ] 15.92%

Writing: [=========                                         ] 16.20%

Writing: [=========                                         ] 16.48%

Writing: [=========                                         ] 16.77%

Writing: [=========                                         ] 17.05%

Writing: [=========                                         ] 17.34%

Writing: [=========                                         ] 17.62%

Writing: [=========                                         ] 17.91%

Writing: [==========                                        ] 18.19%

Writing: [==========                                        ] 18.47%

Writing: [==========                                        ] 18.76%

Writing: [==========                                        ] 19.04%

Writing: [==========                                        ] 19.33%

Writing: [==========                                        ] 19.61%

Writing: [==========                                        ] 19.90%

Writing: [===========                                       ] 20.18%

Writing: [===========                                       ] 20.46%

Writing: [===========                                       ] 20.75%

Writing: [===========                                       ] 21.03%

Writing: [===========                                       ] 21.32%

Writing: [===========                                       ] 21.60%

Writing: [===========                                       ] 21.88%

Writing: [============                                      ] 22.17%

Writing: [============                                      ] 22.45%

Writing: [============                                      ] 22.74%

Writing: [============                                      ] 23.02%

Writing: [============                                      ] 23.31%

Writing: [============                                      ] 23.59%

Writing: [============                                      ] 23.87%

Writing: [=============                                     ] 24.16%

Writing: [=============                                     ] 24.44%

Writing: [=============                                     ] 24.73%

Writing: [=============                                     ] 25.01%

Writing: [=============                                     ] 25.30%

Writing: [=============                                     ] 25.58%

Writing: [=============                                     ] 25.86%

Writing: [==============                                    ] 26.15%

Writing: [==============                                    ] 26.43%

Writing: [==============                                    ] 26.72%

Writing: [==============                                    ] 27.00%

Writing: [==============                                    ] 27.28%

Writing: [==============                                    ] 27.57%

Writing: [==============                                    ] 27.85%

Writing: [===============                                   ] 28.14%

Writing: [===============                                   ] 28.42%

Writing: [===============                                   ] 28.71%

Writing: [===============                                   ] 28.99%

Writing: [===============                                   ] 29.27%

Writing: [===============                                   ] 29.56%

Writing: [===============                                   ] 29.84%

Writing: [================                                  ] 30.13%

Writing: [================                                  ] 30.41%

Writing: [================                                  ] 30.70%

Writing: [================                                  ] 30.98%

Writing: [================                                  ] 31.26%

Writing: [================                                  ] 31.55%

Writing: [================                                  ] 31.83%

Writing: [=================                                 ] 32.12%

Writing: [=================                                 ] 32.40%

Writing: [=================                                 ] 32.68%

Writing: [=================                                 ] 32.97%

Writing: [=================                                 ] 33.25%

Writing: [=================                                 ] 33.54%

Writing: [=================                                 ] 33.82%

Writing: [==================                                ] 34.11%

Writing: [==================                                ] 34.39%

Writing: [==================                                ] 34.67%

Writing: [==================                                ] 34.96%

Writing: [==================                                ] 35.24%

Writing: [==================                                ] 35.53%

Writing: [==================                                ] 35.81%

Writing: [===================                               ] 36.10%

Writing: [===================                               ] 36.38%

Writing: [===================                               ] 36.66%

Writing: [===================                               ] 36.95%

Writing: [===================                               ] 37.23%

Writing: [===================                               ] 37.52%

Writing: [===================                               ] 37.80%

Writing: [====================                              ] 38.09%

Writing: [====================                              ] 38.37%

Writing: [====================                              ] 38.65%

Writing: [====================                              ] 38.94%

Writing: [====================                              ] 39.22%

Writing: [====================                              ] 39.51%

Writing: [====================                              ] 39.79%

Writing: [=====================                             ] 40.07%

Writing: [=====================                             ] 40.36%

Writing: [=====================                             ] 40.64%

Writing: [=====================                             ] 40.93%

Writing: [=====================                             ] 41.21%

Writing: [=====================                             ] 41.50%

Writing: [=====================                             ] 41.78%

Writing: [======================                            ] 42.06%

Writing: [======================                            ] 42.35%

Writing: [======================                            ] 42.63%

Writing: [======================                            ] 42.92%

Writing: [======================                            ] 43.20%

Writing: [======================                            ] 43.49%

Writing: [======================                            ] 43.77%

Writing: [=======================                           ] 44.05%

Writing: [=======================                           ] 44.34%

Writing: [=======================                           ] 44.62%

Writing: [=======================                           ] 44.91%

Writing: [=======================                           ] 45.19%

Writing: [=======================                           ] 45.47%

Writing: [=======================                           ] 45.76%

Writing: [========================                          ] 46.04%

Writing: [========================                          ] 46.33%

Writing: [========================                          ] 46.61%

Writing: [========================                          ] 46.90%

Writing: [========================                          ] 47.18%

Writing: [========================                          ] 47.46%

Writing: [========================                          ] 47.75%

Writing: [=========================                         ] 48.03%

Writing: [=========================                         ] 48.32%

Writing: [=========================                         ] 48.60%

Writing: [=========================                         ] 48.89%

Writing: [=========================                         ] 49.17%

Writing: [=========================                         ] 49.45%

Writing: [=========================                         ] 49.74%

Writing: [==========================                        ] 50.02%

Writing: [==========================                        ] 50.31%

Writing: [==========================                        ] 50.59%

Writing: [==========================                        ] 50.87%

Writing: [==========================                        ] 51.16%

Writing: [==========================                        ] 51.44%

Writing: [==========================                        ] 51.73%

Writing: [===========================                       ] 52.01%

Writing: [===========================                       ] 52.30%

Writing: [===========================                       ] 52.58%

Writing: [===========================                       ] 52.86%

Writing: [===========================                       ] 53.15%

Writing: [===========================                       ] 53.43%

Writing: [===========================                       ] 53.72%

Writing: [============================                      ] 54.00%

Writing: [============================                      ] 54.29%

Writing: [============================                      ] 54.57%

Writing: [============================                      ] 54.85%

Writing: [============================                      ] 55.14%

Writing: [============================                      ] 55.42%

Writing: [============================                      ] 55.71%

Writing: [============================                      ] 55.99%

Writing: [=============================                     ] 56.27%

Writing: [=============================                     ] 56.56%

Writing: [=============================                     ] 56.84%

Writing: [=============================                     ] 57.13%

Writing: [=============================                     ] 57.41%

Writing: [=============================                     ] 57.70%

Writing: [=============================                     ] 57.98%

Writing: [==============================                    ] 58.26%

Writing: [==============================                    ] 58.55%

Writing: [==============================                    ] 58.83%

Writing: [==============================                    ] 59.12%

Writing: [==============================                    ] 59.40%

Writing: [==============================                    ] 59.69%

Writing: [==============================                    ] 59.97%

Writing: [===============================                   ] 60.25%

Writing: [===============================                   ] 60.54%

Writing: [===============================                   ] 60.82%

Writing: [===============================                   ] 61.11%

Writing: [===============================                   ] 61.39%

Writing: [===============================                   ] 61.68%

Writing: [===============================                   ] 61.96%

Writing: [================================                  ] 62.24%

Writing: [================================                  ] 62.53%

Writing: [================================                  ] 62.81%

Writing: [================================                  ] 63.10%

Writing: [================================                  ] 63.38%

Writing: [================================                  ] 63.66%

Writing: [================================                  ] 63.95%

Writing: [=================================                 ] 64.23%

Writing: [=================================                 ] 64.52%

Writing: [=================================                 ] 64.80%

Writing: [=================================                 ] 65.09%

Writing: [=================================                 ] 65.37%

Writing: [=================================                 ] 65.65%

Writing: [=================================                 ] 65.94%

Writing: [==================================                ] 66.22%

Writing: [==================================                ] 66.51%

Writing: [==================================                ] 66.79%

Writing: [==================================                ] 67.08%

Writing: [==================================                ] 67.36%

Writing: [==================================                ] 67.64%

Writing: [==================================                ] 67.93%

Writing: [===================================               ] 68.21%

Writing: [===================================               ] 68.50%

Writing: [===================================               ] 68.78%

Writing: [===================================               ] 69.06%

Writing: [===================================               ] 69.35%

Writing: [===================================               ] 69.63%

Writing: [===================================               ] 69.92%

Writing: [====================================              ] 70.20%

Writing: [====================================              ] 70.49%

Writing: [====================================              ] 70.77%

Writing: [====================================              ] 71.05%

Writing: [====================================              ] 71.34%

Writing: [====================================              ] 71.62%

Writing: [====================================              ] 71.91%

Writing: [=====================================             ] 72.19%

Writing: [=====================================             ] 72.48%

Writing: [=====================================             ] 72.76%

Writing: [=====================================             ] 73.04%

Writing: [=====================================             ] 73.33%

Writing: [=====================================             ] 73.61%

Writing: [=====================================             ] 73.90%

Writing: [======================================            ] 74.18%

Writing: [======================================            ] 74.46%

Writing: [======================================            ] 74.75%

Writing: [======================================            ] 75.03%

Writing: [======================================            ] 75.32%

Writing: [======================================            ] 75.60%

Writing: [======================================            ] 75.89%

Writing: [=======================================           ] 76.17%

Writing: [=======================================           ] 76.45%

Writing: [=======================================           ] 76.74%

Writing: [=======================================           ] 77.02%

Writing: [=======================================           ] 77.31%

Writing: [=======================================           ] 77.59%

Writing: [=======================================           ] 77.88%

Writing: [========================================          ] 78.16%

Writing: [========================================          ] 78.44%

Writing: [========================================          ] 78.73%

Writing: [========================================          ] 79.01%

Writing: [========================================          ] 79.30%

Writing: [========================================          ] 79.58%

Writing: [========================================          ] 79.86%

Writing: [=========================================         ] 80.15%

Writing: [=========================================         ] 80.43%

Writing: [=========================================         ] 80.72%

Writing: [=========================================         ] 81.00%

Writing: [=========================================         ] 81.29%

Writing: [=========================================         ] 81.57%

Writing: [=========================================         ] 81.85%

Writing: [==========================================        ] 82.14%

Writing: [==========================================        ] 82.42%

Writing: [==========================================        ] 82.71%

Writing: [==========================================        ] 82.99%

Writing: [==========================================        ] 83.28%

Writing: [==========================================        ] 83.56%

Writing: [==========================================        ] 83.84%

Writing: [===========================================       ] 84.13%

Writing: [===========================================       ] 84.41%

Writing: [===========================================       ] 84.72%

Writing: [===========================================       ] 85.00%

Writing: [===========================================       ] 85.29%

Writing: [===========================================       ] 85.57%

Writing: [===========================================       ] 85.86%

Writing: [============================================      ] 86.14%

Writing: [============================================      ] 86.42%

Writing: [============================================      ] 86.71%

Writing: [============================================      ] 86.99%

Writing: [============================================      ] 87.28%

Writing: [============================================      ] 87.56%

Writing: [============================================      ] 87.84%

Writing: [=============================================     ] 88.13%

Writing: [=============================================     ] 88.41%

Writing: [=============================================     ] 88.70%

Writing: [=============================================     ] 88.98%

Writing: [=============================================     ] 89.27%

Writing: [=============================================     ] 89.55%

Writing: [=============================================     ] 89.83%

Writing: [==============================================    ] 90.12%

Writing: [==============================================    ] 90.40%

Writing: [==============================================    ] 90.69%

Writing: [==============================================    ] 90.97%

Writing: [==============================================    ] 91.26%

Writing: [==============================================    ] 91.54%

Writing: [==============================================    ] 91.82%

Writing: [===============================================   ] 92.11%

Writing: [===============================================   ] 92.41%

Writing: [===============================================   ] 92.70%

Writing: [===============================================   ] 92.98%

Writing: [===============================================   ] 93.29%

Writing: [===============================================   ] 93.57%

Writing: [===============================================   ] 93.86%

Writing: [================================================  ] 94.14%

Writing: [================================================  ] 94.43%

Writing: [================================================  ] 94.71%

Writing: [================================================  ] 94.99%

Writing: [================================================  ] 95.28%

Writing: [================================================  ] 95.56%

Writing: [================================================  ] 95.85%

Writing: [================================================= ] 96.13%

Writing: [================================================= ] 96.42%

Writing: [================================================= ] 96.70%

Writing: [================================================= ] 96.98%

Writing: [================================================= ] 97.27%

Writing: [================================================= ] 97.55%

Writing: [================================================= ] 97.84%

Writing: [==================================================] 98.12%

Writing: [==================================================] 98.40%

Writing: [==================================================] 98.69%

Writing: [==================================================] 98.97%

Writing: [==================================================] 99.26%

Writing: [==================================================] 99.54%

Writing: [==================================================] 99.83%

Writing: [==================================================] 100.00%

Done
Verifying first 32 words...
Verification passed for first 32 words
BPI flash programming complete
BPI flash programming complete
