empty
write to flash
Jtag frequency : requested 6.00MHz    -> real 6.00MHz   
Open file DONE
Parse file DONE
Use: /usr/local/share/openFPGALoader/bpiOverJtag_xc7k480tffg1156.bit.gz
load program

Load SRAM: [===================                               ] 37.00%

Load SRAM: [======================================            ] 76.00%

Load SRAM: [==================================================] 100.00%

Done
Shift IR 35
ir: 1 isc_done 1 isc_ena 0 init 1 done 1
Detecting BPI flash...
Intel/Micron flash detected
Manufacturer ID: 0x0089
Device ID: 0x887e
Flash capacity: 64 MB (512 Mbit)
Writing 18735004 bytes to BPI flash at 0x000000
Erasing 72 blocks...
Programming (buffered mode)...

Writing: [=                                                 ] 0.28%

Writing: [=                                                 ] 0.57%

Writing: [=                                                 ] 0.85%

Writing: [=                                                 ] 1.14%

Writing: [=                                                 ] 1.42%

Writing: [=                                                 ] 1.71%

Writing: [=                                                 ] 1.99%

Writing: [==                                                ] 2.27%

Writing: [==                                                ] 2.56%

Writing: [==                                                ] 2.84%

Writing: [==                                                ] 3.13%

Writing: [==                                                ] 3.41%

Writing: [==                                                ] 3.69%

Writing: [===                                               ] 4.00%

Writing: [===                                               ] 4.29%

Writing: [===                                               ] 4.59%

Writing: [===                                               ] 4.88%

Writing: [===                                               ] 5.16%

Writing: [===                                               ] 5.44%

Writing: [===                                               ] 5.73%

Writing: [====                                              ] 6.01%

Writing: [====                                              ] 6.30%

Writing: [====                                              ] 6.58%

Writing: [====                                              ] 6.86%

Writing: [====                                              ] 7.15%

Writing: [====                                              ] 7.43%

Writing: [====                                              ] 7.72%

Writing: [=====                                             ] 8.00%

Writing: [=====                                             ] 8.29%

Writing: [=====                                             ] 8.57%

Writing: [=====                                             ] 8.85%

Writing: [=====                                             ] 9.14%

Writing: [=====                                             ] 9.42%

Writing: [=====                                             ] 9.71%

Writing: [=====                                             ] 9.99%

Writing: [======                                            ] 10.28%

Writing: [======                                            ] 10.56%

Writing: [======                                            ] 10.87%

Writing: [======                                            ] 11.15%

Writing: [======                                            ] 11.43%

Writing: [======                                            ] 11.72%

Writing: [=======                                           ] 12.00%

Writing: [=======                                           ] 12.29%

Writing: [=======                                           ] 12.57%

Writing: [=======                                           ] 12.86%

Writing: [=======                                           ] 13.14%

Writing: [=======                                           ] 13.42%

Writing: [=======                                           ] 13.71%

Writing: [=======                                           ] 13.99%

Writing: [========                                          ] 14.28%

Writing: [========                                          ] 14.56%

Writing: [========                                          ] 14.84%

Writing: [========                                          ] 15.13%

Writing: [========                                          ] 15.41%

Writing: [========                                          ] 15.70%

Writing: [========                                          ] 15.98%

Writing: [=========                                         ] 16.27%

Writing: [=========                                         ] 16.55%

Writing: [=========                                         ] 16.83%

Writing: [=========                                         ] 17.12%

Writing: [=========                                         ] 17.40%

Writing: [=========                                         ] 17.69%

Writing: [=========                                         ] 17.97%

Writing: [==========                                        ] 18.26%

Writing: [==========                                        ] 18.54%

Writing: [==========                                        ] 18.82%

Writing: [==========                                        ] 19.11%

Writing: [==========                                        ] 19.39%

Writing: [==========                                        ] 19.68%

Writing: [==========                                        ] 19.96%

Writing: [===========                                       ] 20.24%

Writing: [===========                                       ] 20.53%

Writing: [===========                                       ] 20.81%

Writing: [===========                                       ] 21.10%

Writing: [===========                                       ] 21.38%

Writing: [===========                                       ] 21.67%

Writing: [===========                                       ] 21.95%

Writing: [============                                      ] 22.23%

Writing: [============                                      ] 22.52%

Writing: [============                                      ] 22.80%

Writing: [============                                      ] 23.09%

Writing: [============                                      ] 23.37%

Writing: [============                                      ] 23.66%

Writing: [============                                      ] 23.94%

Writing: [=============                                     ] 24.22%

Writing: [=============                                     ] 24.51%

Writing: [=============                                     ] 24.79%

Writing: [=============                                     ] 25.08%

Writing: [=============                                     ] 25.36%

Writing: [=============                                     ] 25.65%

Writing: [=============                                     ] 25.93%

Writing: [==============                                    ] 26.24%

Writing: [==============                                    ] 26.52%

Writing: [==============                                    ] 26.80%

Writing: [==============                                    ] 27.09%

Writing: [==============                                    ] 27.37%

Writing: [==============                                    ] 27.66%

Writing: [==============                                    ] 27.94%

Writing: [===============                                   ] 28.22%

Writing: [===============                                   ] 28.51%

Writing: [===============                                   ] 28.79%

Writing: [===============                                   ] 29.08%

Writing: [===============                                   ] 29.36%

Writing: [===============                                   ] 29.65%

Writing: [===============                                   ] 29.93%

Writing: [================                                  ] 30.21%

Writing: [================                                  ] 30.50%

Writing: [================                                  ] 30.78%

Writing: [================                                  ] 31.07%

Writing: [================                                  ] 31.35%

Writing: [================                                  ] 31.64%

Writing: [================                                  ] 31.92%

Writing: [=================                                 ] 32.20%

Writing: [=================                                 ] 32.49%

Writing: [=================                                 ] 32.77%

Writing: [=================                                 ] 33.06%

Writing: [=================                                 ] 33.36%

Writing: [=================                                 ] 33.65%

Writing: [=================                                 ] 33.93%

Writing: [==================                                ] 34.22%

Writing: [==================                                ] 34.50%

Writing: [==================                                ] 34.78%

Writing: [==================                                ] 35.07%

Writing: [==================                                ] 35.35%

Writing: [==================                                ] 35.64%

Writing: [==================                                ] 35.92%

Writing: [===================                               ] 36.20%

Writing: [===================                               ] 36.49%

Writing: [===================                               ] 36.77%

Writing: [===================                               ] 37.06%

Writing: [===================                               ] 37.34%

Writing: [===================                               ] 37.63%

Writing: [===================                               ] 37.91%

Writing: [====================                              ] 38.19%

Writing: [====================                              ] 38.48%

Writing: [====================                              ] 38.76%

Writing: [====================                              ] 39.05%

Writing: [====================                              ] 39.33%

Writing: [====================                              ] 39.62%

Writing: [====================                              ] 39.90%

Writing: [=====================                             ] 40.18%

Writing: [=====================                             ] 40.47%

Writing: [=====================                             ] 40.75%

Writing: [=====================                             ] 41.04%

Writing: [=====================                             ] 41.32%

Writing: [=====================                             ] 41.60%

Writing: [=====================                             ] 41.89%

Writing: [======================                            ] 42.17%

Writing: [======================                            ] 42.46%

Writing: [======================                            ] 42.74%

Writing: [======================                            ] 43.03%

Writing: [======================                            ] 43.31%

Writing: [======================                            ] 43.59%

Writing: [======================                            ] 43.88%

Writing: [=======================                           ] 44.16%

Writing: [=======================                           ] 44.45%

Writing: [=======================                           ] 44.73%

Writing: [=======================                           ] 45.02%

Writing: [=======================                           ] 45.30%

Writing: [=======================                           ] 45.58%

Writing: [=======================                           ] 45.87%

Writing: [========================                          ] 46.17%

Writing: [========================                          ] 46.46%

Writing: [========================                          ] 46.74%

Writing: [========================                          ] 47.03%

Writing: [========================                          ] 47.31%

Writing: [========================                          ] 47.60%

Writing: [========================                          ] 47.90%

Writing: [=========================                         ] 48.19%

Writing: [=========================                         ] 48.47%

Writing: [=========================                         ] 48.75%

Writing: [=========================                         ] 49.04%

Writing: [=========================                         ] 49.32%

Writing: [=========================                         ] 49.61%

Writing: [=========================                         ] 49.89%

Writing: [==========================                        ] 50.18%

Writing: [==========================                        ] 50.46%

Writing: [==========================                        ] 50.74%

Writing: [==========================                        ] 51.03%

Writing: [==========================                        ] 51.31%

Writing: [==========================                        ] 51.60%

Writing: [==========================                        ] 51.88%

Writing: [===========================                       ] 52.16%

Writing: [===========================                       ] 52.45%

Writing: [===========================                       ] 52.73%

Writing: [===========================                       ] 53.02%

Writing: [===========================                       ] 53.30%

Writing: [===========================                       ] 53.59%

Writing: [===========================                       ] 53.87%

Writing: [============================                      ] 54.15%

Writing: [============================                      ] 54.44%

Writing: [============================                      ] 54.72%

Writing: [============================                      ] 55.01%

Writing: [============================                      ] 55.29%

Writing: [============================                      ] 55.58%

Writing: [============================                      ] 55.86%

Writing: [=============================                     ] 56.14%

Writing: [=============================                     ] 56.43%

Writing: [=============================                     ] 56.73%

Writing: [=============================                     ] 57.02%

Writing: [=============================                     ] 57.30%

Writing: [=============================                     ] 57.59%

Writing: [=============================                     ] 57.87%

Writing: [==============================                    ] 58.16%

Writing: [==============================                    ] 58.44%

Writing: [==============================                    ] 58.72%

Writing: [==============================                    ] 59.01%

Writing: [==============================                    ] 59.29%

Writing: [==============================                    ] 59.58%

Writing: [==============================                    ] 59.86%

Writing: [===============================                   ] 60.14%

Writing: [===============================                   ] 60.43%

Writing: [===============================                   ] 60.71%

Writing: [===============================                   ] 61.00%

Writing: [===============================                   ] 61.28%

Writing: [===============================                   ] 61.57%

Writing: [===============================                   ] 61.85%

Writing: [================================                  ] 62.13%

Writing: [================================                  ] 62.42%

Writing: [================================                  ] 62.70%

Writing: [================================                  ] 62.99%

Writing: [================================                  ] 63.27%

Writing: [================================                  ] 63.56%

Writing: [================================                  ] 63.84%

Writing: [=================================                 ] 64.12%

Writing: [=================================                 ] 64.41%

Writing: [=================================                 ] 64.69%

Writing: [=================================                 ] 64.98%

Writing: [=================================                 ] 65.26%

Writing: [=================================                 ] 65.54%

Writing: [=================================                 ] 65.83%

Writing: [==================================                ] 66.11%

Writing: [==================================                ] 66.40%

Writing: [==================================                ] 66.68%

Writing: [==================================                ] 66.97%

Writing: [==================================                ] 67.25%

Writing: [==================================                ] 67.53%

Writing: [==================================                ] 67.82%

Writing: [===================================               ] 68.10%

Writing: [===================================               ] 68.39%

Writing: [===================================               ] 68.67%

Writing: [===================================               ] 68.96%

Writing: [===================================               ] 69.24%

Writing: [===================================               ] 69.52%

Writing: [===================================               ] 69.81%

Writing: [====================================              ] 70.09%

Writing: [====================================              ] 70.38%

Writing: [====================================              ] 70.66%

Writing: [====================================              ] 70.94%

Writing: [====================================              ] 71.23%

Writing: [====================================              ] 71.51%

Writing: [====================================              ] 71.80%

Writing: [=====================================             ] 72.08%

Writing: [=====================================             ] 72.37%

Writing: [=====================================             ] 72.65%

Writing: [=====================================             ] 72.96%

Writing: [=====================================             ] 73.24%

Writing: [=====================================             ] 73.52%

Writing: [=====================================             ] 73.81%

Writing: [======================================            ] 74.09%

Writing: [======================================            ] 74.38%

Writing: [======================================            ] 74.66%

Writing: [======================================            ] 74.95%

Writing: [======================================            ] 75.23%

Writing: [======================================            ] 75.51%

Writing: [======================================            ] 75.80%

Writing: [=======================================           ] 76.08%

Writing: [=======================================           ] 76.37%

Writing: [=======================================           ] 76.65%

Writing: [=======================================           ] 76.94%

Writing: [=======================================           ] 77.22%

Writing: [=======================================           ] 77.50%

Writing: [=======================================           ] 77.79%

Writing: [========================================          ] 78.07%

Writing: [========================================          ] 78.36%

Writing: [========================================          ] 78.64%

Writing: [========================================          ] 78.92%

Writing: [========================================          ] 79.21%

Writing: [========================================          ] 79.49%

Writing: [========================================          ] 79.78%

Writing: [=========================================         ] 80.06%

Writing: [=========================================         ] 80.35%

Writing: [=========================================         ] 80.63%

Writing: [=========================================         ] 80.91%

Writing: [=========================================         ] 81.20%

Writing: [=========================================         ] 81.48%

Writing: [=========================================         ] 81.77%

Writing: [==========================================        ] 82.05%

Writing: [==========================================        ] 82.34%

Writing: [==========================================        ] 82.62%

Writing: [==========================================        ] 82.90%

Writing: [==========================================        ] 83.19%

Writing: [==========================================        ] 83.47%

Writing: [==========================================        ] 83.76%

Writing: [===========================================       ] 84.04%

Writing: [===========================================       ] 84.32%

Writing: [===========================================       ] 84.61%

Writing: [===========================================       ] 84.89%

Writing: [===========================================       ] 85.18%

Writing: [===========================================       ] 85.46%

Writing: [===========================================       ] 85.75%

Writing: [============================================      ] 86.05%

Writing: [============================================      ] 86.34%

Writing: [============================================      ] 86.62%

Writing: [============================================      ] 86.90%

Writing: [============================================      ] 87.19%

Writing: [============================================      ] 87.47%

Writing: [============================================      ] 87.76%

Writing: [=============================================     ] 88.04%

Writing: [=============================================     ] 88.33%

Writing: [=============================================     ] 88.61%

Writing: [=============================================     ] 88.89%

Writing: [=============================================     ] 89.18%

Writing: [=============================================     ] 89.46%

Writing: [=============================================     ] 89.75%

Writing: [==============================================    ] 90.03%

Writing: [==============================================    ] 90.32%

Writing: [==============================================    ] 90.60%

Writing: [==============================================    ] 90.88%

Writing: [==============================================    ] 91.17%

Writing: [==============================================    ] 91.45%

Writing: [==============================================    ] 91.74%

Writing: [===============================================   ] 92.02%

Writing: [===============================================   ] 92.30%

Writing: [===============================================   ] 92.59%

Writing: [===============================================   ] 92.87%

Writing: [===============================================   ] 93.16%

Writing: [===============================================   ] 93.44%

Writing: [===============================================   ] 93.73%

Writing: [================================================  ] 94.01%

Writing: [================================================  ] 94.29%

Writing: [================================================  ] 94.58%

Writing: [================================================  ] 94.86%

Writing: [================================================  ] 95.15%

Writing: [================================================  ] 95.43%

Writing: [================================================  ] 95.72%

Writing: [================================================  ] 96.00%

Writing: [================================================= ] 96.28%

Writing: [================================================= ] 96.57%

Writing: [================================================= ] 96.85%

Writing: [================================================= ] 97.14%

Writing: [================================================= ] 97.42%

Writing: [================================================= ] 97.70%

Writing: [================================================= ] 97.99%

Writing: [==================================================] 98.27%

Writing: [==================================================] 98.56%

Writing: [==================================================] 98.84%

Writing: [==================================================] 99.13%

Writing: [==================================================] 99.41%

Writing: [==================================================] 99.69%

Writing: [==================================================] 99.98%

Writing: [==================================================] 100.00%

Done
Verifying first 32 words...
Verification passed for first 32 words
BPI flash programming complete
BPI flash programming complete
