empty
write to flash
Jtag frequency : requested 6.00MHz    -> real 6.00MHz   
Open file DONE
Parse file DONE
Use: /usr/local/share/openFPGALoader/bpiOverJtag_xc7k480tffg1156.bit.gz
load program

Load SRAM: [===================                               ] 37.00%

Load SRAM: [======================================            ] 76.00%

Load SRAM: [==================================================] 100.00%

Done
Shift IR 35
ir: 1 isc_done 1 isc_ena 0 init 1 done 1
Detecting BPI flash...
Intel/Micron flash detected
Manufacturer ID: 0x0089
Device ID: 0x887e
Flash capacity: 64 MB (512 Mbit)
Writing 18735004 bytes to BPI flash at 0x000000
Erasing 72 blocks...
Programming (buffered mode)...

Writing: [=                                                 ] 0.28%

Writing: [=                                                 ] 0.57%

Writing: [=                                                 ] 0.85%

Writing: [=                                                 ] 1.14%

Writing: [=                                                 ] 1.42%

Writing: [=                                                 ] 1.71%

Writing: [=                                                 ] 1.99%

Writing: [==                                                ] 2.27%

Writing: [==                                                ] 2.56%

Writing: [==                                                ] 2.84%

Writing: [==                                                ] 3.13%

Writing: [==                                                ] 3.41%

Writing: [==                                                ] 3.69%

Writing: [==                                                ] 3.98%

Writing: [===                                               ] 4.26%

Writing: [===                                               ] 4.55%

Writing: [===                                               ] 4.83%

Writing: [===                                               ] 5.12%

Writing: [===                                               ] 5.40%

Writing: [===                                               ] 5.68%

Writing: [===                                               ] 5.97%

Writing: [====                                              ] 6.25%

Writing: [====                                              ] 6.54%

Writing: [====                                              ] 6.82%

Writing: [====                                              ] 7.11%

Writing: [====                                              ] 7.39%

Writing: [====                                              ] 7.67%

Writing: [====                                              ] 7.96%

Writing: [=====                                             ] 8.24%

Writing: [=====                                             ] 8.53%

Writing: [=====                                             ] 8.81%

Writing: [=====                                             ] 9.09%

Writing: [=====                                             ] 9.38%

Writing: [=====                                             ] 9.66%

Writing: [=====                                             ] 9.95%

Writing: [======                                            ] 10.23%

Writing: [======                                            ] 10.52%

Writing: [======                                            ] 10.80%

Writing: [======                                            ] 11.08%

Writing: [======                                            ] 11.37%

Writing: [======                                            ] 11.65%

Writing: [======                                            ] 11.94%

Writing: [=======                                           ] 12.22%

Writing: [=======                                           ] 12.51%

Writing: [=======                                           ] 12.79%

Writing: [=======                                           ] 13.07%

Writing: [=======                                           ] 13.36%

Writing: [=======                                           ] 13.64%

Writing: [=======                                           ] 13.93%

Writing: [========                                          ] 14.21%

Writing: [========                                          ] 14.50%

Writing: [========                                          ] 14.78%

Writing: [========                                          ] 15.06%

Writing: [========                                          ] 15.35%

Writing: [========                                          ] 15.63%

Writing: [========                                          ] 15.92%

Writing: [=========                                         ] 16.20%

Writing: [=========                                         ] 16.48%

Writing: [=========                                         ] 16.79%

Writing: [=========                                         ] 17.10%

Writing: [=========                                         ] 17.40%

Writing: [=========                                         ] 17.69%

Writing: [=========                                         ] 17.97%

Writing: [==========                                        ] 18.26%

Writing: [==========                                        ] 18.54%

Writing: [==========                                        ] 18.82%

Writing: [==========                                        ] 19.11%

Writing: [==========                                        ] 19.39%

Writing: [==========                                        ] 19.68%

Writing: [==========                                        ] 19.96%

Writing: [===========                                       ] 20.24%

Writing: [===========                                       ] 20.53%

Writing: [===========                                       ] 20.81%

Writing: [===========                                       ] 21.10%

Writing: [===========                                       ] 21.38%

Writing: [===========                                       ] 21.67%

Writing: [===========                                       ] 21.95%

Writing: [============                                      ] 22.23%

Writing: [============                                      ] 22.52%

Writing: [============                                      ] 22.80%

Writing: [============                                      ] 23.09%

Writing: [============                                      ] 23.37%

Writing: [============                                      ] 23.66%

Writing: [============                                      ] 23.94%

Writing: [=============                                     ] 24.22%

Writing: [=============                                     ] 24.51%

Writing: [=============                                     ] 24.79%

Writing: [=============                                     ] 25.08%

Writing: [=============                                     ] 25.36%

Writing: [=============                                     ] 25.65%

Writing: [=============                                     ] 25.93%

Writing: [==============                                    ] 26.21%

Writing: [==============                                    ] 26.52%

Writing: [==============                                    ] 26.83%

Writing: [==============                                    ] 27.13%

Writing: [==============                                    ] 27.44%

Writing: [==============                                    ] 27.72%

Writing: [===============                                   ] 28.01%

Writing: [===============                                   ] 28.31%

Writing: [===============                                   ] 28.60%

Writing: [===============                                   ] 28.88%

Writing: [===============                                   ] 29.17%

Writing: [===============                                   ] 29.47%

Writing: [===============                                   ] 29.78%

Writing: [================                                  ] 30.08%

Writing: [================                                  ] 30.39%

Writing: [================                                  ] 30.67%

Writing: [================                                  ] 30.96%

Writing: [================                                  ] 31.24%

Writing: [================                                  ] 31.53%

Writing: [================                                  ] 31.81%

Writing: [=================                                 ] 32.09%

Writing: [=================                                 ] 32.38%

Writing: [=================                                 ] 32.66%

Writing: [=================                                 ] 32.95%

Writing: [=================                                 ] 33.23%

Writing: [=================                                 ] 33.52%

Writing: [=================                                 ] 33.80%

Writing: [==================                                ] 34.08%

Writing: [==================                                ] 34.37%

Writing: [==================                                ] 34.65%

Writing: [==================                                ] 34.94%

Writing: [==================                                ] 35.22%

Writing: [==================                                ] 35.51%

Writing: [==================                                ] 35.79%

Writing: [===================                               ] 36.10%

Writing: [===================                               ] 36.38%

Writing: [===================                               ] 36.66%

Writing: [===================                               ] 36.95%

Writing: [===================                               ] 37.23%

Writing: [===================                               ] 37.52%

Writing: [===================                               ] 37.80%

Writing: [====================                              ] 38.09%

Writing: [====================                              ] 38.37%

Writing: [====================                              ] 38.65%

Writing: [====================                              ] 38.94%

Writing: [====================                              ] 39.22%

Writing: [====================                              ] 39.51%

Writing: [====================                              ] 39.79%

Writing: [=====================                             ] 40.07%

Writing: [=====================                             ] 40.36%

Writing: [=====================                             ] 40.64%

Writing: [=====================                             ] 40.93%

Writing: [=====================                             ] 41.21%

Writing: [=====================                             ] 41.50%

Writing: [=====================                             ] 41.78%

Writing: [======================                            ] 42.06%

Writing: [======================                            ] 42.35%

Writing: [======================                            ] 42.63%

Writing: [======================                            ] 42.92%

Writing: [======================                            ] 43.20%

Writing: [======================                            ] 43.49%

Writing: [======================                            ] 43.77%

Writing: [=======================                           ] 44.05%

Writing: [=======================                           ] 44.34%

Writing: [=======================                           ] 44.62%

Writing: [=======================                           ] 44.91%

Writing: [=======================                           ] 45.19%

Writing: [=======================                           ] 45.47%

Writing: [=======================                           ] 45.76%

Writing: [========================                          ] 46.04%

Writing: [========================                          ] 46.33%

Writing: [========================                          ] 46.63%

Writing: [========================                          ] 46.92%

Writing: [========================                          ] 47.22%

Writing: [========================                          ] 47.51%

Writing: [========================                          ] 47.81%

Writing: [=========================                         ] 48.12%

Writing: [=========================                         ] 48.43%

Writing: [=========================                         ] 48.71%

Writing: [=========================                         ] 48.99%

Writing: [=========================                         ] 49.30%

Writing: [=========================                         ] 49.61%

Writing: [=========================                         ] 49.91%

Writing: [==========================                        ] 50.20%

Writing: [==========================                        ] 50.48%

Writing: [==========================                        ] 50.77%

Writing: [==========================                        ] 51.05%

Writing: [==========================                        ] 51.33%

Writing: [==========================                        ] 51.62%

Writing: [==========================                        ] 51.90%

Writing: [===========================                       ] 52.19%

Writing: [===========================                       ] 52.47%

Writing: [===========================                       ] 52.75%

Writing: [===========================                       ] 53.04%

Writing: [===========================                       ] 53.32%

Writing: [===========================                       ] 53.61%

Writing: [===========================                       ] 53.89%

Writing: [============================                      ] 54.18%

Writing: [============================                      ] 54.46%

Writing: [============================                      ] 54.74%

Writing: [============================                      ] 55.03%

Writing: [============================                      ] 55.31%

Writing: [============================                      ] 55.60%

Writing: [============================                      ] 55.88%

Writing: [=============================                     ] 56.17%

Writing: [=============================                     ] 56.45%

Writing: [=============================                     ] 56.73%

Writing: [=============================                     ] 57.02%

Writing: [=============================                     ] 57.32%

Writing: [=============================                     ] 57.63%

Writing: [=============================                     ] 57.91%

Writing: [==============================                    ] 58.20%

Writing: [==============================                    ] 58.48%

Writing: [==============================                    ] 58.79%

Writing: [==============================                    ] 59.10%

Writing: [==============================                    ] 59.40%

Writing: [==============================                    ] 59.69%

Writing: [==============================                    ] 59.97%

Writing: [===============================                   ] 60.28%

Writing: [===============================                   ] 60.56%

Writing: [===============================                   ] 60.84%

Writing: [===============================                   ] 61.13%

Writing: [===============================                   ] 61.41%

Writing: [===============================                   ] 61.70%

Writing: [===============================                   ] 61.98%

Writing: [================================                  ] 62.27%

Writing: [================================                  ] 62.55%

Writing: [================================                  ] 62.83%

Writing: [================================                  ] 63.12%

Writing: [================================                  ] 63.40%

Writing: [================================                  ] 63.69%

Writing: [================================                  ] 63.97%

Writing: [=================================                 ] 64.25%

Writing: [=================================                 ] 64.54%

Writing: [=================================                 ] 64.82%

Writing: [=================================                 ] 65.11%

Writing: [=================================                 ] 65.39%

Writing: [=================================                 ] 65.68%

Writing: [=================================                 ] 65.96%

Writing: [==================================                ] 66.24%

Writing: [==================================                ] 66.53%

Writing: [==================================                ] 66.81%

Writing: [==================================                ] 67.10%

Writing: [==================================                ] 67.38%

Writing: [==================================                ] 67.67%

Writing: [==================================                ] 67.95%

Writing: [===================================               ] 68.26%

Writing: [===================================               ] 68.56%

Writing: [===================================               ] 68.87%

Writing: [===================================               ] 69.17%

Writing: [===================================               ] 69.48%

Writing: [===================================               ] 69.76%

Writing: [====================================              ] 70.05%

Writing: [====================================              ] 70.33%

Writing: [====================================              ] 70.62%

Writing: [====================================              ] 70.90%

Writing: [====================================              ] 71.19%

Writing: [====================================              ] 71.47%

Writing: [====================================              ] 71.75%

Writing: [=====================================             ] 72.04%

Writing: [=====================================             ] 72.32%

Writing: [=====================================             ] 72.61%

Writing: [=====================================             ] 72.89%

Writing: [=====================================             ] 73.17%

Writing: [=====================================             ] 73.46%

Writing: [=====================================             ] 73.74%

Writing: [======================================            ] 74.03%

Writing: [======================================            ] 74.33%

Writing: [======================================            ] 74.62%

Writing: [======================================            ] 74.90%

Writing: [======================================            ] 75.19%

Writing: [======================================            ] 75.47%

Writing: [======================================            ] 75.75%

Writing: [=======================================           ] 76.04%

Writing: [=======================================           ] 76.32%

Writing: [=======================================           ] 76.61%

Writing: [=======================================           ] 76.91%

Writing: [=======================================           ] 77.22%

Writing: [=======================================           ] 77.53%

Writing: [=======================================           ] 77.81%

Writing: [========================================          ] 78.09%

Writing: [========================================          ] 78.38%

Writing: [========================================          ] 78.66%

Writing: [========================================          ] 78.95%

Writing: [========================================          ] 79.25%

Writing: [========================================          ] 79.56%

Writing: [========================================          ] 79.84%

Writing: [=========================================         ] 80.13%

Writing: [=========================================         ] 80.41%

Writing: [=========================================         ] 80.70%

Writing: [=========================================         ] 81.00%

Writing: [=========================================         ] 81.29%

Writing: [=========================================         ] 81.57%

Writing: [=========================================         ] 81.85%

Writing: [==========================================        ] 82.14%

Writing: [==========================================        ] 82.42%

Writing: [==========================================        ] 82.71%

Writing: [==========================================        ] 83.01%

Writing: [==========================================        ] 83.30%

Writing: [==========================================        ] 83.58%

Writing: [==========================================        ] 83.87%

Writing: [===========================================       ] 84.17%

Writing: [===========================================       ] 84.46%

Writing: [===========================================       ] 84.74%

Writing: [===========================================       ] 85.02%

Writing: [===========================================       ] 85.31%

Writing: [===========================================       ] 85.59%

Writing: [===========================================       ] 85.88%

Writing: [============================================      ] 86.18%

Writing: [============================================      ] 86.47%

Writing: [============================================      ] 86.75%

Writing: [============================================      ] 87.04%

Writing: [============================================      ] 87.32%

Writing: [============================================      ] 87.60%

Writing: [============================================      ] 87.89%

Writing: [=============================================     ] 88.17%

Writing: [=============================================     ] 88.46%

Writing: [=============================================     ] 88.76%

Writing: [=============================================     ] 89.07%

Writing: [=============================================     ] 89.38%

Writing: [=============================================     ] 89.68%

Writing: [=============================================     ] 89.99%

Writing: [==============================================    ] 90.29%

Writing: [==============================================    ] 90.58%

Writing: [==============================================    ] 90.88%

Writing: [==============================================    ] 91.17%

Writing: [==============================================    ] 91.47%

Writing: [==============================================    ] 91.76%

Writing: [===============================================   ] 92.04%

Writing: [===============================================   ] 92.33%

Writing: [===============================================   ] 92.61%

Writing: [===============================================   ] 92.90%

Writing: [===============================================   ] 93.18%

Writing: [===============================================   ] 93.46%

Writing: [===============================================   ] 93.75%

Writing: [================================================  ] 94.03%

Writing: [================================================  ] 94.32%

Writing: [================================================  ] 94.60%

Writing: [================================================  ] 94.88%

Writing: [================================================  ] 95.17%

Writing: [================================================  ] 95.45%

Writing: [================================================  ] 95.74%

Writing: [================================================= ] 96.02%

Writing: [================================================= ] 96.31%

Writing: [================================================= ] 96.59%

Writing: [================================================= ] 96.87%

Writing: [================================================= ] 97.16%

Writing: [================================================= ] 97.44%

Writing: [================================================= ] 97.73%

Writing: [==================================================] 98.01%

Writing: [==================================================] 98.30%

Writing: [==================================================] 98.58%

Writing: [==================================================] 98.86%

Writing: [==================================================] 99.15%

Writing: [==================================================] 99.43%

Writing: [==================================================] 99.72%

Writing: [==================================================] 100.00%

Writing: [==================================================] 100.00%

Done
Verifying first 32 words...
Verification passed for first 32 words
BPI flash programming complete
BPI flash programming complete
