empty
write to flash
Jtag frequency : requested 6.00MHz    -> real 6.00MHz   
Open file DONE
Parse file DONE
Use: /usr/local/share/openFPGALoader/bpiOverJtag_xc7k480tffg1156.bit.gz
load program

Load SRAM: [===================                               ] 37.00%

Load SRAM: [======================================            ] 76.00%

Load SRAM: [==================================================] 100.00%

Done
Shift IR 35
ir: 1 isc_done 1 isc_ena 0 init 1 done 1
Detecting BPI flash...
Intel/Micron flash detected
Manufacturer ID: 0x0089
Device ID: 0x887e
Flash capacity: 64 MB (512 Mbit)
Writing 18735004 bytes to BPI flash at 0x000000
Erasing 72 blocks...
Programming (buffered mode)...

Writing: [=                                                 ] 0.28%

Writing: [=                                                 ] 0.57%

Writing: [=                                                 ] 0.85%

Writing: [=                                                 ] 1.14%

Writing: [=                                                 ] 1.42%

Writing: [=                                                 ] 1.73%

Writing: [==                                                ] 2.01%

Writing: [==                                                ] 2.30%

Writing: [==                                                ] 2.58%

Writing: [==                                                ] 2.86%

Writing: [==                                                ] 3.15%

Writing: [==                                                ] 3.43%

Writing: [==                                                ] 3.72%

Writing: [===                                               ] 4.00%

Writing: [===                                               ] 4.29%

Writing: [===                                               ] 4.57%

Writing: [===                                               ] 4.85%

Writing: [===                                               ] 5.14%

Writing: [===                                               ] 5.42%

Writing: [===                                               ] 5.71%

Writing: [===                                               ] 5.99%

Writing: [====                                              ] 6.27%

Writing: [====                                              ] 6.56%

Writing: [====                                              ] 6.84%

Writing: [====                                              ] 7.13%

Writing: [====                                              ] 7.41%

Writing: [====                                              ] 7.70%

Writing: [====                                              ] 7.98%

Writing: [=====                                             ] 8.26%

Writing: [=====                                             ] 8.55%

Writing: [=====                                             ] 8.83%

Writing: [=====                                             ] 9.12%

Writing: [=====                                             ] 9.40%

Writing: [=====                                             ] 9.69%

Writing: [=====                                             ] 9.97%

Writing: [======                                            ] 10.25%

Writing: [======                                            ] 10.54%

Writing: [======                                            ] 10.82%

Writing: [======                                            ] 11.11%

Writing: [======                                            ] 11.39%

Writing: [======                                            ] 11.67%

Writing: [======                                            ] 11.96%

Writing: [=======                                           ] 12.24%

Writing: [=======                                           ] 12.53%

Writing: [=======                                           ] 12.81%

Writing: [=======                                           ] 13.10%

Writing: [=======                                           ] 13.38%

Writing: [=======                                           ] 13.66%

Writing: [=======                                           ] 13.95%

Writing: [========                                          ] 14.23%

Writing: [========                                          ] 14.52%

Writing: [========                                          ] 14.80%

Writing: [========                                          ] 15.11%

Writing: [========                                          ] 15.39%

Writing: [========                                          ] 15.68%

Writing: [========                                          ] 15.96%

Writing: [=========                                         ] 16.24%

Writing: [=========                                         ] 16.53%

Writing: [=========                                         ] 16.81%

Writing: [=========                                         ] 17.10%

Writing: [=========                                         ] 17.38%

Writing: [=========                                         ] 17.67%

Writing: [=========                                         ] 17.95%

Writing: [==========                                        ] 18.23%

Writing: [==========                                        ] 18.52%

Writing: [==========                                        ] 18.80%

Writing: [==========                                        ] 19.09%

Writing: [==========                                        ] 19.37%

Writing: [==========                                        ] 19.65%

Writing: [==========                                        ] 19.94%

Writing: [===========                                       ] 20.22%

Writing: [===========                                       ] 20.51%

Writing: [===========                                       ] 20.79%

Writing: [===========                                       ] 21.08%

Writing: [===========                                       ] 21.36%

Writing: [===========                                       ] 21.64%

Writing: [===========                                       ] 21.93%

Writing: [============                                      ] 22.21%

Writing: [============                                      ] 22.52%

Writing: [============                                      ] 22.80%

Writing: [============                                      ] 23.09%

Writing: [============                                      ] 23.37%

Writing: [============                                      ] 23.66%

Writing: [============                                      ] 23.94%

Writing: [=============                                     ] 24.22%

Writing: [=============                                     ] 24.51%

Writing: [=============                                     ] 24.81%

Writing: [=============                                     ] 25.10%

Writing: [=============                                     ] 25.38%

Writing: [=============                                     ] 25.67%

Writing: [=============                                     ] 25.95%

Writing: [==============                                    ] 26.24%

Writing: [==============                                    ] 26.52%

Writing: [==============                                    ] 26.80%

Writing: [==============                                    ] 27.09%

Writing: [==============                                    ] 27.37%

Writing: [==============                                    ] 27.66%

Writing: [==============                                    ] 27.94%

Writing: [===============                                   ] 28.22%

Writing: [===============                                   ] 28.51%

Writing: [===============                                   ] 28.79%

Writing: [===============                                   ] 29.08%

Writing: [===============                                   ] 29.36%

Writing: [===============                                   ] 29.65%

Writing: [===============                                   ] 29.93%

Writing: [================                                  ] 30.21%

Writing: [================                                  ] 30.50%

Writing: [================                                  ] 30.78%

Writing: [================                                  ] 31.07%

Writing: [================                                  ] 31.35%

Writing: [================                                  ] 31.66%

Writing: [================                                  ] 31.94%

Writing: [=================                                 ] 32.23%

Writing: [=================                                 ] 32.51%

Writing: [=================                                 ] 32.79%

Writing: [=================                                 ] 33.08%

Writing: [=================                                 ] 33.36%

Writing: [=================                                 ] 33.65%

Writing: [=================                                 ] 33.93%

Writing: [==================                                ] 34.22%

Writing: [==================                                ] 34.50%

Writing: [==================                                ] 34.78%

Writing: [==================                                ] 35.07%

Writing: [==================                                ] 35.35%

Writing: [==================                                ] 35.64%

Writing: [==================                                ] 35.92%

Writing: [===================                               ] 36.20%

Writing: [===================                               ] 36.49%

Writing: [===================                               ] 36.77%

Writing: [===================                               ] 37.06%

Writing: [===================                               ] 37.34%

Writing: [===================                               ] 37.63%

Writing: [===================                               ] 37.91%

Writing: [====================                              ] 38.19%

Writing: [====================                              ] 38.48%

Writing: [====================                              ] 38.76%

Writing: [====================                              ] 39.05%

Writing: [====================                              ] 39.33%

Writing: [====================                              ] 39.62%

Writing: [====================                              ] 39.90%

Writing: [=====================                             ] 40.18%

Writing: [=====================                             ] 40.47%

Writing: [=====================                             ] 40.75%

Writing: [=====================                             ] 41.04%

Writing: [=====================                             ] 41.32%

Writing: [=====================                             ] 41.60%

Writing: [=====================                             ] 41.89%

Writing: [======================                            ] 42.17%

Writing: [======================                            ] 42.46%

Writing: [======================                            ] 42.74%

Writing: [======================                            ] 43.03%

Writing: [======================                            ] 43.31%

Writing: [======================                            ] 43.59%

Writing: [======================                            ] 43.88%

Writing: [=======================                           ] 44.16%

Writing: [=======================                           ] 44.45%

Writing: [=======================                           ] 44.73%

Writing: [=======================                           ] 45.02%

Writing: [=======================                           ] 45.30%

Writing: [=======================                           ] 45.58%

Writing: [=======================                           ] 45.87%

Writing: [========================                          ] 46.15%

Writing: [========================                          ] 46.44%

Writing: [========================                          ] 46.72%

Writing: [========================                          ] 47.01%

Writing: [========================                          ] 47.29%

Writing: [========================                          ] 47.57%

Writing: [========================                          ] 47.86%

Writing: [=========================                         ] 48.14%

Writing: [=========================                         ] 48.43%

Writing: [=========================                         ] 48.71%

Writing: [=========================                         ] 48.99%

Writing: [=========================                         ] 49.28%

Writing: [=========================                         ] 49.56%

Writing: [=========================                         ] 49.85%

Writing: [==========================                        ] 50.13%

Writing: [==========================                        ] 50.42%

Writing: [==========================                        ] 50.70%

Writing: [==========================                        ] 50.98%

Writing: [==========================                        ] 51.29%

Writing: [==========================                        ] 51.57%

Writing: [==========================                        ] 51.86%

Writing: [===========================                       ] 52.14%

Writing: [===========================                       ] 52.43%

Writing: [===========================                       ] 52.71%

Writing: [===========================                       ] 53.00%

Writing: [===========================                       ] 53.28%

Writing: [===========================                       ] 53.56%

Writing: [===========================                       ] 53.85%

Writing: [============================                      ] 54.13%

Writing: [============================                      ] 54.42%

Writing: [============================                      ] 54.70%

Writing: [============================                      ] 54.98%

Writing: [============================                      ] 55.27%

Writing: [============================                      ] 55.55%

Writing: [============================                      ] 55.84%

Writing: [=============================                     ] 56.12%

Writing: [=============================                     ] 56.41%

Writing: [=============================                     ] 56.69%

Writing: [=============================                     ] 56.97%

Writing: [=============================                     ] 57.26%

Writing: [=============================                     ] 57.54%

Writing: [=============================                     ] 57.83%

Writing: [==============================                    ] 58.11%

Writing: [==============================                    ] 58.40%

Writing: [==============================                    ] 58.68%

Writing: [==============================                    ] 58.96%

Writing: [==============================                    ] 59.25%

Writing: [==============================                    ] 59.53%

Writing: [==============================                    ] 59.82%

Writing: [===============================                   ] 60.10%

Writing: [===============================                   ] 60.39%

Writing: [===============================                   ] 60.67%

Writing: [===============================                   ] 60.95%

Writing: [===============================                   ] 61.24%

Writing: [===============================                   ] 61.52%

Writing: [===============================                   ] 61.81%

Writing: [================================                  ] 62.09%

Writing: [================================                  ] 62.37%

Writing: [================================                  ] 62.66%

Writing: [================================                  ] 62.94%

Writing: [================================                  ] 63.23%

Writing: [================================                  ] 63.53%

Writing: [================================                  ] 63.82%

Writing: [=================================                 ] 64.12%

Writing: [=================================                 ] 64.41%

Writing: [=================================                 ] 64.69%

Writing: [=================================                 ] 64.98%

Writing: [=================================                 ] 65.26%

Writing: [=================================                 ] 65.54%

Writing: [=================================                 ] 65.83%

Writing: [==================================                ] 66.11%

Writing: [==================================                ] 66.40%

Writing: [==================================                ] 66.68%

Writing: [==================================                ] 66.97%

Writing: [==================================                ] 67.25%

Writing: [==================================                ] 67.53%

Writing: [==================================                ] 67.82%

Writing: [===================================               ] 68.10%

Writing: [===================================               ] 68.39%

Writing: [===================================               ] 68.67%

Writing: [===================================               ] 68.96%

Writing: [===================================               ] 69.24%

Writing: [===================================               ] 69.52%

Writing: [===================================               ] 69.81%

Writing: [====================================              ] 70.09%

Writing: [====================================              ] 70.38%

Writing: [====================================              ] 70.66%

Writing: [====================================              ] 70.94%

Writing: [====================================              ] 71.23%

Writing: [====================================              ] 71.51%

Writing: [====================================              ] 71.80%

Writing: [=====================================             ] 72.08%

Writing: [=====================================             ] 72.37%

Writing: [=====================================             ] 72.65%

Writing: [=====================================             ] 72.96%

Writing: [=====================================             ] 73.24%

Writing: [=====================================             ] 73.52%

Writing: [=====================================             ] 73.81%

Writing: [======================================            ] 74.09%

Writing: [======================================            ] 74.38%

Writing: [======================================            ] 74.66%

Writing: [======================================            ] 74.95%

Writing: [======================================            ] 75.23%

Writing: [======================================            ] 75.54%

Writing: [======================================            ] 75.82%

Writing: [=======================================           ] 76.10%

Writing: [=======================================           ] 76.41%

Writing: [=======================================           ] 76.69%

Writing: [=======================================           ] 76.98%

Writing: [=======================================           ] 77.26%

Writing: [=======================================           ] 77.55%

Writing: [=======================================           ] 77.83%

Writing: [========================================          ] 78.12%

Writing: [========================================          ] 78.40%

Writing: [========================================          ] 78.68%

Writing: [========================================          ] 78.97%

Writing: [========================================          ] 79.25%

Writing: [========================================          ] 79.54%

Writing: [========================================          ] 79.82%

Writing: [=========================================         ] 80.11%

Writing: [=========================================         ] 80.39%

Writing: [=========================================         ] 80.67%

Writing: [=========================================         ] 80.96%

Writing: [=========================================         ] 81.24%

Writing: [=========================================         ] 81.53%

Writing: [=========================================         ] 81.81%

Writing: [==========================================        ] 82.09%

Writing: [==========================================        ] 82.38%

Writing: [==========================================        ] 82.66%

Writing: [==========================================        ] 82.95%

Writing: [==========================================        ] 83.23%

Writing: [==========================================        ] 83.52%

Writing: [==========================================        ] 83.80%

Writing: [===========================================       ] 84.08%

Writing: [===========================================       ] 84.37%

Writing: [===========================================       ] 84.65%

Writing: [===========================================       ] 84.94%

Writing: [===========================================       ] 85.22%

Writing: [===========================================       ] 85.51%

Writing: [===========================================       ] 85.79%

Writing: [============================================      ] 86.07%

Writing: [============================================      ] 86.36%

Writing: [============================================      ] 86.64%

Writing: [============================================      ] 86.93%

Writing: [============================================      ] 87.21%

Writing: [============================================      ] 87.50%

Writing: [============================================      ] 87.78%

Writing: [=============================================     ] 88.06%

Writing: [=============================================     ] 88.35%

Writing: [=============================================     ] 88.63%

Writing: [=============================================     ] 88.92%

Writing: [=============================================     ] 89.20%

Writing: [=============================================     ] 89.48%

Writing: [=============================================     ] 89.77%

Writing: [==============================================    ] 90.05%

Writing: [==============================================    ] 90.34%

Writing: [==============================================    ] 90.62%

Writing: [==============================================    ] 90.91%

Writing: [==============================================    ] 91.19%

Writing: [==============================================    ] 91.47%

Writing: [==============================================    ] 91.76%

Writing: [===============================================   ] 92.04%

Writing: [===============================================   ] 92.33%

Writing: [===============================================   ] 92.61%

Writing: [===============================================   ] 92.90%

Writing: [===============================================   ] 93.18%

Writing: [===============================================   ] 93.46%

Writing: [===============================================   ] 93.75%

Writing: [================================================  ] 94.03%

Writing: [================================================  ] 94.32%

Writing: [================================================  ] 94.60%

Writing: [================================================  ] 94.88%

Writing: [================================================  ] 95.17%

Writing: [================================================  ] 95.45%

Writing: [================================================  ] 95.74%

Writing: [================================================= ] 96.02%

Writing: [================================================= ] 96.31%

Writing: [================================================= ] 96.59%

Writing: [================================================= ] 96.87%

Writing: [================================================= ] 97.16%

Writing: [================================================= ] 97.44%

Writing: [================================================= ] 97.73%

Writing: [==================================================] 98.01%

Writing: [==================================================] 98.30%

Writing: [==================================================] 98.58%

Writing: [==================================================] 98.86%

Writing: [==================================================] 99.15%

Writing: [==================================================] 99.43%

Writing: [==================================================] 99.72%

Writing: [==================================================] 100.00%

Writing: [==================================================] 100.00%

Done
Verifying first 32 words...
Verification passed for first 32 words
BPI flash programming complete
BPI flash programming complete
