empty
write to flash
Jtag frequency : requested 6.00MHz    -> real 6.00MHz   
Open file DONE
Parse file DONE
Use: /usr/local/share/openFPGALoader/bpiOverJtag_xc7k480tffg1156.bit.gz
load program

Load SRAM: [===================                               ] 37.00%

Load SRAM: [======================================            ] 76.00%

Load SRAM: [==================================================] 100.00%

Done
Shift IR 35
ir: 1 isc_done 1 isc_ena 0 init 1 done 1
Detecting BPI flash...
Intel/Micron flash detected
Manufacturer ID: 0x0089
Device ID: 0x887e
Flash capacity: 64 MB (512 Mbit)
Writing 18735004 bytes to BPI flash at 0x000000
Erasing 72 blocks...
Programming (buffered mode)...

Writing: [=                                                 ] 0.28%

Writing: [=                                                 ] 0.57%

Writing: [=                                                 ] 0.85%

Writing: [=                                                 ] 1.14%

Writing: [=                                                 ] 1.42%

Writing: [=                                                 ] 1.71%

Writing: [=                                                 ] 1.99%

Writing: [==                                                ] 2.27%

Writing: [==                                                ] 2.56%

Writing: [==                                                ] 2.84%

Writing: [==                                                ] 3.13%

Writing: [==                                                ] 3.41%

Writing: [==                                                ] 3.69%

Writing: [==                                                ] 3.98%

Writing: [===                                               ] 4.26%

Writing: [===                                               ] 4.55%

Writing: [===                                               ] 4.83%

Writing: [===                                               ] 5.12%

Writing: [===                                               ] 5.40%

Writing: [===                                               ] 5.68%

Writing: [===                                               ] 5.97%

Writing: [====                                              ] 6.25%

Writing: [====                                              ] 6.54%

Writing: [====                                              ] 6.82%

Writing: [====                                              ] 7.11%

Writing: [====                                              ] 7.39%

Writing: [====                                              ] 7.67%

Writing: [====                                              ] 7.96%

Writing: [=====                                             ] 8.24%

Writing: [=====                                             ] 8.53%

Writing: [=====                                             ] 8.81%

Writing: [=====                                             ] 9.09%

Writing: [=====                                             ] 9.38%

Writing: [=====                                             ] 9.66%

Writing: [=====                                             ] 9.95%

Writing: [======                                            ] 10.23%

Writing: [======                                            ] 10.52%

Writing: [======                                            ] 10.80%

Writing: [======                                            ] 11.08%

Writing: [======                                            ] 11.37%

Writing: [======                                            ] 11.65%

Writing: [======                                            ] 11.94%

Writing: [=======                                           ] 12.22%

Writing: [=======                                           ] 12.51%

Writing: [=======                                           ] 12.79%

Writing: [=======                                           ] 13.07%

Writing: [=======                                           ] 13.36%

Writing: [=======                                           ] 13.64%

Writing: [=======                                           ] 13.93%

Writing: [========                                          ] 14.21%

Writing: [========                                          ] 14.50%

Writing: [========                                          ] 14.78%

Writing: [========                                          ] 15.09%

Writing: [========                                          ] 15.37%

Writing: [========                                          ] 15.65%

Writing: [========                                          ] 15.94%

Writing: [=========                                         ] 16.22%

Writing: [=========                                         ] 16.51%

Writing: [=========                                         ] 16.79%

Writing: [=========                                         ] 17.07%

Writing: [=========                                         ] 17.36%

Writing: [=========                                         ] 17.64%

Writing: [=========                                         ] 17.93%

Writing: [==========                                        ] 18.21%

Writing: [==========                                        ] 18.50%

Writing: [==========                                        ] 18.78%

Writing: [==========                                        ] 19.06%

Writing: [==========                                        ] 19.35%

Writing: [==========                                        ] 19.63%

Writing: [==========                                        ] 19.92%

Writing: [===========                                       ] 20.20%

Writing: [===========                                       ] 20.49%

Writing: [===========                                       ] 20.77%

Writing: [===========                                       ] 21.08%

Writing: [===========                                       ] 21.36%

Writing: [===========                                       ] 21.64%

Writing: [===========                                       ] 21.93%

Writing: [============                                      ] 22.21%

Writing: [============                                      ] 22.50%

Writing: [============                                      ] 22.78%

Writing: [============                                      ] 23.07%

Writing: [============                                      ] 23.35%

Writing: [============                                      ] 23.63%

Writing: [============                                      ] 23.92%

Writing: [=============                                     ] 24.20%

Writing: [=============                                     ] 24.49%

Writing: [=============                                     ] 24.77%

Writing: [=============                                     ] 25.05%

Writing: [=============                                     ] 25.34%

Writing: [=============                                     ] 25.62%

Writing: [=============                                     ] 25.91%

Writing: [==============                                    ] 26.19%

Writing: [==============                                    ] 26.48%

Writing: [==============                                    ] 26.76%

Writing: [==============                                    ] 27.04%

Writing: [==============                                    ] 27.33%

Writing: [==============                                    ] 27.61%

Writing: [==============                                    ] 27.90%

Writing: [===============                                   ] 28.18%

Writing: [===============                                   ] 28.47%

Writing: [===============                                   ] 28.75%

Writing: [===============                                   ] 29.03%

Writing: [===============                                   ] 29.32%

Writing: [===============                                   ] 29.60%

Writing: [===============                                   ] 29.89%

Writing: [================                                  ] 30.17%

Writing: [================                                  ] 30.45%

Writing: [================                                  ] 30.74%

Writing: [================                                  ] 31.02%

Writing: [================                                  ] 31.31%

Writing: [================                                  ] 31.59%

Writing: [================                                  ] 31.88%

Writing: [=================                                 ] 32.16%

Writing: [=================                                 ] 32.44%

Writing: [=================                                 ] 32.73%

Writing: [=================                                 ] 33.01%

Writing: [=================                                 ] 33.30%

Writing: [=================                                 ] 33.58%

Writing: [=================                                 ] 33.87%

Writing: [==================                                ] 34.15%

Writing: [==================                                ] 34.43%

Writing: [==================                                ] 34.72%

Writing: [==================                                ] 35.00%

Writing: [==================                                ] 35.29%

Writing: [==================                                ] 35.57%

Writing: [==================                                ] 35.88%

Writing: [===================                               ] 36.16%

Writing: [===================                               ] 36.45%

Writing: [===================                               ] 36.73%

Writing: [===================                               ] 37.01%

Writing: [===================                               ] 37.30%

Writing: [===================                               ] 37.58%

Writing: [===================                               ] 37.87%

Writing: [====================                              ] 38.15%

Writing: [====================                              ] 38.43%

Writing: [====================                              ] 38.72%

Writing: [====================                              ] 39.00%

Writing: [====================                              ] 39.29%

Writing: [====================                              ] 39.57%

Writing: [====================                              ] 39.86%

Writing: [=====================                             ] 40.14%

Writing: [=====================                             ] 40.42%

Writing: [=====================                             ] 40.71%

Writing: [=====================                             ] 40.99%

Writing: [=====================                             ] 41.28%

Writing: [=====================                             ] 41.56%

Writing: [=====================                             ] 41.85%

Writing: [======================                            ] 42.13%

Writing: [======================                            ] 42.41%

Writing: [======================                            ] 42.70%

Writing: [======================                            ] 42.98%

Writing: [======================                            ] 43.27%

Writing: [======================                            ] 43.55%

Writing: [======================                            ] 43.83%

Writing: [=======================                           ] 44.12%

Writing: [=======================                           ] 44.40%

Writing: [=======================                           ] 44.69%

Writing: [=======================                           ] 44.97%

Writing: [=======================                           ] 45.26%

Writing: [=======================                           ] 45.54%

Writing: [=======================                           ] 45.82%

Writing: [========================                          ] 46.11%

Writing: [========================                          ] 46.39%

Writing: [========================                          ] 46.68%

Writing: [========================                          ] 46.96%

Writing: [========================                          ] 47.25%

Writing: [========================                          ] 47.53%

Writing: [========================                          ] 47.81%

Writing: [=========================                         ] 48.10%

Writing: [=========================                         ] 48.38%

Writing: [=========================                         ] 48.67%

Writing: [=========================                         ] 48.95%

Writing: [=========================                         ] 49.24%

Writing: [=========================                         ] 49.52%

Writing: [=========================                         ] 49.80%

Writing: [==========================                        ] 50.09%

Writing: [==========================                        ] 50.37%

Writing: [==========================                        ] 50.66%

Writing: [==========================                        ] 50.94%

Writing: [==========================                        ] 51.22%

Writing: [==========================                        ] 51.51%

Writing: [==========================                        ] 51.79%

Writing: [===========================                       ] 52.08%

Writing: [===========================                       ] 52.36%

Writing: [===========================                       ] 52.65%

Writing: [===========================                       ] 52.93%

Writing: [===========================                       ] 53.21%

Writing: [===========================                       ] 53.50%

Writing: [===========================                       ] 53.78%

Writing: [============================                      ] 54.07%

Writing: [============================                      ] 54.35%

Writing: [============================                      ] 54.64%

Writing: [============================                      ] 54.92%

Writing: [============================                      ] 55.20%

Writing: [============================                      ] 55.49%

Writing: [============================                      ] 55.77%

Writing: [=============================                     ] 56.06%

Writing: [=============================                     ] 56.34%

Writing: [=============================                     ] 56.62%

Writing: [=============================                     ] 56.91%

Writing: [=============================                     ] 57.19%

Writing: [=============================                     ] 57.48%

Writing: [=============================                     ] 57.76%

Writing: [==============================                    ] 58.05%

Writing: [==============================                    ] 58.33%

Writing: [==============================                    ] 58.61%

Writing: [==============================                    ] 58.90%

Writing: [==============================                    ] 59.18%

Writing: [==============================                    ] 59.47%

Writing: [==============================                    ] 59.75%

Writing: [===============================                   ] 60.04%

Writing: [===============================                   ] 60.32%

Writing: [===============================                   ] 60.63%

Writing: [===============================                   ] 60.93%

Writing: [===============================                   ] 61.22%

Writing: [===============================                   ] 61.50%

Writing: [===============================                   ] 61.78%

Writing: [================================                  ] 62.07%

Writing: [================================                  ] 62.35%

Writing: [================================                  ] 62.64%

Writing: [================================                  ] 62.92%

Writing: [================================                  ] 63.21%

Writing: [================================                  ] 63.49%

Writing: [================================                  ] 63.77%

Writing: [=================================                 ] 64.06%

Writing: [=================================                 ] 64.34%

Writing: [=================================                 ] 64.63%

Writing: [=================================                 ] 64.91%

Writing: [=================================                 ] 65.19%

Writing: [=================================                 ] 65.48%

Writing: [=================================                 ] 65.76%

Writing: [==================================                ] 66.05%

Writing: [==================================                ] 66.33%

Writing: [==================================                ] 66.62%

Writing: [==================================                ] 66.90%

Writing: [==================================                ] 67.18%

Writing: [==================================                ] 67.47%

Writing: [==================================                ] 67.75%

Writing: [===================================               ] 68.04%

Writing: [===================================               ] 68.32%

Writing: [===================================               ] 68.61%

Writing: [===================================               ] 68.89%

Writing: [===================================               ] 69.20%

Writing: [===================================               ] 69.48%

Writing: [===================================               ] 69.76%

Writing: [====================================              ] 70.05%

Writing: [====================================              ] 70.33%

Writing: [====================================              ] 70.62%

Writing: [====================================              ] 70.90%

Writing: [====================================              ] 71.21%

Writing: [====================================              ] 71.49%

Writing: [====================================              ] 71.78%

Writing: [=====================================             ] 72.06%

Writing: [=====================================             ] 72.34%

Writing: [=====================================             ] 72.63%

Writing: [=====================================             ] 72.91%

Writing: [=====================================             ] 73.22%

Writing: [=====================================             ] 73.50%

Writing: [=====================================             ] 73.79%

Writing: [======================================            ] 74.07%

Writing: [======================================            ] 74.36%

Writing: [======================================            ] 74.64%

Writing: [======================================            ] 74.92%

Writing: [======================================            ] 75.21%

Writing: [======================================            ] 75.49%

Writing: [======================================            ] 75.78%

Writing: [=======================================           ] 76.06%

Writing: [=======================================           ] 76.34%

Writing: [=======================================           ] 76.63%

Writing: [=======================================           ] 76.91%

Writing: [=======================================           ] 77.20%

Writing: [=======================================           ] 77.48%

Writing: [=======================================           ] 77.77%

Writing: [========================================          ] 78.05%

Writing: [========================================          ] 78.33%

Writing: [========================================          ] 78.62%

Writing: [========================================          ] 78.90%

Writing: [========================================          ] 79.19%

Writing: [========================================          ] 79.49%

Writing: [========================================          ] 79.78%

Writing: [=========================================         ] 80.06%

Writing: [=========================================         ] 80.35%

Writing: [=========================================         ] 80.63%

Writing: [=========================================         ] 80.94%

Writing: [=========================================         ] 81.22%

Writing: [=========================================         ] 81.50%

Writing: [=========================================         ] 81.79%

Writing: [==========================================        ] 82.07%

Writing: [==========================================        ] 82.38%

Writing: [==========================================        ] 82.66%

Writing: [==========================================        ] 82.97%

Writing: [==========================================        ] 83.25%

Writing: [==========================================        ] 83.56%

Writing: [==========================================        ] 83.84%

Writing: [===========================================       ] 84.13%

Writing: [===========================================       ] 84.41%

Writing: [===========================================       ] 84.70%

Writing: [===========================================       ] 84.98%

Writing: [===========================================       ] 85.26%

Writing: [===========================================       ] 85.55%

Writing: [===========================================       ] 85.83%

Writing: [============================================      ] 86.12%

Writing: [============================================      ] 86.40%

Writing: [============================================      ] 86.69%

Writing: [============================================      ] 86.99%

Writing: [============================================      ] 87.28%

Writing: [============================================      ] 87.56%

Writing: [============================================      ] 87.84%

Writing: [=============================================     ] 88.13%

Writing: [=============================================     ] 88.44%

Writing: [=============================================     ] 88.72%

Writing: [=============================================     ] 89.03%

Writing: [=============================================     ] 89.31%

Writing: [=============================================     ] 89.59%

Writing: [=============================================     ] 89.88%

Writing: [==============================================    ] 90.16%

Writing: [==============================================    ] 90.45%

Writing: [==============================================    ] 90.73%

Writing: [==============================================    ] 91.01%

Writing: [==============================================    ] 91.32%

Writing: [==============================================    ] 91.61%

Writing: [==============================================    ] 91.89%

Writing: [===============================================   ] 92.17%

Writing: [===============================================   ] 92.46%

Writing: [===============================================   ] 92.74%

Writing: [===============================================   ] 93.03%

Writing: [===============================================   ] 93.31%

Writing: [===============================================   ] 93.59%

Writing: [===============================================   ] 93.88%

Writing: [================================================  ] 94.16%

Writing: [================================================  ] 94.45%

Writing: [================================================  ] 94.73%

Writing: [================================================  ] 95.02%

Writing: [================================================  ] 95.30%

Writing: [================================================  ] 95.58%

Writing: [================================================  ] 95.87%

Writing: [================================================= ] 96.17%

Writing: [================================================= ] 96.46%

Writing: [================================================= ] 96.74%

Writing: [================================================= ] 97.03%

Writing: [================================================= ] 97.31%

Writing: [================================================= ] 97.60%

Writing: [================================================= ] 97.88%

Writing: [==================================================] 98.16%

Writing: [==================================================] 98.45%

Writing: [==================================================] 98.73%

Writing: [==================================================] 99.02%

Writing: [==================================================] 99.30%

Writing: [==================================================] 99.59%

Writing: [==================================================] 99.87%

Writing: [==================================================] 100.00%

Done
Verifying first 32 words...
Verification passed for first 32 words
BPI flash programming complete
BPI flash programming complete
