empty
write to flash
Jtag frequency : requested 6.00MHz    -> real 6.00MHz   
Open file DONE
Parse file DONE
Use: /usr/local/share/openFPGALoader/bpiOverJtag_xc7k480tffg1156.bit.gz
load program

Load SRAM: [===================                               ] 37.00%

Load SRAM: [======================================            ] 76.00%

Load SRAM: [==================================================] 100.00%

Done
Shift IR 35
ir: 1 isc_done 1 isc_ena 0 init 1 done 1
Detecting BPI flash...
Intel/Micron flash detected
Manufacturer ID: 0x0089
Device ID: 0x887e
Flash capacity: 64 MB (512 Mbit)
Writing 18735004 bytes to BPI flash at 0x000000
Erasing 72 blocks...
Programming (buffered mode)...

Writing: [=                                                 ] 0.28%

Writing: [=                                                 ] 0.57%

Writing: [=                                                 ] 0.85%

Writing: [=                                                 ] 1.14%

Writing: [=                                                 ] 1.42%

Writing: [=                                                 ] 1.71%

Writing: [=                                                 ] 1.99%

Writing: [==                                                ] 2.27%

Writing: [==                                                ] 2.56%

Writing: [==                                                ] 2.84%

Writing: [==                                                ] 3.13%

Writing: [==                                                ] 3.41%

Writing: [==                                                ] 3.69%

Writing: [==                                                ] 3.98%

Writing: [===                                               ] 4.26%

Writing: [===                                               ] 4.55%

Writing: [===                                               ] 4.83%

Writing: [===                                               ] 5.12%

Writing: [===                                               ] 5.40%

Writing: [===                                               ] 5.68%

Writing: [===                                               ] 5.97%

Writing: [====                                              ] 6.25%

Writing: [====                                              ] 6.54%

Writing: [====                                              ] 6.82%

Writing: [====                                              ] 7.11%

Writing: [====                                              ] 7.37%

Writing: [====                                              ] 7.63%

Writing: [====                                              ] 7.91%

Writing: [=====                                             ] 8.20%

Writing: [=====                                             ] 8.46%

Writing: [=====                                             ] 8.75%

Writing: [=====                                             ] 9.01%

Writing: [=====                                             ] 9.29%

Writing: [=====                                             ] 9.55%

Writing: [=====                                             ] 9.84%

Writing: [======                                            ] 10.12%

Writing: [======                                            ] 10.41%

Writing: [======                                            ] 10.69%

Writing: [======                                            ] 10.98%

Writing: [======                                            ] 11.26%

Writing: [======                                            ] 11.54%

Writing: [======                                            ] 11.83%

Writing: [=======                                           ] 12.11%

Writing: [=======                                           ] 12.40%

Writing: [=======                                           ] 12.68%

Writing: [=======                                           ] 12.96%

Writing: [=======                                           ] 13.25%

Writing: [=======                                           ] 13.53%

Writing: [=======                                           ] 13.80%

Writing: [========                                          ] 14.08%

Writing: [========                                          ] 14.36%

Writing: [========                                          ] 14.65%

Writing: [========                                          ] 14.91%

Writing: [========                                          ] 15.19%

Writing: [========                                          ] 15.46%

Writing: [========                                          ] 15.74%

Writing: [=========                                         ] 16.00%

Writing: [=========                                         ] 16.29%

Writing: [=========                                         ] 16.57%

Writing: [=========                                         ] 16.86%

Writing: [=========                                         ] 17.14%

Writing: [=========                                         ] 17.42%

Writing: [=========                                         ] 17.71%

Writing: [=========                                         ] 17.99%

Writing: [==========                                        ] 18.28%

Writing: [==========                                        ] 18.56%

Writing: [==========                                        ] 18.85%

Writing: [==========                                        ] 19.11%

Writing: [==========                                        ] 19.37%

Writing: [==========                                        ] 19.65%

Writing: [==========                                        ] 19.94%

Writing: [===========                                       ] 20.22%

Writing: [===========                                       ] 20.51%

Writing: [===========                                       ] 20.79%

Writing: [===========                                       ] 21.08%

Writing: [===========                                       ] 21.36%

Writing: [===========                                       ] 21.64%

Writing: [===========                                       ] 21.93%

Writing: [============                                      ] 22.21%

Writing: [============                                      ] 22.50%

Writing: [============                                      ] 22.78%

Writing: [============                                      ] 23.07%

Writing: [============                                      ] 23.35%

Writing: [============                                      ] 23.63%

Writing: [============                                      ] 23.92%

Writing: [=============                                     ] 24.18%

Writing: [=============                                     ] 24.44%

Writing: [=============                                     ] 24.73%

Writing: [=============                                     ] 25.01%

Writing: [=============                                     ] 25.27%

Writing: [=============                                     ] 25.56%

Writing: [=============                                     ] 25.84%

Writing: [==============                                    ] 26.10%

Writing: [==============                                    ] 26.37%

Writing: [==============                                    ] 26.65%

Writing: [==============                                    ] 26.93%

Writing: [==============                                    ] 27.22%

Writing: [==============                                    ] 27.48%

Writing: [==============                                    ] 27.77%

Writing: [===============                                   ] 28.05%

Writing: [===============                                   ] 28.33%

Writing: [===============                                   ] 28.62%

Writing: [===============                                   ] 28.90%

Writing: [===============                                   ] 29.19%

Writing: [===============                                   ] 29.47%

Writing: [===============                                   ] 29.76%

Writing: [================                                  ] 30.04%

Writing: [================                                  ] 30.32%

Writing: [================                                  ] 30.61%

Writing: [================                                  ] 30.89%

Writing: [================                                  ] 31.18%

Writing: [================                                  ] 31.44%

Writing: [================                                  ] 31.72%

Writing: [=================                                 ] 32.01%

Writing: [=================                                 ] 32.29%

Writing: [=================                                 ] 32.58%

Writing: [=================                                 ] 32.86%

Writing: [=================                                 ] 33.14%

Writing: [=================                                 ] 33.41%

Writing: [=================                                 ] 33.69%

Writing: [=================                                 ] 33.95%

Writing: [==================                                ] 34.24%

Writing: [==================                                ] 34.52%

Writing: [==================                                ] 34.81%

Writing: [==================                                ] 35.09%

Writing: [==================                                ] 35.35%

Writing: [==================                                ] 35.64%

Writing: [==================                                ] 35.92%

Writing: [===================                               ] 36.20%

Writing: [===================                               ] 36.49%

Writing: [===================                               ] 36.77%

Writing: [===================                               ] 37.06%

Writing: [===================                               ] 37.34%

Writing: [===================                               ] 37.63%

Writing: [===================                               ] 37.91%

Writing: [====================                              ] 38.17%

Writing: [====================                              ] 38.46%

Writing: [====================                              ] 38.74%

Writing: [====================                              ] 39.03%

Writing: [====================                              ] 39.29%

Writing: [====================                              ] 39.57%

Writing: [====================                              ] 39.86%

Writing: [=====================                             ] 40.14%

Writing: [=====================                             ] 40.42%

Writing: [=====================                             ] 40.71%

Writing: [=====================                             ] 40.99%

Writing: [=====================                             ] 41.28%

Writing: [=====================                             ] 41.56%

Writing: [=====================                             ] 41.85%

Writing: [======================                            ] 42.13%

Writing: [======================                            ] 42.41%

Writing: [======================                            ] 42.70%

Writing: [======================                            ] 42.98%

Writing: [======================                            ] 43.27%

Writing: [======================                            ] 43.55%

Writing: [======================                            ] 43.83%

Writing: [=======================                           ] 44.12%

Writing: [=======================                           ] 44.40%

Writing: [=======================                           ] 44.69%

Writing: [=======================                           ] 44.97%

Writing: [=======================                           ] 45.26%

Writing: [=======================                           ] 45.54%

Writing: [=======================                           ] 45.82%

Writing: [========================                          ] 46.11%

Writing: [========================                          ] 46.39%

Writing: [========================                          ] 46.68%

Writing: [========================                          ] 46.96%

Writing: [========================                          ] 47.25%

Writing: [========================                          ] 47.51%

Writing: [========================                          ] 47.77%

Writing: [=========================                         ] 48.05%

Writing: [=========================                         ] 48.34%

Writing: [=========================                         ] 48.62%

Writing: [=========================                         ] 48.91%

Writing: [=========================                         ] 49.19%

Writing: [=========================                         ] 49.48%

Writing: [=========================                         ] 49.76%

Writing: [==========================                        ] 50.04%

Writing: [==========================                        ] 50.33%

Writing: [==========================                        ] 50.61%

Writing: [==========================                        ] 50.90%

Writing: [==========================                        ] 51.18%

Writing: [==========================                        ] 51.47%

Writing: [==========================                        ] 51.75%

Writing: [===========================                       ] 52.03%

Writing: [===========================                       ] 52.32%

Writing: [===========================                       ] 52.60%

Writing: [===========================                       ] 52.89%

Writing: [===========================                       ] 53.17%

Writing: [===========================                       ] 53.45%

Writing: [===========================                       ] 53.74%

Writing: [============================                      ] 54.02%

Writing: [============================                      ] 54.31%

Writing: [============================                      ] 54.59%

Writing: [============================                      ] 54.85%

Writing: [============================                      ] 55.14%

Writing: [============================                      ] 55.40%

Writing: [============================                      ] 55.68%

Writing: [============================                      ] 55.95%

Writing: [=============================                     ] 56.21%

Writing: [=============================                     ] 56.47%

Writing: [=============================                     ] 56.76%

Writing: [=============================                     ] 57.04%

Writing: [=============================                     ] 57.32%

Writing: [=============================                     ] 57.61%

Writing: [=============================                     ] 57.89%

Writing: [==============================                    ] 58.18%

Writing: [==============================                    ] 58.46%

Writing: [==============================                    ] 58.75%

Writing: [==============================                    ] 59.03%

Writing: [==============================                    ] 59.31%

Writing: [==============================                    ] 59.60%

Writing: [==============================                    ] 59.88%

Writing: [===============================                   ] 60.17%

Writing: [===============================                   ] 60.45%

Writing: [===============================                   ] 60.73%

Writing: [===============================                   ] 61.02%

Writing: [===============================                   ] 61.30%

Writing: [===============================                   ] 61.57%

Writing: [===============================                   ] 61.85%

Writing: [================================                  ] 62.13%

Writing: [================================                  ] 62.42%

Writing: [================================                  ] 62.70%

Writing: [================================                  ] 62.99%

Writing: [================================                  ] 63.27%

Writing: [================================                  ] 63.56%

Writing: [================================                  ] 63.82%

Writing: [=================================                 ] 64.08%

Writing: [=================================                 ] 64.36%

Writing: [=================================                 ] 64.63%

Writing: [=================================                 ] 64.91%

Writing: [=================================                 ] 65.19%

Writing: [=================================                 ] 65.46%

Writing: [=================================                 ] 65.74%

Writing: [==================================                ] 66.03%

Writing: [==================================                ] 66.31%

Writing: [==================================                ] 66.59%

Writing: [==================================                ] 66.88%

Writing: [==================================                ] 67.16%

Writing: [==================================                ] 67.45%

Writing: [==================================                ] 67.73%

Writing: [===================================               ] 68.02%

Writing: [===================================               ] 68.30%

Writing: [===================================               ] 68.58%

Writing: [===================================               ] 68.87%

Writing: [===================================               ] 69.15%

Writing: [===================================               ] 69.44%

Writing: [===================================               ] 69.72%

Writing: [====================================              ] 70.00%

Writing: [====================================              ] 70.29%

Writing: [====================================              ] 70.57%

Writing: [====================================              ] 70.86%

Writing: [====================================              ] 71.14%

Writing: [====================================              ] 71.43%

Writing: [====================================              ] 71.71%

Writing: [====================================              ] 71.99%

Writing: [=====================================             ] 72.28%

Writing: [=====================================             ] 72.56%

Writing: [=====================================             ] 72.85%

Writing: [=====================================             ] 73.13%

Writing: [=====================================             ] 73.42%

Writing: [=====================================             ] 73.70%

Writing: [=====================================             ] 73.98%

Writing: [======================================            ] 74.27%

Writing: [======================================            ] 74.55%

Writing: [======================================            ] 74.84%

Writing: [======================================            ] 75.12%

Writing: [======================================            ] 75.40%

Writing: [======================================            ] 75.69%

Writing: [======================================            ] 75.97%

Writing: [=======================================           ] 76.26%

Writing: [=======================================           ] 76.54%

Writing: [=======================================           ] 76.83%

Writing: [=======================================           ] 77.11%

Writing: [=======================================           ] 77.39%

Writing: [=======================================           ] 77.68%

Writing: [=======================================           ] 77.96%

Writing: [========================================          ] 78.25%

Writing: [========================================          ] 78.53%

Writing: [========================================          ] 78.82%

Writing: [========================================          ] 79.10%

Writing: [========================================          ] 79.38%

Writing: [========================================          ] 79.67%

Writing: [========================================          ] 79.95%

Writing: [=========================================         ] 80.24%

Writing: [=========================================         ] 80.52%

Writing: [=========================================         ] 80.80%

Writing: [=========================================         ] 81.09%

Writing: [=========================================         ] 81.37%

Writing: [=========================================         ] 81.66%

Writing: [=========================================         ] 81.94%

Writing: [==========================================        ] 82.23%

Writing: [==========================================        ] 82.51%

Writing: [==========================================        ] 82.79%

Writing: [==========================================        ] 83.08%

Writing: [==========================================        ] 83.36%

Writing: [==========================================        ] 83.65%

Writing: [==========================================        ] 83.93%

Writing: [===========================================       ] 84.22%

Writing: [===========================================       ] 84.50%

Writing: [===========================================       ] 84.78%

Writing: [===========================================       ] 85.07%

Writing: [===========================================       ] 85.35%

Writing: [===========================================       ] 85.64%

Writing: [===========================================       ] 85.92%

Writing: [============================================      ] 86.21%

Writing: [============================================      ] 86.49%

Writing: [============================================      ] 86.75%

Writing: [============================================      ] 87.01%

Writing: [============================================      ] 87.30%

Writing: [============================================      ] 87.56%

Writing: [============================================      ] 87.82%

Writing: [=============================================     ] 88.09%

Writing: [=============================================     ] 88.37%

Writing: [=============================================     ] 88.65%

Writing: [=============================================     ] 88.94%

Writing: [=============================================     ] 89.20%

Writing: [=============================================     ] 89.48%

Writing: [=============================================     ] 89.77%

Writing: [==============================================    ] 90.05%

Writing: [==============================================    ] 90.34%

Writing: [==============================================    ] 90.62%

Writing: [==============================================    ] 90.91%

Writing: [==============================================    ] 91.19%

Writing: [==============================================    ] 91.47%

Writing: [==============================================    ] 91.76%

Writing: [===============================================   ] 92.04%

Writing: [===============================================   ] 92.33%

Writing: [===============================================   ] 92.61%

Writing: [===============================================   ] 92.90%

Writing: [===============================================   ] 93.18%

Writing: [===============================================   ] 93.44%

Writing: [===============================================   ] 93.73%

Writing: [================================================  ] 94.01%

Writing: [================================================  ] 94.29%

Writing: [================================================  ] 94.58%

Writing: [================================================  ] 94.86%

Writing: [================================================  ] 95.15%

Writing: [================================================  ] 95.41%

Writing: [================================================  ] 95.69%

Writing: [================================================  ] 95.98%

Writing: [================================================= ] 96.26%

Writing: [================================================= ] 96.55%

Writing: [================================================= ] 96.83%

Writing: [================================================= ] 97.11%

Writing: [================================================= ] 97.40%

Writing: [================================================= ] 97.68%

Writing: [================================================= ] 97.95%

Writing: [==================================================] 98.23%

Writing: [==================================================] 98.51%

Writing: [==================================================] 98.80%

Writing: [==================================================] 99.08%

Writing: [==================================================] 99.37%

Writing: [==================================================] 99.65%

Writing: [==================================================] 99.93%

Writing: [==================================================] 100.00%

Done
Verifying first 32 words...
Verification passed for first 32 words
BPI flash programming complete
BPI flash programming complete
