empty
write to flash
Jtag frequency : requested 6.00MHz    -> real 6.00MHz   
Open file DONE
Parse file DONE
Use: /usr/local/share/openFPGALoader/bpiOverJtag_xc7k480tffg1156.bit.gz
load program

Load SRAM: [===================                               ] 37.00%

Load SRAM: [======================================            ] 76.00%

Load SRAM: [==================================================] 100.00%

Done
Shift IR 35
ir: 1 isc_done 1 isc_ena 0 init 1 done 1
Detecting BPI flash...
Intel/Micron flash detected
Manufacturer ID: 0x0089
Device ID: 0x887e
Flash capacity: 64 MB (512 Mbit)
Writing 18735004 bytes to BPI flash at 0x000000
Erasing 72 blocks...
Programming (buffered mode)...

Writing: [=                                                 ] 0.28%

Writing: [=                                                 ] 0.57%

Writing: [=                                                 ] 0.85%

Writing: [=                                                 ] 1.14%

Writing: [=                                                 ] 1.42%

Writing: [=                                                 ] 1.71%

Writing: [=                                                 ] 1.99%

Writing: [==                                                ] 2.27%

Writing: [==                                                ] 2.56%

Writing: [==                                                ] 2.84%

Writing: [==                                                ] 3.13%

Writing: [==                                                ] 3.41%

Writing: [==                                                ] 3.69%

Writing: [==                                                ] 3.98%

Writing: [===                                               ] 4.26%

Writing: [===                                               ] 4.55%

Writing: [===                                               ] 4.83%

Writing: [===                                               ] 5.12%

Writing: [===                                               ] 5.40%

Writing: [===                                               ] 5.68%

Writing: [===                                               ] 5.97%

Writing: [====                                              ] 6.25%

Writing: [====                                              ] 6.54%

Writing: [====                                              ] 6.82%

Writing: [====                                              ] 7.11%

Writing: [====                                              ] 7.39%

Writing: [====                                              ] 7.67%

Writing: [====                                              ] 7.96%

Writing: [=====                                             ] 8.24%

Writing: [=====                                             ] 8.53%

Writing: [=====                                             ] 8.81%

Writing: [=====                                             ] 9.09%

Writing: [=====                                             ] 9.38%

Writing: [=====                                             ] 9.66%

Writing: [=====                                             ] 9.95%

Writing: [======                                            ] 10.23%

Writing: [======                                            ] 10.52%

Writing: [======                                            ] 10.80%

Writing: [======                                            ] 11.08%

Writing: [======                                            ] 11.37%

Writing: [======                                            ] 11.65%

Writing: [======                                            ] 11.94%

Writing: [=======                                           ] 12.22%

Writing: [=======                                           ] 12.51%

Writing: [=======                                           ] 12.79%

Writing: [=======                                           ] 13.07%

Writing: [=======                                           ] 13.36%

Writing: [=======                                           ] 13.66%

Writing: [=======                                           ] 13.97%

Writing: [========                                          ] 14.25%

Writing: [========                                          ] 14.54%

Writing: [========                                          ] 14.82%

Writing: [========                                          ] 15.11%

Writing: [========                                          ] 15.39%

Writing: [========                                          ] 15.68%

Writing: [========                                          ] 15.96%

Writing: [=========                                         ] 16.24%

Writing: [=========                                         ] 16.53%

Writing: [=========                                         ] 16.81%

Writing: [=========                                         ] 17.10%

Writing: [=========                                         ] 17.38%

Writing: [=========                                         ] 17.67%

Writing: [=========                                         ] 17.95%

Writing: [==========                                        ] 18.23%

Writing: [==========                                        ] 18.52%

Writing: [==========                                        ] 18.80%

Writing: [==========                                        ] 19.09%

Writing: [==========                                        ] 19.37%

Writing: [==========                                        ] 19.65%

Writing: [==========                                        ] 19.94%

Writing: [===========                                       ] 20.22%

Writing: [===========                                       ] 20.51%

Writing: [===========                                       ] 20.79%

Writing: [===========                                       ] 21.08%

Writing: [===========                                       ] 21.36%

Writing: [===========                                       ] 21.64%

Writing: [===========                                       ] 21.93%

Writing: [============                                      ] 22.23%

Writing: [============                                      ] 22.52%

Writing: [============                                      ] 22.80%

Writing: [============                                      ] 23.09%

Writing: [============                                      ] 23.37%

Writing: [============                                      ] 23.66%

Writing: [============                                      ] 23.94%

Writing: [=============                                     ] 24.22%

Writing: [=============                                     ] 24.51%

Writing: [=============                                     ] 24.79%

Writing: [=============                                     ] 25.08%

Writing: [=============                                     ] 25.36%

Writing: [=============                                     ] 25.65%

Writing: [=============                                     ] 25.93%

Writing: [==============                                    ] 26.21%

Writing: [==============                                    ] 26.50%

Writing: [==============                                    ] 26.80%

Writing: [==============                                    ] 27.09%

Writing: [==============                                    ] 27.39%

Writing: [==============                                    ] 27.70%

Writing: [==============                                    ] 27.98%

Writing: [===============                                   ] 28.27%

Writing: [===============                                   ] 28.57%

Writing: [===============                                   ] 28.88%

Writing: [===============                                   ] 29.17%

Writing: [===============                                   ] 29.45%

Writing: [===============                                   ] 29.73%

Writing: [================                                  ] 30.02%

Writing: [================                                  ] 30.32%

Writing: [================                                  ] 30.61%

Writing: [================                                  ] 30.89%

Writing: [================                                  ] 31.18%

Writing: [================                                  ] 31.46%

Writing: [================                                  ] 31.74%

Writing: [=================                                 ] 32.05%

Writing: [=================                                 ] 32.34%

Writing: [=================                                 ] 32.62%

Writing: [=================                                 ] 32.90%

Writing: [=================                                 ] 33.19%

Writing: [=================                                 ] 33.47%

Writing: [=================                                 ] 33.76%

Writing: [==================                                ] 34.04%

Writing: [==================                                ] 34.35%

Writing: [==================                                ] 34.65%

Writing: [==================                                ] 34.94%

Writing: [==================                                ] 35.22%

Writing: [==================                                ] 35.51%

Writing: [==================                                ] 35.79%

Writing: [===================                               ] 36.07%

Writing: [===================                               ] 36.36%

Writing: [===================                               ] 36.64%

Writing: [===================                               ] 36.93%

Writing: [===================                               ] 37.21%

Writing: [===================                               ] 37.49%

Writing: [===================                               ] 37.78%

Writing: [====================                              ] 38.06%

Writing: [====================                              ] 38.35%

Writing: [====================                              ] 38.63%

Writing: [====================                              ] 38.92%

Writing: [====================                              ] 39.20%

Writing: [====================                              ] 39.48%

Writing: [====================                              ] 39.77%

Writing: [=====================                             ] 40.05%

Writing: [=====================                             ] 40.34%

Writing: [=====================                             ] 40.62%

Writing: [=====================                             ] 40.91%

Writing: [=====================                             ] 41.19%

Writing: [=====================                             ] 41.47%

Writing: [=====================                             ] 41.76%

Writing: [======================                            ] 42.04%

Writing: [======================                            ] 42.33%

Writing: [======================                            ] 42.61%

Writing: [======================                            ] 42.89%

Writing: [======================                            ] 43.18%

Writing: [======================                            ] 43.46%

Writing: [======================                            ] 43.75%

Writing: [=======================                           ] 44.03%

Writing: [=======================                           ] 44.32%

Writing: [=======================                           ] 44.60%

Writing: [=======================                           ] 44.88%

Writing: [=======================                           ] 45.17%

Writing: [=======================                           ] 45.45%

Writing: [=======================                           ] 45.74%

Writing: [========================                          ] 46.02%

Writing: [========================                          ] 46.31%

Writing: [========================                          ] 46.59%

Writing: [========================                          ] 46.87%

Writing: [========================                          ] 47.16%

Writing: [========================                          ] 47.44%

Writing: [========================                          ] 47.73%

Writing: [=========================                         ] 48.01%

Writing: [=========================                         ] 48.29%

Writing: [=========================                         ] 48.58%

Writing: [=========================                         ] 48.86%

Writing: [=========================                         ] 49.15%

Writing: [=========================                         ] 49.43%

Writing: [=========================                         ] 49.72%

Writing: [==========================                        ] 50.00%

Writing: [==========================                        ] 50.31%

Writing: [==========================                        ] 50.61%

Writing: [==========================                        ] 50.90%

Writing: [==========================                        ] 51.18%

Writing: [==========================                        ] 51.47%

Writing: [==========================                        ] 51.75%

Writing: [===========================                       ] 52.03%

Writing: [===========================                       ] 52.32%

Writing: [===========================                       ] 52.60%

Writing: [===========================                       ] 52.89%

Writing: [===========================                       ] 53.17%

Writing: [===========================                       ] 53.45%

Writing: [===========================                       ] 53.74%

Writing: [============================                      ] 54.02%

Writing: [============================                      ] 54.31%

Writing: [============================                      ] 54.59%

Writing: [============================                      ] 54.88%

Writing: [============================                      ] 55.16%

Writing: [============================                      ] 55.44%

Writing: [============================                      ] 55.73%

Writing: [=============================                     ] 56.01%

Writing: [=============================                     ] 56.30%

Writing: [=============================                     ] 56.58%

Writing: [=============================                     ] 56.87%

Writing: [=============================                     ] 57.15%

Writing: [=============================                     ] 57.43%

Writing: [=============================                     ] 57.72%

Writing: [==============================                    ] 58.00%

Writing: [==============================                    ] 58.29%

Writing: [==============================                    ] 58.57%

Writing: [==============================                    ] 58.85%

Writing: [==============================                    ] 59.14%

Writing: [==============================                    ] 59.42%

Writing: [==============================                    ] 59.71%

Writing: [==============================                    ] 59.99%

Writing: [===============================                   ] 60.28%

Writing: [===============================                   ] 60.56%

Writing: [===============================                   ] 60.84%

Writing: [===============================                   ] 61.13%

Writing: [===============================                   ] 61.41%

Writing: [===============================                   ] 61.70%

Writing: [===============================                   ] 61.98%

Writing: [================================                  ] 62.27%

Writing: [================================                  ] 62.55%

Writing: [================================                  ] 62.83%

Writing: [================================                  ] 63.12%

Writing: [================================                  ] 63.40%

Writing: [================================                  ] 63.69%

Writing: [================================                  ] 63.97%

Writing: [=================================                 ] 64.25%

Writing: [=================================                 ] 64.54%

Writing: [=================================                 ] 64.82%

Writing: [=================================                 ] 65.11%

Writing: [=================================                 ] 65.39%

Writing: [=================================                 ] 65.68%

Writing: [=================================                 ] 65.96%

Writing: [==================================                ] 66.24%

Writing: [==================================                ] 66.53%

Writing: [==================================                ] 66.81%

Writing: [==================================                ] 67.10%

Writing: [==================================                ] 67.38%

Writing: [==================================                ] 67.69%

Writing: [==================================                ] 67.99%

Writing: [===================================               ] 68.28%

Writing: [===================================               ] 68.56%

Writing: [===================================               ] 68.85%

Writing: [===================================               ] 69.13%

Writing: [===================================               ] 69.41%

Writing: [===================================               ] 69.70%

Writing: [===================================               ] 69.98%

Writing: [====================================              ] 70.27%

Writing: [====================================              ] 70.55%

Writing: [====================================              ] 70.86%

Writing: [====================================              ] 71.14%

Writing: [====================================              ] 71.43%

Writing: [====================================              ] 71.71%

Writing: [====================================              ] 71.99%

Writing: [=====================================             ] 72.28%

Writing: [=====================================             ] 72.56%

Writing: [=====================================             ] 72.85%

Writing: [=====================================             ] 73.13%

Writing: [=====================================             ] 73.42%

Writing: [=====================================             ] 73.70%

Writing: [=====================================             ] 73.98%

Writing: [======================================            ] 74.27%

Writing: [======================================            ] 74.55%

Writing: [======================================            ] 74.84%

Writing: [======================================            ] 75.12%

Writing: [======================================            ] 75.40%

Writing: [======================================            ] 75.69%

Writing: [======================================            ] 75.97%

Writing: [=======================================           ] 76.26%

Writing: [=======================================           ] 76.54%

Writing: [=======================================           ] 76.83%

Writing: [=======================================           ] 77.11%

Writing: [=======================================           ] 77.39%

Writing: [=======================================           ] 77.68%

Writing: [=======================================           ] 77.96%

Writing: [========================================          ] 78.25%

Writing: [========================================          ] 78.53%

Writing: [========================================          ] 78.82%

Writing: [========================================          ] 79.10%

Writing: [========================================          ] 79.38%

Writing: [========================================          ] 79.67%

Writing: [========================================          ] 79.95%

Writing: [=========================================         ] 80.24%

Writing: [=========================================         ] 80.52%

Writing: [=========================================         ] 80.80%

Writing: [=========================================         ] 81.09%

Writing: [=========================================         ] 81.37%

Writing: [=========================================         ] 81.66%

Writing: [=========================================         ] 81.94%

Writing: [==========================================        ] 82.23%

Writing: [==========================================        ] 82.51%

Writing: [==========================================        ] 82.79%

Writing: [==========================================        ] 83.08%

Writing: [==========================================        ] 83.36%

Writing: [==========================================        ] 83.65%

Writing: [==========================================        ] 83.93%

Writing: [===========================================       ] 84.22%

Writing: [===========================================       ] 84.50%

Writing: [===========================================       ] 84.81%

Writing: [===========================================       ] 85.09%

Writing: [===========================================       ] 85.37%

Writing: [===========================================       ] 85.68%

Writing: [===========================================       ] 85.96%

Writing: [============================================      ] 86.25%

Writing: [============================================      ] 86.53%

Writing: [============================================      ] 86.82%

Writing: [============================================      ] 87.10%

Writing: [============================================      ] 87.39%

Writing: [============================================      ] 87.67%

Writing: [============================================      ] 87.95%

Writing: [=============================================     ] 88.24%

Writing: [=============================================     ] 88.52%

Writing: [=============================================     ] 88.81%

Writing: [=============================================     ] 89.09%

Writing: [=============================================     ] 89.38%

Writing: [=============================================     ] 89.66%

Writing: [=============================================     ] 89.94%

Writing: [==============================================    ] 90.23%

Writing: [==============================================    ] 90.51%

Writing: [==============================================    ] 90.80%

Writing: [==============================================    ] 91.08%

Writing: [==============================================    ] 91.36%

Writing: [==============================================    ] 91.65%

Writing: [==============================================    ] 91.93%

Writing: [===============================================   ] 92.22%

Writing: [===============================================   ] 92.52%

Writing: [===============================================   ] 92.83%

Writing: [===============================================   ] 93.11%

Writing: [===============================================   ] 93.40%

Writing: [===============================================   ] 93.68%

Writing: [===============================================   ] 93.97%

Writing: [================================================  ] 94.25%

Writing: [================================================  ] 94.56%

Writing: [================================================  ] 94.86%

Writing: [================================================  ] 95.17%

Writing: [================================================  ] 95.45%

Writing: [================================================  ] 95.74%

Writing: [================================================= ] 96.02%

Writing: [================================================= ] 96.31%

Writing: [================================================= ] 96.59%

Writing: [================================================= ] 96.87%

Writing: [================================================= ] 97.16%

Writing: [================================================= ] 97.44%

Writing: [================================================= ] 97.73%

Writing: [==================================================] 98.03%

Writing: [==================================================] 98.32%

Writing: [==================================================] 98.60%

Writing: [==================================================] 98.89%

Writing: [==================================================] 99.17%

Writing: [==================================================] 99.45%

Writing: [==================================================] 99.74%

Writing: [==================================================] 100.00%

Done
Verifying first 32 words...
Verification passed for first 32 words
BPI flash programming complete
BPI flash programming complete
