empty
write to flash
Jtag frequency : requested 6.00MHz    -> real 6.00MHz   
Open file DONE
Parse file DONE
Use: /usr/local/share/openFPGALoader/bpiOverJtag_xc7k480tffg1156.bit.gz
load program

Load SRAM: [===================                               ] 37.00%

Load SRAM: [======================================            ] 76.00%

Load SRAM: [==================================================] 100.00%

Done
Shift IR 35
ir: 1 isc_done 1 isc_ena 0 init 1 done 1
Detecting BPI flash...
Intel/Micron flash detected
Manufacturer ID: 0x0089
Device ID: 0x887e
Flash capacity: 64 MB (512 Mbit)
Writing 18735004 bytes to BPI flash at 0x000000
Erasing 72 blocks...
Programming (buffered mode)...

Writing: [=                                                 ] 0.28%

Writing: [=                                                 ] 0.57%

Writing: [=                                                 ] 0.85%

Writing: [=                                                 ] 1.14%

Writing: [=                                                 ] 1.42%

Writing: [=                                                 ] 1.71%

Writing: [=                                                 ] 1.99%

Writing: [==                                                ] 2.27%

Writing: [==                                                ] 2.56%

Writing: [==                                                ] 2.84%

Writing: [==                                                ] 3.13%

Writing: [==                                                ] 3.41%

Writing: [==                                                ] 3.69%

Writing: [==                                                ] 3.98%

Writing: [===                                               ] 4.26%

Writing: [===                                               ] 4.55%

Writing: [===                                               ] 4.83%

Writing: [===                                               ] 5.12%

Writing: [===                                               ] 5.40%

Writing: [===                                               ] 5.68%

Writing: [===                                               ] 5.97%

Writing: [====                                              ] 6.25%

Writing: [====                                              ] 6.54%

Writing: [====                                              ] 6.82%

Writing: [====                                              ] 7.11%

Writing: [====                                              ] 7.39%

Writing: [====                                              ] 7.67%

Writing: [====                                              ] 7.96%

Writing: [=====                                             ] 8.24%

Writing: [=====                                             ] 8.53%

Writing: [=====                                             ] 8.81%

Writing: [=====                                             ] 9.09%

Writing: [=====                                             ] 9.38%

Writing: [=====                                             ] 9.66%

Writing: [=====                                             ] 9.95%

Writing: [======                                            ] 10.23%

Writing: [======                                            ] 10.52%

Writing: [======                                            ] 10.80%

Writing: [======                                            ] 11.08%

Writing: [======                                            ] 11.37%

Writing: [======                                            ] 11.65%

Writing: [======                                            ] 11.94%

Writing: [=======                                           ] 12.22%

Writing: [=======                                           ] 12.51%

Writing: [=======                                           ] 12.79%

Writing: [=======                                           ] 13.07%

Writing: [=======                                           ] 13.36%

Writing: [=======                                           ] 13.64%

Writing: [=======                                           ] 13.93%

Writing: [========                                          ] 14.21%

Writing: [========                                          ] 14.50%

Writing: [========                                          ] 14.78%

Writing: [========                                          ] 15.06%

Writing: [========                                          ] 15.35%

Writing: [========                                          ] 15.63%

Writing: [========                                          ] 15.92%

Writing: [=========                                         ] 16.20%

Writing: [=========                                         ] 16.48%

Writing: [=========                                         ] 16.77%

Writing: [=========                                         ] 17.05%

Writing: [=========                                         ] 17.34%

Writing: [=========                                         ] 17.62%

Writing: [=========                                         ] 17.91%

Writing: [==========                                        ] 18.19%

Writing: [==========                                        ] 18.47%

Writing: [==========                                        ] 18.76%

Writing: [==========                                        ] 19.04%

Writing: [==========                                        ] 19.33%

Writing: [==========                                        ] 19.61%

Writing: [==========                                        ] 19.90%

Writing: [===========                                       ] 20.18%

Writing: [===========                                       ] 20.46%

Writing: [===========                                       ] 20.75%

Writing: [===========                                       ] 21.03%

Writing: [===========                                       ] 21.32%

Writing: [===========                                       ] 21.60%

Writing: [===========                                       ] 21.88%

Writing: [============                                      ] 22.17%

Writing: [============                                      ] 22.45%

Writing: [============                                      ] 22.74%

Writing: [============                                      ] 23.02%

Writing: [============                                      ] 23.31%

Writing: [============                                      ] 23.59%

Writing: [============                                      ] 23.87%

Writing: [=============                                     ] 24.16%

Writing: [=============                                     ] 24.44%

Writing: [=============                                     ] 24.73%

Writing: [=============                                     ] 25.01%

Writing: [=============                                     ] 25.30%

Writing: [=============                                     ] 25.58%

Writing: [=============                                     ] 25.86%

Writing: [==============                                    ] 26.15%

Writing: [==============                                    ] 26.43%

Writing: [==============                                    ] 26.72%

Writing: [==============                                    ] 27.00%

Writing: [==============                                    ] 27.28%

Writing: [==============                                    ] 27.57%

Writing: [==============                                    ] 27.85%

Writing: [===============                                   ] 28.14%

Writing: [===============                                   ] 28.42%

Writing: [===============                                   ] 28.71%

Writing: [===============                                   ] 28.99%

Writing: [===============                                   ] 29.27%

Writing: [===============                                   ] 29.56%

Writing: [===============                                   ] 29.84%

Writing: [================                                  ] 30.13%

Writing: [================                                  ] 30.41%

Writing: [================                                  ] 30.70%

Writing: [================                                  ] 30.98%

Writing: [================                                  ] 31.26%

Writing: [================                                  ] 31.55%

Writing: [================                                  ] 31.83%

Writing: [=================                                 ] 32.12%

Writing: [=================                                 ] 32.40%

Writing: [=================                                 ] 32.68%

Writing: [=================                                 ] 32.97%

Writing: [=================                                 ] 33.25%

Writing: [=================                                 ] 33.54%

Writing: [=================                                 ] 33.82%

Writing: [==================                                ] 34.11%

Writing: [==================                                ] 34.39%

Writing: [==================                                ] 34.67%

Writing: [==================                                ] 34.96%

Writing: [==================                                ] 35.24%

Writing: [==================                                ] 35.53%

Writing: [==================                                ] 35.81%

Writing: [===================                               ] 36.10%

Writing: [===================                               ] 36.38%

Writing: [===================                               ] 36.66%

Writing: [===================                               ] 36.95%

Writing: [===================                               ] 37.23%

Writing: [===================                               ] 37.52%

Writing: [===================                               ] 37.80%

Writing: [====================                              ] 38.09%

Writing: [====================                              ] 38.37%

Writing: [====================                              ] 38.65%

Writing: [====================                              ] 38.94%

Writing: [====================                              ] 39.22%

Writing: [====================                              ] 39.51%

Writing: [====================                              ] 39.79%

Writing: [=====================                             ] 40.07%

Writing: [=====================                             ] 40.36%

Writing: [=====================                             ] 40.64%

Writing: [=====================                             ] 40.93%

Writing: [=====================                             ] 41.21%

Writing: [=====================                             ] 41.50%

Writing: [=====================                             ] 41.78%

Writing: [======================                            ] 42.06%

Writing: [======================                            ] 42.35%

Writing: [======================                            ] 42.63%

Writing: [======================                            ] 42.94%

Writing: [======================                            ] 43.24%

Writing: [======================                            ] 43.55%

Writing: [======================                            ] 43.83%

Writing: [=======================                           ] 44.12%

Writing: [=======================                           ] 44.40%

Writing: [=======================                           ] 44.69%

Writing: [=======================                           ] 44.97%

Writing: [=======================                           ] 45.26%

Writing: [=======================                           ] 45.54%

Writing: [=======================                           ] 45.82%

Writing: [========================                          ] 46.11%

Writing: [========================                          ] 46.39%

Writing: [========================                          ] 46.68%

Writing: [========================                          ] 46.96%

Writing: [========================                          ] 47.25%

Writing: [========================                          ] 47.53%

Writing: [========================                          ] 47.84%

Writing: [=========================                         ] 48.12%

Writing: [=========================                         ] 48.40%

Writing: [=========================                         ] 48.69%

Writing: [=========================                         ] 48.97%

Writing: [=========================                         ] 49.26%

Writing: [=========================                         ] 49.54%

Writing: [=========================                         ] 49.83%

Writing: [==========================                        ] 50.11%

Writing: [==========================                        ] 50.39%

Writing: [==========================                        ] 50.68%

Writing: [==========================                        ] 50.96%

Writing: [==========================                        ] 51.25%

Writing: [==========================                        ] 51.53%

Writing: [==========================                        ] 51.81%

Writing: [===========================                       ] 52.10%

Writing: [===========================                       ] 52.38%

Writing: [===========================                       ] 52.67%

Writing: [===========================                       ] 52.95%

Writing: [===========================                       ] 53.24%

Writing: [===========================                       ] 53.52%

Writing: [===========================                       ] 53.80%

Writing: [============================                      ] 54.09%

Writing: [============================                      ] 54.37%

Writing: [============================                      ] 54.66%

Writing: [============================                      ] 54.94%

Writing: [============================                      ] 55.23%

Writing: [============================                      ] 55.51%

Writing: [============================                      ] 55.79%

Writing: [=============================                     ] 56.08%

Writing: [=============================                     ] 56.36%

Writing: [=============================                     ] 56.65%

Writing: [=============================                     ] 56.93%

Writing: [=============================                     ] 57.21%

Writing: [=============================                     ] 57.50%

Writing: [=============================                     ] 57.78%

Writing: [==============================                    ] 58.07%

Writing: [==============================                    ] 58.35%

Writing: [==============================                    ] 58.64%

Writing: [==============================                    ] 58.92%

Writing: [==============================                    ] 59.20%

Writing: [==============================                    ] 59.49%

Writing: [==============================                    ] 59.77%

Writing: [===============================                   ] 60.06%

Writing: [===============================                   ] 60.34%

Writing: [===============================                   ] 60.63%

Writing: [===============================                   ] 60.91%

Writing: [===============================                   ] 61.19%

Writing: [===============================                   ] 61.48%

Writing: [===============================                   ] 61.76%

Writing: [================================                  ] 62.05%

Writing: [================================                  ] 62.33%

Writing: [================================                  ] 62.62%

Writing: [================================                  ] 62.90%

Writing: [================================                  ] 63.18%

Writing: [================================                  ] 63.47%

Writing: [================================                  ] 63.75%

Writing: [=================================                 ] 64.04%

Writing: [=================================                 ] 64.32%

Writing: [=================================                 ] 64.60%

Writing: [=================================                 ] 64.89%

Writing: [=================================                 ] 65.17%

Writing: [=================================                 ] 65.46%

Writing: [=================================                 ] 65.74%

Writing: [==================================                ] 66.03%

Writing: [==================================                ] 66.31%

Writing: [==================================                ] 66.59%

Writing: [==================================                ] 66.88%

Writing: [==================================                ] 67.18%

Writing: [==================================                ] 67.47%

Writing: [==================================                ] 67.75%

Writing: [===================================               ] 68.04%

Writing: [===================================               ] 68.32%

Writing: [===================================               ] 68.63%

Writing: [===================================               ] 68.91%

Writing: [===================================               ] 69.20%

Writing: [===================================               ] 69.48%

Writing: [===================================               ] 69.76%

Writing: [====================================              ] 70.05%

Writing: [====================================              ] 70.33%

Writing: [====================================              ] 70.62%

Writing: [====================================              ] 70.90%

Writing: [====================================              ] 71.19%

Writing: [====================================              ] 71.47%

Writing: [====================================              ] 71.75%

Writing: [=====================================             ] 72.04%

Writing: [=====================================             ] 72.32%

Writing: [=====================================             ] 72.61%

Writing: [=====================================             ] 72.89%

Writing: [=====================================             ] 73.17%

Writing: [=====================================             ] 73.46%

Writing: [=====================================             ] 73.74%

Writing: [======================================            ] 74.03%

Writing: [======================================            ] 74.31%

Writing: [======================================            ] 74.60%

Writing: [======================================            ] 74.88%

Writing: [======================================            ] 75.16%

Writing: [======================================            ] 75.45%

Writing: [======================================            ] 75.73%

Writing: [=======================================           ] 76.02%

Writing: [=======================================           ] 76.30%

Writing: [=======================================           ] 76.59%

Writing: [=======================================           ] 76.87%

Writing: [=======================================           ] 77.15%

Writing: [=======================================           ] 77.44%

Writing: [=======================================           ] 77.72%

Writing: [========================================          ] 78.01%

Writing: [========================================          ] 78.29%

Writing: [========================================          ] 78.57%

Writing: [========================================          ] 78.86%

Writing: [========================================          ] 79.14%

Writing: [========================================          ] 79.43%

Writing: [========================================          ] 79.71%

Writing: [========================================          ] 80.00%

Writing: [=========================================         ] 80.28%

Writing: [=========================================         ] 80.56%

Writing: [=========================================         ] 80.85%

Writing: [=========================================         ] 81.13%

Writing: [=========================================         ] 81.42%

Writing: [=========================================         ] 81.70%

Writing: [=========================================         ] 81.99%

Writing: [==========================================        ] 82.27%

Writing: [==========================================        ] 82.55%

Writing: [==========================================        ] 82.86%

Writing: [==========================================        ] 83.17%

Writing: [==========================================        ] 83.45%

Writing: [==========================================        ] 83.73%

Writing: [===========================================       ] 84.02%

Writing: [===========================================       ] 84.30%

Writing: [===========================================       ] 84.59%

Writing: [===========================================       ] 84.87%

Writing: [===========================================       ] 85.16%

Writing: [===========================================       ] 85.44%

Writing: [===========================================       ] 85.72%

Writing: [============================================      ] 86.01%

Writing: [============================================      ] 86.29%

Writing: [============================================      ] 86.58%

Writing: [============================================      ] 86.86%

Writing: [============================================      ] 87.15%

Writing: [============================================      ] 87.43%

Writing: [============================================      ] 87.71%

Writing: [============================================      ] 88.00%

Writing: [=============================================     ] 88.28%

Writing: [=============================================     ] 88.57%

Writing: [=============================================     ] 88.85%

Writing: [=============================================     ] 89.13%

Writing: [=============================================     ] 89.42%

Writing: [=============================================     ] 89.70%

Writing: [=============================================     ] 89.99%

Writing: [==============================================    ] 90.27%

Writing: [==============================================    ] 90.56%

Writing: [==============================================    ] 90.86%

Writing: [==============================================    ] 91.17%

Writing: [==============================================    ] 91.47%

Writing: [==============================================    ] 91.76%

Writing: [===============================================   ] 92.04%

Writing: [===============================================   ] 92.33%

Writing: [===============================================   ] 92.61%

Writing: [===============================================   ] 92.90%

Writing: [===============================================   ] 93.18%

Writing: [===============================================   ] 93.46%

Writing: [===============================================   ] 93.75%

Writing: [================================================  ] 94.03%

Writing: [================================================  ] 94.32%

Writing: [================================================  ] 94.60%

Writing: [================================================  ] 94.88%

Writing: [================================================  ] 95.17%

Writing: [================================================  ] 95.45%

Writing: [================================================  ] 95.74%

Writing: [================================================= ] 96.02%

Writing: [================================================= ] 96.31%

Writing: [================================================= ] 96.59%

Writing: [================================================= ] 96.87%

Writing: [================================================= ] 97.16%

Writing: [================================================= ] 97.44%

Writing: [================================================= ] 97.73%

Writing: [==================================================] 98.01%

Writing: [==================================================] 98.30%

Writing: [==================================================] 98.58%

Writing: [==================================================] 98.86%

Writing: [==================================================] 99.15%

Writing: [==================================================] 99.43%

Writing: [==================================================] 99.72%

Writing: [==================================================] 100.00%

Writing: [==================================================] 100.00%

Done
Verifying first 32 words...
Verification passed for first 32 words
BPI flash programming complete
BPI flash programming complete
