empty
write to flash
Jtag frequency : requested 6.00MHz    -> real 6.00MHz   
Open file DONE
Parse file DONE
Use: /usr/local/share/openFPGALoader/bpiOverJtag_xc7k480tffg1156.bit.gz
load program

Load SRAM: [===================                               ] 37.00%

Load SRAM: [======================================            ] 76.00%

Load SRAM: [==================================================] 100.00%

Done
Shift IR 35
ir: 1 isc_done 1 isc_ena 0 init 1 done 1
Detecting BPI flash...
Intel/Micron flash detected
Manufacturer ID: 0x0089
Device ID: 0x887e
Flash capacity: 64 MB (512 Mbit)
Writing 18735004 bytes to BPI flash at 0x000000
Erasing 72 blocks...
Programming (buffered mode)...

Writing: [=                                                 ] 0.28%

Writing: [=                                                 ] 0.57%

Writing: [=                                                 ] 0.85%

Writing: [=                                                 ] 1.14%

Writing: [=                                                 ] 1.42%

Writing: [=                                                 ] 1.71%

Writing: [=                                                 ] 1.99%

Writing: [==                                                ] 2.27%

Writing: [==                                                ] 2.56%

Writing: [==                                                ] 2.84%

Writing: [==                                                ] 3.13%

Writing: [==                                                ] 3.41%

Writing: [==                                                ] 3.67%

Writing: [==                                                ] 3.96%

Writing: [===                                               ] 4.22%

Writing: [===                                               ] 4.48%

Writing: [===                                               ] 4.74%

Writing: [===                                               ] 5.03%

Writing: [===                                               ] 5.31%

Writing: [===                                               ] 5.58%

Writing: [===                                               ] 5.84%

Writing: [====                                              ] 6.10%

Writing: [====                                              ] 6.38%

Writing: [====                                              ] 6.65%

Writing: [====                                              ] 6.91%

Writing: [====                                              ] 7.17%

Writing: [====                                              ] 7.43%

Writing: [====                                              ] 7.70%

Writing: [====                                              ] 7.96%

Writing: [=====                                             ] 8.22%

Writing: [=====                                             ] 8.50%

Writing: [=====                                             ] 8.79%

Writing: [=====                                             ] 9.07%

Writing: [=====                                             ] 9.36%

Writing: [=====                                             ] 9.64%

Writing: [=====                                             ] 9.93%

Writing: [======                                            ] 10.21%

Writing: [======                                            ] 10.49%

Writing: [======                                            ] 10.76%

Writing: [======                                            ] 11.04%

Writing: [======                                            ] 11.32%

Writing: [======                                            ] 11.59%

Writing: [======                                            ] 11.85%

Writing: [=======                                           ] 12.11%

Writing: [=======                                           ] 12.40%

Writing: [=======                                           ] 12.66%

Writing: [=======                                           ] 12.92%

Writing: [=======                                           ] 13.21%

Writing: [=======                                           ] 13.49%

Writing: [=======                                           ] 13.77%

Writing: [========                                          ] 14.06%

Writing: [========                                          ] 14.34%

Writing: [========                                          ] 14.63%

Writing: [========                                          ] 14.89%

Writing: [========                                          ] 15.15%

Writing: [========                                          ] 15.44%

Writing: [========                                          ] 15.72%

Writing: [========                                          ] 15.98%

Writing: [=========                                         ] 16.24%

Writing: [=========                                         ] 16.53%

Writing: [=========                                         ] 16.79%

Writing: [=========                                         ] 17.05%

Writing: [=========                                         ] 17.34%

Writing: [=========                                         ] 17.60%

Writing: [=========                                         ] 17.88%

Writing: [==========                                        ] 18.17%

Writing: [==========                                        ] 18.45%

Writing: [==========                                        ] 18.74%

Writing: [==========                                        ] 19.02%

Writing: [==========                                        ] 19.30%

Writing: [==========                                        ] 19.59%

Writing: [==========                                        ] 19.87%

Writing: [===========                                       ] 20.16%

Writing: [===========                                       ] 20.44%

Writing: [===========                                       ] 20.73%

Writing: [===========                                       ] 21.01%

Writing: [===========                                       ] 21.29%

Writing: [===========                                       ] 21.56%

Writing: [===========                                       ] 21.84%

Writing: [============                                      ] 22.13%

Writing: [============                                      ] 22.41%

Writing: [============                                      ] 22.69%

Writing: [============                                      ] 22.98%

Writing: [============                                      ] 23.26%

Writing: [============                                      ] 23.55%

Writing: [============                                      ] 23.83%

Writing: [=============                                     ] 24.11%

Writing: [=============                                     ] 24.40%

Writing: [=============                                     ] 24.68%

Writing: [=============                                     ] 24.97%

Writing: [=============                                     ] 25.25%

Writing: [=============                                     ] 25.54%

Writing: [=============                                     ] 25.82%

Writing: [==============                                    ] 26.13%

Writing: [==============                                    ] 26.43%

Writing: [==============                                    ] 26.72%

Writing: [==============                                    ] 27.00%

Writing: [==============                                    ] 27.28%

Writing: [==============                                    ] 27.57%

Writing: [==============                                    ] 27.88%

Writing: [===============                                   ] 28.16%

Writing: [===============                                   ] 28.44%

Writing: [===============                                   ] 28.73%

Writing: [===============                                   ] 29.01%

Writing: [===============                                   ] 29.30%

Writing: [===============                                   ] 29.58%

Writing: [===============                                   ] 29.86%

Writing: [================                                  ] 30.15%

Writing: [================                                  ] 30.43%

Writing: [================                                  ] 30.72%

Writing: [================                                  ] 31.00%

Writing: [================                                  ] 31.31%

Writing: [================                                  ] 31.59%

Writing: [================                                  ] 31.88%

Writing: [=================                                 ] 32.16%

Writing: [=================                                 ] 32.44%

Writing: [=================                                 ] 32.73%

Writing: [=================                                 ] 33.03%

Writing: [=================                                 ] 33.32%

Writing: [=================                                 ] 33.60%

Writing: [=================                                 ] 33.91%

Writing: [==================                                ] 34.19%

Writing: [==================                                ] 34.48%

Writing: [==================                                ] 34.78%

Writing: [==================                                ] 35.07%

Writing: [==================                                ] 35.35%

Writing: [==================                                ] 35.64%

Writing: [==================                                ] 35.92%

Writing: [===================                               ] 36.20%

Writing: [===================                               ] 36.49%

Writing: [===================                               ] 36.77%

Writing: [===================                               ] 37.06%

Writing: [===================                               ] 37.34%

Writing: [===================                               ] 37.60%

Writing: [===================                               ] 37.89%

Writing: [====================                              ] 38.17%

Writing: [====================                              ] 38.46%

Writing: [====================                              ] 38.74%

Writing: [====================                              ] 39.03%

Writing: [====================                              ] 39.31%

Writing: [====================                              ] 39.59%

Writing: [====================                              ] 39.88%

Writing: [=====================                             ] 40.16%

Writing: [=====================                             ] 40.45%

Writing: [=====================                             ] 40.73%

Writing: [=====================                             ] 41.01%

Writing: [=====================                             ] 41.30%

Writing: [=====================                             ] 41.58%

Writing: [=====================                             ] 41.87%

Writing: [======================                            ] 42.15%

Writing: [======================                            ] 42.41%

Writing: [======================                            ] 42.68%

Writing: [======================                            ] 42.96%

Writing: [======================                            ] 43.22%

Writing: [======================                            ] 43.51%

Writing: [======================                            ] 43.79%

Writing: [=======================                           ] 44.05%

Writing: [=======================                           ] 44.34%

Writing: [=======================                           ] 44.62%

Writing: [=======================                           ] 44.91%

Writing: [=======================                           ] 45.19%

Writing: [=======================                           ] 45.47%

Writing: [=======================                           ] 45.76%

Writing: [========================                          ] 46.04%

Writing: [========================                          ] 46.31%

Writing: [========================                          ] 46.59%

Writing: [========================                          ] 46.85%

Writing: [========================                          ] 47.11%

Writing: [========================                          ] 47.40%

Writing: [========================                          ] 47.66%

Writing: [========================                          ] 47.95%

Writing: [=========================                         ] 48.23%

Writing: [=========================                         ] 48.51%

Writing: [=========================                         ] 48.78%

Writing: [=========================                         ] 49.06%

Writing: [=========================                         ] 49.34%

Writing: [=========================                         ] 49.63%

Writing: [=========================                         ] 49.91%

Writing: [==========================                        ] 50.18%

Writing: [==========================                        ] 50.44%

Writing: [==========================                        ] 50.72%

Writing: [==========================                        ] 51.01%

Writing: [==========================                        ] 51.29%

Writing: [==========================                        ] 51.55%

Writing: [==========================                        ] 51.84%

Writing: [===========================                       ] 52.10%

Writing: [===========================                       ] 52.38%

Writing: [===========================                       ] 52.65%

Writing: [===========================                       ] 52.91%

Writing: [===========================                       ] 53.19%

Writing: [===========================                       ] 53.48%

Writing: [===========================                       ] 53.76%

Writing: [============================                      ] 54.04%

Writing: [============================                      ] 54.31%

Writing: [============================                      ] 54.59%

Writing: [============================                      ] 54.88%

Writing: [============================                      ] 55.16%

Writing: [============================                      ] 55.44%

Writing: [============================                      ] 55.73%

Writing: [============================                      ] 55.99%

Writing: [=============================                     ] 56.27%

Writing: [=============================                     ] 56.56%

Writing: [=============================                     ] 56.84%

Writing: [=============================                     ] 57.11%

Writing: [=============================                     ] 57.37%

Writing: [=============================                     ] 57.63%

Writing: [=============================                     ] 57.91%

Writing: [==============================                    ] 58.18%

Writing: [==============================                    ] 58.44%

Writing: [==============================                    ] 58.70%

Writing: [==============================                    ] 58.96%

Writing: [==============================                    ] 59.25%

Writing: [==============================                    ] 59.53%

Writing: [==============================                    ] 59.82%

Writing: [===============================                   ] 60.10%

Writing: [===============================                   ] 60.39%

Writing: [===============================                   ] 60.65%

Writing: [===============================                   ] 60.93%

Writing: [===============================                   ] 61.22%

Writing: [===============================                   ] 61.50%

Writing: [===============================                   ] 61.78%

Writing: [================================                  ] 62.07%

Writing: [================================                  ] 62.35%

Writing: [================================                  ] 62.62%

Writing: [================================                  ] 62.90%

Writing: [================================                  ] 63.18%

Writing: [================================                  ] 63.47%

Writing: [================================                  ] 63.73%

Writing: [=================================                 ] 64.01%

Writing: [=================================                 ] 64.30%

Writing: [=================================                 ] 64.56%

Writing: [=================================                 ] 64.85%

Writing: [=================================                 ] 65.13%

Writing: [=================================                 ] 65.41%

Writing: [=================================                 ] 65.68%

Writing: [=================================                 ] 65.96%

Writing: [==================================                ] 66.22%

Writing: [==================================                ] 66.51%

Writing: [==================================                ] 66.77%

Writing: [==================================                ] 67.05%

Writing: [==================================                ] 67.32%

Writing: [==================================                ] 67.60%

Writing: [==================================                ] 67.86%

Writing: [===================================               ] 68.12%

Writing: [===================================               ] 68.41%

Writing: [===================================               ] 68.69%

Writing: [===================================               ] 68.96%

Writing: [===================================               ] 69.22%

Writing: [===================================               ] 69.50%

Writing: [===================================               ] 69.79%

Writing: [====================================              ] 70.05%

Writing: [====================================              ] 70.33%

Writing: [====================================              ] 70.60%

Writing: [====================================              ] 70.86%

Writing: [====================================              ] 71.14%

Writing: [====================================              ] 71.43%

Writing: [====================================              ] 71.69%

Writing: [====================================              ] 71.97%

Writing: [=====================================             ] 72.26%

Writing: [=====================================             ] 72.54%

Writing: [=====================================             ] 72.83%

Writing: [=====================================             ] 73.11%

Writing: [=====================================             ] 73.39%

Writing: [=====================================             ] 73.68%

Writing: [=====================================             ] 73.96%

Writing: [======================================            ] 74.27%

Writing: [======================================            ] 74.55%

Writing: [======================================            ] 74.84%

Writing: [======================================            ] 75.12%

Writing: [======================================            ] 75.40%

Writing: [======================================            ] 75.69%

Writing: [======================================            ] 75.97%

Writing: [=======================================           ] 76.26%

Writing: [=======================================           ] 76.54%

Writing: [=======================================           ] 76.83%

Writing: [=======================================           ] 77.11%

Writing: [=======================================           ] 77.39%

Writing: [=======================================           ] 77.68%

Writing: [=======================================           ] 77.96%

Writing: [========================================          ] 78.23%

Writing: [========================================          ] 78.49%

Writing: [========================================          ] 78.75%

Writing: [========================================          ] 79.03%

Writing: [========================================          ] 79.32%

Writing: [========================================          ] 79.60%

Writing: [========================================          ] 79.89%

Writing: [=========================================         ] 80.15%

Writing: [=========================================         ] 80.43%

Writing: [=========================================         ] 80.72%

Writing: [=========================================         ] 81.00%

Writing: [=========================================         ] 81.29%

Writing: [=========================================         ] 81.57%

Writing: [=========================================         ] 81.85%

Writing: [==========================================        ] 82.16%

Writing: [==========================================        ] 82.42%

Writing: [==========================================        ] 82.71%

Writing: [==========================================        ] 82.99%

Writing: [==========================================        ] 83.28%

Writing: [==========================================        ] 83.54%

Writing: [==========================================        ] 83.82%

Writing: [===========================================       ] 84.11%

Writing: [===========================================       ] 84.39%

Writing: [===========================================       ] 84.65%

Writing: [===========================================       ] 84.94%

Writing: [===========================================       ] 85.20%

Writing: [===========================================       ] 85.46%

Writing: [===========================================       ] 85.72%

Writing: [===========================================       ] 85.99%

Writing: [============================================      ] 86.27%

Writing: [============================================      ] 86.53%

Writing: [============================================      ] 86.82%

Writing: [============================================      ] 87.10%

Writing: [============================================      ] 87.36%

Writing: [============================================      ] 87.63%

Writing: [============================================      ] 87.91%

Writing: [=============================================     ] 88.19%

Writing: [=============================================     ] 88.46%

Writing: [=============================================     ] 88.74%

Writing: [=============================================     ] 89.03%

Writing: [=============================================     ] 89.29%

Writing: [=============================================     ] 89.57%

Writing: [=============================================     ] 89.86%

Writing: [==============================================    ] 90.14%

Writing: [==============================================    ] 90.42%

Writing: [==============================================    ] 90.69%

Writing: [==============================================    ] 90.97%

Writing: [==============================================    ] 91.26%

Writing: [==============================================    ] 91.54%

Writing: [==============================================    ] 91.82%

Writing: [===============================================   ] 92.11%

Writing: [===============================================   ] 92.37%

Writing: [===============================================   ] 92.65%

Writing: [===============================================   ] 92.94%

Writing: [===============================================   ] 93.22%

Writing: [===============================================   ] 93.49%

Writing: [===============================================   ] 93.77%

Writing: [================================================  ] 94.05%

Writing: [================================================  ] 94.34%

Writing: [================================================  ] 94.62%

Writing: [================================================  ] 94.91%

Writing: [================================================  ] 95.17%

Writing: [================================================  ] 95.43%

Writing: [================================================  ] 95.72%

Writing: [================================================  ] 96.00%

Writing: [================================================= ] 96.28%

Writing: [================================================= ] 96.55%

Writing: [================================================= ] 96.83%

Writing: [================================================= ] 97.11%

Writing: [================================================= ] 97.40%

Writing: [================================================= ] 97.68%

Writing: [================================================= ] 97.97%

Writing: [==================================================] 98.25%

Writing: [==================================================] 98.54%

Writing: [==================================================] 98.82%

Writing: [==================================================] 99.10%

Writing: [==================================================] 99.39%

Writing: [==================================================] 99.67%

Writing: [==================================================] 99.96%

Writing: [==================================================] 100.00%

Done
Verifying first 32 words...
Verification passed for first 32 words
BPI flash programming complete
BPI flash programming complete
