empty
write to flash
Jtag frequency : requested 6.00MHz    -> real 6.00MHz   
Open file DONE
Parse file DONE
Use: /usr/local/share/openFPGALoader/bpiOverJtag_xc7k480tffg1156.bit.gz
load program

Load SRAM: [===================                               ] 37.00%

Load SRAM: [======================================            ] 76.00%

Load SRAM: [==================================================] 100.00%

Done
Shift IR 35
ir: 1 isc_done 1 isc_ena 0 init 1 done 1
Detecting BPI flash...
Intel/Micron flash detected
Manufacturer ID: 0x0089
Device ID: 0x887e
Flash capacity: 64 MB (512 Mbit)
Writing 18735004 bytes to BPI flash at 0x000000
Erasing 72 blocks...
Programming (buffered mode)...

Writing: [=                                                 ] 0.28%

Writing: [=                                                 ] 0.57%

Writing: [=                                                 ] 0.85%

Writing: [=                                                 ] 1.14%

Writing: [=                                                 ] 1.44%

Writing: [=                                                 ] 1.73%

Writing: [==                                                ] 2.01%

Writing: [==                                                ] 2.30%

Writing: [==                                                ] 2.58%

Writing: [==                                                ] 2.86%

Writing: [==                                                ] 3.15%

Writing: [==                                                ] 3.43%

Writing: [==                                                ] 3.72%

Writing: [===                                               ] 4.00%

Writing: [===                                               ] 4.29%

Writing: [===                                               ] 4.57%

Writing: [===                                               ] 4.85%

Writing: [===                                               ] 5.14%

Writing: [===                                               ] 5.42%

Writing: [===                                               ] 5.71%

Writing: [===                                               ] 5.99%

Writing: [====                                              ] 6.27%

Writing: [====                                              ] 6.56%

Writing: [====                                              ] 6.84%

Writing: [====                                              ] 7.13%

Writing: [====                                              ] 7.41%

Writing: [====                                              ] 7.70%

Writing: [====                                              ] 7.98%

Writing: [=====                                             ] 8.26%

Writing: [=====                                             ] 8.55%

Writing: [=====                                             ] 8.83%

Writing: [=====                                             ] 9.12%

Writing: [=====                                             ] 9.40%

Writing: [=====                                             ] 9.69%

Writing: [=====                                             ] 9.97%

Writing: [======                                            ] 10.25%

Writing: [======                                            ] 10.54%

Writing: [======                                            ] 10.82%

Writing: [======                                            ] 11.11%

Writing: [======                                            ] 11.39%

Writing: [======                                            ] 11.67%

Writing: [======                                            ] 11.96%

Writing: [=======                                           ] 12.24%

Writing: [=======                                           ] 12.53%

Writing: [=======                                           ] 12.81%

Writing: [=======                                           ] 13.10%

Writing: [=======                                           ] 13.38%

Writing: [=======                                           ] 13.66%

Writing: [=======                                           ] 13.95%

Writing: [========                                          ] 14.23%

Writing: [========                                          ] 14.52%

Writing: [========                                          ] 14.80%

Writing: [========                                          ] 15.09%

Writing: [========                                          ] 15.37%

Writing: [========                                          ] 15.65%

Writing: [========                                          ] 15.94%

Writing: [=========                                         ] 16.22%

Writing: [=========                                         ] 16.51%

Writing: [=========                                         ] 16.79%

Writing: [=========                                         ] 17.07%

Writing: [=========                                         ] 17.36%

Writing: [=========                                         ] 17.64%

Writing: [=========                                         ] 17.93%

Writing: [==========                                        ] 18.21%

Writing: [==========                                        ] 18.50%

Writing: [==========                                        ] 18.78%

Writing: [==========                                        ] 19.06%

Writing: [==========                                        ] 19.35%

Writing: [==========                                        ] 19.63%

Writing: [==========                                        ] 19.92%

Writing: [===========                                       ] 20.20%

Writing: [===========                                       ] 20.49%

Writing: [===========                                       ] 20.77%

Writing: [===========                                       ] 21.05%

Writing: [===========                                       ] 21.34%

Writing: [===========                                       ] 21.62%

Writing: [===========                                       ] 21.91%

Writing: [============                                      ] 22.19%

Writing: [============                                      ] 22.47%

Writing: [============                                      ] 22.78%

Writing: [============                                      ] 23.07%

Writing: [============                                      ] 23.35%

Writing: [============                                      ] 23.63%

Writing: [============                                      ] 23.92%

Writing: [=============                                     ] 24.22%

Writing: [=============                                     ] 24.51%

Writing: [=============                                     ] 24.79%

Writing: [=============                                     ] 25.08%

Writing: [=============                                     ] 25.36%

Writing: [=============                                     ] 25.65%

Writing: [=============                                     ] 25.93%

Writing: [==============                                    ] 26.21%

Writing: [==============                                    ] 26.50%

Writing: [==============                                    ] 26.78%

Writing: [==============                                    ] 27.07%

Writing: [==============                                    ] 27.35%

Writing: [==============                                    ] 27.66%

Writing: [==============                                    ] 27.94%

Writing: [===============                                   ] 28.22%

Writing: [===============                                   ] 28.51%

Writing: [===============                                   ] 28.82%

Writing: [===============                                   ] 29.10%

Writing: [===============                                   ] 29.38%

Writing: [===============                                   ] 29.67%

Writing: [===============                                   ] 29.95%

Writing: [================                                  ] 30.26%

Writing: [================                                  ] 30.54%

Writing: [================                                  ] 30.83%

Writing: [================                                  ] 31.11%

Writing: [================                                  ] 31.40%

Writing: [================                                  ] 31.68%

Writing: [================                                  ] 31.96%

Writing: [=================                                 ] 32.25%

Writing: [=================                                 ] 32.53%

Writing: [=================                                 ] 32.82%

Writing: [=================                                 ] 33.10%

Writing: [=================                                 ] 33.38%

Writing: [=================                                 ] 33.67%

Writing: [=================                                 ] 33.95%

Writing: [==================                                ] 34.24%

Writing: [==================                                ] 34.52%

Writing: [==================                                ] 34.81%

Writing: [==================                                ] 35.09%

Writing: [==================                                ] 35.37%

Writing: [==================                                ] 35.66%

Writing: [==================                                ] 35.94%

Writing: [===================                               ] 36.23%

Writing: [===================                               ] 36.51%

Writing: [===================                               ] 36.82%

Writing: [===================                               ] 37.10%

Writing: [===================                               ] 37.39%

Writing: [===================                               ] 37.69%

Writing: [===================                               ] 37.98%

Writing: [====================                              ] 38.26%

Writing: [====================                              ] 38.54%

Writing: [====================                              ] 38.83%

Writing: [====================                              ] 39.11%

Writing: [====================                              ] 39.40%

Writing: [====================                              ] 39.68%

Writing: [====================                              ] 39.97%

Writing: [=====================                             ] 40.25%

Writing: [=====================                             ] 40.53%

Writing: [=====================                             ] 40.82%

Writing: [=====================                             ] 41.10%

Writing: [=====================                             ] 41.39%

Writing: [=====================                             ] 41.67%

Writing: [=====================                             ] 41.95%

Writing: [======================                            ] 42.24%

Writing: [======================                            ] 42.52%

Writing: [======================                            ] 42.81%

Writing: [======================                            ] 43.09%

Writing: [======================                            ] 43.38%

Writing: [======================                            ] 43.66%

Writing: [======================                            ] 43.94%

Writing: [=======================                           ] 44.23%

Writing: [=======================                           ] 44.51%

Writing: [=======================                           ] 44.80%

Writing: [=======================                           ] 45.08%

Writing: [=======================                           ] 45.37%

Writing: [=======================                           ] 45.65%

Writing: [=======================                           ] 45.93%

Writing: [========================                          ] 46.22%

Writing: [========================                          ] 46.50%

Writing: [========================                          ] 46.79%

Writing: [========================                          ] 47.07%

Writing: [========================                          ] 47.35%

Writing: [========================                          ] 47.64%

Writing: [========================                          ] 47.92%

Writing: [=========================                         ] 48.21%

Writing: [=========================                         ] 48.49%

Writing: [=========================                         ] 48.78%

Writing: [=========================                         ] 49.06%

Writing: [=========================                         ] 49.34%

Writing: [=========================                         ] 49.63%

Writing: [=========================                         ] 49.91%

Writing: [==========================                        ] 50.20%

Writing: [==========================                        ] 50.48%

Writing: [==========================                        ] 50.77%

Writing: [==========================                        ] 51.05%

Writing: [==========================                        ] 51.33%

Writing: [==========================                        ] 51.62%

Writing: [==========================                        ] 51.90%

Writing: [===========================                       ] 52.19%

Writing: [===========================                       ] 52.47%

Writing: [===========================                       ] 52.75%

Writing: [===========================                       ] 53.04%

Writing: [===========================                       ] 53.32%

Writing: [===========================                       ] 53.63%

Writing: [===========================                       ] 53.91%

Writing: [============================                      ] 54.20%

Writing: [============================                      ] 54.48%

Writing: [============================                      ] 54.77%

Writing: [============================                      ] 55.05%

Writing: [============================                      ] 55.33%

Writing: [============================                      ] 55.62%

Writing: [============================                      ] 55.90%

Writing: [=============================                     ] 56.21%

Writing: [=============================                     ] 56.49%

Writing: [=============================                     ] 56.78%

Writing: [=============================                     ] 57.06%

Writing: [=============================                     ] 57.35%

Writing: [=============================                     ] 57.65%

Writing: [=============================                     ] 57.94%

Writing: [==============================                    ] 58.22%

Writing: [==============================                    ] 58.50%

Writing: [==============================                    ] 58.79%

Writing: [==============================                    ] 59.07%

Writing: [==============================                    ] 59.36%

Writing: [==============================                    ] 59.64%

Writing: [==============================                    ] 59.93%

Writing: [===============================                   ] 60.21%

Writing: [===============================                   ] 60.49%

Writing: [===============================                   ] 60.78%

Writing: [===============================                   ] 61.06%

Writing: [===============================                   ] 61.35%

Writing: [===============================                   ] 61.63%

Writing: [===============================                   ] 61.92%

Writing: [================================                  ] 62.20%

Writing: [================================                  ] 62.48%

Writing: [================================                  ] 62.77%

Writing: [================================                  ] 63.05%

Writing: [================================                  ] 63.34%

Writing: [================================                  ] 63.62%

Writing: [================================                  ] 63.91%

Writing: [=================================                 ] 64.19%

Writing: [=================================                 ] 64.47%

Writing: [=================================                 ] 64.76%

Writing: [=================================                 ] 65.04%

Writing: [=================================                 ] 65.33%

Writing: [=================================                 ] 65.61%

Writing: [=================================                 ] 65.89%

Writing: [==================================                ] 66.18%

Writing: [==================================                ] 66.46%

Writing: [==================================                ] 66.75%

Writing: [==================================                ] 67.03%

Writing: [==================================                ] 67.32%

Writing: [==================================                ] 67.60%

Writing: [==================================                ] 67.88%

Writing: [===================================               ] 68.17%

Writing: [===================================               ] 68.45%

Writing: [===================================               ] 68.74%

Writing: [===================================               ] 69.02%

Writing: [===================================               ] 69.31%

Writing: [===================================               ] 69.59%

Writing: [===================================               ] 69.87%

Writing: [====================================              ] 70.16%

Writing: [====================================              ] 70.44%

Writing: [====================================              ] 70.73%

Writing: [====================================              ] 71.01%

Writing: [====================================              ] 71.29%

Writing: [====================================              ] 71.58%

Writing: [====================================              ] 71.86%

Writing: [=====================================             ] 72.15%

Writing: [=====================================             ] 72.43%

Writing: [=====================================             ] 72.72%

Writing: [=====================================             ] 73.00%

Writing: [=====================================             ] 73.28%

Writing: [=====================================             ] 73.57%

Writing: [=====================================             ] 73.85%

Writing: [======================================            ] 74.14%

Writing: [======================================            ] 74.42%

Writing: [======================================            ] 74.73%

Writing: [======================================            ] 75.01%

Writing: [======================================            ] 75.30%

Writing: [======================================            ] 75.58%

Writing: [======================================            ] 75.89%

Writing: [=======================================           ] 76.17%

Writing: [=======================================           ] 76.45%

Writing: [=======================================           ] 76.74%

Writing: [=======================================           ] 77.02%

Writing: [=======================================           ] 77.31%

Writing: [=======================================           ] 77.59%

Writing: [=======================================           ] 77.88%

Writing: [========================================          ] 78.16%

Writing: [========================================          ] 78.44%

Writing: [========================================          ] 78.73%

Writing: [========================================          ] 79.01%

Writing: [========================================          ] 79.30%

Writing: [========================================          ] 79.60%

Writing: [========================================          ] 79.89%

Writing: [=========================================         ] 80.17%

Writing: [=========================================         ] 80.46%

Writing: [=========================================         ] 80.74%

Writing: [=========================================         ] 81.02%

Writing: [=========================================         ] 81.31%

Writing: [=========================================         ] 81.59%

Writing: [=========================================         ] 81.90%

Writing: [==========================================        ] 82.18%

Writing: [==========================================        ] 82.47%

Writing: [==========================================        ] 82.75%

Writing: [==========================================        ] 83.03%

Writing: [==========================================        ] 83.32%

Writing: [==========================================        ] 83.60%

Writing: [==========================================        ] 83.91%

Writing: [===========================================       ] 84.19%

Writing: [===========================================       ] 84.48%

Writing: [===========================================       ] 84.76%

Writing: [===========================================       ] 85.05%

Writing: [===========================================       ] 85.33%

Writing: [===========================================       ] 85.61%

Writing: [===========================================       ] 85.90%

Writing: [============================================      ] 86.18%

Writing: [============================================      ] 86.47%

Writing: [============================================      ] 86.75%

Writing: [============================================      ] 87.04%

Writing: [============================================      ] 87.32%

Writing: [============================================      ] 87.60%

Writing: [============================================      ] 87.89%

Writing: [=============================================     ] 88.17%

Writing: [=============================================     ] 88.46%

Writing: [=============================================     ] 88.74%

Writing: [=============================================     ] 89.03%

Writing: [=============================================     ] 89.31%

Writing: [=============================================     ] 89.59%

Writing: [=============================================     ] 89.88%

Writing: [==============================================    ] 90.16%

Writing: [==============================================    ] 90.45%

Writing: [==============================================    ] 90.73%

Writing: [==============================================    ] 91.01%

Writing: [==============================================    ] 91.30%

Writing: [==============================================    ] 91.58%

Writing: [==============================================    ] 91.87%

Writing: [===============================================   ] 92.15%

Writing: [===============================================   ] 92.44%

Writing: [===============================================   ] 92.72%

Writing: [===============================================   ] 93.00%

Writing: [===============================================   ] 93.29%

Writing: [===============================================   ] 93.57%

Writing: [===============================================   ] 93.86%

Writing: [================================================  ] 94.14%

Writing: [================================================  ] 94.43%

Writing: [================================================  ] 94.71%

Writing: [================================================  ] 94.99%

Writing: [================================================  ] 95.28%

Writing: [================================================  ] 95.56%

Writing: [================================================  ] 95.85%

Writing: [================================================= ] 96.13%

Writing: [================================================= ] 96.42%

Writing: [================================================= ] 96.70%

Writing: [================================================= ] 96.98%

Writing: [================================================= ] 97.27%

Writing: [================================================= ] 97.55%

Writing: [================================================= ] 97.84%

Writing: [==================================================] 98.12%

Writing: [==================================================] 98.40%

Writing: [==================================================] 98.69%

Writing: [==================================================] 98.97%

Writing: [==================================================] 99.26%

Writing: [==================================================] 99.54%

Writing: [==================================================] 99.83%

Writing: [==================================================] 100.00%

Done
Verifying first 32 words...
Verification passed for first 32 words
BPI flash programming complete
BPI flash programming complete
