empty
write to flash
Jtag frequency : requested 6.00MHz    -> real 6.00MHz   
Open file DONE
Parse file DONE
Use: /usr/local/share/openFPGALoader/bpiOverJtag_xc7k480tffg1156.bit.gz
load program

Load SRAM: [===================                               ] 37.00%

Load SRAM: [======================================            ] 76.00%

Load SRAM: [==================================================] 100.00%

Done
Shift IR 35
ir: 1 isc_done 1 isc_ena 0 init 1 done 1
Detecting BPI flash...
Intel/Micron flash detected
Manufacturer ID: 0x0089
Device ID: 0x887e
Flash capacity: 64 MB (512 Mbit)
Writing 18735004 bytes to BPI flash at 0x000000
Erasing 72 blocks...
Programming (buffered mode)...

Writing: [=                                                 ] 0.28%

Writing: [=                                                 ] 0.57%

Writing: [=                                                 ] 0.85%

Writing: [=                                                 ] 1.14%

Writing: [=                                                 ] 1.42%

Writing: [=                                                 ] 1.71%

Writing: [=                                                 ] 1.99%

Writing: [==                                                ] 2.27%

Writing: [==                                                ] 2.56%

Writing: [==                                                ] 2.84%

Writing: [==                                                ] 3.13%

Writing: [==                                                ] 3.41%

Writing: [==                                                ] 3.69%

Writing: [==                                                ] 3.98%

Writing: [===                                               ] 4.26%

Writing: [===                                               ] 4.57%

Writing: [===                                               ] 4.85%

Writing: [===                                               ] 5.14%

Writing: [===                                               ] 5.42%

Writing: [===                                               ] 5.71%

Writing: [===                                               ] 5.99%

Writing: [====                                              ] 6.27%

Writing: [====                                              ] 6.56%

Writing: [====                                              ] 6.84%

Writing: [====                                              ] 7.13%

Writing: [====                                              ] 7.41%

Writing: [====                                              ] 7.70%

Writing: [====                                              ] 7.98%

Writing: [=====                                             ] 8.26%

Writing: [=====                                             ] 8.55%

Writing: [=====                                             ] 8.83%

Writing: [=====                                             ] 9.12%

Writing: [=====                                             ] 9.40%

Writing: [=====                                             ] 9.69%

Writing: [=====                                             ] 9.97%

Writing: [======                                            ] 10.25%

Writing: [======                                            ] 10.54%

Writing: [======                                            ] 10.82%

Writing: [======                                            ] 11.11%

Writing: [======                                            ] 11.39%

Writing: [======                                            ] 11.67%

Writing: [======                                            ] 11.96%

Writing: [=======                                           ] 12.24%

Writing: [=======                                           ] 12.53%

Writing: [=======                                           ] 12.81%

Writing: [=======                                           ] 13.10%

Writing: [=======                                           ] 13.38%

Writing: [=======                                           ] 13.66%

Writing: [=======                                           ] 13.95%

Writing: [========                                          ] 14.23%

Writing: [========                                          ] 14.52%

Writing: [========                                          ] 14.80%

Writing: [========                                          ] 15.09%

Writing: [========                                          ] 15.39%

Writing: [========                                          ] 15.68%

Writing: [========                                          ] 15.96%

Writing: [=========                                         ] 16.24%

Writing: [=========                                         ] 16.53%

Writing: [=========                                         ] 16.81%

Writing: [=========                                         ] 17.10%

Writing: [=========                                         ] 17.38%

Writing: [=========                                         ] 17.67%

Writing: [=========                                         ] 17.95%

Writing: [==========                                        ] 18.23%

Writing: [==========                                        ] 18.52%

Writing: [==========                                        ] 18.80%

Writing: [==========                                        ] 19.09%

Writing: [==========                                        ] 19.37%

Writing: [==========                                        ] 19.65%

Writing: [==========                                        ] 19.94%

Writing: [===========                                       ] 20.22%

Writing: [===========                                       ] 20.51%

Writing: [===========                                       ] 20.79%

Writing: [===========                                       ] 21.08%

Writing: [===========                                       ] 21.36%

Writing: [===========                                       ] 21.64%

Writing: [===========                                       ] 21.93%

Writing: [============                                      ] 22.21%

Writing: [============                                      ] 22.50%

Writing: [============                                      ] 22.78%

Writing: [============                                      ] 23.07%

Writing: [============                                      ] 23.35%

Writing: [============                                      ] 23.63%

Writing: [============                                      ] 23.92%

Writing: [=============                                     ] 24.20%

Writing: [=============                                     ] 24.49%

Writing: [=============                                     ] 24.77%

Writing: [=============                                     ] 25.05%

Writing: [=============                                     ] 25.34%

Writing: [=============                                     ] 25.62%

Writing: [=============                                     ] 25.91%

Writing: [==============                                    ] 26.19%

Writing: [==============                                    ] 26.48%

Writing: [==============                                    ] 26.76%

Writing: [==============                                    ] 27.04%

Writing: [==============                                    ] 27.33%

Writing: [==============                                    ] 27.61%

Writing: [==============                                    ] 27.90%

Writing: [===============                                   ] 28.18%

Writing: [===============                                   ] 28.49%

Writing: [===============                                   ] 28.77%

Writing: [===============                                   ] 29.06%

Writing: [===============                                   ] 29.34%

Writing: [===============                                   ] 29.65%

Writing: [===============                                   ] 29.93%

Writing: [================                                  ] 30.21%

Writing: [================                                  ] 30.50%

Writing: [================                                  ] 30.78%

Writing: [================                                  ] 31.07%

Writing: [================                                  ] 31.35%

Writing: [================                                  ] 31.64%

Writing: [================                                  ] 31.92%

Writing: [=================                                 ] 32.20%

Writing: [=================                                 ] 32.49%

Writing: [=================                                 ] 32.77%

Writing: [=================                                 ] 33.06%

Writing: [=================                                 ] 33.34%

Writing: [=================                                 ] 33.63%

Writing: [=================                                 ] 33.91%

Writing: [==================                                ] 34.19%

Writing: [==================                                ] 34.48%

Writing: [==================                                ] 34.76%

Writing: [==================                                ] 35.05%

Writing: [==================                                ] 35.33%

Writing: [==================                                ] 35.61%

Writing: [==================                                ] 35.92%

Writing: [===================                               ] 36.20%

Writing: [===================                               ] 36.49%

Writing: [===================                               ] 36.77%

Writing: [===================                               ] 37.08%

Writing: [===================                               ] 37.36%

Writing: [===================                               ] 37.65%

Writing: [===================                               ] 37.93%

Writing: [====================                              ] 38.22%

Writing: [====================                              ] 38.50%

Writing: [====================                              ] 38.78%

Writing: [====================                              ] 39.07%

Writing: [====================                              ] 39.35%

Writing: [====================                              ] 39.64%

Writing: [====================                              ] 39.92%

Writing: [=====================                             ] 40.21%

Writing: [=====================                             ] 40.49%

Writing: [=====================                             ] 40.77%

Writing: [=====================                             ] 41.06%

Writing: [=====================                             ] 41.34%

Writing: [=====================                             ] 41.63%

Writing: [=====================                             ] 41.91%

Writing: [======================                            ] 42.20%

Writing: [======================                            ] 42.48%

Writing: [======================                            ] 42.76%

Writing: [======================                            ] 43.05%

Writing: [======================                            ] 43.33%

Writing: [======================                            ] 43.62%

Writing: [======================                            ] 43.90%

Writing: [=======================                           ] 44.18%

Writing: [=======================                           ] 44.47%

Writing: [=======================                           ] 44.75%

Writing: [=======================                           ] 45.04%

Writing: [=======================                           ] 45.34%

Writing: [=======================                           ] 45.63%

Writing: [=======================                           ] 45.91%

Writing: [========================                          ] 46.20%

Writing: [========================                          ] 46.48%

Writing: [========================                          ] 46.76%

Writing: [========================                          ] 47.05%

Writing: [========================                          ] 47.33%

Writing: [========================                          ] 47.62%

Writing: [========================                          ] 47.90%

Writing: [=========================                         ] 48.19%

Writing: [=========================                         ] 48.47%

Writing: [=========================                         ] 48.75%

Writing: [=========================                         ] 49.04%

Writing: [=========================                         ] 49.32%

Writing: [=========================                         ] 49.61%

Writing: [=========================                         ] 49.89%

Writing: [==========================                        ] 50.18%

Writing: [==========================                        ] 50.46%

Writing: [==========================                        ] 50.74%

Writing: [==========================                        ] 51.03%

Writing: [==========================                        ] 51.31%

Writing: [==========================                        ] 51.60%

Writing: [==========================                        ] 51.88%

Writing: [===========================                       ] 52.16%

Writing: [===========================                       ] 52.45%

Writing: [===========================                       ] 52.73%

Writing: [===========================                       ] 53.02%

Writing: [===========================                       ] 53.30%

Writing: [===========================                       ] 53.61%

Writing: [===========================                       ] 53.89%

Writing: [============================                      ] 54.18%

Writing: [============================                      ] 54.46%

Writing: [============================                      ] 54.74%

Writing: [============================                      ] 55.03%

Writing: [============================                      ] 55.31%

Writing: [============================                      ] 55.60%

Writing: [============================                      ] 55.88%

Writing: [=============================                     ] 56.17%

Writing: [=============================                     ] 56.45%

Writing: [=============================                     ] 56.73%

Writing: [=============================                     ] 57.02%

Writing: [=============================                     ] 57.30%

Writing: [=============================                     ] 57.59%

Writing: [=============================                     ] 57.87%

Writing: [==============================                    ] 58.16%

Writing: [==============================                    ] 58.44%

Writing: [==============================                    ] 58.72%

Writing: [==============================                    ] 59.01%

Writing: [==============================                    ] 59.29%

Writing: [==============================                    ] 59.60%

Writing: [==============================                    ] 59.88%

Writing: [===============================                   ] 60.17%

Writing: [===============================                   ] 60.45%

Writing: [===============================                   ] 60.73%

Writing: [===============================                   ] 61.02%

Writing: [===============================                   ] 61.30%

Writing: [===============================                   ] 61.61%

Writing: [===============================                   ] 61.89%

Writing: [================================                  ] 62.18%

Writing: [================================                  ] 62.46%

Writing: [================================                  ] 62.77%

Writing: [================================                  ] 63.05%

Writing: [================================                  ] 63.34%

Writing: [================================                  ] 63.62%

Writing: [================================                  ] 63.91%

Writing: [=================================                 ] 64.19%

Writing: [=================================                 ] 64.47%

Writing: [=================================                 ] 64.76%

Writing: [=================================                 ] 65.04%

Writing: [=================================                 ] 65.33%

Writing: [=================================                 ] 65.61%

Writing: [=================================                 ] 65.89%

Writing: [==================================                ] 66.18%

Writing: [==================================                ] 66.46%

Writing: [==================================                ] 66.75%

Writing: [==================================                ] 67.03%

Writing: [==================================                ] 67.32%

Writing: [==================================                ] 67.60%

Writing: [==================================                ] 67.88%

Writing: [===================================               ] 68.17%

Writing: [===================================               ] 68.45%

Writing: [===================================               ] 68.74%

Writing: [===================================               ] 69.02%

Writing: [===================================               ] 69.31%

Writing: [===================================               ] 69.59%

Writing: [===================================               ] 69.87%

Writing: [====================================              ] 70.16%

Writing: [====================================              ] 70.44%

Writing: [====================================              ] 70.73%

Writing: [====================================              ] 71.01%

Writing: [====================================              ] 71.32%

Writing: [====================================              ] 71.60%

Writing: [====================================              ] 71.91%

Writing: [=====================================             ] 72.19%

Writing: [=====================================             ] 72.48%

Writing: [=====================================             ] 72.76%

Writing: [=====================================             ] 73.04%

Writing: [=====================================             ] 73.33%

Writing: [=====================================             ] 73.61%

Writing: [=====================================             ] 73.90%

Writing: [======================================            ] 74.18%

Writing: [======================================            ] 74.46%

Writing: [======================================            ] 74.75%

Writing: [======================================            ] 75.03%

Writing: [======================================            ] 75.34%

Writing: [======================================            ] 75.62%

Writing: [======================================            ] 75.91%

Writing: [=======================================           ] 76.19%

Writing: [=======================================           ] 76.48%

Writing: [=======================================           ] 76.76%

Writing: [=======================================           ] 77.04%

Writing: [=======================================           ] 77.33%

Writing: [=======================================           ] 77.61%

Writing: [=======================================           ] 77.90%

Writing: [========================================          ] 78.18%

Writing: [========================================          ] 78.47%

Writing: [========================================          ] 78.75%

Writing: [========================================          ] 79.03%

Writing: [========================================          ] 79.32%

Writing: [========================================          ] 79.60%

Writing: [========================================          ] 79.89%

Writing: [=========================================         ] 80.19%

Writing: [=========================================         ] 80.48%

Writing: [=========================================         ] 80.76%

Writing: [=========================================         ] 81.05%

Writing: [=========================================         ] 81.33%

Writing: [=========================================         ] 81.61%

Writing: [=========================================         ] 81.90%

Writing: [==========================================        ] 82.18%

Writing: [==========================================        ] 82.47%

Writing: [==========================================        ] 82.75%

Writing: [==========================================        ] 83.03%

Writing: [==========================================        ] 83.32%

Writing: [==========================================        ] 83.60%

Writing: [==========================================        ] 83.89%

Writing: [===========================================       ] 84.17%

Writing: [===========================================       ] 84.46%

Writing: [===========================================       ] 84.74%

Writing: [===========================================       ] 85.02%

Writing: [===========================================       ] 85.31%

Writing: [===========================================       ] 85.59%

Writing: [===========================================       ] 85.88%

Writing: [============================================      ] 86.16%

Writing: [============================================      ] 86.45%

Writing: [============================================      ] 86.73%

Writing: [============================================      ] 87.01%

Writing: [============================================      ] 87.30%

Writing: [============================================      ] 87.58%

Writing: [============================================      ] 87.87%

Writing: [=============================================     ] 88.15%

Writing: [=============================================     ] 88.44%

Writing: [=============================================     ] 88.72%

Writing: [=============================================     ] 89.00%

Writing: [=============================================     ] 89.29%

Writing: [=============================================     ] 89.57%

Writing: [=============================================     ] 89.86%

Writing: [==============================================    ] 90.14%

Writing: [==============================================    ] 90.42%

Writing: [==============================================    ] 90.71%

Writing: [==============================================    ] 90.99%

Writing: [==============================================    ] 91.28%

Writing: [==============================================    ] 91.56%

Writing: [==============================================    ] 91.85%

Writing: [===============================================   ] 92.13%

Writing: [===============================================   ] 92.41%

Writing: [===============================================   ] 92.70%

Writing: [===============================================   ] 92.98%

Writing: [===============================================   ] 93.27%

Writing: [===============================================   ] 93.55%

Writing: [===============================================   ] 93.84%

Writing: [================================================  ] 94.12%

Writing: [================================================  ] 94.40%

Writing: [================================================  ] 94.69%

Writing: [================================================  ] 94.97%

Writing: [================================================  ] 95.26%

Writing: [================================================  ] 95.54%

Writing: [================================================  ] 95.82%

Writing: [================================================= ] 96.11%

Writing: [================================================= ] 96.39%

Writing: [================================================= ] 96.70%

Writing: [================================================= ] 96.98%

Writing: [================================================= ] 97.27%

Writing: [================================================= ] 97.55%

Writing: [================================================= ] 97.84%

Writing: [==================================================] 98.12%

Writing: [==================================================] 98.40%

Writing: [==================================================] 98.69%

Writing: [==================================================] 98.97%

Writing: [==================================================] 99.26%

Writing: [==================================================] 99.54%

Writing: [==================================================] 99.83%

Writing: [==================================================] 100.00%

Done
Verifying first 32 words...
Verification passed for first 32 words
BPI flash programming complete
BPI flash programming complete
