empty
write to flash
Jtag frequency : requested 6.00MHz    -> real 6.00MHz   
Open file DONE
Parse file DONE
Use: /usr/local/share/openFPGALoader/bpiOverJtag_xc7k480tffg1156.bit.gz
load program

Load SRAM: [===================                               ] 37.00%

Load SRAM: [======================================            ] 76.00%

Load SRAM: [==================================================] 100.00%

Done
Shift IR 35
ir: 1 isc_done 1 isc_ena 0 init 1 done 1
Detecting BPI flash...
Intel/Micron flash detected
Manufacturer ID: 0x0089
Device ID: 0x887e
Flash capacity: 64 MB (512 Mbit)
Writing 18735004 bytes to BPI flash at 0x000000
Erasing 72 blocks...
Programming (buffered mode)...

Writing: [=                                                 ] 0.26%

Writing: [=                                                 ] 0.55%

Writing: [=                                                 ] 0.83%

Writing: [=                                                 ] 1.12%

Writing: [=                                                 ] 1.38%

Writing: [=                                                 ] 1.66%

Writing: [=                                                 ] 1.95%

Writing: [==                                                ] 2.23%

Writing: [==                                                ] 2.49%

Writing: [==                                                ] 2.75%

Writing: [==                                                ] 3.04%

Writing: [==                                                ] 3.32%

Writing: [==                                                ] 3.59%

Writing: [==                                                ] 3.87%

Writing: [===                                               ] 4.15%

Writing: [===                                               ] 4.44%

Writing: [===                                               ] 4.72%

Writing: [===                                               ] 5.01%

Writing: [===                                               ] 5.29%

Writing: [===                                               ] 5.58%

Writing: [===                                               ] 5.86%

Writing: [====                                              ] 6.14%

Writing: [====                                              ] 6.41%

Writing: [====                                              ] 6.69%

Writing: [====                                              ] 6.95%

Writing: [====                                              ] 7.24%

Writing: [====                                              ] 7.50%

Writing: [====                                              ] 7.76%

Writing: [=====                                             ] 8.02%

Writing: [=====                                             ] 8.29%

Writing: [=====                                             ] 8.55%

Writing: [=====                                             ] 8.83%

Writing: [=====                                             ] 9.12%

Writing: [=====                                             ] 9.38%

Writing: [=====                                             ] 9.66%

Writing: [=====                                             ] 9.95%

Writing: [======                                            ] 10.21%

Writing: [======                                            ] 10.49%

Writing: [======                                            ] 10.78%

Writing: [======                                            ] 11.04%

Writing: [======                                            ] 11.32%

Writing: [======                                            ] 11.61%

Writing: [======                                            ] 11.87%

Writing: [=======                                           ] 12.16%

Writing: [=======                                           ] 12.44%

Writing: [=======                                           ] 12.70%

Writing: [=======                                           ] 12.99%

Writing: [=======                                           ] 13.27%

Writing: [=======                                           ] 13.55%

Writing: [=======                                           ] 13.82%

Writing: [========                                          ] 14.08%

Writing: [========                                          ] 14.36%

Writing: [========                                          ] 14.65%

Writing: [========                                          ] 14.93%

Writing: [========                                          ] 15.19%

Writing: [========                                          ] 15.48%

Writing: [========                                          ] 15.76%

Writing: [=========                                         ] 16.05%

Writing: [=========                                         ] 16.33%

Writing: [=========                                         ] 16.59%

Writing: [=========                                         ] 16.86%

Writing: [=========                                         ] 17.12%

Writing: [=========                                         ] 17.40%

Writing: [=========                                         ] 17.69%

Writing: [=========                                         ] 17.95%

Writing: [==========                                        ] 18.23%

Writing: [==========                                        ] 18.50%

Writing: [==========                                        ] 18.78%

Writing: [==========                                        ] 19.06%

Writing: [==========                                        ] 19.35%

Writing: [==========                                        ] 19.63%

Writing: [==========                                        ] 19.92%

Writing: [===========                                       ] 20.18%

Writing: [===========                                       ] 20.46%

Writing: [===========                                       ] 20.73%

Writing: [===========                                       ] 21.01%

Writing: [===========                                       ] 21.29%

Writing: [===========                                       ] 21.58%

Writing: [===========                                       ] 21.86%

Writing: [============                                      ] 22.15%

Writing: [============                                      ] 22.41%

Writing: [============                                      ] 22.69%

Writing: [============                                      ] 22.98%

Writing: [============                                      ] 23.26%

Writing: [============                                      ] 23.52%

Writing: [============                                      ] 23.81%

Writing: [=============                                     ] 24.07%

Writing: [=============                                     ] 24.36%

Writing: [=============                                     ] 24.62%

Writing: [=============                                     ] 24.90%

Writing: [=============                                     ] 25.19%

Writing: [=============                                     ] 25.45%

Writing: [=============                                     ] 25.73%

Writing: [=============                                     ] 25.99%

Writing: [==============                                    ] 26.28%

Writing: [==============                                    ] 26.56%

Writing: [==============                                    ] 26.83%

Writing: [==============                                    ] 27.11%

Writing: [==============                                    ] 27.37%

Writing: [==============                                    ] 27.66%

Writing: [==============                                    ] 27.94%

Writing: [===============                                   ] 28.22%

Writing: [===============                                   ] 28.51%

Writing: [===============                                   ] 28.79%

Writing: [===============                                   ] 29.08%

Writing: [===============                                   ] 29.36%

Writing: [===============                                   ] 29.65%

Writing: [===============                                   ] 29.93%

Writing: [================                                  ] 30.21%

Writing: [================                                  ] 30.50%

Writing: [================                                  ] 30.78%

Writing: [================                                  ] 31.07%

Writing: [================                                  ] 31.35%

Writing: [================                                  ] 31.64%

Writing: [================                                  ] 31.92%

Writing: [=================                                 ] 32.20%

Writing: [=================                                 ] 32.49%

Writing: [=================                                 ] 32.77%

Writing: [=================                                 ] 33.03%

Writing: [=================                                 ] 33.32%

Writing: [=================                                 ] 33.58%

Writing: [=================                                 ] 33.84%

Writing: [==================                                ] 34.11%

Writing: [==================                                ] 34.37%

Writing: [==================                                ] 34.63%

Writing: [==================                                ] 34.89%

Writing: [==================                                ] 35.18%

Writing: [==================                                ] 35.44%

Writing: [==================                                ] 35.70%

Writing: [==================                                ] 35.96%

Writing: [===================                               ] 36.25%

Writing: [===================                               ] 36.53%

Writing: [===================                               ] 36.82%

Writing: [===================                               ] 37.10%

Writing: [===================                               ] 37.39%

Writing: [===================                               ] 37.67%

Writing: [===================                               ] 37.95%

Writing: [====================                              ] 38.24%

Writing: [====================                              ] 38.52%

Writing: [====================                              ] 38.81%

Writing: [====================                              ] 39.09%

Writing: [====================                              ] 39.37%

Writing: [====================                              ] 39.66%

Writing: [====================                              ] 39.92%

Writing: [=====================                             ] 40.21%

Writing: [=====================                             ] 40.49%

Writing: [=====================                             ] 40.77%

Writing: [=====================                             ] 41.06%

Writing: [=====================                             ] 41.32%

Writing: [=====================                             ] 41.60%

Writing: [=====================                             ] 41.89%

Writing: [======================                            ] 42.17%

Writing: [======================                            ] 42.44%

Writing: [======================                            ] 42.70%

Writing: [======================                            ] 42.96%

Writing: [======================                            ] 43.22%

Writing: [======================                            ] 43.49%

Writing: [======================                            ] 43.77%

Writing: [=======================                           ] 44.03%

Writing: [=======================                           ] 44.29%

Writing: [=======================                           ] 44.56%

Writing: [=======================                           ] 44.84%

Writing: [=======================                           ] 45.10%

Writing: [=======================                           ] 45.37%

Writing: [=======================                           ] 45.65%

Writing: [=======================                           ] 45.91%

Writing: [========================                          ] 46.17%

Writing: [========================                          ] 46.44%

Writing: [========================                          ] 46.72%

Writing: [========================                          ] 47.01%

Writing: [========================                          ] 47.29%

Writing: [========================                          ] 47.57%

Writing: [========================                          ] 47.86%

Writing: [=========================                         ] 48.14%

Writing: [=========================                         ] 48.43%

Writing: [=========================                         ] 48.71%

Writing: [=========================                         ] 48.99%

Writing: [=========================                         ] 49.28%

Writing: [=========================                         ] 49.56%

Writing: [=========================                         ] 49.85%

Writing: [==========================                        ] 50.13%

Writing: [==========================                        ] 50.39%

Writing: [==========================                        ] 50.66%

Writing: [==========================                        ] 50.92%

Writing: [==========================                        ] 51.20%

Writing: [==========================                        ] 51.49%

Writing: [==========================                        ] 51.77%

Writing: [===========================                       ] 52.03%

Writing: [===========================                       ] 52.30%

Writing: [===========================                       ] 52.56%

Writing: [===========================                       ] 52.84%

Writing: [===========================                       ] 53.10%

Writing: [===========================                       ] 53.37%

Writing: [===========================                       ] 53.65%

Writing: [===========================                       ] 53.94%

Writing: [============================                      ] 54.22%

Writing: [============================                      ] 54.50%

Writing: [============================                      ] 54.79%

Writing: [============================                      ] 55.05%

Writing: [============================                      ] 55.33%

Writing: [============================                      ] 55.60%

Writing: [============================                      ] 55.88%

Writing: [=============================                     ] 56.14%

Writing: [=============================                     ] 56.43%

Writing: [=============================                     ] 56.71%

Writing: [=============================                     ] 57.00%

Writing: [=============================                     ] 57.26%

Writing: [=============================                     ] 57.54%

Writing: [=============================                     ] 57.81%

Writing: [==============================                    ] 58.09%

Writing: [==============================                    ] 58.37%

Writing: [==============================                    ] 58.66%

Writing: [==============================                    ] 58.94%

Writing: [==============================                    ] 59.23%

Writing: [==============================                    ] 59.51%

Writing: [==============================                    ] 59.79%

Writing: [===============================                   ] 60.08%

Writing: [===============================                   ] 60.36%

Writing: [===============================                   ] 60.65%

Writing: [===============================                   ] 60.93%

Writing: [===============================                   ] 61.22%

Writing: [===============================                   ] 61.48%

Writing: [===============================                   ] 61.76%

Writing: [================================                  ] 62.05%

Writing: [================================                  ] 62.33%

Writing: [================================                  ] 62.62%

Writing: [================================                  ] 62.88%

Writing: [================================                  ] 63.16%

Writing: [================================                  ] 63.45%

Writing: [================================                  ] 63.71%

Writing: [================================                  ] 63.99%

Writing: [=================================                 ] 64.28%

Writing: [=================================                 ] 64.56%

Writing: [=================================                 ] 64.82%

Writing: [=================================                 ] 65.11%

Writing: [=================================                 ] 65.37%

Writing: [=================================                 ] 65.65%

Writing: [=================================                 ] 65.92%

Writing: [==================================                ] 66.20%

Writing: [==================================                ] 66.48%

Writing: [==================================                ] 66.77%

Writing: [==================================                ] 67.05%

Writing: [==================================                ] 67.34%

Writing: [==================================                ] 67.62%

Writing: [==================================                ] 67.91%

Writing: [===================================               ] 68.17%

Writing: [===================================               ] 68.45%

Writing: [===================================               ] 68.74%

Writing: [===================================               ] 69.02%

Writing: [===================================               ] 69.31%

Writing: [===================================               ] 69.59%

Writing: [===================================               ] 69.85%

Writing: [====================================              ] 70.14%

Writing: [====================================              ] 70.42%

Writing: [====================================              ] 70.70%

Writing: [====================================              ] 70.99%

Writing: [====================================              ] 71.27%

Writing: [====================================              ] 71.56%

Writing: [====================================              ] 71.82%

Writing: [=====================================             ] 72.10%

Writing: [=====================================             ] 72.39%

Writing: [=====================================             ] 72.67%

Writing: [=====================================             ] 72.96%

Writing: [=====================================             ] 73.24%

Writing: [=====================================             ] 73.50%

Writing: [=====================================             ] 73.79%

Writing: [======================================            ] 74.07%

Writing: [======================================            ] 74.36%

Writing: [======================================            ] 74.64%

Writing: [======================================            ] 74.92%

Writing: [======================================            ] 75.21%

Writing: [======================================            ] 75.49%

Writing: [======================================            ] 75.75%

Writing: [=======================================           ] 76.04%

Writing: [=======================================           ] 76.32%

Writing: [=======================================           ] 76.59%

Writing: [=======================================           ] 76.85%

Writing: [=======================================           ] 77.13%

Writing: [=======================================           ] 77.42%

Writing: [=======================================           ] 77.68%

Writing: [=======================================           ] 77.96%

Writing: [========================================          ] 78.25%

Writing: [========================================          ] 78.53%

Writing: [========================================          ] 78.79%

Writing: [========================================          ] 79.08%

Writing: [========================================          ] 79.36%

Writing: [========================================          ] 79.65%

Writing: [========================================          ] 79.93%

Writing: [=========================================         ] 80.21%

Writing: [=========================================         ] 80.50%

Writing: [=========================================         ] 80.78%

Writing: [=========================================         ] 81.07%

Writing: [=========================================         ] 81.35%

Writing: [=========================================         ] 81.64%

Writing: [=========================================         ] 81.92%

Writing: [==========================================        ] 82.20%

Writing: [==========================================        ] 82.47%

Writing: [==========================================        ] 82.75%

Writing: [==========================================        ] 83.03%

Writing: [==========================================        ] 83.32%

Writing: [==========================================        ] 83.60%

Writing: [==========================================        ] 83.89%

Writing: [===========================================       ] 84.17%

Writing: [===========================================       ] 84.46%

Writing: [===========================================       ] 84.74%

Writing: [===========================================       ] 85.02%

Writing: [===========================================       ] 85.31%

Writing: [===========================================       ] 85.59%

Writing: [===========================================       ] 85.88%

Writing: [============================================      ] 86.14%

Writing: [============================================      ] 86.42%

Writing: [============================================      ] 86.71%

Writing: [============================================      ] 86.99%

Writing: [============================================      ] 87.28%

Writing: [============================================      ] 87.54%

Writing: [============================================      ] 87.82%

Writing: [=============================================     ] 88.09%

Writing: [=============================================     ] 88.35%

Writing: [=============================================     ] 88.63%

Writing: [=============================================     ] 88.92%

Writing: [=============================================     ] 89.20%

Writing: [=============================================     ] 89.48%

Writing: [=============================================     ] 89.77%

Writing: [==============================================    ] 90.05%

Writing: [==============================================    ] 90.34%

Writing: [==============================================    ] 90.62%

Writing: [==============================================    ] 90.91%

Writing: [==============================================    ] 91.19%

Writing: [==============================================    ] 91.47%

Writing: [==============================================    ] 91.76%

Writing: [===============================================   ] 92.02%

Writing: [===============================================   ] 92.30%

Writing: [===============================================   ] 92.59%

Writing: [===============================================   ] 92.85%

Writing: [===============================================   ] 93.14%

Writing: [===============================================   ] 93.40%

Writing: [===============================================   ] 93.66%

Writing: [===============================================   ] 93.92%

Writing: [================================================  ] 94.21%

Writing: [================================================  ] 94.49%

Writing: [================================================  ] 94.78%

Writing: [================================================  ] 95.06%

Writing: [================================================  ] 95.34%

Writing: [================================================  ] 95.63%

Writing: [================================================  ] 95.91%

Writing: [================================================= ] 96.20%

Writing: [================================================= ] 96.46%

Writing: [================================================= ] 96.72%

Writing: [================================================= ] 97.01%

Writing: [================================================= ] 97.29%

Writing: [================================================= ] 97.55%

Writing: [================================================= ] 97.84%

Writing: [==================================================] 98.10%

Writing: [==================================================] 98.38%

Writing: [==================================================] 98.65%

Writing: [==================================================] 98.93%

Writing: [==================================================] 99.21%

Writing: [==================================================] 99.50%

Writing: [==================================================] 99.78%

Writing: [==================================================] 100.00%

Done
Verifying first 32 words...
Verification passed for first 32 words
BPI flash programming complete
BPI flash programming complete
